<?xml version="1.0" ?>

<verbosegc xmlns="http://www.ibm.com/j9/verbosegc" version="dca2cde_CMPRSS">

<initialized id="1" timestamp="2020-05-10T03:08:59.215">
  <attribute name="gcPolicy" value="-Xgcpolicy:gencon" />
  <attribute name="maxHeapSize" value="0x1f100000" />
  <attribute name="initialHeapSize" value="0x3200000" />
  <attribute name="compressedRefs" value="true" />
  <attribute name="compressedRefsDisplacement" value="0x0" />
  <attribute name="compressedRefsShift" value="0x0" />
  <attribute name="pageSize" value="0x1000" />
  <attribute name="pageType" value="not used" />
  <attribute name="requestedPageSize" value="0x1000" />
  <attribute name="requestedPageType" value="not used" />
  <attribute name="gcthreads" value="8" />
  <attribute name="gcthreads Concurrent Mark" value="1" />
  <attribute name="packetListSplit" value="8" />
  <attribute name="cacheListSplit" value="8" />
  <attribute name="splitFreeListSplitAmount" value="1" />
  <attribute name="numaNodes" value="0" />
  <system>
    <attribute name="physicalMemory" value="2085416960" />
    <attribute name="numCPUs" value="8" />
    <attribute name="architecture" value="amd64" />
    <attribute name="os" value="Linux" />
    <attribute name="osVersion" value="4.19.76-linuxkit" />
  </system>
  <vmargs>
    <vmarg name="-Xoptionsfile=/opt/IBM/WebSphere/AppServer/java/8.0/jre/lib/amd64/compressedrefs/options.default" />
    <vmarg name="-Xlockword:mode=default,noLockword=java/lang/String,noLockword=java/util/MapEntry,noLockword=java/util/HashMap$Entry,noLockword..." />
    <vmarg name="-Xjcl:jclse29" />
    <vmarg name="-Dcom.ibm.oti.vm.bootstrap.library.path=/opt/IBM/WebSphere/AppServer/java/8.0/jre/lib/amd64/compressedrefs:/opt/IBM/WebSphere/A..." />
    <vmarg name="-Dsun.boot.library.path=/opt/IBM/WebSphere/AppServer/java/8.0/jre/lib/amd64/compressedrefs:/opt/IBM/WebSphere/AppServer/java/8...." />
    <vmarg name="-Djava.library.path=/opt/IBM/WebSphere/AppServer/java/8.0/jre/lib/amd64/compressedrefs:/opt/IBM/WebSphere/AppServer/java/8.0/jr..." />
    <vmarg name="-Djava.home=/opt/IBM/WebSphere/AppServer/java/8.0/jre" />
    <vmarg name="-Djava.ext.dirs=/opt/IBM/WebSphere/AppServer/java/8.0/jre/lib/ext" />
    <vmarg name="-Duser.dir=/opt/IBM/WebSphere/AppServer/profiles/AppSrv01" />
    <vmarg name="-Djava.class.path=." />
    <vmarg name="-Dosgi.install.area=/opt/IBM/WebSphere/AppServer" />
    <vmarg name="-Dwas.status.socket=41447" />
    <vmarg name="-Dosgi.configuration.area=/opt/IBM/WebSphere/AppServer/profiles/AppSrv01/servers/server1/configuration" />
    <vmarg name="-Djava.awt.headless=true" />
    <vmarg name="-Dosgi.framework.extensions=com.ibm.cds,com.ibm.ws.eclipse.adaptors" />
    <vmarg name="-Xshareclasses:name=webspherev9_8.0_64_%g,nonFatal" />
    <vmarg name="-Dcom.ibm.xtq.processor.overrideSecureProcessing=true" />
    <vmarg name="-Xcheck:dump" />
    <vmarg name="-Djava.security.properties=/opt/IBM/WebSphere/AppServer/properties/java.security" />
    <vmarg name="-Djava.security.policy=/opt/IBM/WebSphere/AppServer/properties/java.policy" />
    <vmarg name="-Dcom.ibm.CORBA.ORBPropertyFilePath=/opt/IBM/WebSphere/AppServer/properties" />
    <vmarg name="-Xbootclasspath/p:/opt/IBM/WebSphere/AppServer/java/8.0/jre/lib/ibmorb.jar" />
    <vmarg name="-Djava.class.path=/opt/IBM/WebSphere/AppServer/profiles/AppSrv01/properties:/opt/IBM/WebSphere/AppServer/properties:/opt/IBM/We..." />
    <vmarg name="-Dibm.websphere.internalClassAccessMode=allow" />
    <vmarg name="-verbose:gc" />
    <vmarg name="-Xverbosegclog:/opt/IBM/WebSphere/AppServer/profiles/AppSrv01/logs/server1/verbosegc.%seq.log,10,7000" />
    <vmarg name="-Xms50m" />
    <vmarg name="-Xmx497m" />
    <vmarg name="-Xcompressedrefs" />
    <vmarg name="-Xscmaxaot12M" />
    <vmarg name="-Xscmx90M" />
    <vmarg name="-Dws.ext.dirs=/opt/IBM/WebSphere/AppServer/java/8.0/lib:/opt/IBM/WebSphere/AppServer/profiles/AppSrv01/classes:/opt/IBM/WebSphe..." />
    <vmarg name="-Dderby.system.home=/opt/IBM/WebSphere/AppServer/derby" />
    <vmarg name="-Dcom.ibm.itp.location=/opt/IBM/WebSphere/AppServer/bin" />
    <vmarg name="-Djava.util.logging.configureByServer=true" />
    <vmarg name="-Duser.install.root=/opt/IBM/WebSphere/AppServer/profiles/AppSrv01" />
    <vmarg name="-Djava.ext.dirs=/opt/IBM/WebSphere/AppServer/tivoli/tam:/opt/IBM/WebSphere/AppServer/javaext:/opt/IBM/WebSphere/AppServer/java/..." />
    <vmarg name="-Djavax.management.builder.initial=com.ibm.ws.management.PlatformMBeanServerBuilder" />
    <vmarg name="-Dpython.cachedir=/opt/IBM/WebSphere/AppServer/profiles/AppSrv01/temp/cachedir" />
    <vmarg name="-Dwas.install.root=/opt/IBM/WebSphere/AppServer" />
    <vmarg name="-Djava.util.logging.manager=com.ibm.ws.bootstrap.WsLogManager" />
    <vmarg name="-Dserver.root=/opt/IBM/WebSphere/AppServer/profiles/AppSrv01" />
    <vmarg name="-Dcom.ibm.security.jgss.debug=off" />
    <vmarg name="-Dcom.ibm.security.krb5.Krb5Debug=off" />
    <vmarg name="-DKC_HOME=/opt/IBM/WebSphere/AppServer/systemApps/isclite.ear/isclite.war/help" />
    <vmarg name="-Djava.util.prefs.userRoot=/home/was/" />
    <vmarg name="-Djava.library.path=/opt/IBM/WebSphere/AppServer/lib/native/linux/x86_64/:/opt/IBM/WebSphere/AppServer/java/8.0/jre/lib/amd64/c..." />
    <vmarg name="-Djava.endorsed.dirs=/opt/IBM/WebSphere/AppServer/endorsed_apis:/opt/IBM/WebSphere/AppServer/java/8.0/jre/lib/endorsed" />
    <vmarg name="-Djava.security.auth.login.config=/opt/IBM/WebSphere/AppServer/profiles/AppSrv01/properties/wsjaas.conf" />
    <vmarg name="-Djava.security.policy=/opt/IBM/WebSphere/AppServer/profiles/AppSrv01/properties/server.policy" />
    <vmarg name="-Dsun.java.command=com.ibm.wsspi.bootstrap.WSPreLauncher -nosplash -application com.ibm.ws.bootstrap.WSLauncher com.ibm.ws.runt..." />
    <vmarg name="-Dsun.java.launcher=SUN_STANDARD" />
    <vmarg name="-Dsun.java.launcher.pid=192" />
    <vmarg name="_org.apache.harmony.vmi.portlib" value="00007F9E5400E360" />
  </vmargs>
</initialized>

<exclusive-start id="2" timestamp="2020-05-10T03:08:59.669" intervalms="454.730">
  <response-info timems="0.131" idlems="0.131" threads="0" lastid="000000000213AA00" lastname="main" />
</exclusive-start>
<af-start id="3" threadId="000000000213B380" totalBytesRequested="15368" timestamp="2020-05-10T03:08:59.670" intervalms="455.328" type="nursery" />
<cycle-start id="4" type="scavenge" contextid="0" timestamp="2020-05-10T03:08:59.670" intervalms="455.732" />
<gc-start id="5" type="scavenge" contextid="4" timestamp="2020-05-10T03:08:59.671">
  <mem-info id="6" free="39059720" total="52428800" percent="74">
    <mem type="nursery" free="0" total="13107200" percent="0">
      <mem type="allocate" free="0" total="6553600" percent="0" />
      <mem type="survivor" free="0" total="6553600" percent="0" />
    </mem>
    <mem type="tenure" free="39059720" total="39321600" percent="99">
      <mem type="soa" free="37093640" total="37355520" percent="99" />
      <mem type="loa" free="1966080" total="1966080" percent="100" />
    </mem>
    <remembered-set count="3648" />
  </mem-info>
</gc-start>
<allocation-stats totalBytes="6801984" >
  <allocated-bytes non-tlh="980648" tlh="5821336" />
  <largest-consumer threadName="main" threadId="000000000213AA00" bytes="6728520" />
</allocation-stats>
<gc-op id="7" type="scavenge" timems="3.140" contextid="4" timestamp="2020-05-10T03:08:59.675">
  <scavenger-info tenureage="2" tenuremask="fffc" tiltratio="50" />
  <memory-copied type="nursery" objects="19789" bytes="1457864" bytesdiscarded="72328" />
  <finalization candidates="187" enqueued="93" />
  <references type="soft" candidates="175" cleared="0" enqueued="0" dynamicThreshold="32" maxThreshold="32" />
  <references type="weak" candidates="320" cleared="291" enqueued="291" />
  <references type="phantom" candidates="7" cleared="1" enqueued="1" />
</gc-op>
<gc-end id="8" type="scavenge" contextid="4" durationms="4.234" usertimems="6.389" systemtimems="2.055" timestamp="2020-05-10T03:08:59.675" activeThreads="8">
  <mem-info id="9" free="44081672" total="52428800" percent="84">
    <mem type="nursery" free="5021952" total="13107200" percent="38">
      <mem type="allocate" free="5021952" total="6553600" percent="76" />
      <mem type="survivor" free="0" total="6553600" percent="0" />
    </mem>
    <mem type="tenure" free="39059720" total="39321600" percent="99">
      <mem type="soa" free="37093640" total="37355520" percent="99" />
      <mem type="loa" free="1966080" total="1966080" percent="100" />
    </mem>
    <pending-finalizers system="93" default="0" reference="292" classloader="0" />
    <remembered-set count="3648" />
  </mem-info>
</gc-end>
<cycle-end id="10" type="scavenge" contextid="4" timestamp="2020-05-10T03:08:59.675" />
<allocation-satisfied id="11" threadId="000000000213AA00" bytesRequested="15368" />
<af-end id="12" timestamp="2020-05-10T03:08:59.676" threadId="000000000213B380" success="true" from="nursery"/>
<exclusive-end id="13" timestamp="2020-05-10T03:08:59.676" durationms="7.001" />

<exclusive-start id="14" timestamp="2020-05-10T03:08:59.794" intervalms="124.529">
  <response-info timems="0.123" idlems="0.123" threads="0" lastid="000000000213AA00" lastname="main" />
</exclusive-start>
<af-start id="15" threadId="000000000213B380" totalBytesRequested="128" timestamp="2020-05-10T03:08:59.794" intervalms="124.390" type="nursery" />
<cycle-start id="16" type="scavenge" contextid="0" timestamp="2020-05-10T03:08:59.795" intervalms="124.481" />
<gc-start id="17" type="scavenge" contextid="16" timestamp="2020-05-10T03:08:59.795">
  <mem-info id="18" free="38770152" total="52428800" percent="73">
    <mem type="nursery" free="0" total="13107200" percent="0">
      <mem type="allocate" free="0" total="6553600" percent="0" />
      <mem type="survivor" free="0" total="6553600" percent="0" />
    </mem>
    <mem type="tenure" free="38770152" total="39321600" percent="98">
      <mem type="soa" free="36804072" total="37355520" percent="98" />
      <mem type="loa" free="1966080" total="1966080" percent="100" />
    </mem>
    <remembered-set count="7742" />
  </mem-info>
</gc-start>
<allocation-stats totalBytes="5309072" >
  <allocated-bytes non-tlh="342752" tlh="4966320" />
  <largest-consumer threadName="main" threadId="000000000213AA00" bytes="5304896" />
</allocation-stats>
<gc-op id="19" type="scavenge" timems="4.070" contextid="16" timestamp="2020-05-10T03:08:59.800">
  <scavenger-info tenureage="4" tenuremask="7ff0" tiltratio="50" />
  <memory-copied type="nursery" objects="35676" bytes="1748944" bytesdiscarded="72744" />
  <finalization candidates="147" enqueued="40" />
  <references type="soft" candidates="204" cleared="0" enqueued="0" dynamicThreshold="32" maxThreshold="32" />
  <references type="weak" candidates="884" cleared="851" enqueued="851" />
  <references type="phantom" candidates="6" cleared="0" enqueued="0" />
</gc-op>
<gc-end id="20" type="scavenge" contextid="16" durationms="5.288" usertimems="6.972" systemtimems="2.636" timestamp="2020-05-10T03:08:59.801" activeThreads="8">
  <mem-info id="21" free="43498040" total="52428800" percent="82">
    <mem type="nursery" free="4727888" total="13107200" percent="36">
      <mem type="allocate" free="4727888" total="6553600" percent="72" />
      <mem type="survivor" free="0" total="6553600" percent="0" />
    </mem>
    <mem type="tenure" free="38770152" total="39321600" percent="98">
      <mem type="soa" free="36804072" total="37355520" percent="98" />
      <mem type="loa" free="1966080" total="1966080" percent="100" />
    </mem>
    <pending-finalizers system="40" default="0" reference="851" classloader="0" />
    <remembered-set count="7742" />
  </mem-info>
</gc-end>
<cycle-end id="22" type="scavenge" contextid="16" timestamp="2020-05-10T03:08:59.801" />
<allocation-satisfied id="23" threadId="000000000213AA00" bytesRequested="128" />
<af-end id="24" timestamp="2020-05-10T03:08:59.802" threadId="000000000213B380" success="true" from="nursery"/>
<exclusive-end id="25" timestamp="2020-05-10T03:08:59.802" durationms="8.138" />

<exclusive-start id="26" timestamp="2020-05-10T03:08:59.879" intervalms="85.482">
  <response-info timems="0.066" idlems="0.066" threads="0" lastid="00000000024A7D00" lastname="Start Level Event Dispatcher" />
</exclusive-start>
<af-start id="27" threadId="00000000024A8680" totalBytesRequested="16392" timestamp="2020-05-10T03:08:59.880" intervalms="85.629" type="nursery" />
<cycle-start id="28" type="scavenge" contextid="0" timestamp="2020-05-10T03:08:59.880" intervalms="85.598" />
<gc-start id="29" type="scavenge" contextid="28" timestamp="2020-05-10T03:08:59.881">
  <mem-info id="30" free="38720296" total="52428800" percent="73">
    <mem type="nursery" free="0" total="13107200" percent="0">
      <mem type="allocate" free="0" total="6553600" percent="0" />
      <mem type="survivor" free="0" total="6553600" percent="0" />
    </mem>
    <mem type="tenure" free="38720296" total="39321600" percent="98">
      <mem type="soa" free="36754216" total="37355520" percent="98" />
      <mem type="loa" free="1966080" total="1966080" percent="100" />
    </mem>
    <remembered-set count="8411" />
  </mem-info>
</gc-start>
<allocation-stats totalBytes="4761608" >
  <allocated-bytes non-tlh="205656" tlh="4555952" />
  <largest-consumer threadName="main" threadId="000000000213AA00" bytes="2262880" />
</allocation-stats>
<gc-op id="31" type="scavenge" timems="3.111" contextid="28" timestamp="2020-05-10T03:08:59.885">
  <scavenger-info tenureage="4" tenuremask="7ff0" tiltratio="50" />
  <memory-copied type="nursery" objects="41754" bytes="2664592" bytesdiscarded="93248" />
  <finalization candidates="193" enqueued="73" />
  <references type="soft" candidates="216" cleared="0" enqueued="0" dynamicThreshold="32" maxThreshold="32" />
  <references type="weak" candidates="403" cleared="354" enqueued="354" />
  <references type="phantom" candidates="6" cleared="0" enqueued="0" />
</gc-op>
<gc-end id="32" type="scavenge" contextid="28" durationms="4.587" usertimems="9.395" systemtimems="1.862" timestamp="2020-05-10T03:08:59.886" activeThreads="8">
  <mem-info id="33" free="42511424" total="52428800" percent="81">
    <mem type="nursery" free="3791128" total="13107200" percent="28">
      <mem type="allocate" free="3791128" total="6553600" percent="57" />
      <mem type="survivor" free="0" total="6553600" percent="0" />
    </mem>
    <mem type="tenure" free="38720296" total="39321600" percent="98">
      <mem type="soa" free="36754216" total="37355520" percent="98" />
      <mem type="loa" free="1966080" total="1966080" percent="100" />
    </mem>
    <pending-finalizers system="73" default="0" reference="354" classloader="0" />
    <remembered-set count="5866" />
  </mem-info>
</gc-end>
<cycle-end id="34" type="scavenge" contextid="28" timestamp="2020-05-10T03:08:59.886" />
<allocation-satisfied id="35" threadId="00000000024A7D00" bytesRequested="16392" />
<af-end id="36" timestamp="2020-05-10T03:08:59.911" threadId="00000000024A8680" success="true" from="nursery"/>
<exclusive-end id="37" timestamp="2020-05-10T03:08:59.911" durationms="31.585" />

<exclusive-start id="38" timestamp="2020-05-10T03:08:59.936" intervalms="56.261">
  <response-info timems="0.167" idlems="0.167" threads="0" lastid="00000000024A7D00" lastname="Start Level Event Dispatcher" />
</exclusive-start>
<af-start id="39" threadId="00000000024A8680" totalBytesRequested="12328" timestamp="2020-05-10T03:08:59.936" intervalms="56.175" type="nursery" />
<cycle-start id="40" type="scavenge" contextid="0" timestamp="2020-05-10T03:08:59.937" intervalms="56.231" />
<gc-start id="41" type="scavenge" contextid="40" timestamp="2020-05-10T03:08:59.937">
  <mem-info id="42" free="38714576" total="52428800" percent="73">
    <mem type="nursery" free="0" total="13107200" percent="0">
      <mem type="allocate" free="0" total="6553600" percent="0" />
      <mem type="survivor" free="0" total="6553600" percent="0" />
    </mem>
    <mem type="tenure" free="38714576" total="39321600" percent="98">
      <mem type="soa" free="36748496" total="37355520" percent="98" />
      <mem type="loa" free="1966080" total="1966080" percent="100" />
    </mem>
    <remembered-set count="5936" />
  </mem-info>
</gc-start>
<allocation-stats totalBytes="3773200" >
  <allocated-bytes non-tlh="22112" tlh="3751088" />
  <largest-consumer threadName="Start Level Event Dispatcher" threadId="00000000024A7D00" bytes="3764448" />
</allocation-stats>
<gc-op id="43" type="scavenge" timems="3.375" contextid="40" timestamp="2020-05-10T03:08:59.941">
  <scavenger-info tenureage="3" tenuremask="7ff8" tiltratio="50" />
  <memory-copied type="nursery" objects="29203" bytes="1976816" bytesdiscarded="305680" />
  <memory-copied type="tenure" objects="18185" bytes="885280" bytesdiscarded="1336" />
  <finalization candidates="253" enqueued="109" />
  <references type="soft" candidates="95" cleared="0" enqueued="0" dynamicThreshold="32" maxThreshold="32" />
  <references type="weak" candidates="31" cleared="8" enqueued="8" />
</gc-op>
<gc-end id="44" type="scavenge" contextid="40" durationms="4.944" usertimems="10.066" systemtimems="1.626" timestamp="2020-05-10T03:08:59.942" activeThreads="8">
  <mem-info id="45" free="41870256" total="52428800" percent="79">
    <mem type="nursery" free="4263376" total="13107200" percent="32">
      <mem type="allocate" free="4263376" total="6553600" percent="65" />
      <mem type="survivor" free="0" total="6553600" percent="0" />
    </mem>
    <mem type="tenure" free="37606880" total="39321600" percent="95">
      <mem type="soa" free="35640800" total="37355520" percent="95" />
      <mem type="loa" free="1966080" total="1966080" percent="100" />
    </mem>
    <pending-finalizers system="109" default="0" reference="8" classloader="0" />
    <remembered-set count="1181" />
  </mem-info>
</gc-end>
<cycle-end id="46" type="scavenge" contextid="40" timestamp="2020-05-10T03:08:59.943" />
<allocation-satisfied id="47" threadId="00000000024A7D00" bytesRequested="12328" />
<af-end id="48" timestamp="2020-05-10T03:08:59.943" threadId="00000000024A8680" success="true" from="nursery"/>
<exclusive-end id="49" timestamp="2020-05-10T03:08:59.944" durationms="8.022" />

<exclusive-start id="50" timestamp="2020-05-10T03:08:59.960" intervalms="24.542">
  <response-info timems="0.039" idlems="0.039" threads="0" lastid="00000000024A7D00" lastname="Start Level Event Dispatcher" />
</exclusive-start>
<af-start id="51" threadId="00000000024A8680" totalBytesRequested="8200" timestamp="2020-05-10T03:08:59.961" intervalms="24.517" type="nursery" />
<cycle-start id="52" type="scavenge" contextid="0" timestamp="2020-05-10T03:08:59.961" intervalms="24.402" />
<gc-start id="53" type="scavenge" contextid="52" timestamp="2020-05-10T03:08:59.962">
  <mem-info id="54" free="37606768" total="52428800" percent="71">
    <mem type="nursery" free="0" total="13107200" percent="0">
      <mem type="allocate" free="0" total="6553600" percent="0" />
      <mem type="survivor" free="0" total="6553600" percent="0" />
    </mem>
    <mem type="tenure" free="37606768" total="39321600" percent="95">
      <mem type="soa" free="35640688" total="37355520" percent="95" />
      <mem type="loa" free="1966080" total="1966080" percent="100" />
    </mem>
    <remembered-set count="1182" />
  </mem-info>
</gc-start>
<allocation-stats totalBytes="4247272" >
  <allocated-bytes non-tlh="12440" tlh="4234832" />
  <largest-consumer threadName="Start Level Event Dispatcher" threadId="00000000024A7D00" bytes="4243176" />
</allocation-stats>
<gc-op id="55" type="scavenge" timems="2.236" contextid="52" timestamp="2020-05-10T03:08:59.965">
  <scavenger-info tenureage="2" tenuremask="7ffc" tiltratio="50" />
  <memory-copied type="nursery" objects="17655" bytes="753128" bytesdiscarded="156136" />
  <memory-copied type="tenure" objects="22173" bytes="1602416" bytesdiscarded="1392" />
  <finalization candidates="121" enqueued="52" />
  <references type="soft" candidates="53" cleared="0" enqueued="0" dynamicThreshold="32" maxThreshold="32" />
  <references type="weak" candidates="1" cleared="0" enqueued="0" />
</gc-op>
<heap-resize id="56" type="expand" space="nursery" amount="1048576" count="1" timems="0.059" reason="excessive time being spent scavenging" timestamp="2020-05-10T03:08:59.965" />
<gc-end id="57" type="scavenge" contextid="52" durationms="3.964" usertimems="6.712" systemtimems="2.176" timestamp="2020-05-10T03:08:59.966" activeThreads="8">
  <mem-info id="58" free="42145672" total="53477376" percent="78">
    <mem type="nursery" free="6154328" total="14155776" percent="43">
      <mem type="allocate" free="6154328" total="7077888" percent="86" />
      <mem type="survivor" free="0" total="7077888" percent="0" />
    </mem>
    <mem type="tenure" free="35991344" total="39321600" percent="91">
      <mem type="soa" free="34025264" total="37355520" percent="91" />
      <mem type="loa" free="1966080" total="1966080" percent="100" />
    </mem>
    <pending-finalizers system="52" default="0" reference="0" classloader="0" />
    <remembered-set count="276" />
  </mem-info>
</gc-end>
<cycle-end id="59" type="scavenge" contextid="52" timestamp="2020-05-10T03:08:59.966" />
<allocation-satisfied id="60" threadId="00000000024A7D00" bytesRequested="8200" />
<af-end id="61" timestamp="2020-05-10T03:08:59.967" threadId="00000000024A8680" success="true" from="nursery"/>
<exclusive-end id="62" timestamp="2020-05-10T03:08:59.967" durationms="6.930" />

<exclusive-start id="63" timestamp="2020-05-10T03:08:59.992" intervalms="31.932">
  <response-info timems="0.037" idlems="0.037" threads="0" lastid="00000000024A7D00" lastname="Start Level Event Dispatcher" />
</exclusive-start>
<af-start id="64" threadId="00000000024A8680" totalBytesRequested="8200" timestamp="2020-05-10T03:08:59.993" intervalms="31.919" type="nursery" />
<cycle-start id="65" type="scavenge" contextid="0" timestamp="2020-05-10T03:08:59.993" intervalms="31.922" />
<gc-start id="66" type="scavenge" contextid="65" timestamp="2020-05-10T03:08:59.993">
  <mem-info id="67" free="35991032" total="53477376" percent="67">
    <mem type="nursery" free="0" total="14155776" percent="0">
      <mem type="allocate" free="0" total="7077888" percent="0" />
      <mem type="survivor" free="0" total="7077888" percent="0" />
    </mem>
    <mem type="tenure" free="35991032" total="39321600" percent="91">
      <mem type="soa" free="34024952" total="37355520" percent="91" />
      <mem type="loa" free="1966080" total="1966080" percent="100" />
    </mem>
    <remembered-set count="324" />
  </mem-info>
</gc-start>
<allocation-stats totalBytes="6093400" >
  <allocated-bytes non-tlh="8512" tlh="6084888" />
  <largest-consumer threadName="Start Level Event Dispatcher" threadId="00000000024A7D00" bytes="6089304" />
</allocation-stats>
<gc-op id="68" type="scavenge" timems="2.047" contextid="65" timestamp="2020-05-10T03:08:59.996">
  <scavenger-info tenureage="2" tenuremask="7ffc" tiltratio="50" />
  <memory-copied type="nursery" objects="22420" bytes="1028848" bytesdiscarded="131392" />
  <memory-copied type="tenure" objects="6702" bytes="264984" bytesdiscarded="200" />
  <finalization candidates="229" enqueued="150" />
  <references type="weak" candidates="1" cleared="0" enqueued="0" />
</gc-op>
<heap-resize id="69" type="expand" space="nursery" amount="655360" count="1" timems="0.063" reason="excessive time being spent scavenging" timestamp="2020-05-10T03:08:59.997" />
<gc-end id="70" type="scavenge" contextid="65" durationms="3.895" usertimems="2.988" systemtimems="3.882" timestamp="2020-05-10T03:08:59.997" activeThreads="8">
  <mem-info id="71" free="43047784" total="54132736" percent="79">
    <mem type="nursery" free="7340304" total="14811136" percent="49">
      <mem type="allocate" free="7340304" total="8519680" percent="86" />
      <mem type="survivor" free="0" total="6291456" percent="0" />
    </mem>
    <mem type="tenure" free="35707480" total="39321600" percent="90">
      <mem type="soa" free="33741400" total="37355520" percent="90" />
      <mem type="loa" free="1966080" total="1966080" percent="100" />
    </mem>
    <pending-finalizers system="150" default="0" reference="0" classloader="0" />
    <remembered-set count="301" />
  </mem-info>
</gc-end>
<cycle-end id="72" type="scavenge" contextid="65" timestamp="2020-05-10T03:08:59.998" />
<allocation-satisfied id="73" threadId="00000000024A7D00" bytesRequested="8200" />
<af-end id="74" timestamp="2020-05-10T03:08:59.998" threadId="00000000024A8680" success="true" from="nursery"/>
<exclusive-end id="75" timestamp="2020-05-10T03:08:59.999" durationms="6.643" />

<exclusive-start id="76" timestamp="2020-05-10T03:09:00.015" intervalms="22.451">
  <response-info timems="0.036" idlems="0.036" threads="0" lastid="00000000024A7D00" lastname="Start Level Event Dispatcher" />
</exclusive-start>
<af-start id="77" threadId="00000000024A8680" totalBytesRequested="1160" timestamp="2020-05-10T03:09:00.015" intervalms="22.436" type="nursery" />
<cycle-start id="78" type="scavenge" contextid="0" timestamp="2020-05-10T03:09:00.015" intervalms="22.439" />
<gc-start id="79" type="scavenge" contextid="78" timestamp="2020-05-10T03:09:00.016">
  <mem-info id="80" free="35707160" total="54132736" percent="65">
    <mem type="nursery" free="0" total="14811136" percent="0">
      <mem type="allocate" free="0" total="8519680" percent="0" />
      <mem type="survivor" free="0" total="6291456" percent="0" />
    </mem>
    <mem type="tenure" free="35707160" total="39321600" percent="90">
      <mem type="soa" free="33741080" total="37355520" percent="90" />
      <mem type="loa" free="1966080" total="1966080" percent="100" />
    </mem>
    <remembered-set count="363" />
  </mem-info>
</gc-start>
<allocation-stats totalBytes="7335816" >
  <allocated-bytes non-tlh="1834304" tlh="5501512" />
  <largest-consumer threadName="Start Level Event Dispatcher" threadId="00000000024A7D00" bytes="7331720" />
</allocation-stats>
<gc-op id="81" type="scavenge" timems="2.018" contextid="78" timestamp="2020-05-10T03:09:00.019">
  <scavenger-info tenureage="2" tenuremask="7ffc" tiltratio="57" />
  <memory-copied type="nursery" objects="19971" bytes="1257672" bytesdiscarded="342336" />
  <memory-copied type="tenure" objects="10830" bytes="481544" bytesdiscarded="640" />
  <finalization candidates="168" enqueued="94" />
</gc-op>
<heap-resize id="82" type="expand" space="nursery" amount="917504" count="1" timems="0.054" reason="excessive time being spent scavenging" timestamp="2020-05-10T03:09:00.019" />
<gc-end id="83" type="scavenge" contextid="78" durationms="3.939" usertimems="3.755" systemtimems="3.091" timestamp="2020-05-10T03:09:00.020" activeThreads="8">
  <mem-info id="84" free="43858040" total="55050240" percent="79">
    <mem type="nursery" free="8675984" total="15728640" percent="55">
      <mem type="allocate" free="8675984" total="10289152" percent="84" />
      <mem type="survivor" free="0" total="5439488" percent="0" />
    </mem>
    <mem type="tenure" free="35182056" total="39321600" percent="89">
      <mem type="soa" free="33215976" total="37355520" percent="88" />
      <mem type="loa" free="1966080" total="1966080" percent="100" />
    </mem>
    <pending-finalizers system="94" default="0" reference="0" classloader="0" />
    <remembered-set count="324" />
  </mem-info>
</gc-end>
<cycle-end id="85" type="scavenge" contextid="78" timestamp="2020-05-10T03:09:00.020" />
<allocation-satisfied id="86" threadId="00000000024A7D00" bytesRequested="1160" />
<af-end id="87" timestamp="2020-05-10T03:09:00.021" threadId="00000000024A8680" success="true" from="nursery"/>
<exclusive-end id="88" timestamp="2020-05-10T03:09:00.022" durationms="7.011" />

<exclusive-start id="89" timestamp="2020-05-10T03:09:00.048" intervalms="33.271">
  <response-info timems="0.038" idlems="0.038" threads="0" lastid="00000000024A7D00" lastname="Start Level Event Dispatcher" />
</exclusive-start>
<af-start id="90" threadId="00000000024A8680" totalBytesRequested="1040" timestamp="2020-05-10T03:09:00.048" intervalms="33.239" type="nursery" />
<cycle-start id="91" type="scavenge" contextid="0" timestamp="2020-05-10T03:09:00.049" intervalms="33.407" />
<gc-start id="92" type="scavenge" contextid="91" timestamp="2020-05-10T03:09:00.049">
  <mem-info id="93" free="35181384" total="55050240" percent="63">
    <mem type="nursery" free="0" total="15728640" percent="0">
      <mem type="allocate" free="0" total="10289152" percent="0" />
      <mem type="survivor" free="0" total="5439488" percent="0" />
    </mem>
    <mem type="tenure" free="35181384" total="39321600" percent="89">
      <mem type="soa" free="33215304" total="37355520" percent="88" />
      <mem type="loa" free="1966080" total="1966080" percent="100" />
    </mem>
    <remembered-set count="701" />
  </mem-info>
</gc-start>
<allocation-stats totalBytes="8669128" >
  <allocated-bytes non-tlh="133944" tlh="8535184" />
  <largest-consumer threadName="Start Level Event Dispatcher" threadId="00000000024A7D00" bytes="8652744" />
</allocation-stats>
<gc-op id="94" type="scavenge" timems="2.486" contextid="91" timestamp="2020-05-10T03:09:00.053">
  <scavenger-info tenureage="2" tenuremask="7ffc" tiltratio="65" />
  <memory-copied type="nursery" objects="30502" bytes="1854648" bytesdiscarded="90296" />
  <memory-copied type="tenure" objects="11255" bytes="482168" bytesdiscarded="488" />
  <finalization candidates="260" enqueued="156" />
  <references type="soft" candidates="1" cleared="0" enqueued="0" dynamicThreshold="32" maxThreshold="32" />
  <references type="weak" candidates="2" cleared="0" enqueued="0" />
</gc-op>
<heap-resize id="95" type="expand" space="nursery" amount="655360" count="1" timems="0.053" reason="excessive time being spent scavenging" timestamp="2020-05-10T03:09:00.053" />
<gc-end id="96" type="scavenge" contextid="91" durationms="4.420" usertimems="5.812" systemtimems="3.079" timestamp="2020-05-10T03:09:00.054" activeThreads="8">
  <mem-info id="97" free="44063056" total="55705600" percent="79">
    <mem type="nursery" free="9572104" total="16384000" percent="58">
      <mem type="allocate" free="9572104" total="11534336" percent="82" />
      <mem type="survivor" free="0" total="4849664" percent="0" />
    </mem>
    <mem type="tenure" free="34490952" total="39321600" percent="87">
      <mem type="soa" free="32524872" total="37355520" percent="87" />
      <mem type="loa" free="1966080" total="1966080" percent="100" />
    </mem>
    <pending-finalizers system="156" default="0" reference="0" classloader="0" />
    <remembered-set count="437" />
  </mem-info>
</gc-end>
<cycle-end id="98" type="scavenge" contextid="91" timestamp="2020-05-10T03:09:00.054" />
<allocation-satisfied id="99" threadId="00000000024A7D00" bytesRequested="1040" />
<af-end id="100" timestamp="2020-05-10T03:09:00.055" threadId="00000000024A8680" success="true" from="nursery"/>
<exclusive-end id="101" timestamp="2020-05-10T03:09:00.055" durationms="7.418" />

<exclusive-start id="102" timestamp="2020-05-10T03:09:00.082" intervalms="34.532">
  <response-info timems="0.039" idlems="0.039" threads="0" lastid="00000000024A7D00" lastname="Start Level Event Dispatcher" />
</exclusive-start>
<af-start id="103" threadId="00000000024A8680" totalBytesRequested="8200" timestamp="2020-05-10T03:09:00.083" intervalms="34.738" type="nursery" />
<cycle-start id="104" type="scavenge" contextid="0" timestamp="2020-05-10T03:09:00.084" intervalms="34.846" />
<gc-start id="105" type="scavenge" contextid="104" timestamp="2020-05-10T03:09:00.084">
  <mem-info id="106" free="34490896" total="55705600" percent="61">
    <mem type="nursery" free="0" total="16384000" percent="0">
      <mem type="allocate" free="0" total="11534336" percent="0" />
      <mem type="survivor" free="0" total="4849664" percent="0" />
    </mem>
    <mem type="tenure" free="34490896" total="39321600" percent="87">
      <mem type="soa" free="32524816" total="37355520" percent="87" />
      <mem type="loa" free="1966080" total="1966080" percent="100" />
    </mem>
    <remembered-set count="777" />
  </mem-info>
</gc-start>
<allocation-stats totalBytes="9556352" >
  <allocated-bytes non-tlh="470456" tlh="9085896" />
  <largest-consumer threadName="Start Level Event Dispatcher" threadId="00000000024A7D00" bytes="9544064" />
</allocation-stats>
<gc-op id="107" type="scavenge" timems="2.814" contextid="104" timestamp="2020-05-10T03:09:00.088">
  <scavenger-info tenureage="2" tenuremask="7ffc" tiltratio="70" />
  <memory-copied type="nursery" objects="47336" bytes="2190576" bytesdiscarded="115928" />
  <memory-copied type="tenure" objects="7049" bytes="523552" bytesdiscarded="240" />
  <finalization candidates="227" enqueued="127" />
  <references type="soft" candidates="1" cleared="0" enqueued="0" dynamicThreshold="32" maxThreshold="32" />
  <references type="weak" candidates="3" cleared="0" enqueued="0" />
</gc-op>
<heap-resize id="108" type="expand" space="nursery" amount="917504" count="1" timems="0.063" reason="excessive time being spent scavenging" timestamp="2020-05-10T03:09:00.088" />
<gc-end id="109" type="scavenge" contextid="104" durationms="4.565" usertimems="6.368" systemtimems="4.226" timestamp="2020-05-10T03:09:00.089" activeThreads="8">
  <mem-info id="110" free="44379152" total="56623104" percent="78">
    <mem type="nursery" free="10375072" total="17301504" percent="59">
      <mem type="allocate" free="10375072" total="12713984" percent="81" />
      <mem type="survivor" free="0" total="4587520" percent="0" />
    </mem>
    <mem type="tenure" free="34004080" total="39321600" percent="86">
      <mem type="soa" free="32038000" total="37355520" percent="85" />
      <mem type="loa" free="1966080" total="1966080" percent="100" />
    </mem>
    <pending-finalizers system="127" default="0" reference="0" classloader="0" />
    <remembered-set count="560" />
  </mem-info>
</gc-end>
<cycle-end id="111" type="scavenge" contextid="104" timestamp="2020-05-10T03:09:00.089" />
<allocation-satisfied id="112" threadId="00000000024A7D00" bytesRequested="8200" />
<af-end id="113" timestamp="2020-05-10T03:09:00.090" threadId="00000000024A8680" success="true" from="nursery"/>
<exclusive-end id="114" timestamp="2020-05-10T03:09:00.090" durationms="7.806" />

<exclusive-start id="115" timestamp="2020-05-10T03:09:00.119" intervalms="36.327">
  <response-info timems="0.038" idlems="0.038" threads="0" lastid="00000000024A7D00" lastname="Start Level Event Dispatcher" />
</exclusive-start>
<af-start id="116" threadId="00000000024A8680" totalBytesRequested="8200" timestamp="2020-05-10T03:09:00.119" intervalms="36.189" type="nursery" />
<cycle-start id="117" type="scavenge" contextid="0" timestamp="2020-05-10T03:09:00.120" intervalms="36.070" />
<gc-start id="118" type="scavenge" contextid="117" timestamp="2020-05-10T03:09:00.120">
  <mem-info id="119" free="34003880" total="56623104" percent="60">
    <mem type="nursery" free="0" total="17301504" percent="0">
      <mem type="allocate" free="0" total="12713984" percent="0" />
      <mem type="survivor" free="0" total="4587520" percent="0" />
    </mem>
    <mem type="tenure" free="34003880" total="39321600" percent="86">
      <mem type="soa" free="32037800" total="37355520" percent="85" />
      <mem type="loa" free="1966080" total="1966080" percent="100" />
    </mem>
    <remembered-set count="680" />
  </mem-info>
</gc-start>
<allocation-stats totalBytes="10365040" >
  <allocated-bytes non-tlh="8400" tlh="10356640" />
  <largest-consumer threadName="Start Level Event Dispatcher" threadId="00000000024A7D00" bytes="10340512" />
</allocation-stats>
<gc-op id="120" type="scavenge" timems="3.586" contextid="117" timestamp="2020-05-10T03:09:00.125">
  <scavenger-info tenureage="2" tenuremask="7ffc" tiltratio="73" />
  <memory-copied type="nursery" objects="47320" bytes="2117080" bytesdiscarded="158528" />
  <memory-copied type="tenure" objects="23070" bytes="1091608" bytesdiscarded="1032" />
  <finalization candidates="282" enqueued="163" />
  <references type="weak" candidates="1" cleared="0" enqueued="0" />
</gc-op>
<heap-resize id="121" type="expand" space="nursery" amount="1179648" count="1" timems="0.103" reason="excessive time being spent scavenging" timestamp="2020-05-10T03:09:00.126" />
<gc-end id="122" type="scavenge" contextid="117" durationms="5.642" usertimems="10.420" systemtimems="2.759" timestamp="2020-05-10T03:09:00.126" activeThreads="8">
  <mem-info id="123" free="45078584" total="57802752" percent="77">
    <mem type="nursery" free="11970568" total="18481152" percent="64">
      <mem type="allocate" free="11970568" total="14286848" percent="83" />
      <mem type="survivor" free="0" total="4194304" percent="0" />
    </mem>
    <mem type="tenure" free="33108016" total="39321600" percent="84">
      <mem type="soa" free="31141936" total="37355520" percent="83" />
      <mem type="loa" free="1966080" total="1966080" percent="100" />
    </mem>
    <pending-finalizers system="163" default="0" reference="0" classloader="0" />
    <remembered-set count="683" />
  </mem-info>
</gc-end>
<cycle-end id="124" type="scavenge" contextid="117" timestamp="2020-05-10T03:09:00.126" />
<allocation-satisfied id="125" threadId="00000000024A7D00" bytesRequested="8200" />
<af-end id="126" timestamp="2020-05-10T03:09:00.127" threadId="00000000024A8680" success="true" from="nursery"/>
<exclusive-end id="127" timestamp="2020-05-10T03:09:00.128" durationms="8.866" />

<exclusive-start id="128" timestamp="2020-05-10T03:09:00.160" intervalms="41.144">
  <response-info timems="0.039" idlems="0.039" threads="0" lastid="00000000024A7D00" lastname="Start Level Event Dispatcher" />
</exclusive-start>
<af-start id="129" threadId="00000000024A8680" totalBytesRequested="16392" timestamp="2020-05-10T03:09:00.160" intervalms="41.185" type="nursery" />
<cycle-start id="130" type="scavenge" contextid="0" timestamp="2020-05-10T03:09:00.161" intervalms="41.218" />
<gc-start id="131" type="scavenge" contextid="130" timestamp="2020-05-10T03:09:00.161">
  <mem-info id="132" free="33107968" total="57802752" percent="57">
    <mem type="nursery" free="0" total="18481152" percent="0">
      <mem type="allocate" free="0" total="14286848" percent="0" />
      <mem type="survivor" free="0" total="4194304" percent="0" />
    </mem>
    <mem type="tenure" free="33107968" total="39321600" percent="84">
      <mem type="soa" free="31141888" total="37355520" percent="83" />
      <mem type="loa" free="1966080" total="1966080" percent="100" />
    </mem>
    <remembered-set count="1068" />
  </mem-info>
</gc-start>
<allocation-stats totalBytes="11952784" >
  <allocated-bytes non-tlh="651384" tlh="11301400" />
  <largest-consumer threadName="Start Level Event Dispatcher" threadId="00000000024A7D00" bytes="11928208" />
</allocation-stats>
<gc-op id="133" type="scavenge" timems="3.020" contextid="130" timestamp="2020-05-10T03:09:00.165">
  <scavenger-info tenureage="2" tenuremask="7ffc" tiltratio="77" />
  <memory-copied type="nursery" objects="50565" bytes="2334032" bytesdiscarded="211072" />
  <memory-copied type="tenure" objects="23961" bytes="1035128" bytesdiscarded="312" />
  <finalization candidates="303" enqueued="178" />
  <references type="weak" candidates="1" cleared="0" enqueued="0" />
</gc-op>
<heap-resize id="134" type="expand" space="nursery" amount="786432" count="1" timems="0.062" reason="excessive time being spent scavenging" timestamp="2020-05-10T03:09:00.166" />
<gc-end id="135" type="scavenge" contextid="130" durationms="5.040" usertimems="8.772" systemtimems="2.974" timestamp="2020-05-10T03:09:00.166" activeThreads="8">
  <mem-info id="136" free="45501952" total="58589184" percent="77">
    <mem type="nursery" free="13467056" total="19267584" percent="69">
      <mem type="allocate" free="13467056" total="16056320" percent="83" />
      <mem type="survivor" free="0" total="3211264" percent="0" />
    </mem>
    <mem type="tenure" free="32034896" total="39321600" percent="81">
      <mem type="soa" free="30068816" total="37355520" percent="80" />
      <mem type="loa" free="1966080" total="1966080" percent="100" />
    </mem>
    <pending-finalizers system="178" default="0" reference="0" classloader="0" />
    <remembered-set count="849" />
  </mem-info>
</gc-end>
<cycle-end id="137" type="scavenge" contextid="130" timestamp="2020-05-10T03:09:00.167" />
<allocation-satisfied id="138" threadId="00000000024A7D00" bytesRequested="16392" />
<af-end id="139" timestamp="2020-05-10T03:09:00.168" threadId="00000000024A8680" success="true" from="nursery"/>
<exclusive-end id="140" timestamp="2020-05-10T03:09:00.168" durationms="8.099" />

<exclusive-start id="141" timestamp="2020-05-10T03:09:00.231" intervalms="70.876">
  <response-info timems="0.088" idlems="0.088" threads="0" lastid="00000000024A7D00" lastname="Start Level Event Dispatcher" />
</exclusive-start>
<af-start id="142" threadId="00000000024A8680" totalBytesRequested="8200" timestamp="2020-05-10T03:09:00.231" intervalms="70.844" type="nursery" />
<cycle-start id="143" type="scavenge" contextid="0" timestamp="2020-05-10T03:09:00.232" intervalms="70.723" />
<gc-start id="144" type="scavenge" contextid="143" timestamp="2020-05-10T03:09:00.232">
  <mem-info id="145" free="32033512" total="58589184" percent="54">
    <mem type="nursery" free="0" total="19267584" percent="0">
      <mem type="allocate" free="0" total="16056320" percent="0" />
      <mem type="survivor" free="0" total="3211264" percent="0" />
    </mem>
    <mem type="tenure" free="32033512" total="39321600" percent="81">
      <mem type="soa" free="30067432" total="37355520" percent="80" />
      <mem type="loa" free="1966080" total="1966080" percent="100" />
    </mem>
    <remembered-set count="1242" />
  </mem-info>
</gc-start>
<allocation-stats totalBytes="13456776" >
  <allocated-bytes non-tlh="17776" tlh="13439000" />
  <largest-consumer threadName="Start Level Event Dispatcher" threadId="00000000024A7D00" bytes="13415848" />
</allocation-stats>
<gc-op id="146" type="scavenge" timems="3.734" contextid="143" timestamp="2020-05-10T03:09:00.237">
  <scavenger-info tenureage="2" tenuremask="7ffc" tiltratio="83" />
  <memory-copied type="nursery" objects="49132" bytes="2320752" bytesdiscarded="267008" />
  <memory-copied type="tenure" objects="23008" bytes="1015736" bytesdiscarded="1384" />
  <finalization candidates="680" enqueued="482" />
  <references type="weak" candidates="1" cleared="0" enqueued="0" />
</gc-op>
<gc-end id="147" type="scavenge" contextid="143" durationms="5.156" usertimems="10.437" systemtimems="3.759" timestamp="2020-05-10T03:09:00.237" activeThreads="8">
  <mem-info id="148" free="44573816" total="58589184" percent="76">
    <mem type="nursery" free="13628216" total="19267584" percent="70">
      <mem type="allocate" free="13628216" total="16252928" percent="83" />
      <mem type="survivor" free="0" total="3014656" percent="0" />
    </mem>
    <mem type="tenure" free="30945600" total="39321600" percent="78">
      <mem type="soa" free="28979520" total="37355520" percent="77" />
      <mem type="loa" free="1966080" total="1966080" percent="100" />
    </mem>
    <pending-finalizers system="482" default="0" reference="0" classloader="0" />
    <remembered-set count="1142" />
  </mem-info>
</gc-end>
<cycle-end id="149" type="scavenge" contextid="143" timestamp="2020-05-10T03:09:00.238" />
<allocation-satisfied id="150" threadId="00000000024A7D00" bytesRequested="8200" />
<af-end id="151" timestamp="2020-05-10T03:09:00.239" threadId="00000000024A8680" success="true" from="nursery"/>
<exclusive-end id="152" timestamp="2020-05-10T03:09:00.239" durationms="8.258" />

<exclusive-start id="153" timestamp="2020-05-10T03:09:00.330" intervalms="99.671">
  <response-info timems="0.055" idlems="0.055" threads="0" lastid="0000000002500900" lastname="Refresh Packages" />
</exclusive-start>
<af-start id="154" threadId="0000000002501280" totalBytesRequested="2176" timestamp="2020-05-10T03:09:00.331" intervalms="99.703" type="nursery" />
<cycle-start id="155" type="scavenge" contextid="0" timestamp="2020-05-10T03:09:00.331" intervalms="99.663" />
<gc-start id="156" type="scavenge" contextid="155" timestamp="2020-05-10T03:09:00.332">
  <mem-info id="157" free="30945600" total="58589184" percent="52">
    <mem type="nursery" free="0" total="19267584" percent="0">
      <mem type="allocate" free="0" total="16252928" percent="0" />
      <mem type="survivor" free="0" total="3014656" percent="0" />
    </mem>
    <mem type="tenure" free="30945600" total="39321600" percent="78">
      <mem type="soa" free="28979520" total="37355520" percent="77" />
      <mem type="loa" free="1966080" total="1966080" percent="100" />
    </mem>
    <remembered-set count="14406" />
  </mem-info>
</gc-start>
<allocation-stats totalBytes="13590344" >
  <allocated-bytes non-tlh="792936" tlh="12797408" />
  <largest-consumer threadName="Refresh Packages" threadId="0000000002500900" bytes="11659472" />
</allocation-stats>
<gc-op id="158" type="scavenge" timems="2.942" contextid="155" timestamp="2020-05-10T03:09:00.336">
  <scavenger-info tenureage="2" tenuremask="7ffc" tiltratio="84" />
  <memory-copied type="nursery" objects="33791" bytes="1103248" bytesdiscarded="304944" />
  <memory-copied type="tenure" objects="25263" bytes="1066696" bytesdiscarded="552" />
  <finalization candidates="180" enqueued="21" />
</gc-op>
<gc-end id="159" type="scavenge" contextid="155" durationms="4.289" usertimems="10.306" systemtimems="1.577" timestamp="2020-05-10T03:09:00.336" activeThreads="8">
  <mem-info id="160" free="44701392" total="58589184" percent="76">
    <mem type="nursery" free="14897408" total="19267584" percent="77">
      <mem type="allocate" free="14897408" total="16318464" percent="91" />
      <mem type="survivor" free="0" total="2949120" percent="0" />
    </mem>
    <mem type="tenure" free="29803984" total="39321600" percent="75">
      <mem type="soa" free="27837904" total="37355520" percent="74" />
      <mem type="loa" free="1966080" total="1966080" percent="100" />
    </mem>
    <pending-finalizers system="21" default="0" reference="0" classloader="0" />
    <remembered-set count="7889" />
  </mem-info>
</gc-end>
<cycle-end id="161" type="scavenge" contextid="155" timestamp="2020-05-10T03:09:00.337" />
<allocation-satisfied id="162" threadId="0000000002500900" bytesRequested="2176" />
<af-end id="163" timestamp="2020-05-10T03:09:00.337" threadId="0000000002501280" success="true" from="nursery"/>
<exclusive-end id="164" timestamp="2020-05-10T03:09:00.338" durationms="7.404" />

<exclusive-start id="165" timestamp="2020-05-10T03:09:00.393" intervalms="62.779">
  <response-info timems="0.045" idlems="0.045" threads="0" lastid="0000000002500900" lastname="Refresh Packages" />
</exclusive-start>
<af-start id="166" threadId="0000000002501280" totalBytesRequested="24" timestamp="2020-05-10T03:09:00.394" intervalms="62.736" type="nursery" />
<cycle-start id="167" type="scavenge" contextid="0" timestamp="2020-05-10T03:09:00.394" intervalms="62.709" />
<gc-start id="168" type="scavenge" contextid="167" timestamp="2020-05-10T03:09:00.395">
  <mem-info id="169" free="29803904" total="58589184" percent="50">
    <mem type="nursery" free="0" total="19267584" percent="0">
      <mem type="allocate" free="0" total="16318464" percent="0" />
      <mem type="survivor" free="0" total="2949120" percent="0" />
    </mem>
    <mem type="tenure" free="29803904" total="39321600" percent="75">
      <mem type="soa" free="27837824" total="37355520" percent="74" />
      <mem type="loa" free="1966080" total="1966080" percent="100" />
    </mem>
    <remembered-set count="9637" />
  </mem-info>
</gc-start>
<allocation-stats totalBytes="14889232" >
  <allocated-bytes non-tlh="2256" tlh="14886976" />
  <largest-consumer threadName="Refresh Packages" threadId="0000000002500900" bytes="14889232" />
</allocation-stats>
<gc-op id="170" type="scavenge" timems="3.688" contextid="167" timestamp="2020-05-10T03:09:00.399">
  <scavenger-info tenureage="3" tenuremask="7ff8" tiltratio="84" />
  <memory-copied type="nursery" objects="45282" bytes="1347416" bytesdiscarded="88624" />
  <finalization candidates="117" enqueued="0" />
</gc-op>
<heap-resize id="171" type="expand" space="nursery" amount="917504" count="1" timems="0.149" reason="excessive time being spent scavenging" timestamp="2020-05-10T03:09:00.400" />
<gc-end id="172" type="scavenge" contextid="167" durationms="6.220" usertimems="10.185" systemtimems="2.516" timestamp="2020-05-10T03:09:00.401" activeThreads="8">
  <mem-info id="173" free="45722088" total="59506688" percent="76">
    <mem type="nursery" free="15918184" total="20185088" percent="78">
      <mem type="allocate" free="15918184" total="17367040" percent="91" />
      <mem type="survivor" free="0" total="2818048" percent="0" />
    </mem>
    <mem type="tenure" free="29803904" total="39321600" percent="75">
      <mem type="soa" free="27837824" total="37355520" percent="74" />
      <mem type="loa" free="1966080" total="1966080" percent="100" />
    </mem>
    <remembered-set count="7780" />
  </mem-info>
</gc-end>
<cycle-end id="174" type="scavenge" contextid="167" timestamp="2020-05-10T03:09:00.401" />
<allocation-satisfied id="175" threadId="0000000002500900" bytesRequested="24" />
<af-end id="176" timestamp="2020-05-10T03:09:00.403" threadId="0000000002501280" success="true" from="nursery"/>
<exclusive-end id="177" timestamp="2020-05-10T03:09:00.403" durationms="9.779" />

<exclusive-start id="178" timestamp="2020-05-10T03:09:00.447" intervalms="54.350">
  <response-info timems="0.042" idlems="0.042" threads="0" lastid="0000000002500900" lastname="Refresh Packages" />
</exclusive-start>
<af-start id="179" threadId="0000000002501280" totalBytesRequested="648" timestamp="2020-05-10T03:09:00.448" intervalms="54.307" type="nursery" />
<cycle-start id="180" type="scavenge" contextid="0" timestamp="2020-05-10T03:09:00.448" intervalms="54.348" />
<gc-start id="181" type="scavenge" contextid="180" timestamp="2020-05-10T03:09:00.449">
  <mem-info id="182" free="29803704" total="59506688" percent="50">
    <mem type="nursery" free="0" total="20185088" percent="0">
      <mem type="allocate" free="0" total="17367040" percent="0" />
      <mem type="survivor" free="0" total="2818048" percent="0" />
    </mem>
    <mem type="tenure" free="29803704" total="39321600" percent="75">
      <mem type="soa" free="27837624" total="37355520" percent="74" />
      <mem type="loa" free="1966080" total="1966080" percent="100" />
    </mem>
    <remembered-set count="7870" />
  </mem-info>
</gc-start>
<allocation-stats totalBytes="15904320" >
  <allocated-bytes non-tlh="224" tlh="15904096" />
  <largest-consumer threadName="Refresh Packages" threadId="0000000002500900" bytes="15904320" />
</allocation-stats>
<gc-op id="183" type="scavenge" timems="2.350" contextid="180" timestamp="2020-05-10T03:09:00.452">
  <scavenger-info tenureage="3" tenuremask="7ff8" tiltratio="86" />
  <memory-copied type="nursery" objects="16080" bytes="334648" bytesdiscarded="227856" />
  <memory-copied type="tenure" objects="19781" bytes="777480" bytesdiscarded="488" />
  <finalization candidates="117" enqueued="0" />
</gc-op>
<gc-end id="184" type="scavenge" contextid="180" durationms="3.599" usertimems="4.077" systemtimems="4.572" timestamp="2020-05-10T03:09:00.453" activeThreads="8">
  <mem-info id="185" free="46285824" total="59506688" percent="77">
    <mem type="nursery" free="17131008" total="20185088" percent="84">
      <mem type="allocate" free="17131008" total="17694720" percent="96" />
      <mem type="survivor" free="0" total="2490368" percent="0" />
    </mem>
    <mem type="tenure" free="29154816" total="39321600" percent="74">
      <mem type="soa" free="27188736" total="37355520" percent="72" />
      <mem type="loa" free="1966080" total="1966080" percent="100" />
    </mem>
    <remembered-set count="7760" />
  </mem-info>
</gc-end>
<cycle-end id="186" type="scavenge" contextid="180" timestamp="2020-05-10T03:09:00.453" />
<allocation-satisfied id="187" threadId="0000000002500900" bytesRequested="648" />
<af-end id="188" timestamp="2020-05-10T03:09:00.457" threadId="0000000002501280" success="true" from="nursery"/>
<exclusive-end id="189" timestamp="2020-05-10T03:09:00.457" durationms="9.874" />

<exclusive-start id="190" timestamp="2020-05-10T03:09:00.500" intervalms="52.886">
  <response-info timems="0.046" idlems="0.046" threads="0" lastid="0000000002500900" lastname="Refresh Packages" />
</exclusive-start>
<af-start id="191" threadId="0000000002501280" totalBytesRequested="2176" timestamp="2020-05-10T03:09:00.501" intervalms="53.033" type="nursery" />
<cycle-start id="192" type="scavenge" contextid="0" timestamp="2020-05-10T03:09:00.502" intervalms="53.134" />
<gc-start id="193" type="scavenge" contextid="192" timestamp="2020-05-10T03:09:00.502">
  <mem-info id="194" free="29154816" total="59506688" percent="48">
    <mem type="nursery" free="0" total="20185088" percent="0">
      <mem type="allocate" free="0" total="17694720" percent="0" />
      <mem type="survivor" free="0" total="2490368" percent="0" />
    </mem>
    <mem type="tenure" free="29154816" total="39321600" percent="74">
      <mem type="soa" free="27188736" total="37355520" percent="72" />
      <mem type="loa" free="1966080" total="1966080" percent="100" />
    </mem>
    <remembered-set count="7795" />
  </mem-info>
</gc-start>
<allocation-stats totalBytes="17117152" >
  <allocated-bytes non-tlh="648" tlh="17116504" />
  <largest-consumer threadName="Refresh Packages" threadId="0000000002500900" bytes="17117152" />
</allocation-stats>
<gc-op id="195" type="scavenge" timems="1.277" contextid="192" timestamp="2020-05-10T03:09:00.504">
  <scavenger-info tenureage="5" tenuremask="7fe0" tiltratio="87" />
  <memory-copied type="nursery" objects="18101" bytes="386688" bytesdiscarded="284872" />
</gc-op>
<gc-end id="196" type="scavenge" contextid="192" durationms="2.545" usertimems="2.850" systemtimems="0.834" timestamp="2020-05-10T03:09:00.505" activeThreads="8">
  <mem-info id="197" free="46569984" total="59506688" percent="78">
    <mem type="nursery" free="17415168" total="20185088" percent="86">
      <mem type="allocate" free="17415168" total="18087936" percent="96" />
      <mem type="survivor" free="0" total="2097152" percent="0" />
    </mem>
    <mem type="tenure" free="29154816" total="39321600" percent="74">
      <mem type="soa" free="27188736" total="37355520" percent="72" />
      <mem type="loa" free="1966080" total="1966080" percent="100" />
    </mem>
    <remembered-set count="7760" />
  </mem-info>
</gc-end>
<cycle-end id="198" type="scavenge" contextid="192" timestamp="2020-05-10T03:09:00.505" />
<allocation-satisfied id="199" threadId="0000000002500900" bytesRequested="2176" />
<af-end id="200" timestamp="2020-05-10T03:09:00.506" threadId="0000000002501280" success="true" from="nursery"/>
<exclusive-end id="201" timestamp="2020-05-10T03:09:00.506" durationms="5.760" />

<exclusive-start id="202" timestamp="2020-05-10T03:09:00.552" intervalms="51.243">
  <response-info timems="0.043" idlems="0.043" threads="0" lastid="0000000002500900" lastname="Refresh Packages" />
</exclusive-start>
<af-start id="203" threadId="0000000002501280" totalBytesRequested="16" timestamp="2020-05-10T03:09:00.552" intervalms="51.205" type="nursery" />
<cycle-start id="204" type="scavenge" contextid="0" timestamp="2020-05-10T03:09:00.553" intervalms="51.149" />
<gc-start id="205" type="scavenge" contextid="204" timestamp="2020-05-10T03:09:00.553">
  <mem-info id="206" free="29154816" total="59506688" percent="48">
    <mem type="nursery" free="0" total="20185088" percent="0">
      <mem type="allocate" free="0" total="18087936" percent="0" />
      <mem type="survivor" free="0" total="2097152" percent="0" />
    </mem>
    <mem type="tenure" free="29154816" total="39321600" percent="74">
      <mem type="soa" free="27188736" total="37355520" percent="72" />
      <mem type="loa" free="1966080" total="1966080" percent="100" />
    </mem>
    <remembered-set count="7776" />
  </mem-info>
</gc-start>
<allocation-stats totalBytes="17402232" >
  <allocated-bytes non-tlh="2176" tlh="17400056" />
  <largest-consumer threadName="Refresh Packages" threadId="0000000002500900" bytes="17402232" />
</allocation-stats>
<gc-op id="207" type="scavenge" timems="1.658" contextid="204" timestamp="2020-05-10T03:09:00.556">
  <scavenger-info tenureage="6" tenuremask="7fc0" tiltratio="89" />
  <memory-copied type="nursery" objects="21632" bytes="466928" bytesdiscarded="161376" />
</gc-op>
<gc-end id="208" type="scavenge" contextid="204" durationms="3.039" usertimems="3.744" systemtimems="1.892" timestamp="2020-05-10T03:09:00.556" activeThreads="8">
  <mem-info id="209" free="46678776" total="59506688" percent="78">
    <mem type="nursery" free="17523960" total="20185088" percent="86">
      <mem type="allocate" free="17523960" total="18153472" percent="96" />
      <mem type="survivor" free="0" total="2031616" percent="0" />
    </mem>
    <mem type="tenure" free="29154816" total="39321600" percent="74">
      <mem type="soa" free="27188736" total="37355520" percent="72" />
      <mem type="loa" free="1966080" total="1966080" percent="100" />
    </mem>
    <remembered-set count="7759" />
  </mem-info>
</gc-end>
<cycle-end id="210" type="scavenge" contextid="204" timestamp="2020-05-10T03:09:00.557" />
<allocation-satisfied id="211" threadId="0000000002500900" bytesRequested="16" />
<af-end id="212" timestamp="2020-05-10T03:09:00.558" threadId="0000000002501280" success="true" from="nursery"/>
<exclusive-end id="213" timestamp="2020-05-10T03:09:00.558" durationms="6.172" />

<exclusive-start id="214" timestamp="2020-05-10T03:09:00.759" intervalms="207.255">
  <response-info timems="0.160" idlems="0.160" threads="0" lastid="00000000024A7D00" lastname="Start Level Event Dispatcher" />
</exclusive-start>
<af-start id="215" threadId="00000000024A8680" totalBytesRequested="112" timestamp="2020-05-10T03:09:00.760" intervalms="207.270" type="nursery" />
<cycle-start id="216" type="scavenge" contextid="0" timestamp="2020-05-10T03:09:00.760" intervalms="207.452" />
<gc-start id="217" type="scavenge" contextid="216" timestamp="2020-05-10T03:09:00.761">
  <mem-info id="218" free="29097552" total="59506688" percent="48">
    <mem type="nursery" free="0" total="20185088" percent="0">
      <mem type="allocate" free="0" total="18153472" percent="0" />
      <mem type="survivor" free="0" total="2031616" percent="0" />
    </mem>
    <mem type="tenure" free="29097552" total="39321600" percent="73">
      <mem type="soa" free="27131472" total="37355520" percent="72" />
      <mem type="loa" free="1966080" total="1966080" percent="100" />
    </mem>
    <remembered-set count="22765" />
  </mem-info>
</gc-start>
<allocation-stats totalBytes="17566880" >
  <allocated-bytes non-tlh="57280" tlh="17509600" />
  <largest-consumer threadName="Start Level Event Dispatcher" threadId="00000000024A7D00" bytes="8111808" />
</allocation-stats>
<gc-op id="219" type="scavenge" timems="3.400" contextid="216" timestamp="2020-05-10T03:09:00.765">
  <scavenger-info tenureage="5" tenuremask="7fa0" tiltratio="89" />
  <memory-copied type="nursery" objects="27285" bytes="1397360" bytesdiscarded="92848" />
  <memory-copied type="tenure" objects="9522" bytes="171360" bytesdiscarded="392" />
  <finalization candidates="302" enqueued="144" />
  <references type="soft" candidates="1391" cleared="0" enqueued="0" dynamicThreshold="32" maxThreshold="32" />
  <references type="weak" candidates="119" cleared="108" enqueued="108" />
</gc-op>
<gc-end id="220" type="scavenge" contextid="216" durationms="5.042" usertimems="11.048" systemtimems="1.957" timestamp="2020-05-10T03:09:00.766" activeThreads="8">
  <mem-info id="221" free="45130736" total="59506688" percent="75">
    <mem type="nursery" free="16203680" total="20185088" percent="80">
      <mem type="allocate" free="16203680" total="17694720" percent="91" />
      <mem type="survivor" free="0" total="2490368" percent="0" />
    </mem>
    <mem type="tenure" free="28927056" total="39321600" percent="73">
      <mem type="soa" free="26960976" total="37355520" percent="72" />
      <mem type="loa" free="1966080" total="1966080" percent="100" />
    </mem>
    <pending-finalizers system="144" default="0" reference="108" classloader="0" />
    <remembered-set count="1876" />
  </mem-info>
</gc-end>
<cycle-end id="222" type="scavenge" contextid="216" timestamp="2020-05-10T03:09:00.766" />
<allocation-satisfied id="223" threadId="00000000024A7D00" bytesRequested="112" />
<af-end id="224" timestamp="2020-05-10T03:09:00.767" threadId="00000000024A8680" success="true" from="nursery"/>
<exclusive-end id="225" timestamp="2020-05-10T03:09:00.768" durationms="8.651" />

<exclusive-start id="226" timestamp="2020-05-10T03:09:00.899" intervalms="139.891">
  <response-info timems="0.135" idlems="0.135" threads="0" lastid="00000000024A7D00" lastname="Start Level Event Dispatcher" />
</exclusive-start>
<af-start id="227" threadId="00000000024A8680" totalBytesRequested="48" timestamp="2020-05-10T03:09:00.899" intervalms="139.823" type="nursery" />
<cycle-start id="228" type="scavenge" contextid="0" timestamp="2020-05-10T03:09:00.900" intervalms="139.588" />
<gc-start id="229" type="scavenge" contextid="228" timestamp="2020-05-10T03:09:00.900">
  <mem-info id="230" free="28918472" total="59506688" percent="48">
    <mem type="nursery" free="0" total="20185088" percent="0">
      <mem type="allocate" free="0" total="17694720" percent="0" />
      <mem type="survivor" free="0" total="2490368" percent="0" />
    </mem>
    <mem type="tenure" free="28918472" total="39321600" percent="73">
      <mem type="soa" free="26952392" total="37355520" percent="72" />
      <mem type="loa" free="1966080" total="1966080" percent="100" />
    </mem>
    <remembered-set count="2498" />
  </mem-info>
</gc-start>
<allocation-stats totalBytes="16202136" >
  <allocated-bytes non-tlh="8696" tlh="16193440" />
  <largest-consumer threadName="Start Level Event Dispatcher" threadId="00000000024A7D00" bytes="16120288" />
</allocation-stats>
<gc-op id="231" type="scavenge" timems="2.908" contextid="228" timestamp="2020-05-10T03:09:00.904">
  <scavenger-info tenureage="8" tenuremask="7f00" tiltratio="87" />
  <memory-copied type="nursery" objects="60601" bytes="2485936" bytesdiscarded="4048" />
  <memory-copied type="tenure" objects="1548" bytes="345928" bytesdiscarded="432" />
  <copy-failed type="nursery" objects="1548" bytes="346720" />
  <finalization candidates="678" enqueued="328" />
  <references type="soft" candidates="5838" cleared="0" enqueued="0" dynamicThreshold="32" maxThreshold="32" />
  <references type="weak" candidates="30" cleared="17" enqueued="17" />
</gc-op>
<gc-end id="232" type="scavenge" contextid="228" durationms="4.471" usertimems="6.767" systemtimems="4.554" timestamp="2020-05-10T03:09:00.905" activeThreads="8">
  <mem-info id="233" free="41526408" total="59506688" percent="69">
    <mem type="nursery" free="12910592" total="20185088" percent="63">
      <mem type="allocate" free="12910592" total="15400960" percent="83" />
      <mem type="survivor" free="0" total="4784128" percent="0" />
    </mem>
    <mem type="tenure" free="28615816" total="39321600" percent="72">
      <mem type="soa" free="26649736" total="37355520" percent="71" />
      <mem type="loa" free="1966080" total="1966080" percent="100" />
    </mem>
    <pending-finalizers system="328" default="0" reference="17" classloader="0" />
    <remembered-set count="3147" />
  </mem-info>
</gc-end>
<cycle-end id="234" type="scavenge" contextid="228" timestamp="2020-05-10T03:09:00.905" />
<allocation-satisfied id="235" threadId="00000000024A7D00" bytesRequested="48" />
<af-end id="236" timestamp="2020-05-10T03:09:00.906" threadId="00000000024A8680" success="true" from="nursery"/>
<exclusive-end id="237" timestamp="2020-05-10T03:09:00.906" durationms="7.559" />

<exclusive-start id="238" timestamp="2020-05-10T03:09:01.503" intervalms="604.032">
  <response-info timems="0.042" idlems="0.042" threads="0" lastid="000000000213AA00" lastname="main" />
</exclusive-start>
<af-start id="239" threadId="000000000213B380" totalBytesRequested="24" timestamp="2020-05-10T03:09:01.503" intervalms="604.146" type="nursery" />
<cycle-start id="240" type="scavenge" contextid="0" timestamp="2020-05-10T03:09:01.504" intervalms="604.276" />
<gc-start id="241" type="scavenge" contextid="240" timestamp="2020-05-10T03:09:01.505">
  <mem-info id="242" free="27906496" total="59506688" percent="46">
    <mem type="nursery" free="0" total="20185088" percent="0">
      <mem type="allocate" free="0" total="15400960" percent="0" />
      <mem type="survivor" free="0" total="4784128" percent="0" />
    </mem>
    <mem type="tenure" free="27906496" total="39321600" percent="70">
      <mem type="soa" free="25940416" total="37355520" percent="69" />
      <mem type="loa" free="1966080" total="1966080" percent="100" />
    </mem>
    <remembered-set count="12374" />
  </mem-info>
</gc-start>
<allocation-stats totalBytes="13613736" >
  <allocated-bytes non-tlh="728696" tlh="12885040" />
  <largest-consumer threadName="main" threadId="000000000213AA00" bytes="12920280" />
</allocation-stats>
<gc-op id="243" type="scavenge" timems="7.215" contextid="240" timestamp="2020-05-10T03:09:01.513">
  <scavenger-info tenureage="8" tenuremask="7f00" tiltratio="76" />
  <memory-copied type="nursery" objects="112351" bytes="4766136" bytesdiscarded="11248" />
  <memory-copied type="tenure" objects="5429" bytes="422256" bytesdiscarded="1480" />
  <copy-failed type="nursery" objects="5429" bytes="423112" />
  <finalization candidates="842" enqueued="334" />
  <ownableSynchronizers candidates="164" cleared="20" />
  <references type="soft" candidates="6325" cleared="0" enqueued="0" dynamicThreshold="32" maxThreshold="32" />
  <references type="weak" candidates="1049" cleared="627" enqueued="604" />
</gc-op>
<gc-end id="244" type="scavenge" contextid="240" durationms="8.520" usertimems="22.817" systemtimems="0.078" timestamp="2020-05-10T03:09:01.513" activeThreads="8">
  <mem-info id="245" free="34366576" total="59506688" percent="57">
    <mem type="nursery" free="6946816" total="20185088" percent="34">
      <mem type="allocate" free="6946816" total="11730944" percent="59" />
      <mem type="survivor" free="0" total="8454144" percent="0" />
    </mem>
    <mem type="tenure" free="27419760" total="39321600" percent="69">
      <mem type="soa" free="25453680" total="37355520" percent="68" />
      <mem type="loa" free="1966080" total="1966080" percent="100" />
    </mem>
    <pending-finalizers system="331" default="3" reference="604" classloader="0" />
    <remembered-set count="12373" />
  </mem-info>
</gc-end>
<cycle-end id="246" type="scavenge" contextid="240" timestamp="2020-05-10T03:09:01.514" />
<allocation-satisfied id="247" threadId="000000000213AA00" bytesRequested="24" />
<af-end id="248" timestamp="2020-05-10T03:09:01.514" threadId="000000000213B380" success="true" from="nursery"/>
<exclusive-end id="249" timestamp="2020-05-10T03:09:01.515" durationms="11.920" />

<exclusive-start id="250" timestamp="2020-05-10T03:09:01.761" intervalms="258.635">
  <response-info timems="0.043" idlems="0.043" threads="0" lastid="000000000213AA00" lastname="main" />
</exclusive-start>
<af-start id="251" threadId="000000000213B380" totalBytesRequested="5888" timestamp="2020-05-10T03:09:01.762" intervalms="258.536" type="nursery" />
<cycle-start id="252" type="scavenge" contextid="0" timestamp="2020-05-10T03:09:01.763" intervalms="258.676" />
<gc-start id="253" type="scavenge" contextid="252" timestamp="2020-05-10T03:09:01.763">
  <mem-info id="254" free="26919728" total="59506688" percent="45">
    <mem type="nursery" free="0" total="20185088" percent="0">
      <mem type="allocate" free="0" total="11730944" percent="0" />
      <mem type="survivor" free="0" total="8454144" percent="0" />
    </mem>
    <mem type="tenure" free="26919728" total="39321600" percent="68">
      <mem type="soa" free="24953648" total="37355520" percent="66" />
      <mem type="loa" free="1966080" total="1966080" percent="100" />
    </mem>
    <remembered-set count="17576" />
  </mem-info>
</gc-start>
<allocation-stats totalBytes="7439400" >
  <allocated-bytes non-tlh="500056" tlh="6939344" />
  <largest-consumer threadName="main" threadId="000000000213AA00" bytes="6896280" />
</allocation-stats>
<gc-op id="255" type="scavenge" timems="7.740" contextid="252" timestamp="2020-05-10T03:09:01.772">
  <scavenger-info tenureage="3" tenuremask="7f88" tiltratio="58" />
  <memory-copied type="nursery" objects="122817" bytes="5226048" bytesdiscarded="104312" />
  <memory-copied type="tenure" objects="21767" bytes="865120" bytesdiscarded="96" />
  <finalization candidates="665" enqueued="122" />
  <ownableSynchronizers candidates="198" cleared="0" />
  <references type="soft" candidates="5127" cleared="0" enqueued="0" dynamicThreshold="32" maxThreshold="32" />
  <references type="weak" candidates="1195" cleared="485" enqueued="471" />
</gc-op>
<gc-end id="256" type="scavenge" contextid="252" durationms="9.194" usertimems="20.655" systemtimems="1.081" timestamp="2020-05-10T03:09:01.772" activeThreads="8">
  <mem-info id="257" free="34442856" total="59506688" percent="57">
    <mem type="nursery" free="8354368" total="20185088" percent="41">
      <mem type="allocate" free="8354368" total="13697024" percent="60" />
      <mem type="survivor" free="0" total="6488064" percent="0" />
    </mem>
    <mem type="tenure" free="26088488" total="39321600" percent="66">
      <mem type="soa" free="24122408" total="37355520" percent="64" />
      <mem type="loa" free="1966080" total="1966080" percent="100" />
    </mem>
    <pending-finalizers system="122" default="0" reference="471" classloader="0" />
    <remembered-set count="16450" />
  </mem-info>
</gc-end>
<cycle-end id="258" type="scavenge" contextid="252" timestamp="2020-05-10T03:09:01.773" />
<allocation-satisfied id="259" threadId="000000000213AA00" bytesRequested="5888" />
<af-end id="260" timestamp="2020-05-10T03:09:01.774" threadId="000000000213B380" success="true" from="nursery"/>
<exclusive-end id="261" timestamp="2020-05-10T03:09:01.774" durationms="12.615" />

<exclusive-start id="262" timestamp="2020-05-10T03:09:02.115" intervalms="353.129">
  <response-info timems="0.044" idlems="0.044" threads="0" lastid="000000000213AA00" lastname="main" />
</exclusive-start>
<af-start id="263" threadId="000000000213B380" totalBytesRequested="4104" timestamp="2020-05-10T03:09:02.115" intervalms="352.927" type="nursery" />
<cycle-start id="264" type="scavenge" contextid="0" timestamp="2020-05-10T03:09:02.115" intervalms="352.505" />
<gc-start id="265" type="scavenge" contextid="264" timestamp="2020-05-10T03:09:02.116">
  <mem-info id="266" free="25580640" total="59506688" percent="42">
    <mem type="nursery" free="0" total="20185088" percent="0">
      <mem type="allocate" free="0" total="13697024" percent="0" />
      <mem type="survivor" free="0" total="6488064" percent="0" />
    </mem>
    <mem type="tenure" free="25580640" total="39321600" percent="65">
      <mem type="soa" free="23614560" total="37355520" percent="63" />
      <mem type="loa" free="1966080" total="1966080" percent="100" />
    </mem>
    <remembered-set count="21697" />
  </mem-info>
</gc-start>
<allocation-stats totalBytes="8856408" >
  <allocated-bytes non-tlh="513736" tlh="8342672" />
  <largest-consumer threadName="main" threadId="000000000213AA00" bytes="8581016" />
</allocation-stats>
<gc-op id="267" type="scavenge" timems="6.910" contextid="264" timestamp="2020-05-10T03:09:02.123">
  <scavenger-info tenureage="6" tenuremask="7fc0" tiltratio="67" />
  <memory-copied type="nursery" objects="154061" bytes="6389136" bytesdiscarded="87704" />
  <memory-copied type="tenure" objects="136" bytes="314768" bytesdiscarded="1000" />
  <copy-failed type="nursery" objects="134" bytes="314784" />
  <finalization candidates="751" enqueued="166" />
  <ownableSynchronizers candidates="242" cleared="0" />
  <references type="soft" candidates="5319" cleared="0" enqueued="0" dynamicThreshold="32" maxThreshold="32" />
  <references type="weak" candidates="1183" cleared="320" enqueued="320" />
</gc-op>
<gc-end id="268" type="scavenge" contextid="264" durationms="7.818" usertimems="25.126" systemtimems="0.779" timestamp="2020-05-10T03:09:02.123" activeThreads="8">
  <mem-info id="269" free="29800456" total="59506688" percent="50">
    <mem type="nursery" free="4521984" total="20185088" percent="22">
      <mem type="allocate" free="4521984" total="11010048" percent="41" />
      <mem type="survivor" free="0" total="9175040" percent="0" />
    </mem>
    <mem type="tenure" free="25278472" total="39321600" percent="64">
      <mem type="soa" free="23312392" total="37355520" percent="62" />
      <mem type="loa" free="1966080" total="1966080" percent="100" />
    </mem>
    <pending-finalizers system="164" default="2" reference="320" classloader="0" />
    <remembered-set count="14670" />
  </mem-info>
</gc-end>
<cycle-end id="270" type="scavenge" contextid="264" timestamp="2020-05-10T03:09:02.124" />
<allocation-satisfied id="271" threadId="000000000213AA00" bytesRequested="4104" />
<af-end id="272" timestamp="2020-05-10T03:09:02.125" threadId="000000000213B380" success="true" from="nursery"/>
<exclusive-end id="273" timestamp="2020-05-10T03:09:02.125" durationms="10.230" />

<exclusive-start id="274" timestamp="2020-05-10T03:09:02.309" intervalms="194.079">
  <response-info timems="0.079" idlems="0.079" threads="0" lastid="000000000213AA00" lastname="main" />
</exclusive-start>
<af-start id="275" threadId="000000000213B380" totalBytesRequested="136" timestamp="2020-05-10T03:09:02.309" intervalms="194.178" type="nursery" />
<cycle-start id="276" type="scavenge" contextid="0" timestamp="2020-05-10T03:09:02.310" intervalms="194.308" />
<gc-start id="277" type="scavenge" contextid="276" timestamp="2020-05-10T03:09:02.310">
  <mem-info id="278" free="24974296" total="59506688" percent="41">
    <mem type="nursery" free="0" total="20185088" percent="0">
      <mem type="allocate" free="0" total="11010048" percent="0" />
      <mem type="survivor" free="0" total="9175040" percent="0" />
    </mem>
    <mem type="tenure" free="24974296" total="39321600" percent="63">
      <mem type="soa" free="23008216" total="37355520" percent="61" />
      <mem type="loa" free="1966080" total="1966080" percent="100" />
    </mem>
    <remembered-set count="17594" />
  </mem-info>
</gc-start>
<allocation-stats totalBytes="4823648" >
  <allocated-bytes non-tlh="308280" tlh="4515368" />
  <largest-consumer threadName="main" threadId="000000000213AA00" bytes="4627216" />
</allocation-stats>
<gc-op id="279" type="scavenge" timems="8.566" contextid="276" timestamp="2020-05-10T03:09:02.319">
  <scavenger-info tenureage="4" tenuremask="7ff0" tiltratio="54" />
  <memory-copied type="nursery" objects="131081" bytes="5434800" bytesdiscarded="192176" />
  <memory-copied type="tenure" objects="33372" bytes="1387384" bytesdiscarded="472" />
  <finalization candidates="637" enqueued="43" />
  <ownableSynchronizers candidates="653" cleared="281" />
  <references type="soft" candidates="928" cleared="0" enqueued="0" dynamicThreshold="32" maxThreshold="32" />
  <references type="weak" candidates="1299" cleared="294" enqueued="294" />
</gc-op>
<gc-end id="280" type="scavenge" contextid="276" durationms="9.724" usertimems="25.094" systemtimems="2.436" timestamp="2020-05-10T03:09:02.320" activeThreads="8">
  <mem-info id="281" free="29006048" total="59506688" percent="48">
    <mem type="nursery" free="5699352" total="20185088" percent="28">
      <mem type="allocate" free="5699352" total="11337728" percent="50" />
      <mem type="survivor" free="0" total="8847360" percent="0" />
    </mem>
    <mem type="tenure" free="23306696" total="39321600" percent="59">
      <mem type="soa" free="21340616" total="37355520" percent="57" />
      <mem type="loa" free="1966080" total="1966080" percent="100" />
    </mem>
    <pending-finalizers system="43" default="0" reference="294" classloader="0" />
    <remembered-set count="12510" />
  </mem-info>
</gc-end>
<cycle-end id="282" type="scavenge" contextid="276" timestamp="2020-05-10T03:09:02.320" />
<allocation-satisfied id="283" threadId="000000000213AA00" bytesRequested="136" />
<af-end id="284" timestamp="2020-05-10T03:09:02.321" threadId="000000000213B380" success="true" from="nursery"/>
<exclusive-end id="285" timestamp="2020-05-10T03:09:02.321" durationms="12.824" />

<exclusive-start id="286" timestamp="2020-05-10T03:09:02.571" intervalms="262.713">
  <response-info timems="0.044" idlems="0.044" threads="0" lastid="000000000213AA00" lastname="main" />
</exclusive-start>
<af-start id="287" threadId="000000000213B380" totalBytesRequested="72" timestamp="2020-05-10T03:09:02.572" intervalms="262.849" type="nursery" />
<cycle-start id="288" type="scavenge" contextid="0" timestamp="2020-05-10T03:09:02.572" intervalms="262.814" />
<gc-start id="289" type="scavenge" contextid="288" timestamp="2020-05-10T03:09:02.573">
  <mem-info id="290" free="22776720" total="59506688" percent="38">
    <mem type="nursery" free="0" total="20185088" percent="0">
      <mem type="allocate" free="0" total="11337728" percent="0" />
      <mem type="survivor" free="0" total="8847360" percent="0" />
    </mem>
    <mem type="tenure" free="22776720" total="39321600" percent="57">
      <mem type="soa" free="20810640" total="37355520" percent="55" />
      <mem type="loa" free="1966080" total="1966080" percent="100" />
    </mem>
    <remembered-set count="17175" />
  </mem-info>
</gc-start>
<allocation-stats totalBytes="6226704" >
  <allocated-bytes non-tlh="530112" tlh="5696592" />
  <largest-consumer threadName="main" threadId="000000000213AA00" bytes="6181648" />
</allocation-stats>
<gc-op id="291" type="scavenge" timems="9.524" contextid="288" timestamp="2020-05-10T03:09:02.583">
  <scavenger-info tenureage="3" tenuremask="7ff8" tiltratio="56" />
  <memory-copied type="nursery" objects="69386" bytes="2681160" bytesdiscarded="283952" />
  <memory-copied type="tenure" objects="85906" bytes="3552064" bytesdiscarded="1368" />
  <finalization candidates="482" enqueued="60" />
  <ownableSynchronizers candidates="381" cleared="4" />
  <references type="soft" candidates="383" cleared="0" enqueued="0" dynamicThreshold="32" maxThreshold="32" />
  <references type="weak" candidates="514" cleared="149" enqueued="149" />
</gc-op>
<gc-end id="292" type="scavenge" contextid="288" durationms="10.954" usertimems="27.494" systemtimems="4.529" timestamp="2020-05-10T03:09:02.584" activeThreads="8">
  <mem-info id="293" free="28290936" total="59506688" percent="47">
    <mem type="nursery" free="8894200" total="20185088" percent="44">
      <mem type="allocate" free="8894200" total="11862016" percent="74" />
      <mem type="survivor" free="0" total="8323072" percent="0" />
    </mem>
    <mem type="tenure" free="19396736" total="39321600" percent="49">
      <mem type="soa" free="17430656" total="37355520" percent="46" />
      <mem type="loa" free="1966080" total="1966080" percent="100" />
    </mem>
    <pending-finalizers system="60" default="0" reference="149" classloader="0" />
    <remembered-set count="8863" />
  </mem-info>
</gc-end>
<cycle-end id="294" type="scavenge" contextid="288" timestamp="2020-05-10T03:09:02.584" />
<allocation-satisfied id="295" threadId="000000000213AA00" bytesRequested="72" />
<af-end id="296" timestamp="2020-05-10T03:09:02.585" threadId="000000000213B380" success="true" from="nursery"/>
<exclusive-end id="297" timestamp="2020-05-10T03:09:02.586" durationms="14.345" />

<exclusive-start id="298" timestamp="2020-05-10T03:09:02.721" intervalms="149.297">
  <response-info timems="0.046" idlems="0.046" threads="0" lastid="000000000213AA00" lastname="main" />
</exclusive-start>
<sys-start reason="explicit" id="299" timestamp="2020-05-10T03:09:02.721" intervalms="3506.401" />
<cycle-start id="300" type="global" contextid="0" timestamp="2020-05-10T03:09:02.721" intervalms="3506.684" />
<gc-start id="301" type="global" contextid="300" timestamp="2020-05-10T03:09:02.722">
  <mem-info id="302" free="20794272" total="59506688" percent="34">
    <mem type="nursery" free="1509112" total="20185088" percent="7">
      <mem type="allocate" free="1509112" total="11862016" percent="12" />
      <mem type="survivor" free="0" total="8323072" percent="0" />
    </mem>
    <mem type="tenure" free="19285160" total="39321600" percent="49">
      <mem type="soa" free="17319080" total="37355520" percent="46" />
      <mem type="loa" free="1966080" total="1966080" percent="100" />
    </mem>
    <remembered-set count="11606" />
  </mem-info>
</gc-start>
<allocation-stats totalBytes="7493552" >
  <allocated-bytes non-tlh="111648" tlh="7381904" />
  <largest-consumer threadName="main" threadId="000000000213AA00" bytes="7440344" />
</allocation-stats>
<gc-op id="303" type="mark" timems="11.834" contextid="300" timestamp="2020-05-10T03:09:02.734">
  <trace-info objectcount="504382" scancount="417064" scanbytes="12694760" />
  <finalization candidates="1228" enqueued="566" />
  <ownableSynchronizers candidates="386" cleared="0" />
  <references type="soft" candidates="7928" cleared="0" enqueued="0" dynamicThreshold="32" maxThreshold="32" />
  <references type="weak" candidates="1649" cleared="189" enqueued="186" />
  <references type="phantom" candidates="6" cleared="0" enqueued="0" />
  <stringconstants candidates="29019" cleared="171"  />
</gc-op>
<gc-op id="304" type="classunload" timems="0.015" contextid="300" timestamp="2020-05-10T03:09:02.735">
  <classunload-info classloadercandidates="121" classloadersunloaded="0" classesunloaded="0" anonymousclassesunloaded="0" quiescems="0.000" setupms="0.007" scanms="0.004" postms="0.004" />
</gc-op>
<gc-op id="305" type="sweep" timems="1.995" contextid="300" timestamp="2020-05-10T03:09:02.737" />
<gc-end id="306" type="global" contextid="300" durationms="15.607" usertimems="42.814" systemtimems="3.925" timestamp="2020-05-10T03:09:02.737" activeThreads="8">
  <mem-info id="307" free="28005104" total="59506688" percent="47">
    <mem type="nursery" free="7058200" total="20185088" percent="34">
      <mem type="allocate" free="7058200" total="11862016" percent="59" />
      <mem type="survivor" free="0" total="8323072" percent="0" />
    </mem>
    <mem type="tenure" free="20946904" total="39321600" percent="53" micro-fragmented="509908" macro-fragmented="0">
      <mem type="soa" free="18980824" total="37355520" percent="50" />
      <mem type="loa" free="1966080" total="1966080" percent="100" />
    </mem>
    <pending-finalizers system="566" default="0" reference="186" classloader="0" />
    <remembered-set count="11518" />
  </mem-info>
</gc-end>
<cycle-end id="308" type="global" contextid="300" timestamp="2020-05-10T03:09:02.738" />
<sys-end id="309" timestamp="2020-05-10T03:09:02.738" />
<exclusive-end id="310" timestamp="2020-05-10T03:09:02.738" durationms="17.777" />

<exclusive-start id="311" timestamp="2020-05-10T03:09:03.065" intervalms="344.093">
  <response-info timems="0.077" idlems="0.077" threads="0" lastid="000000000213AA00" lastname="main" />
</exclusive-start>
<af-start id="312" threadId="000000000213B380" totalBytesRequested="120" timestamp="2020-05-10T03:09:03.065" intervalms="493.242" type="nursery" />
<cycle-start id="313" type="scavenge" contextid="0" timestamp="2020-05-10T03:09:03.065" intervalms="493.192" />
<gc-start id="314" type="scavenge" contextid="313" timestamp="2020-05-10T03:09:03.066">
  <mem-info id="315" free="20238472" total="59506688" percent="34">
    <mem type="nursery" free="0" total="20185088" percent="0">
      <mem type="allocate" free="0" total="11862016" percent="0" />
      <mem type="survivor" free="0" total="8323072" percent="0" />
    </mem>
    <mem type="tenure" free="20238472" total="39321600" percent="51">
      <mem type="soa" free="18272392" total="37355520" percent="48" />
      <mem type="loa" free="1966080" total="1966080" percent="100" />
    </mem>
    <remembered-set count="17436" />
  </mem-info>
</gc-start>
<allocation-stats totalBytes="7578328" >
  <allocated-bytes non-tlh="689968" tlh="6888360" />
  <largest-consumer threadName="main" threadId="000000000213AA00" bytes="7456008" />
</allocation-stats>
<gc-op id="316" type="scavenge" timems="6.619" contextid="313" timestamp="2020-05-10T03:09:03.073">
  <scavenger-info tenureage="3" tenuremask="7ff8" tiltratio="58" />
  <memory-copied type="nursery" objects="92107" bytes="3624056" bytesdiscarded="182528" />
  <memory-copied type="tenure" objects="31893" bytes="1195944" bytesdiscarded="1472" />
  <finalization candidates="444" enqueued="244" />
  <ownableSynchronizers candidates="657" cleared="401" />
  <references type="soft" candidates="1010" cleared="0" enqueued="0" dynamicThreshold="17" maxThreshold="32" />
  <references type="weak" candidates="1428" cleared="559" enqueued="558" />
</gc-op>
<gc-end id="317" type="scavenge" contextid="313" durationms="7.663" usertimems="18.448" systemtimems="3.828" timestamp="2020-05-10T03:09:03.074" activeThreads="8">
  <mem-info id="318" free="27492464" total="59506688" percent="46">
    <mem type="nursery" free="8703432" total="20185088" percent="43">
      <mem type="allocate" free="8703432" total="12517376" percent="69" />
      <mem type="survivor" free="0" total="7667712" percent="0" />
    </mem>
    <mem type="tenure" free="18789032" total="39321600" percent="47">
      <mem type="soa" free="16822952" total="37355520" percent="45" />
      <mem type="loa" free="1966080" total="1966080" percent="100" />
    </mem>
    <pending-finalizers system="244" default="0" reference="558" classloader="0" />
    <remembered-set count="13066" />
  </mem-info>
</gc-end>
<cycle-end id="319" type="scavenge" contextid="313" timestamp="2020-05-10T03:09:03.074" />
<allocation-satisfied id="320" threadId="000000000213AA00" bytesRequested="120" />
<af-end id="321" timestamp="2020-05-10T03:09:03.075" threadId="000000000213B380" success="true" from="nursery"/>
<exclusive-end id="322" timestamp="2020-05-10T03:09:03.075" durationms="10.056" />

<exclusive-start id="323" timestamp="2020-05-10T03:09:03.290" intervalms="225.434">
  <response-info timems="0.044" idlems="0.044" threads="0" lastid="000000000213AA00" lastname="main" />
</exclusive-start>
<af-start id="324" threadId="000000000213B380" totalBytesRequested="14904" timestamp="2020-05-10T03:09:03.291" intervalms="225.456" type="nursery" />
<cycle-start id="325" type="scavenge" contextid="0" timestamp="2020-05-10T03:09:03.291" intervalms="225.480" />
<gc-start id="326" type="scavenge" contextid="325" timestamp="2020-05-10T03:09:03.291">
  <mem-info id="327" free="18202104" total="59506688" percent="30">
    <mem type="nursery" free="0" total="20185088" percent="0">
      <mem type="allocate" free="0" total="12517376" percent="0" />
      <mem type="survivor" free="0" total="7667712" percent="0" />
    </mem>
    <mem type="tenure" free="18202104" total="39321600" percent="46">
      <mem type="soa" free="16236024" total="37355520" percent="43" />
      <mem type="loa" free="1966080" total="1966080" percent="100" />
    </mem>
    <remembered-set count="17945" />
  </mem-info>
</gc-start>
<allocation-stats totalBytes="9183472" >
  <allocated-bytes non-tlh="718136" tlh="8465336" />
  <largest-consumer threadName="main" threadId="000000000213AA00" bytes="9040248" />
</allocation-stats>
<gc-op id="328" type="scavenge" timems="6.262" contextid="325" timestamp="2020-05-10T03:09:03.298">
  <scavenger-info tenureage="4" tenuremask="7ff0" tiltratio="62" />
  <memory-copied type="nursery" objects="112427" bytes="4559288" bytesdiscarded="173808" />
  <finalization candidates="375" enqueued="149" />
  <ownableSynchronizers candidates="396" cleared="9" />
  <references type="soft" candidates="1126" cleared="0" enqueued="0" dynamicThreshold="17" maxThreshold="32" />
  <references type="weak" candidates="1493" cleared="298" enqueued="295" />
</gc-op>
<gc-end id="329" type="scavenge" contextid="325" durationms="7.260" usertimems="17.441" systemtimems="0.596" timestamp="2020-05-10T03:09:03.299" activeThreads="8">
  <mem-info id="330" free="26240808" total="59506688" percent="44">
    <mem type="nursery" free="8038704" total="20185088" percent="39">
      <mem type="allocate" free="8038704" total="12779520" percent="62" />
      <mem type="survivor" free="0" total="7405568" percent="0" />
    </mem>
    <mem type="tenure" free="18202104" total="39321600" percent="46">
      <mem type="soa" free="16236024" total="37355520" percent="43" />
      <mem type="loa" free="1966080" total="1966080" percent="100" />
    </mem>
    <pending-finalizers system="147" default="2" reference="295" classloader="0" />
    <remembered-set count="13356" />
  </mem-info>
</gc-end>
<cycle-end id="331" type="scavenge" contextid="325" timestamp="2020-05-10T03:09:03.299" />
<allocation-satisfied id="332" threadId="000000000213AA00" bytesRequested="14904" />
<af-end id="333" timestamp="2020-05-10T03:09:03.300" threadId="000000000213B380" success="true" from="nursery"/>
<exclusive-end id="334" timestamp="2020-05-10T03:09:03.300" durationms="9.849" />

<exclusive-start id="335" timestamp="2020-05-10T03:09:03.529" intervalms="239.013">
  <response-info timems="0.127" idlems="0.127" threads="0" lastid="000000000213AA00" lastname="P=143393:O=0:CT" />
</exclusive-start>
<af-start id="336" threadId="000000000213B380" totalBytesRequested="8200" timestamp="2020-05-10T03:09:03.530" intervalms="239.066" type="nursery" />
<cycle-start id="337" type="scavenge" contextid="0" timestamp="2020-05-10T03:09:03.530" intervalms="239.111" />
<gc-start id="338" type="scavenge" contextid="337" timestamp="2020-05-10T03:09:03.531">
  <mem-info id="339" free="17821840" total="59506688" percent="29">
    <mem type="nursery" free="0" total="20185088" percent="0">
      <mem type="allocate" free="0" total="12779520" percent="0" />
      <mem type="survivor" free="0" total="7405568" percent="0" />
    </mem>
    <mem type="tenure" free="17821840" total="39321600" percent="45">
      <mem type="soa" free="15855760" total="37355520" percent="42" />
      <mem type="loa" free="1966080" total="1966080" percent="100" />
    </mem>
    <remembered-set count="17036" />
  </mem-info>
</gc-start>
<allocation-stats totalBytes="8412160" >
  <allocated-bytes non-tlh="395168" tlh="8016992" />
  <largest-consumer threadName="P=143393:O=0:CT" threadId="000000000213AA00" bytes="8173976" />
</allocation-stats>
<gc-op id="340" type="scavenge" timems="8.322" contextid="337" timestamp="2020-05-10T03:09:03.540">
  <scavenger-info tenureage="3" tenuremask="7ff8" tiltratio="63" />
  <memory-copied type="nursery" objects="94218" bytes="3799736" bytesdiscarded="160648" />
  <memory-copied type="tenure" objects="34802" bytes="1302192" bytesdiscarded="296" />
  <finalization candidates="318" enqueued="76" />
  <ownableSynchronizers candidates="519" cleared="35" />
  <references type="soft" candidates="1151" cleared="0" enqueued="0" dynamicThreshold="17" maxThreshold="32" />
  <references type="weak" candidates="1495" cleared="420" enqueued="420" />
</gc-op>
<gc-end id="341" type="scavenge" contextid="337" durationms="9.678" usertimems="21.396" systemtimems="1.310" timestamp="2020-05-10T03:09:03.540" activeThreads="8">
  <mem-info id="342" free="25795440" total="59506688" percent="43">
    <mem type="nursery" free="9270760" total="20185088" percent="45">
      <mem type="allocate" free="9270760" total="13238272" percent="70" />
      <mem type="survivor" free="0" total="6946816" percent="0" />
    </mem>
    <mem type="tenure" free="16524680" total="39321600" percent="42">
      <mem type="soa" free="14558600" total="37355520" percent="38" />
      <mem type="loa" free="1966080" total="1966080" percent="100" />
    </mem>
    <pending-finalizers system="76" default="0" reference="420" classloader="0" />
    <remembered-set count="10999" />
  </mem-info>
</gc-end>
<cycle-end id="343" type="scavenge" contextid="337" timestamp="2020-05-10T03:09:03.541" />
<allocation-satisfied id="344" threadId="000000000213AA00" bytesRequested="8200" />
<af-end id="345" timestamp="2020-05-10T03:09:03.542" threadId="000000000213B380" success="true" from="nursery"/>
<exclusive-end id="346" timestamp="2020-05-10T03:09:03.542" durationms="12.691" />

<exclusive-start id="347" timestamp="2020-05-10T03:09:03.582" intervalms="52.660">
  <response-info timems="0.045" idlems="0.045" threads="0" lastid="000000000213AA00" lastname="P=143393:O=0:CT" />
</exclusive-start>
<af-start id="348" threadId="000000000213B380" totalBytesRequested="8200" timestamp="2020-05-10T03:09:03.582" intervalms="52.639" type="nursery" />
<cycle-start id="349" type="scavenge" contextid="0" timestamp="2020-05-10T03:09:03.583" intervalms="52.742" />
<gc-start id="350" type="scavenge" contextid="349" timestamp="2020-05-10T03:09:03.583">
  <mem-info id="351" free="16524008" total="59506688" percent="27">
    <mem type="nursery" free="0" total="20185088" percent="0">
      <mem type="allocate" free="0" total="13238272" percent="0" />
      <mem type="survivor" free="0" total="6946816" percent="0" />
    </mem>
    <mem type="tenure" free="16524008" total="39321600" percent="42">
      <mem type="soa" free="14557928" total="37355520" percent="38" />
      <mem type="loa" free="1966080" total="1966080" percent="100" />
    </mem>
    <remembered-set count="11017" />
  </mem-info>
</gc-start>
<allocation-stats totalBytes="8957744" >
  <allocated-bytes non-tlh="54296" tlh="8903448" />
  <largest-consumer threadName="P=143393:O=0:CT" threadId="000000000213AA00" bytes="8949552" />
</allocation-stats>
<gc-op id="352" type="scavenge" timems="6.648" contextid="349" timestamp="2020-05-10T03:09:03.591">
  <scavenger-info tenureage="3" tenuremask="7ff8" tiltratio="65" />
  <memory-copied type="nursery" objects="44300" bytes="3949576" bytesdiscarded="260920" />
  <memory-copied type="tenure" objects="54804" bytes="2038896" bytesdiscarded="984" />
  <finalization candidates="1153" enqueued="934" />
  <ownableSynchronizers candidates="349" cleared="0" />
  <references type="soft" candidates="332" cleared="0" enqueued="0" dynamicThreshold="17" maxThreshold="32" />
  <references type="weak" candidates="423" cleared="6" enqueued="6" />
</gc-op>
<heap-resize id="353" type="expand" space="nursery" amount="1572864" count="1" timems="0.073" reason="excessive time being spent scavenging" timestamp="2020-05-10T03:09:03.591" />
<gc-end id="354" type="scavenge" contextid="349" durationms="8.275" usertimems="14.342" systemtimems="5.245" timestamp="2020-05-10T03:09:03.592" activeThreads="8">
  <mem-info id="355" free="25017120" total="61079552" percent="40">
    <mem type="nursery" free="10529480" total="21757952" percent="48">
      <mem type="allocate" free="10529480" total="14745600" percent="71" />
      <mem type="survivor" free="0" total="7012352" percent="0" />
    </mem>
    <mem type="tenure" free="14487640" total="39321600" percent="36">
      <mem type="soa" free="12521560" total="37355520" percent="33" />
      <mem type="loa" free="1966080" total="1966080" percent="100" />
    </mem>
    <pending-finalizers system="934" default="0" reference="6" classloader="0" />
    <remembered-set count="4902" />
  </mem-info>
</gc-end>
<cycle-end id="356" type="scavenge" contextid="349" timestamp="2020-05-10T03:09:03.592" />
<allocation-satisfied id="357" threadId="000000000213AA00" bytesRequested="8200" />
<af-end id="358" timestamp="2020-05-10T03:09:03.593" threadId="000000000213B380" success="true" from="nursery"/>
<exclusive-end id="359" timestamp="2020-05-10T03:09:03.593" durationms="11.320" />

<exclusive-start id="360" timestamp="2020-05-10T03:09:03.674" intervalms="92.241">
  <response-info timems="0.047" idlems="0.047" threads="0" lastid="000000000213AA00" lastname="P=143393:O=0:CT" />
</exclusive-start>
<af-start id="361" threadId="000000000213B380" totalBytesRequested="72" timestamp="2020-05-10T03:09:03.675" intervalms="92.356" type="nursery" />
<cycle-start id="362" type="scavenge" contextid="0" timestamp="2020-05-10T03:09:03.675" intervalms="92.352" />
<gc-start id="363" type="scavenge" contextid="362" timestamp="2020-05-10T03:09:03.676">
  <mem-info id="364" free="14384544" total="61079552" percent="23">
    <mem type="nursery" free="0" total="21757952" percent="0">
      <mem type="allocate" free="0" total="14745600" percent="0" />
      <mem type="survivor" free="0" total="7012352" percent="0" />
    </mem>
    <mem type="tenure" free="14384544" total="39321600" percent="36">
      <mem type="soa" free="12418464" total="37355520" percent="33" />
      <mem type="loa" free="1966080" total="1966080" percent="100" />
    </mem>
    <remembered-set count="5409" />
  </mem-info>
</gc-start>
<allocation-stats totalBytes="10624520" >
  <allocated-bytes non-tlh="173424" tlh="10451096" />
  <largest-consumer threadName="P=143393:O=0:CT" threadId="000000000213AA00" bytes="10624520" />
</allocation-stats>
<gc-op id="365" type="scavenge" timems="4.988" contextid="362" timestamp="2020-05-10T03:09:03.682">
  <scavenger-info tenureage="3" tenuremask="7ff8" tiltratio="67" />
  <memory-copied type="nursery" objects="35846" bytes="3900976" bytesdiscarded="152920" />
  <memory-copied type="tenure" objects="20897" bytes="813312" bytesdiscarded="440" />
  <finalization candidates="1092" enqueued="999" />
  <ownableSynchronizers candidates="272" cleared="0" />
  <references type="soft" candidates="221" cleared="0" enqueued="0" dynamicThreshold="17" maxThreshold="32" />
  <references type="weak" candidates="137" cleared="48" enqueued="48" />
</gc-op>
<gc-end id="366" type="scavenge" contextid="362" durationms="6.220" usertimems="13.017" systemtimems="3.049" timestamp="2020-05-10T03:09:03.682" activeThreads="8">
  <mem-info id="367" free="25208304" total="61079552" percent="41">
    <mem type="nursery" free="11603800" total="21757952" percent="53">
      <mem type="allocate" free="11603800" total="15663104" percent="74" />
      <mem type="survivor" free="0" total="6094848" percent="0" />
    </mem>
    <mem type="tenure" free="13604504" total="39321600" percent="34">
      <mem type="soa" free="11638424" total="37355520" percent="31" />
      <mem type="loa" free="1966080" total="1966080" percent="100" />
    </mem>
    <pending-finalizers system="998" default="1" reference="48" classloader="0" />
    <remembered-set count="1680" />
  </mem-info>
</gc-end>
<cycle-end id="368" type="scavenge" contextid="362" timestamp="2020-05-10T03:09:03.682" />
<allocation-satisfied id="369" threadId="000000000213AA00" bytesRequested="72" />
<af-end id="370" timestamp="2020-05-10T03:09:03.683" threadId="000000000213B380" success="true" from="nursery"/>
<exclusive-end id="371" timestamp="2020-05-10T03:09:03.684" durationms="9.500" />

<exclusive-start id="372" timestamp="2020-05-10T03:09:03.728" intervalms="54.093">
  <response-info timems="0.045" idlems="0.045" threads="0" lastid="000000000213AA00" lastname="P=143393:O=0:CT" />
</exclusive-start>
<af-start id="373" threadId="000000000213B380" totalBytesRequested="32" timestamp="2020-05-10T03:09:03.729" intervalms="53.982" type="nursery" />
<cycle-start id="374" type="scavenge" contextid="0" timestamp="2020-05-10T03:09:03.729" intervalms="53.924" />
<gc-start id="375" type="scavenge" contextid="374" timestamp="2020-05-10T03:09:03.730">
  <mem-info id="376" free="13601688" total="61079552" percent="22">
    <mem type="nursery" free="0" total="21757952" percent="0">
      <mem type="allocate" free="0" total="15663104" percent="0" />
      <mem type="survivor" free="0" total="6094848" percent="0" />
    </mem>
    <mem type="tenure" free="13601688" total="39321600" percent="34">
      <mem type="soa" free="11635608" total="37355520" percent="31" />
      <mem type="loa" free="1966080" total="1966080" percent="100" />
    </mem>
    <remembered-set count="1719" />
  </mem-info>
</gc-start>
<allocation-stats totalBytes="11603744" >
  <allocated-bytes non-tlh="2888" tlh="11600856" />
  <largest-consumer threadName="P=143393:O=0:CT" threadId="000000000213AA00" bytes="11599648" />
</allocation-stats>
<gc-op id="377" type="scavenge" timems="4.747" contextid="374" timestamp="2020-05-10T03:09:03.735">
  <scavenger-info tenureage="3" tenuremask="7ff8" tiltratio="71" />
  <memory-copied type="nursery" objects="4989" bytes="232944" bytesdiscarded="162384" />
  <memory-copied type="tenure" objects="12688" bytes="586616" bytesdiscarded="1304" />
  <finalization candidates="22" enqueued="6" />
  <ownableSynchronizers candidates="110" cleared="0" />
  <references type="soft" candidates="8" cleared="0" enqueued="0" dynamicThreshold="17" maxThreshold="32" />
  <references type="weak" candidates="8" cleared="7" enqueued="7" />
</gc-op>
<heap-resize id="378" type="expand" space="nursery" amount="1441792" count="1" timems="0.058" reason="excessive time being spent scavenging" timestamp="2020-05-10T03:09:03.736" />
<gc-end id="379" type="scavenge" contextid="374" durationms="6.300" usertimems="5.005" systemtimems="4.170" timestamp="2020-05-10T03:09:03.736" activeThreads="8">
  <mem-info id="380" free="29714776" total="62521344" percent="47">
    <mem type="nursery" free="16643768" total="23199744" percent="71">
      <mem type="allocate" free="16643768" total="17039360" percent="97" />
      <mem type="survivor" free="0" total="6160384" percent="0" />
    </mem>
    <mem type="tenure" free="13071008" total="39321600" percent="33">
      <mem type="soa" free="11104928" total="37355520" percent="29" />
      <mem type="loa" free="1966080" total="1966080" percent="100" />
    </mem>
    <pending-finalizers system="4" default="2" reference="7" classloader="0" />
    <remembered-set count="736" />
  </mem-info>
</gc-end>
<cycle-end id="381" type="scavenge" contextid="374" timestamp="2020-05-10T03:09:03.736" />
<allocation-satisfied id="382" threadId="000000000213AA00" bytesRequested="32" />
<af-end id="383" timestamp="2020-05-10T03:09:03.737" threadId="000000000213B380" success="true" from="nursery"/>
<exclusive-end id="384" timestamp="2020-05-10T03:09:03.737" durationms="9.234" />

<exclusive-start id="385" timestamp="2020-05-10T03:09:03.791" intervalms="63.236">
  <response-info timems="0.043" idlems="0.043" threads="0" lastid="000000000213AA00" lastname="P=143393:O=0:CT" />
</exclusive-start>
<af-start id="386" threadId="000000000213B380" totalBytesRequested="72" timestamp="2020-05-10T03:09:03.792" intervalms="63.256" type="nursery" />
<cycle-start id="387" type="scavenge" contextid="0" timestamp="2020-05-10T03:09:03.792" intervalms="63.299" />
<gc-start id="388" type="scavenge" contextid="387" timestamp="2020-05-10T03:09:03.793">
  <mem-info id="389" free="13070848" total="62521344" percent="20">
    <mem type="nursery" free="0" total="23199744" percent="0">
      <mem type="allocate" free="0" total="17039360" percent="0" />
      <mem type="survivor" free="0" total="6160384" percent="0" />
    </mem>
    <mem type="tenure" free="13070848" total="39321600" percent="33">
      <mem type="soa" free="11104768" total="37355520" percent="29" />
      <mem type="loa" free="1966080" total="1966080" percent="100" />
    </mem>
    <remembered-set count="738" />
  </mem-info>
</gc-start>
<allocation-stats totalBytes="16640152" >
  <allocated-bytes non-tlh="192" tlh="16639960" />
  <largest-consumer threadName="P=143393:O=0:CT" threadId="000000000213AA00" bytes="16640152" />
</allocation-stats>
<gc-op id="390" type="scavenge" timems="3.286" contextid="387" timestamp="2020-05-10T03:09:03.797">
  <scavenger-info tenureage="4" tenuremask="7ff0" tiltratio="73" />
  <memory-copied type="nursery" objects="4977" bytes="232616" bytesdiscarded="69552" />
  <finalization candidates="6" enqueued="5" />
  <references type="soft" candidates="8" cleared="0" enqueued="0" dynamicThreshold="17" maxThreshold="32" />
  <references type="weak" candidates="3" cleared="2" enqueued="2" />
</gc-op>
<gc-end id="391" type="scavenge" contextid="387" durationms="4.486" usertimems="4.823" systemtimems="0.989" timestamp="2020-05-10T03:09:03.797" activeThreads="8">
  <mem-info id="392" free="31315112" total="62521344" percent="50">
    <mem type="nursery" free="18244264" total="23199744" percent="78">
      <mem type="allocate" free="18244264" total="18546688" percent="98" />
      <mem type="survivor" free="0" total="4653056" percent="0" />
    </mem>
    <mem type="tenure" free="13070848" total="39321600" percent="33">
      <mem type="soa" free="11104768" total="37355520" percent="29" />
      <mem type="loa" free="1966080" total="1966080" percent="100" />
    </mem>
    <pending-finalizers system="2" default="3" reference="2" classloader="0" />
    <remembered-set count="330" />
  </mem-info>
</gc-end>
<cycle-end id="393" type="scavenge" contextid="387" timestamp="2020-05-10T03:09:03.798" />
<allocation-satisfied id="394" threadId="000000000213AA00" bytesRequested="72" />
<af-end id="395" timestamp="2020-05-10T03:09:03.799" threadId="000000000213B380" success="true" from="nursery"/>
<exclusive-end id="396" timestamp="2020-05-10T03:09:03.799" durationms="7.762" />

<exclusive-start id="397" timestamp="2020-05-10T03:09:03.867" intervalms="75.636">
  <response-info timems="0.046" idlems="0.046" threads="0" lastid="000000000213AA00" lastname="P=143393:O=0:CT" />
</exclusive-start>
<af-start id="398" threadId="000000000213B380" totalBytesRequested="72" timestamp="2020-05-10T03:09:03.868" intervalms="75.596" type="nursery" />
<cycle-start id="399" type="scavenge" contextid="0" timestamp="2020-05-10T03:09:03.868" intervalms="75.635" />
<gc-start id="400" type="scavenge" contextid="399" timestamp="2020-05-10T03:09:03.869">
  <mem-info id="401" free="13055656" total="62521344" percent="20">
    <mem type="nursery" free="0" total="23199744" percent="0">
      <mem type="allocate" free="0" total="18546688" percent="0" />
      <mem type="survivor" free="0" total="4653056" percent="0" />
    </mem>
    <mem type="tenure" free="13055656" total="39321600" percent="33">
      <mem type="soa" free="11089576" total="37355520" percent="29" />
      <mem type="loa" free="1966080" total="1966080" percent="100" />
    </mem>
    <remembered-set count="533" />
  </mem-info>
</gc-start>
<allocation-stats totalBytes="18254344" >
  <allocated-bytes non-tlh="15264" tlh="18239080" />
  <largest-consumer threadName="P=143393:O=0:CT" threadId="000000000213AA00" bytes="18254344" />
</allocation-stats>
<gc-op id="402" type="scavenge" timems="3.784" contextid="399" timestamp="2020-05-10T03:09:03.873">
  <scavenger-info tenureage="5" tenuremask="7fe0" tiltratio="79" />
  <memory-copied type="nursery" objects="5523" bytes="281424" bytesdiscarded="33048" />
  <finalization candidates="11" enqueued="5" />
  <references type="soft" candidates="13" cleared="0" enqueued="0" dynamicThreshold="17" maxThreshold="32" />
  <references type="weak" candidates="15" cleared="13" enqueued="13" />
</gc-op>
<heap-resize id="403" type="expand" space="nursery" amount="917504" count="1" timems="0.059" reason="excessive time being spent scavenging" timestamp="2020-05-10T03:09:03.874" />
<gc-end id="404" type="scavenge" contextid="399" durationms="5.416" usertimems="5.178" systemtimems="1.770" timestamp="2020-05-10T03:09:03.874" activeThreads="8">
  <mem-info id="405" free="32860432" total="63438848" percent="51">
    <mem type="nursery" free="19804776" total="24117248" percent="82">
      <mem type="allocate" free="19804776" total="20119552" percent="98" />
      <mem type="survivor" free="0" total="3997696" percent="0" />
    </mem>
    <mem type="tenure" free="13055656" total="39321600" percent="33">
      <mem type="soa" free="11089576" total="37355520" percent="29" />
      <mem type="loa" free="1966080" total="1966080" percent="100" />
    </mem>
    <pending-finalizers system="3" default="2" reference="13" classloader="0" />
    <remembered-set count="502" />
  </mem-info>
</gc-end>
<cycle-end id="406" type="scavenge" contextid="399" timestamp="2020-05-10T03:09:03.875" />
<allocation-satisfied id="407" threadId="000000000213AA00" bytesRequested="72" />
<af-end id="408" timestamp="2020-05-10T03:09:03.875" threadId="000000000213B380" success="true" from="nursery"/>
<exclusive-end id="409" timestamp="2020-05-10T03:09:03.876" durationms="8.528" />

<exclusive-start id="410" timestamp="2020-05-10T03:09:03.939" intervalms="72.007">
  <response-info timems="0.044" idlems="0.044" threads="0" lastid="000000000213AA00" lastname="P=143393:O=0:CT" />
</exclusive-start>
<af-start id="411" threadId="000000000213B380" totalBytesRequested="72" timestamp="2020-05-10T03:09:03.940" intervalms="72.103" type="nursery" />
<cycle-start id="412" type="scavenge" contextid="0" timestamp="2020-05-10T03:09:03.940" intervalms="71.947" />
<gc-start id="413" type="scavenge" contextid="412" timestamp="2020-05-10T03:09:03.941">
  <mem-info id="414" free="13055656" total="63438848" percent="20">
    <mem type="nursery" free="0" total="24117248" percent="0">
      <mem type="allocate" free="0" total="20119552" percent="0" />
      <mem type="survivor" free="0" total="3997696" percent="0" />
    </mem>
    <mem type="tenure" free="13055656" total="39321600" percent="33">
      <mem type="soa" free="11089576" total="37355520" percent="29" />
      <mem type="loa" free="1966080" total="1966080" percent="100" />
    </mem>
    <remembered-set count="503" />
  </mem-info>
</gc-start>
<allocation-stats totalBytes="19800272" >
  <allocated-bytes non-tlh="72" tlh="19800200" />
  <largest-consumer threadName="P=143393:O=0:CT" threadId="000000000213AA00" bytes="19800272" />
</allocation-stats>
<gc-op id="415" type="scavenge" timems="3.191" contextid="412" timestamp="2020-05-10T03:09:03.944">
  <scavenger-info tenureage="6" tenuremask="7fc0" tiltratio="83" />
  <memory-copied type="nursery" objects="5463" bytes="290504" bytesdiscarded="88040" />
  <finalization candidates="13" enqueued="11" />
  <references type="soft" candidates="13" cleared="0" enqueued="0" dynamicThreshold="17" maxThreshold="32" />
  <references type="weak" candidates="3" cleared="1" enqueued="1" />
</gc-op>
<gc-end id="416" type="scavenge" contextid="412" durationms="4.397" usertimems="5.925" systemtimems="1.170" timestamp="2020-05-10T03:09:03.945" activeThreads="8">
  <mem-info id="417" free="33713880" total="63438848" percent="53">
    <mem type="nursery" free="20658224" total="24117248" percent="85">
      <mem type="allocate" free="20658224" total="21037056" percent="98" />
      <mem type="survivor" free="0" total="3080192" percent="0" />
    </mem>
    <mem type="tenure" free="13055656" total="39321600" percent="33">
      <mem type="soa" free="11089576" total="37355520" percent="29" />
      <mem type="loa" free="1966080" total="1966080" percent="100" />
    </mem>
    <pending-finalizers system="6" default="5" reference="1" classloader="0" />
    <remembered-set count="497" />
  </mem-info>
</gc-end>
<cycle-end id="418" type="scavenge" contextid="412" timestamp="2020-05-10T03:09:03.945" />
<allocation-satisfied id="419" threadId="000000000213AA00" bytesRequested="72" />
<af-end id="420" timestamp="2020-05-10T03:09:03.946" threadId="000000000213B380" success="true" from="nursery"/>
<exclusive-end id="421" timestamp="2020-05-10T03:09:03.946" durationms="7.073" />

<exclusive-start id="422" timestamp="2020-05-10T03:09:04.020" intervalms="81.220">
  <response-info timems="0.046" idlems="0.046" threads="0" lastid="000000000213AA00" lastname="P=143393:O=0:CT" />
</exclusive-start>
<af-start id="423" threadId="000000000213B380" totalBytesRequested="32" timestamp="2020-05-10T03:09:04.021" intervalms="81.248" type="nursery" />
<cycle-start id="424" type="scavenge" contextid="0" timestamp="2020-05-10T03:09:04.022" intervalms="82.029" />
<gc-start id="425" type="scavenge" contextid="424" timestamp="2020-05-10T03:09:04.023">
  <mem-info id="426" free="13040072" total="63438848" percent="20">
    <mem type="nursery" free="0" total="24117248" percent="0">
      <mem type="allocate" free="0" total="21037056" percent="0" />
      <mem type="survivor" free="0" total="3080192" percent="0" />
    </mem>
    <mem type="tenure" free="13040072" total="39321600" percent="33">
      <mem type="soa" free="11073992" total="37355520" percent="29" />
      <mem type="loa" free="1966080" total="1966080" percent="100" />
    </mem>
    <remembered-set count="682" />
  </mem-info>
</gc-start>
<allocation-stats totalBytes="20668928" >
  <allocated-bytes non-tlh="15656" tlh="20653272" />
  <largest-consumer threadName="P=143393:O=0:CT" threadId="000000000213AA00" bytes="20668928" />
</allocation-stats>
<gc-op id="427" type="scavenge" timems="2.531" contextid="424" timestamp="2020-05-10T03:09:04.026">
  <scavenger-info tenureage="5" tenuremask="7fa0" tiltratio="87" />
  <memory-copied type="nursery" objects="1082" bytes="53952" bytesdiscarded="95704" />
  <memory-copied type="tenure" objects="4759" bytes="218752" bytesdiscarded="216" />
  <finalization candidates="5" enqueued="4" />
  <references type="soft" candidates="10" cleared="0" enqueued="0" dynamicThreshold="17" maxThreshold="32" />
  <references type="weak" candidates="12" cleared="9" enqueued="9" />
</gc-op>
<gc-end id="428" type="scavenge" contextid="424" durationms="3.791" usertimems="0.232" systemtimems="5.218" timestamp="2020-05-10T03:09:04.026" activeThreads="8">
  <mem-info id="429" free="34229592" total="63438848" percent="53">
    <mem type="nursery" free="21411584" total="24117248" percent="88">
      <mem type="allocate" free="21411584" total="21561344" percent="99" />
      <mem type="survivor" free="0" total="2555904" percent="0" />
    </mem>
    <mem type="tenure" free="12818008" total="39321600" percent="32">
      <mem type="soa" free="10851928" total="37355520" percent="29" />
      <mem type="loa" free="1966080" total="1966080" percent="100" />
    </mem>
    <pending-finalizers system="1" default="3" reference="9" classloader="0" />
    <remembered-set count="457" />
  </mem-info>
</gc-end>
<cycle-end id="430" type="scavenge" contextid="424" timestamp="2020-05-10T03:09:04.027" />
<allocation-satisfied id="431" threadId="000000000213AA00" bytesRequested="32" />
<af-end id="432" timestamp="2020-05-10T03:09:04.027" threadId="000000000213B380" success="true" from="nursery"/>
<exclusive-end id="433" timestamp="2020-05-10T03:09:04.028" durationms="7.459" />

<exclusive-start id="434" timestamp="2020-05-10T03:09:04.489" intervalms="468.487">
  <response-info timems="0.046" idlems="0.046" threads="0" lastid="000000000213AA00" lastname="P=143393:O=0:CT" />
</exclusive-start>
<af-start id="435" threadId="000000000213B380" totalBytesRequested="262152" timestamp="2020-05-10T03:09:04.489" intervalms="468.404" type="nursery" />
<cycle-start id="436" type="scavenge" contextid="0" timestamp="2020-05-10T03:09:04.490" intervalms="467.704" />
<gc-start id="437" type="scavenge" contextid="436" timestamp="2020-05-10T03:09:04.490">
  <mem-info id="438" free="12534776" total="63438848" percent="19">
    <mem type="nursery" free="218864" total="24117248" percent="0">
      <mem type="allocate" free="218864" total="21561344" percent="1" />
      <mem type="survivor" free="0" total="2555904" percent="0" />
    </mem>
    <mem type="tenure" free="12315912" total="39321600" percent="31">
      <mem type="soa" free="10349832" total="37355520" percent="27" />
      <mem type="loa" free="1966080" total="1966080" percent="100" />
    </mem>
    <remembered-set count="8697" />
  </mem-info>
</gc-start>
<allocation-stats totalBytes="21672080" >
  <allocated-bytes non-tlh="626680" tlh="21045400" />
  <largest-consumer threadName="P=143393:O=0:CT" threadId="000000000213AA00" bytes="20980776" />
</allocation-stats>
<gc-op id="439" type="scavenge" timems="4.079" contextid="436" timestamp="2020-05-10T03:09:04.495">
  <scavenger-info tenureage="3" tenuremask="7f08" tiltratio="89" />
  <memory-copied type="nursery" objects="34924" bytes="1724984" bytesdiscarded="170184" />
  <memory-copied type="tenure" objects="419" bytes="23472" bytesdiscarded="8" />
  <finalization candidates="317" enqueued="77" />
  <ownableSynchronizers candidates="37" cleared="0" />
  <references type="soft" candidates="185" cleared="0" enqueued="0" dynamicThreshold="17" maxThreshold="32" />
  <references type="weak" candidates="997" cleared="429" enqueued="423" />
  <references type="phantom" candidates="3" cleared="0" enqueued="0" />
</gc-op>
<gc-end id="440" type="scavenge" contextid="436" durationms="5.489" usertimems="9.374" systemtimems="0.727" timestamp="2020-05-10T03:09:04.496" activeThreads="8">
  <mem-info id="441" free="30796832" total="63438848" percent="48">
    <mem type="nursery" free="18612248" total="24117248" percent="77">
      <mem type="allocate" free="18612248" total="20512768" percent="90" />
      <mem type="survivor" free="0" total="3604480" percent="0" />
    </mem>
    <mem type="tenure" free="12184584" total="39321600" percent="30">
      <mem type="soa" free="10218504" total="37355520" percent="27" />
      <mem type="loa" free="1966080" total="1966080" percent="100" />
    </mem>
    <pending-finalizers system="76" default="1" reference="423" classloader="0" />
    <remembered-set count="7159" />
  </mem-info>
</gc-end>
<cycle-end id="442" type="scavenge" contextid="436" timestamp="2020-05-10T03:09:04.496" />
<allocation-satisfied id="443" threadId="000000000213AA00" bytesRequested="262152" />
<af-end id="444" timestamp="2020-05-10T03:09:04.497" threadId="000000000213B380" success="true" from="nursery"/>
<exclusive-end id="445" timestamp="2020-05-10T03:09:04.497" durationms="8.459" />

<exclusive-start id="446" timestamp="2020-05-10T03:09:04.828" intervalms="339.003">
  <response-info timems="0.125" idlems="0.125" threads="0" lastid="000000000213AA00" lastname="P=143393:O=0:CT" />
</exclusive-start>
<sys-start reason="explicit" id="447" timestamp="2020-05-10T03:09:04.828" intervalms="2107.115" />
<cycle-start id="448" type="global" contextid="0" timestamp="2020-05-10T03:09:04.828" intervalms="2107.127" />
<gc-start id="449" type="global" contextid="448" timestamp="2020-05-10T03:09:04.829">
  <mem-info id="450" free="18112632" total="63438848" percent="28">
    <mem type="nursery" free="6112296" total="24117248" percent="25">
      <mem type="allocate" free="6112296" total="20512768" percent="29" />
      <mem type="survivor" free="0" total="3604480" percent="0" />
    </mem>
    <mem type="tenure" free="12000336" total="39321600" percent="30">
      <mem type="soa" free="10034256" total="37355520" percent="26" />
      <mem type="loa" free="1966080" total="1966080" percent="100" />
    </mem>
    <remembered-set count="9593" />
  </mem-info>
</gc-start>
<allocation-stats totalBytes="12679840" >
  <allocated-bytes non-tlh="560040" tlh="12119800" />
  <largest-consumer threadName="P=143393:O=0:CT" threadId="000000000213AA00" bytes="12375040" />
</allocation-stats>
<gc-op id="451" type="mark" timems="12.507" contextid="448" timestamp="2020-05-10T03:09:04.842">
  <trace-info objectcount="676852" scancount="557532" scanbytes="17139684" />
  <finalization candidates="1017" enqueued="351" />
  <ownableSynchronizers candidates="789" cleared="3" />
  <references type="soft" candidates="8897" cleared="0" enqueued="0" dynamicThreshold="17" maxThreshold="32" />
  <references type="weak" candidates="3344" cleared="629" enqueued="617" />
  <references type="phantom" candidates="9" cleared="0" enqueued="0" />
  <stringconstants candidates="44499" cleared="173"  />
</gc-op>
<gc-op id="452" type="classunload" timems="0.021" contextid="448" timestamp="2020-05-10T03:09:04.843">
  <classunload-info classloadercandidates="285" classloadersunloaded="0" classesunloaded="0" anonymousclassesunloaded="0" quiescems="0.000" setupms="0.012" scanms="0.005" postms="0.004" />
</gc-op>
<gc-op id="453" type="sweep" timems="1.637" contextid="448" timestamp="2020-05-10T03:09:04.845" />
<mem-info id="454" free="27244792" total="63438848" percent="42">
  <mem type="nursery" free="14754800" total="24117248" percent="61">
    <mem type="allocate" free="14754800" total="20512768" percent="71" />
    <mem type="survivor" free="0" total="3604480" percent="0" />
  </mem>
  <mem type="tenure" free="12489992" total="39321600" percent="31" micro-fragmented="762728" macro-fragmented="0">
    <mem type="soa" free="10523912" total="37355520" percent="28" />
    <mem type="loa" free="1966080" total="1966080" percent="100" />
  </mem>
  <pending-finalizers system="351" default="0" reference="617" classloader="0" />
  <remembered-set count="9205" />
</mem-info>
<gc-op id="455" type="compact" timems="68.253" contextid="448" timestamp="2020-05-10T03:09:04.914">
  <compact-info movecount="670684" movebytes="29433584" reason="compact on aggressive collection" />
</gc-op>
<gc-end id="456" type="global" contextid="448" durationms="85.404" usertimems="290.378" systemtimems="6.376" timestamp="2020-05-10T03:09:04.914" activeThreads="8">
  <mem-info id="457" free="30175640" total="63438848" percent="47">
    <mem type="nursery" free="16952120" total="24117248" percent="70">
      <mem type="allocate" free="16952120" total="20512768" percent="82" />
      <mem type="survivor" free="0" total="3604480" percent="0" />
    </mem>
    <mem type="tenure" free="13223520" total="39321600" percent="33">
      <mem type="soa" free="11257440" total="37355520" percent="30" />
      <mem type="loa" free="1966080" total="1966080" percent="100" />
    </mem>
    <pending-finalizers system="351" default="0" reference="617" classloader="0" />
    <remembered-set count="9205" />
  </mem-info>
</gc-end>
<cycle-end id="458" type="global" contextid="448" timestamp="2020-05-10T03:09:04.915" />
<sys-end id="459" timestamp="2020-05-10T03:09:04.915" />
<exclusive-end id="460" timestamp="2020-05-10T03:09:04.916" durationms="87.944" />

<exclusive-start id="461" timestamp="2020-05-10T03:09:05.125" intervalms="297.069">
  <response-info timems="0.048" idlems="0.048" threads="0" lastid="000000000213AA00" lastname="P=143393:O=0:CT" />
</exclusive-start>
<af-start id="462" threadId="000000000213B380" totalBytesRequested="72" timestamp="2020-05-10T03:09:05.125" intervalms="636.063" type="nursery" />
<cycle-start id="463" type="scavenge" contextid="0" timestamp="2020-05-10T03:09:05.126" intervalms="636.064" />
<gc-start id="464" type="scavenge" contextid="463" timestamp="2020-05-10T03:09:05.127">
  <mem-info id="465" free="13181384" total="63438848" percent="20">
    <mem type="nursery" free="0" total="24117248" percent="0">
      <mem type="allocate" free="0" total="20512768" percent="0" />
      <mem type="survivor" free="0" total="3604480" percent="0" />
    </mem>
    <mem type="tenure" free="13181384" total="39321600" percent="33">
      <mem type="soa" free="11215304" total="37355520" percent="30" />
      <mem type="loa" free="1966080" total="1966080" percent="100" />
    </mem>
    <remembered-set count="9772" />
  </mem-info>
</gc-start>
<allocation-stats totalBytes="16980352" >
  <allocated-bytes non-tlh="48144" tlh="16932208" />
  <largest-consumer threadName="P=143393:O=0:CT" threadId="000000000213AA00" bytes="16944888" />
</allocation-stats>
<gc-op id="466" type="scavenge" timems="7.105" contextid="463" timestamp="2020-05-10T03:09:05.134">
  <scavenger-info tenureage="9" tenuremask="7e00" tiltratio="85" />
  <memory-copied type="nursery" objects="87191" bytes="3594816" bytesdiscarded="2520" />
  <memory-copied type="tenure" objects="9701" bytes="2490752" bytesdiscarded="10352" />
  <copy-failed type="nursery" objects="9701" bytes="2491816" />
  <finalization candidates="1214" enqueued="967" />
  <ownableSynchronizers candidates="1573" cleared="1509" />
  <references type="soft" candidates="296" cleared="0" enqueued="0" dynamicThreshold="10" maxThreshold="32" />
  <references type="weak" candidates="644" cleared="71" enqueued="67" />
  <references type="phantom" candidates="3" cleared="0" enqueued="0" />
</gc-op>
<gc-end id="467" type="scavenge" contextid="463" durationms="8.372" usertimems="18.296" systemtimems="5.643" timestamp="2020-05-10T03:09:05.135" activeThreads="8">
  <mem-info id="468" free="19381840" total="63438848" percent="30">
    <mem type="nursery" free="8781824" total="24117248" percent="36">
      <mem type="allocate" free="8781824" total="12386304" percent="70" />
      <mem type="survivor" free="0" total="11730944" percent="0" />
    </mem>
    <mem type="tenure" free="10600016" total="39321600" percent="26">
      <mem type="soa" free="8633936" total="37355520" percent="23" />
      <mem type="loa" free="1966080" total="1966080" percent="100" />
    </mem>
    <pending-finalizers system="965" default="2" reference="67" classloader="0" />
    <remembered-set count="9813" />
  </mem-info>
</gc-end>
<cycle-end id="469" type="scavenge" contextid="463" timestamp="2020-05-10T03:09:05.136" />
<allocation-satisfied id="470" threadId="000000000213AA00" bytesRequested="72" />
<af-end id="471" timestamp="2020-05-10T03:09:05.136" threadId="000000000213B380" success="true" from="nursery"/>
<exclusive-end id="472" timestamp="2020-05-10T03:09:05.137" durationms="11.889" />

<exclusive-start id="473" timestamp="2020-05-10T03:09:05.185" intervalms="59.970">
  <response-info timems="0.046" idlems="0.046" threads="0" lastid="000000000213AA00" lastname="P=143393:O=0:CT" />
</exclusive-start>
<af-start id="474" threadId="000000000213B380" totalBytesRequested="72" timestamp="2020-05-10T03:09:05.185" intervalms="60.004" type="nursery" />
<cycle-start id="475" type="scavenge" contextid="0" timestamp="2020-05-10T03:09:05.186" intervalms="60.131" />
<gc-start id="476" type="scavenge" contextid="475" timestamp="2020-05-10T03:09:05.187">
  <mem-info id="477" free="10600016" total="63438848" percent="16">
    <mem type="nursery" free="0" total="24117248" percent="0">
      <mem type="allocate" free="0" total="12386304" percent="0" />
      <mem type="survivor" free="0" total="11730944" percent="0" />
    </mem>
    <mem type="tenure" free="10600016" total="39321600" percent="26">
      <mem type="soa" free="8633936" total="37355520" percent="23" />
      <mem type="loa" free="1966080" total="1966080" percent="100" />
    </mem>
    <remembered-set count="9814" />
  </mem-info>
</gc-start>
<allocation-stats totalBytes="8779520" >
  <allocated-bytes non-tlh="72" tlh="8779448" />
  <largest-consumer threadName="P=143393:O=0:CT" threadId="000000000213AA00" bytes="8771328" />
</allocation-stats>
<gc-op id="478" type="scavenge" timems="4.022" contextid="475" timestamp="2020-05-10T03:09:05.191">
  <scavenger-info tenureage="3" tenuremask="7e88" tiltratio="51" />
  <memory-copied type="nursery" objects="85630" bytes="3482448" bytesdiscarded="188184" />
  <memory-copied type="tenure" objects="522" bytes="22864" bytesdiscarded="496" />
  <finalization candidates="247" enqueued="0" />
  <ownableSynchronizers candidates="64" cleared="0" />
  <references type="soft" candidates="292" cleared="0" enqueued="0" dynamicThreshold="10" maxThreshold="32" />
  <references type="weak" candidates="571" cleared="0" enqueued="0" />
  <references type="phantom" candidates="3" cleared="0" enqueued="0" />
</gc-op>
<heap-resize id="479" type="expand" space="nursery" amount="1179648" count="1" timems="0.066" reason="excessive time being spent scavenging" timestamp="2020-05-10T03:09:05.192" />
<gc-end id="480" type="scavenge" contextid="475" durationms="5.721" usertimems="14.078" systemtimems="2.288" timestamp="2020-05-10T03:09:05.192" activeThreads="8">
  <mem-info id="481" free="20790616" total="64618496" percent="32">
    <mem type="nursery" free="10349856" total="25296896" percent="40">
      <mem type="allocate" free="10349856" total="14024704" percent="73" />
      <mem type="survivor" free="0" total="11272192" percent="0" />
    </mem>
    <mem type="tenure" free="10440760" total="39321600" percent="26">
      <mem type="soa" free="8474680" total="37355520" percent="22" />
      <mem type="loa" free="1966080" total="1966080" percent="100" />
    </mem>
    <remembered-set count="5184" />
  </mem-info>
</gc-end>
<cycle-end id="482" type="scavenge" contextid="475" timestamp="2020-05-10T03:09:05.193" />
<allocation-satisfied id="483" threadId="000000000213AA00" bytesRequested="72" />
<af-end id="484" timestamp="2020-05-10T03:09:05.194" threadId="000000000213B380" success="true" from="nursery"/>
<exclusive-end id="485" timestamp="2020-05-10T03:09:05.194" durationms="9.604" />

<exclusive-start id="486" timestamp="2020-05-10T03:09:05.244" intervalms="59.418">
  <response-info timems="0.047" idlems="0.047" threads="0" lastid="000000000213AA00" lastname="P=143393:O=0:CT" />
</exclusive-start>
<af-start id="487" threadId="000000000213B380" totalBytesRequested="72" timestamp="2020-05-10T03:09:05.245" intervalms="59.413" type="nursery" />
<cycle-start id="488" type="scavenge" contextid="0" timestamp="2020-05-10T03:09:05.245" intervalms="59.312" />
<gc-start id="489" type="scavenge" contextid="488" timestamp="2020-05-10T03:09:05.246">
  <mem-info id="490" free="10440760" total="64618496" percent="16">
    <mem type="nursery" free="0" total="25296896" percent="0">
      <mem type="allocate" free="0" total="14024704" percent="0" />
      <mem type="survivor" free="0" total="11272192" percent="0" />
    </mem>
    <mem type="tenure" free="10440760" total="39321600" percent="26">
      <mem type="soa" free="8474680" total="37355520" percent="22" />
      <mem type="loa" free="1966080" total="1966080" percent="100" />
    </mem>
    <remembered-set count="5186" />
  </mem-info>
</gc-start>
<allocation-stats totalBytes="10347248" >
  <allocated-bytes non-tlh="72" tlh="10347176" />
  <largest-consumer threadName="P=143393:O=0:CT" threadId="000000000213AA00" bytes="10339056" />
</allocation-stats>
<gc-op id="491" type="scavenge" timems="3.173" contextid="488" timestamp="2020-05-10T03:09:05.250">
  <scavenger-info tenureage="3" tenuremask="fee8" tiltratio="55" />
  <memory-copied type="nursery" objects="56264" bytes="2091752" bytesdiscarded="226528" />
  <memory-copied type="tenure" objects="29368" bytes="1390760" bytesdiscarded="440" />
  <finalization candidates="247" enqueued="0" />
  <ownableSynchronizers candidates="64" cleared="0" />
  <references type="soft" candidates="113" cleared="0" enqueued="0" dynamicThreshold="10" maxThreshold="32" />
  <references type="weak" candidates="172" cleared="0" enqueued="0" />
</gc-op>
<gc-end id="492" type="scavenge" contextid="488" durationms="4.620" usertimems="9.715" systemtimems="4.264" timestamp="2020-05-10T03:09:05.250" activeThreads="8">
  <mem-info id="493" free="22535264" total="64618496" percent="34">
    <mem type="nursery" free="13605504" total="25296896" percent="53">
      <mem type="allocate" free="13605504" total="15925248" percent="85" />
      <mem type="survivor" free="0" total="9371648" percent="0" />
    </mem>
    <mem type="tenure" free="8929760" total="39321600" percent="22">
      <mem type="soa" free="6963680" total="37355520" percent="18" />
      <mem type="loa" free="1966080" total="1966080" percent="100" />
    </mem>
    <remembered-set count="1320" />
  </mem-info>
</gc-end>
<cycle-end id="494" type="scavenge" contextid="488" timestamp="2020-05-10T03:09:05.251" />
<allocation-satisfied id="495" threadId="000000000213AA00" bytesRequested="72" />
<af-end id="496" timestamp="2020-05-10T03:09:05.252" threadId="000000000213B380" success="true" from="nursery"/>
<exclusive-end id="497" timestamp="2020-05-10T03:09:05.252" durationms="7.820" />

<exclusive-start id="498" timestamp="2020-05-10T03:09:05.306" intervalms="61.324">
  <response-info timems="0.050" idlems="0.050" threads="0" lastid="000000000213AA00" lastname="P=143393:O=0:CT" />
</exclusive-start>
<af-start id="499" threadId="000000000213B380" totalBytesRequested="72" timestamp="2020-05-10T03:09:05.306" intervalms="61.353" type="nursery" />
<cycle-start id="500" type="scavenge" contextid="0" timestamp="2020-05-10T03:09:05.307" intervalms="61.448" />
<gc-start id="501" type="scavenge" contextid="500" timestamp="2020-05-10T03:09:05.307">
  <mem-info id="502" free="8929760" total="64618496" percent="13">
    <mem type="nursery" free="0" total="25296896" percent="0">
      <mem type="allocate" free="0" total="15925248" percent="0" />
      <mem type="survivor" free="0" total="9371648" percent="0" />
    </mem>
    <mem type="tenure" free="8929760" total="39321600" percent="22">
      <mem type="soa" free="6963680" total="37355520" percent="18" />
      <mem type="loa" free="1966080" total="1966080" percent="100" />
    </mem>
    <remembered-set count="1320" />
  </mem-info>
</gc-start>
<allocation-stats totalBytes="13602048" >
  <allocated-bytes non-tlh="72" tlh="13601976" />
  <largest-consumer threadName="P=143393:O=0:CT" threadId="000000000213AA00" bytes="13602048" />
</allocation-stats>
<gc-op id="503" type="scavenge" timems="3.108" contextid="500" timestamp="2020-05-10T03:09:05.311">
  <scavenger-info tenureage="3" tenuremask="fea8" tiltratio="62" />
  <memory-copied type="nursery" objects="12" bytes="1864" bytesdiscarded="209336" />
  <memory-copied type="tenure" objects="56252" bytes="2089888" bytesdiscarded="1312" />
  <finalization candidates="12" enqueued="0" />
  <ownableSynchronizers candidates="27" cleared="0" />
</gc-op>
<heap-resize id="504" type="expand" space="nursery" amount="1048576" count="1" timems="0.061" reason="excessive time being spent scavenging" timestamp="2020-05-10T03:09:05.312" />
<gc-end id="505" type="scavenge" contextid="500" durationms="4.906" usertimems="10.169" systemtimems="1.290" timestamp="2020-05-10T03:09:05.312" activeThreads="8">
  <mem-info id="506" free="24811544" total="65667072" percent="37">
    <mem type="nursery" free="17811200" total="26345472" percent="67">
      <mem type="allocate" free="17811200" total="18022400" percent="98" />
      <mem type="survivor" free="0" total="8323072" percent="0" />
    </mem>
    <mem type="tenure" free="7000344" total="39321600" percent="17">
      <mem type="soa" free="5034264" total="37355520" percent="13" />
      <mem type="loa" free="1966080" total="1966080" percent="100" />
    </mem>
    <remembered-set count="253" />
  </mem-info>
</gc-end>
<cycle-end id="507" type="scavenge" contextid="500" timestamp="2020-05-10T03:09:05.313" />
<allocation-satisfied id="508" threadId="000000000213AA00" bytesRequested="72" />
<af-end id="509" timestamp="2020-05-10T03:09:05.313" threadId="000000000213B380" success="true" from="nursery"/>
<exclusive-end id="510" timestamp="2020-05-10T03:09:05.314" durationms="8.124" />

<exclusive-start id="511" timestamp="2020-05-10T03:09:05.394" intervalms="88.446">
  <response-info timems="0.053" idlems="0.053" threads="0" lastid="000000000213AA00" lastname="P=143393:O=0:CT" />
</exclusive-start>
<af-start id="512" threadId="000000000213B380" totalBytesRequested="72" timestamp="2020-05-10T03:09:05.395" intervalms="88.640" type="nursery" />
<cycle-start id="513" type="scavenge" contextid="0" timestamp="2020-05-10T03:09:05.395" intervalms="88.532" />
<gc-start id="514" type="scavenge" contextid="513" timestamp="2020-05-10T03:09:05.396">
  <mem-info id="515" free="6992344" total="65667072" percent="10">
    <mem type="nursery" free="0" total="26345472" percent="0">
      <mem type="allocate" free="0" total="18022400" percent="0" />
      <mem type="survivor" free="0" total="8323072" percent="0" />
    </mem>
    <mem type="tenure" free="6992344" total="39321600" percent="17">
      <mem type="soa" free="5026264" total="37355520" percent="13" />
      <mem type="loa" free="1966080" total="1966080" percent="100" />
    </mem>
    <remembered-set count="402" />
  </mem-info>
</gc-start>
<allocation-stats totalBytes="17814624" >
  <allocated-bytes non-tlh="8072" tlh="17806552" />
  <largest-consumer threadName="P=143393:O=0:CT" threadId="000000000213AA00" bytes="17814624" />
</allocation-stats>
<gc-op id="516" type="scavenge" timems="1.907" contextid="513" timestamp="2020-05-10T03:09:05.399">
  <scavenger-info tenureage="3" tenuremask="ffe8" tiltratio="68" />
  <memory-copied type="nursery" objects="611" bytes="23352" bytesdiscarded="134792" />
  <memory-copied type="tenure" objects="3" bytes="1560" bytesdiscarded="0" />
  <finalization candidates="5" enqueued="2" />
  <references type="soft" candidates="18" cleared="0" enqueued="0" dynamicThreshold="10" maxThreshold="32" />
  <references type="weak" candidates="108" cleared="32" enqueued="17" />
</gc-op>
<gc-end id="517" type="scavenge" contextid="513" durationms="3.339" usertimems="3.829" systemtimems="0.834" timestamp="2020-05-10T03:09:05.399" activeThreads="8">
  <mem-info id="518" free="26757080" total="65667072" percent="40">
    <mem type="nursery" free="19764736" total="26345472" percent="75">
      <mem type="allocate" free="19764736" total="19922944" percent="99" />
      <mem type="survivor" free="0" total="6422528" percent="0" />
    </mem>
    <mem type="tenure" free="6992344" total="39321600" percent="17">
      <mem type="soa" free="5026264" total="37355520" percent="13" />
      <mem type="loa" free="1966080" total="1966080" percent="100" />
    </mem>
    <pending-finalizers system="0" default="2" reference="17" classloader="0" />
    <remembered-set count="395" />
  </mem-info>
</gc-end>
<cycle-end id="519" type="scavenge" contextid="513" timestamp="2020-05-10T03:09:05.400" />
<allocation-satisfied id="520" threadId="000000000213AA00" bytesRequested="72" />
<af-end id="521" timestamp="2020-05-10T03:09:05.400" threadId="000000000213B380" success="true" from="nursery"/>
<exclusive-end id="522" timestamp="2020-05-10T03:09:05.401" durationms="6.878" />

<exclusive-start id="523" timestamp="2020-05-10T03:09:05.478" intervalms="84.094">
  <response-info timems="0.047" idlems="0.047" threads="0" lastid="000000000213AA00" lastname="P=143393:O=0:CT" />
</exclusive-start>
<af-start id="524" threadId="000000000213B380" totalBytesRequested="72" timestamp="2020-05-10T03:09:05.479" intervalms="83.967" type="nursery" />
<cycle-start id="525" type="scavenge" contextid="0" timestamp="2020-05-10T03:09:05.479" intervalms="84.017" />
<gc-start id="526" type="scavenge" contextid="525" timestamp="2020-05-10T03:09:05.480">
  <mem-info id="527" free="6992344" total="65667072" percent="10">
    <mem type="nursery" free="0" total="26345472" percent="0">
      <mem type="allocate" free="0" total="19922944" percent="0" />
      <mem type="survivor" free="0" total="6422528" percent="0" />
    </mem>
    <mem type="tenure" free="6992344" total="39321600" percent="17">
      <mem type="soa" free="5026264" total="37355520" percent="13" />
      <mem type="loa" free="1966080" total="1966080" percent="100" />
    </mem>
    <remembered-set count="396" />
  </mem-info>
</gc-start>
<allocation-stats totalBytes="19759368" >
  <allocated-bytes non-tlh="72" tlh="19759296" />
  <largest-consumer threadName="P=143393:O=0:CT" threadId="000000000213AA00" bytes="19747536" />
</allocation-stats>
<gc-op id="528" type="scavenge" timems="1.488" contextid="525" timestamp="2020-05-10T03:09:05.482">
  <scavenger-info tenureage="5" tenuremask="ffe0" tiltratio="75" />
  <memory-copied type="nursery" objects="605" bytes="27544" bytesdiscarded="67624" />
  <finalization candidates="3" enqueued="0" />
  <references type="soft" candidates="18" cleared="0" enqueued="0" dynamicThreshold="10" maxThreshold="32" />
  <references type="weak" candidates="76" cleared="0" enqueued="0" />
</gc-op>
<gc-end id="529" type="scavenge" contextid="525" durationms="2.947" usertimems="2.780" systemtimems="0.820" timestamp="2020-05-10T03:09:05.483" activeThreads="8">
  <mem-info id="530" free="28130776" total="65667072" percent="42">
    <mem type="nursery" free="21138432" total="26345472" percent="80">
      <mem type="allocate" free="21138432" total="21233664" percent="99" />
      <mem type="survivor" free="0" total="5111808" percent="0" />
    </mem>
    <mem type="tenure" free="6992344" total="39321600" percent="17">
      <mem type="soa" free="5026264" total="37355520" percent="13" />
      <mem type="loa" free="1966080" total="1966080" percent="100" />
    </mem>
    <remembered-set count="391" />
  </mem-info>
</gc-end>
<cycle-end id="531" type="scavenge" contextid="525" timestamp="2020-05-10T03:09:05.483" />
<allocation-satisfied id="532" threadId="000000000213AA00" bytesRequested="72" />
<af-end id="533" timestamp="2020-05-10T03:09:05.484" threadId="000000000213B380" success="true" from="nursery"/>
<exclusive-end id="534" timestamp="2020-05-10T03:09:05.484" durationms="6.187" />

<exclusive-start id="535" timestamp="2020-05-10T03:09:05.568" intervalms="90.337">
  <response-info timems="0.046" idlems="0.046" threads="0" lastid="000000000213AA00" lastname="P=143393:O=0:CT" />
</exclusive-start>
<af-start id="536" threadId="000000000213B380" totalBytesRequested="24" timestamp="2020-05-10T03:09:05.569" intervalms="90.222" type="nursery" />
<cycle-start id="537" type="scavenge" contextid="0" timestamp="2020-05-10T03:09:05.569" intervalms="90.161" />
<gc-start id="538" type="scavenge" contextid="537" timestamp="2020-05-10T03:09:05.570">
  <mem-info id="539" free="6992176" total="65667072" percent="10">
    <mem type="nursery" free="0" total="26345472" percent="0">
      <mem type="allocate" free="0" total="21233664" percent="0" />
      <mem type="survivor" free="0" total="5111808" percent="0" />
    </mem>
    <mem type="tenure" free="6992176" total="39321600" percent="17">
      <mem type="soa" free="5026096" total="37355520" percent="13" />
      <mem type="loa" free="1966080" total="1966080" percent="100" />
    </mem>
    <remembered-set count="403" />
  </mem-info>
</gc-start>
<allocation-stats totalBytes="21133280" >
  <allocated-bytes non-tlh="240" tlh="21133040" />
  <largest-consumer threadName="P=143393:O=0:CT" threadId="000000000213AA00" bytes="21133280" />
</allocation-stats>
<gc-op id="540" type="scavenge" timems="1.398" contextid="537" timestamp="2020-05-10T03:09:05.572">
  <scavenger-info tenureage="3" tenuremask="fff8" tiltratio="80" />
  <memory-copied type="nursery" objects="657" bytes="29936" bytesdiscarded="89032" />
  <memory-copied type="tenure" objects="5" bytes="152" bytesdiscarded="0" />
  <finalization candidates="7" enqueued="4" />
  <references type="soft" candidates="19" cleared="0" enqueued="0" dynamicThreshold="10" maxThreshold="32" />
  <references type="weak" candidates="76" cleared="0" enqueued="0" />
</gc-op>
<gc-end id="541" type="scavenge" contextid="537" durationms="2.608" usertimems="2.097" systemtimems="1.518" timestamp="2020-05-10T03:09:05.573" activeThreads="8">
  <mem-info id="542" free="29089840" total="65667072" percent="44">
    <mem type="nursery" free="22097664" total="26345472" percent="83">
      <mem type="allocate" free="22097664" total="22216704" percent="99" />
      <mem type="survivor" free="0" total="4128768" percent="0" />
    </mem>
    <mem type="tenure" free="6992176" total="39321600" percent="17">
      <mem type="soa" free="5026096" total="37355520" percent="13" />
      <mem type="loa" free="1966080" total="1966080" percent="100" />
    </mem>
    <pending-finalizers system="1" default="3" reference="0" classloader="0" />
    <remembered-set count="342" />
  </mem-info>
</gc-end>
<cycle-end id="543" type="scavenge" contextid="537" timestamp="2020-05-10T03:09:05.573" />
<allocation-satisfied id="544" threadId="000000000213AA00" bytesRequested="24" />
<af-end id="545" timestamp="2020-05-10T03:09:05.574" threadId="000000000213B380" success="true" from="nursery"/>
<exclusive-end id="546" timestamp="2020-05-10T03:09:05.574" durationms="5.328" />

<exclusive-start id="547" timestamp="2020-05-10T03:09:06.137" intervalms="568.918">
  <response-info timems="0.157" idlems="0.157" threads="0" lastid="000000000213AA00" lastname="P=143393:O=0:CT" />
</exclusive-start>
<af-start id="548" threadId="000000000213B380" totalBytesRequested="528" timestamp="2020-05-10T03:09:06.138" intervalms="568.846" type="nursery" />
<cycle-start id="549" type="scavenge" contextid="0" timestamp="2020-05-10T03:09:06.138" intervalms="568.731" />
<gc-start id="550" type="scavenge" contextid="549" timestamp="2020-05-10T03:09:06.139">
  <mem-info id="551" free="6943560" total="65667072" percent="10">
    <mem type="nursery" free="0" total="26345472" percent="0">
      <mem type="allocate" free="0" total="22216704" percent="0" />
      <mem type="survivor" free="0" total="4128768" percent="0" />
    </mem>
    <mem type="tenure" free="6943560" total="39321600" percent="17">
      <mem type="soa" free="4977480" total="37355520" percent="13" />
      <mem type="loa" free="1966080" total="1966080" percent="100" />
    </mem>
    <remembered-set count="1135" />
  </mem-info>
</gc-start>
<allocation-stats totalBytes="22139136" >
  <allocated-bytes non-tlh="48640" tlh="22090496" />
  <largest-consumer threadName="P=143393:O=0:CT" threadId="000000000213AA00" bytes="22126848" />
</allocation-stats>
<gc-op id="552" type="scavenge" timems="1.786" contextid="549" timestamp="2020-05-10T03:09:06.141">
  <scavenger-info tenureage="4" tenuremask="ffd0" tiltratio="84" />
  <memory-copied type="nursery" objects="1832" bytes="102752" bytesdiscarded="235704" />
  <finalization candidates="7" enqueued="5" />
  <references type="soft" candidates="58" cleared="0" enqueued="0" dynamicThreshold="10" maxThreshold="32" />
  <references type="weak" candidates="161" cleared="82" enqueued="81" />
</gc-op>
<gc-end id="553" type="scavenge" contextid="549" durationms="2.880" usertimems="1.477" systemtimems="5.516" timestamp="2020-05-10T03:09:06.142" activeThreads="8">
  <mem-info id="554" free="29608008" total="65667072" percent="45">
    <mem type="nursery" free="22664448" total="26345472" percent="86">
      <mem type="allocate" free="22664448" total="23003136" percent="98" />
      <mem type="survivor" free="0" total="3342336" percent="0" />
    </mem>
    <mem type="tenure" free="6943560" total="39321600" percent="17">
      <mem type="soa" free="4977480" total="37355520" percent="13" />
      <mem type="loa" free="1966080" total="1966080" percent="100" />
    </mem>
    <pending-finalizers system="2" default="3" reference="81" classloader="0" />
    <remembered-set count="966" />
  </mem-info>
</gc-end>
<cycle-end id="555" type="scavenge" contextid="549" timestamp="2020-05-10T03:09:06.142" />
<allocation-satisfied id="556" threadId="000000000213AA00" bytesRequested="528" />
<af-end id="557" timestamp="2020-05-10T03:09:06.143" threadId="000000000213B380" success="true" from="nursery"/>
<exclusive-end id="558" timestamp="2020-05-10T03:09:06.143" durationms="5.652" />

<exclusive-start id="559" timestamp="2020-05-10T03:09:07.692" intervalms="1554.552">
  <response-info timems="0.053" idlems="0.053" threads="0" lastid="000000000213AA00" lastname="P=143393:O=0:CT" />
</exclusive-start>
<af-start id="560" threadId="000000000213B380" totalBytesRequested="72" timestamp="2020-05-10T03:09:07.692" intervalms="1554.509" type="nursery" />
<cycle-start id="561" type="scavenge" contextid="0" timestamp="2020-05-10T03:09:07.693" intervalms="1554.566" />
<gc-start id="562" type="scavenge" contextid="561" timestamp="2020-05-10T03:09:07.693">
  <mem-info id="563" free="6870664" total="65667072" percent="10">
    <mem type="nursery" free="0" total="26345472" percent="0">
      <mem type="allocate" free="0" total="23003136" percent="0" />
      <mem type="survivor" free="0" total="3342336" percent="0" />
    </mem>
    <mem type="tenure" free="6870664" total="39321600" percent="17">
      <mem type="soa" free="4904584" total="37355520" percent="13" />
      <mem type="loa" free="1966080" total="1966080" percent="100" />
    </mem>
    <remembered-set count="2095" />
  </mem-info>
</gc-start>
<allocation-stats totalBytes="22715440" >
  <allocated-bytes non-tlh="73424" tlh="22642016" />
  <largest-consumer threadName="P=143393:O=0:CT" threadId="000000000213AA00" bytes="22107176" />
</allocation-stats>
<gc-op id="564" type="scavenge" timems="2.876" contextid="561" timestamp="2020-05-10T03:09:07.697">
  <scavenger-info tenureage="3" tenuremask="fff8" tiltratio="87" />
  <memory-copied type="nursery" objects="13124" bytes="966352" bytesdiscarded="118408" />
  <memory-copied type="tenure" objects="577" bytes="26712" bytesdiscarded="64" />
  <finalization candidates="149" enqueued="105" />
  <ownableSynchronizers candidates="7" cleared="0" />
  <references type="soft" candidates="49" cleared="0" enqueued="0" dynamicThreshold="10" maxThreshold="32" />
  <references type="weak" candidates="57" cleared="40" enqueued="40" />
</gc-op>
<gc-end id="565" type="scavenge" contextid="561" durationms="4.055" usertimems="5.792" systemtimems="1.494" timestamp="2020-05-10T03:09:07.697" activeThreads="8">
  <mem-info id="566" free="29026512" total="65667072" percent="44">
    <mem type="nursery" free="22179656" total="26345472" percent="84">
      <mem type="allocate" free="22179656" total="23265280" percent="95" />
      <mem type="survivor" free="0" total="3080192" percent="0" />
    </mem>
    <mem type="tenure" free="6846856" total="39321600" percent="17">
      <mem type="soa" free="4880776" total="37355520" percent="13" />
      <mem type="loa" free="1966080" total="1966080" percent="100" />
    </mem>
    <pending-finalizers system="104" default="1" reference="40" classloader="0" />
    <remembered-set count="1842" />
  </mem-info>
</gc-end>
<cycle-end id="567" type="scavenge" contextid="561" timestamp="2020-05-10T03:09:07.698" />
<allocation-satisfied id="568" threadId="000000000213AA00" bytesRequested="72" />
<af-end id="569" timestamp="2020-05-10T03:09:07.698" threadId="000000000213B380" success="true" from="nursery"/>
<exclusive-end id="570" timestamp="2020-05-10T03:09:07.699" durationms="6.638" />

<exclusive-start id="571" timestamp="2020-05-10T03:09:08.452" intervalms="760.367">
  <response-info timems="0.053" idlems="0.053" threads="0" lastid="000000000213AA00" lastname="P=143393:O=0:CT" />
</exclusive-start>
<af-start id="572" threadId="000000000213B380" totalBytesRequested="160" timestamp="2020-05-10T03:09:08.453" intervalms="760.368" type="nursery" />
<cycle-start id="573" type="scavenge" contextid="0" timestamp="2020-05-10T03:09:08.453" intervalms="760.482" />
<gc-start id="574" type="scavenge" contextid="573" timestamp="2020-05-10T03:09:08.454">
  <mem-info id="575" free="6658328" total="65667072" percent="10">
    <mem type="nursery" free="0" total="26345472" percent="0">
      <mem type="allocate" free="0" total="23265280" percent="0" />
      <mem type="survivor" free="0" total="3080192" percent="0" />
    </mem>
    <mem type="tenure" free="6658328" total="39321600" percent="16">
      <mem type="soa" free="4692248" total="37355520" percent="12" />
      <mem type="loa" free="1966080" total="1966080" percent="100" />
    </mem>
    <remembered-set count="4167" />
  </mem-info>
</gc-start>
<allocation-stats totalBytes="22351352" >
  <allocated-bytes non-tlh="1275360" tlh="21075992" />
  <largest-consumer threadName="P=143393:O=0:CT" threadId="000000000213AA00" bytes="19871064" />
</allocation-stats>
<gc-op id="576" type="scavenge" timems="3.234" contextid="573" timestamp="2020-05-10T03:09:08.458">
  <scavenger-info tenureage="6" tenuremask="ffc0" tiltratio="88" />
  <memory-copied type="nursery" objects="25267" bytes="1363192" bytesdiscarded="224592" />
  <finalization candidates="129" enqueued="55" />
  <ownableSynchronizers candidates="35" cleared="4" />
  <references type="soft" candidates="401" cleared="0" enqueued="0" dynamicThreshold="10" maxThreshold="32" />
  <references type="weak" candidates="370" cleared="243" enqueued="229" />
  <references type="phantom" candidates="4" cleared="0" enqueued="0" />
</gc-op>
<gc-end id="577" type="scavenge" contextid="573" durationms="4.699" usertimems="4.980" systemtimems="5.191" timestamp="2020-05-10T03:09:08.459" activeThreads="8">
  <mem-info id="578" free="28530608" total="65667072" percent="43">
    <mem type="nursery" free="21872280" total="26345472" percent="83">
      <mem type="allocate" free="21872280" total="23461888" percent="93" />
      <mem type="survivor" free="0" total="2883584" percent="0" />
    </mem>
    <mem type="tenure" free="6658328" total="39321600" percent="16">
      <mem type="soa" free="4692248" total="37355520" percent="12" />
      <mem type="loa" free="1966080" total="1966080" percent="100" />
    </mem>
    <pending-finalizers system="54" default="1" reference="229" classloader="0" />
    <remembered-set count="3466" />
  </mem-info>
</gc-end>
<cycle-end id="579" type="scavenge" contextid="573" timestamp="2020-05-10T03:09:08.459" />
<allocation-satisfied id="580" threadId="000000000213AA00" bytesRequested="160" />
<af-end id="581" timestamp="2020-05-10T03:09:08.460" threadId="000000000213B380" success="true" from="nursery"/>
<exclusive-end id="582" timestamp="2020-05-10T03:09:08.460" durationms="7.598" />

<exclusive-start id="583" timestamp="2020-05-10T03:09:10.463" intervalms="2010.290">
  <response-info timems="0.141" idlems="0.141" threads="0" lastid="000000000213AA00" lastname="P=143393:O=0:CT" />
</exclusive-start>
<af-start id="584" threadId="000000000213B380" totalBytesRequested="4000" timestamp="2020-05-10T03:09:10.463" intervalms="2010.230" type="nursery" />
<cycle-start id="585" type="scavenge" contextid="0" timestamp="2020-05-10T03:09:10.463" intervalms="2010.069" />
<gc-start id="586" type="scavenge" contextid="585" timestamp="2020-05-10T03:09:10.464">
  <mem-info id="587" free="6314008" total="65667072" percent="9">
    <mem type="nursery" free="0" total="26345472" percent="0">
      <mem type="allocate" free="0" total="23461888" percent="0" />
      <mem type="survivor" free="0" total="2883584" percent="0" />
    </mem>
    <mem type="tenure" free="6314008" total="39321600" percent="16">
      <mem type="soa" free="4347928" total="37355520" percent="11" />
      <mem type="loa" free="1966080" total="1966080" percent="100" />
    </mem>
    <remembered-set count="7292" />
  </mem-info>
</gc-start>
<allocation-stats totalBytes="22190696" >
  <allocated-bytes non-tlh="412224" tlh="21778472" />
  <largest-consumer threadName="P=143393:O=0:CT" threadId="000000000213AA00" bytes="16665392" />
</allocation-stats>
<gc-op id="588" type="scavenge" timems="2.987" contextid="585" timestamp="2020-05-10T03:09:10.467">
  <scavenger-info tenureage="3" tenuremask="fff8" tiltratio="89" />
  <memory-copied type="nursery" objects="55770" bytes="2621808" bytesdiscarded="215592" />
  <memory-copied type="tenure" objects="946" bytes="59664" bytesdiscarded="432" />
  <finalization candidates="212" enqueued="100" />
  <ownableSynchronizers candidates="616" cleared="1" />
  <references type="soft" candidates="735" cleared="0" enqueued="0" dynamicThreshold="10" maxThreshold="32" />
  <references type="weak" candidates="764" cleared="379" enqueued="377" />
  <references type="phantom" candidates="4" cleared="0" enqueued="0" />
</gc-op>
<gc-end id="589" type="scavenge" contextid="585" durationms="3.861" usertimems="8.198" systemtimems="3.530" timestamp="2020-05-10T03:09:10.468" activeThreads="8">
  <mem-info id="590" free="25534544" total="65667072" percent="38">
    <mem type="nursery" free="19441232" total="26345472" percent="73">
      <mem type="allocate" free="19441232" total="22282240" percent="87" />
      <mem type="survivor" free="0" total="4063232" percent="0" />
    </mem>
    <mem type="tenure" free="6093312" total="39321600" percent="15">
      <mem type="soa" free="4127232" total="37355520" percent="11" />
      <mem type="loa" free="1966080" total="1966080" percent="100" />
    </mem>
    <pending-finalizers system="98" default="2" reference="377" classloader="0" />
    <remembered-set count="6128" />
  </mem-info>
</gc-end>
<cycle-end id="591" type="scavenge" contextid="585" timestamp="2020-05-10T03:09:10.468" />
<allocation-satisfied id="592" threadId="000000000213AA00" bytesRequested="4000" />
<af-end id="593" timestamp="2020-05-10T03:09:10.468" threadId="000000000213B380" success="true" from="nursery"/>
<exclusive-end id="594" timestamp="2020-05-10T03:09:10.469" durationms="6.132" />

<exclusive-start id="595" timestamp="2020-05-10T03:09:10.471" intervalms="8.073">
  <response-info timems="0.103" idlems="0.103" threads="0" lastid="000000000213AA00" lastname="P=143393:O=0:CT" />
</exclusive-start>
<af-start id="596" threadId="000000000213B380" totalBytesRequested="47952" timestamp="2020-05-10T03:09:10.471" intervalms="8.049" type="nursery" />
<cycle-start id="597" type="scavenge" contextid="0" timestamp="2020-05-10T03:09:10.471" intervalms="8.012" />
<gc-start id="598" type="scavenge" contextid="597" timestamp="2020-05-10T03:09:10.472">
  <mem-info id="599" free="6093312" total="65667072" percent="9">
    <mem type="nursery" free="0" total="26345472" percent="0">
      <mem type="allocate" free="0" total="22282240" percent="0" />
      <mem type="survivor" free="0" total="4063232" percent="0" />
    </mem>
    <mem type="tenure" free="6093312" total="39321600" percent="15">
      <mem type="soa" free="4127232" total="37355520" percent="11" />
      <mem type="loa" free="1966080" total="1966080" percent="100" />
    </mem>
    <remembered-set count="6134" />
  </mem-info>
</gc-start>
<allocation-stats totalBytes="16692032" >
  <allocated-bytes non-tlh="4000" tlh="16688032" />
  <largest-consumer threadName="P=143393:O=0:CT" threadId="000000000213AA00" bytes="16524096" />
</allocation-stats>
<gc-op id="600" type="scavenge" timems="2.942" contextid="597" timestamp="2020-05-10T03:09:10.475">
  <scavenger-info tenureage="3" tenuremask="ffc8" tiltratio="84" />
  <memory-copied type="nursery" objects="42624" bytes="1916824" bytesdiscarded="113352" />
  <memory-copied type="tenure" objects="11603" bytes="532184" bytesdiscarded="1016" />
  <finalization candidates="112" enqueued="0" />
  <ownableSynchronizers candidates="615" cleared="0" />
  <references type="soft" candidates="726" cleared="0" enqueued="0" dynamicThreshold="10" maxThreshold="32" />
  <references type="weak" candidates="371" cleared="0" enqueued="0" />
  <references type="phantom" candidates="4" cleared="0" enqueued="0" />
</gc-op>
<heap-resize id="601" type="expand" space="nursery" amount="5636096" count="1" timems="0.096" reason="excessive time being spent scavenging" timestamp="2020-05-10T03:09:10.475" />
<gc-end id="602" type="scavenge" contextid="597" durationms="4.090" usertimems="10.700" systemtimems="0.328" timestamp="2020-05-10T03:09:10.476" activeThreads="8">
  <mem-info id="603" free="30901184" total="71303168" percent="43">
    <mem type="nursery" free="25230272" total="31981568" percent="78">
      <mem type="allocate" free="25230272" total="27262976" percent="92" />
      <mem type="survivor" free="0" total="4718592" percent="0" />
    </mem>
    <mem type="tenure" free="5670912" total="39321600" percent="14">
      <mem type="soa" free="3704832" total="37355520" percent="9" />
      <mem type="loa" free="1966080" total="1966080" percent="100" />
    </mem>
    <remembered-set count="4267" />
  </mem-info>
</gc-end>
<cycle-end id="604" type="scavenge" contextid="597" timestamp="2020-05-10T03:09:10.476" />
<allocation-satisfied id="605" threadId="000000000213AA00" bytesRequested="47952" />
<af-end id="606" timestamp="2020-05-10T03:09:10.477" threadId="000000000213B380" success="true" from="nursery"/>
<exclusive-end id="607" timestamp="2020-05-10T03:09:10.477" durationms="6.370" />

<exclusive-start id="608" timestamp="2020-05-10T03:09:10.480" intervalms="9.626">
  <response-info timems="0.102" idlems="0.102" threads="0" lastid="000000000213AA00" lastname="P=143393:O=0:CT" />
</exclusive-start>
<af-start id="609" threadId="000000000213B380" totalBytesRequested="74104" timestamp="2020-05-10T03:09:10.481" intervalms="9.814" type="nursery" />
<cycle-start id="610" type="scavenge" contextid="0" timestamp="2020-05-10T03:09:10.481" intervalms="9.916" />
<gc-start id="611" type="scavenge" contextid="610" timestamp="2020-05-10T03:09:10.482">
  <mem-info id="612" free="5702640" total="71303168" percent="7">
    <mem type="nursery" free="31728" total="31981568" percent="0">
      <mem type="allocate" free="31728" total="27262976" percent="0" />
      <mem type="survivor" free="0" total="4718592" percent="0" />
    </mem>
    <mem type="tenure" free="5670912" total="39321600" percent="14">
      <mem type="soa" free="3704832" total="37355520" percent="9" />
      <mem type="loa" free="1966080" total="1966080" percent="100" />
    </mem>
    <remembered-set count="4271" />
  </mem-info>
</gc-start>
<allocation-stats totalBytes="23210400" >
  <allocated-bytes non-tlh="9076560" tlh="14133840" />
  <largest-consumer threadName="P=143393:O=0:CT" threadId="000000000213AA00" bytes="23116208" />
</allocation-stats>
<gc-op id="613" type="scavenge" timems="2.925" contextid="610" timestamp="2020-05-10T03:09:10.485">
  <scavenger-info tenureage="5" tenuremask="ffe0" tiltratio="85" />
  <memory-copied type="nursery" objects="42626" bytes="1943256" bytesdiscarded="135968" />
  <finalization candidates="70" enqueued="0" />
  <ownableSynchronizers candidates="608" cleared="0" />
  <references type="soft" candidates="726" cleared="0" enqueued="0" dynamicThreshold="10" maxThreshold="32" />
  <references type="weak" candidates="372" cleared="0" enqueued="0" />
  <references type="phantom" candidates="4" cleared="0" enqueued="0" />
</gc-op>
<heap-resize id="614" type="expand" space="nursery" amount="6160384" count="1" timems="0.167" reason="excessive time being spent scavenging" timestamp="2020-05-10T03:09:10.486" />
<gc-end id="615" type="scavenge" contextid="610" durationms="4.417" usertimems="9.198" systemtimems="0.834" timestamp="2020-05-10T03:09:10.486" activeThreads="8">
  <mem-info id="616" free="37471272" total="77463552" percent="48">
    <mem type="nursery" free="31800360" total="38141952" percent="83">
      <mem type="allocate" free="31800360" total="33882112" percent="93" />
      <mem type="survivor" free="0" total="4259840" percent="0" />
    </mem>
    <mem type="tenure" free="5670912" total="39321600" percent="14">
      <mem type="soa" free="3704832" total="37355520" percent="9" />
      <mem type="loa" free="1966080" total="1966080" percent="100" />
    </mem>
    <remembered-set count="1844" />
  </mem-info>
</gc-end>
<cycle-end id="617" type="scavenge" contextid="610" timestamp="2020-05-10T03:09:10.487" />
<allocation-satisfied id="618" threadId="000000000213AA00" bytesRequested="74104" />
<af-end id="619" timestamp="2020-05-10T03:09:10.487" threadId="000000000213B380" success="true" from="nursery"/>
<exclusive-end id="620" timestamp="2020-05-10T03:09:10.487" durationms="7.058" />

<exclusive-start id="621" timestamp="2020-05-10T03:09:11.837" intervalms="1356.289">
  <response-info timems="0.056" idlems="0.056" threads="0" lastid="000000000213AA00" lastname="P=143393:O=0:CT" />
</exclusive-start>
<af-start id="622" threadId="000000000213B380" totalBytesRequested="88" timestamp="2020-05-10T03:09:11.837" intervalms="1356.141" type="nursery" />
<cycle-start id="623" type="scavenge" contextid="0" timestamp="2020-05-10T03:09:11.837" intervalms="1356.038" />
<gc-start id="624" type="scavenge" contextid="623" timestamp="2020-05-10T03:09:11.838">
  <mem-info id="625" free="5364064" total="77463552" percent="6">
    <mem type="nursery" free="0" total="38141952" percent="0">
      <mem type="allocate" free="0" total="33882112" percent="0" />
      <mem type="survivor" free="0" total="4259840" percent="0" />
    </mem>
    <mem type="tenure" free="5364064" total="39321600" percent="13">
      <mem type="soa" free="3397984" total="37355520" percent="9" />
      <mem type="loa" free="1966080" total="1966080" percent="100" />
    </mem>
    <remembered-set count="6682" />
  </mem-info>
</gc-start>
<allocation-stats totalBytes="32072544" >
  <allocated-bytes non-tlh="8949464" tlh="23123080" />
  <largest-consumer threadName="P=143393:O=0:CT" threadId="000000000213AA00" bytes="28411992" />
</allocation-stats>
<gc-op id="626" type="scavenge" timems="4.963" contextid="623" timestamp="2020-05-10T03:09:11.843">
  <scavenger-info tenureage="3" tenuremask="fff8" tiltratio="88" />
  <memory-copied type="nursery" objects="34167" bytes="2089648" bytesdiscarded="311920" />
  <memory-copied type="tenure" objects="42235" bytes="1806040" bytesdiscarded="2704" />
  <finalization candidates="536" enqueued="320" />
  <ownableSynchronizers candidates="680" cleared="0" />
  <references type="soft" candidates="145" cleared="0" enqueued="0" dynamicThreshold="10" maxThreshold="32" />
  <references type="weak" candidates="637" cleared="328" enqueued="311" />
  <references type="phantom" candidates="5" cleared="0" enqueued="0" />
</gc-op>
<gc-end id="627" type="scavenge" contextid="623" durationms="5.927" usertimems="13.565" systemtimems="4.506" timestamp="2020-05-10T03:09:11.844" activeThreads="8">
  <mem-info id="628" free="35476928" total="77463552" percent="45">
    <mem type="nursery" free="31871424" total="38141952" percent="83">
      <mem type="allocate" free="31871424" total="34275328" percent="92" />
      <mem type="survivor" free="0" total="3866624" percent="0" />
    </mem>
    <mem type="tenure" free="3605504" total="39321600" percent="9">
      <mem type="soa" free="1639424" total="37355520" percent="4" />
      <mem type="loa" free="1966080" total="1966080" percent="100" />
    </mem>
    <pending-finalizers system="313" default="7" reference="311" classloader="0" />
    <remembered-set count="4725" />
  </mem-info>
</gc-end>
<cycle-end id="629" type="scavenge" contextid="623" timestamp="2020-05-10T03:09:11.844" />
<allocation-satisfied id="630" threadId="000000000213AA00" bytesRequested="88" />
<af-end id="631" timestamp="2020-05-10T03:09:11.845" threadId="000000000213B380" success="true" from="nursery"/>
<exclusive-end id="632" timestamp="2020-05-10T03:09:11.845" durationms="8.407" />

<concurrent-kickoff id="633" timestamp="2020-05-10T03:09:14.451">
  <kickoff reason="threshold reached" targetBytes="11670650" thresholdFreeBytes="1619267"  remainingFree="1546432" tenureFreeBytes="3058552" nurseryFreeBytes="1546432" />
</concurrent-kickoff>
<exclusive-start id="634" timestamp="2020-05-10T03:09:14.452" intervalms="2615.832">
  <response-info timems="0.060" idlems="0.060" threads="0" lastid="000000000404DE00" lastname="server.startup : 1" />
</exclusive-start>
<cycle-start id="635" type="global" contextid="0" timestamp="2020-05-10T03:09:14.453" intervalms="9624.240" />
<exclusive-end id="636" timestamp="2020-05-10T03:09:14.453" durationms="0.574" />

<exclusive-start id="637" timestamp="2020-05-10T03:09:14.494" intervalms="41.764">
  <response-info timems="0.124" idlems="0.124" threads="0" lastid="000000000404DE00" lastname="server.startup : 1" />
</exclusive-start>
<concurrent-collection-start id="638" timestamp="2020-05-10T03:09:14.495" intervalms="15279.911" >
  <concurrent-trace-info reason="card cleaning threshold reached" tracedByMutators="1081736" tracedByHelpers="17449368" cardsCleaned="209" workStackOverflowCount="0" />
</concurrent-collection-start>
<gc-start id="639" type="global" contextid="635" timestamp="2020-05-10T03:09:14.495">
  <mem-info id="640" free="3431832" total="77463552" percent="4">
    <mem type="nursery" free="444608" total="38141952" percent="1">
      <mem type="allocate" free="444608" total="34275328" percent="1" />
      <mem type="survivor" free="0" total="3866624" percent="0" />
    </mem>
    <mem type="tenure" free="2987224" total="39321600" percent="7">
      <mem type="soa" free="1021144" total="37355520" percent="2" />
      <mem type="loa" free="1966080" total="1966080" percent="100" />
    </mem>
    <remembered-set count="11394" />
  </mem-info>
</gc-start>
<allocation-stats totalBytes="32003800" >
  <allocated-bytes non-tlh="694312" tlh="31309488" />
  <largest-consumer threadName="P=143393:O=0:CT" threadId="000000000213AA00" bytes="8731216" />
</allocation-stats>
<gc-op id="641" type="rs-scan" timems="2.123" contextid="635" timestamp="2020-05-10T03:09:14.498">
  <scan objectsFound="7922" bytesTraced="2025716" workStackOverflowCount="0" />
</gc-op>
<gc-op id="642" type="card-cleaning" timems="0.483" contextid="635" timestamp="2020-05-10T03:09:14.498">
  <card-cleaning cardsCleaned="3" bytesTraced="66544" workStackOverflowCount="0" />
</gc-op>
<gc-op id="643" type="mark" timems="8.399" contextid="635" timestamp="2020-05-10T03:09:14.507">
  <trace-info objectcount="15076" scancount="14165" scanbytes="473340" />
  <finalization candidates="1388" enqueued="645" />
  <ownableSynchronizers candidates="1552" cleared="2" />
  <references type="soft" candidates="10094" cleared="0" enqueued="0" dynamicThreshold="10" maxThreshold="32" />
  <references type="weak" candidates="4196" cleared="284" enqueued="277" />
  <references type="phantom" candidates="18" cleared="0" enqueued="0" />
  <stringconstants candidates="53665" cleared="147"  />
</gc-op>
<gc-op id="644" type="classunload" timems="0.025" contextid="635" timestamp="2020-05-10T03:09:14.508">
  <classunload-info classloadercandidates="343" classloadersunloaded="0" classesunloaded="0" anonymousclassesunloaded="0" quiescems="0.000" setupms="0.015" scanms="0.006" postms="0.004" />
</gc-op>
<gc-op id="645" type="sweep" timems="1.235" contextid="635" timestamp="2020-05-10T03:09:14.509" />
<heap-resize id="646" type="expand" space="tenure" amount="7864320" count="1" timems="0.174" reason="insufficient free space following gc" timestamp="2020-05-10T03:09:14.510" />
<gc-end id="647" type="global" contextid="635" durationms="15.199" usertimems="29.008" systemtimems="5.320" timestamp="2020-05-10T03:09:14.510" activeThreads="8">
  <mem-info id="648" free="44437864" total="85327872" percent="52">
    <mem type="nursery" free="30256104" total="38141952" percent="79">
      <mem type="allocate" free="30256104" total="34275328" percent="88" />
      <mem type="survivor" free="0" total="3866624" percent="0" />
    </mem>
    <mem type="tenure" free="14181760" total="47185920" percent="30" micro-fragmented="136660" macro-fragmented="0">
      <mem type="soa" free="11822464" total="44826624" percent="26" />
      <mem type="loa" free="2359296" total="2359296" percent="100" />
    </mem>
    <pending-finalizers system="626" default="19" reference="277" classloader="0" />
    <remembered-set count="8679" />
  </mem-info>
</gc-end>
<cycle-end id="649" type="global" contextid="635" timestamp="2020-05-10T03:09:14.511" />
<concurrent-collection-end id="650" timestamp="2020-05-10T03:09:14.511" />
<exclusive-end id="651" timestamp="2020-05-10T03:09:14.511" durationms="17.143" />

<exclusive-start id="652" timestamp="2020-05-10T03:09:15.752" intervalms="1257.636">
  <response-info timems="0.076" idlems="0.076" threads="0" lastid="000000000404DE00" lastname="server.startup : 1" />
</exclusive-start>
<af-start id="653" threadId="000000000404E780" totalBytesRequested="16" timestamp="2020-05-10T03:09:15.752" intervalms="3915.487" type="nursery" />
<cycle-start id="654" type="scavenge" contextid="0" timestamp="2020-05-10T03:09:15.753" intervalms="3915.712" />
<gc-start id="655" type="scavenge" contextid="654" timestamp="2020-05-10T03:09:15.753">
  <mem-info id="656" free="13853184" total="85327872" percent="16">
    <mem type="nursery" free="0" total="38141952" percent="0">
      <mem type="allocate" free="0" total="34275328" percent="0" />
      <mem type="survivor" free="0" total="3866624" percent="0" />
    </mem>
    <mem type="tenure" free="13853184" total="47185920" percent="29">
      <mem type="soa" free="11493888" total="44826624" percent="25" />
      <mem type="loa" free="2359296" total="2359296" percent="100" />
    </mem>
    <remembered-set count="11918" />
  </mem-info>
</gc-start>
<allocation-stats totalBytes="30403040" >
  <allocated-bytes non-tlh="1060768" tlh="29342272" />
  <largest-consumer threadName="server.startup : 1" threadId="000000000404DE00" bytes="23230616" />
</allocation-stats>
<gc-op id="657" type="scavenge" timems="5.856" contextid="654" timestamp="2020-05-10T03:09:15.760">
  <scavenger-info tenureage="6" tenuremask="ffc0" tiltratio="89" />
  <memory-copied type="nursery" objects="81998" bytes="3812576" bytesdiscarded="48552" />
  <memory-copied type="tenure" objects="20649" bytes="1139200" bytesdiscarded="1952" />
  <copy-failed type="nursery" objects="20649" bytes="1142992" />
  <finalization candidates="999" enqueued="641" />
  <ownableSynchronizers candidates="3148" cleared="2956" />
  <references type="soft" candidates="530" cleared="0" enqueued="0" dynamicThreshold="9" maxThreshold="32" />
  <references type="weak" candidates="1082" cleared="193" enqueued="176" />
  <references type="phantom" candidates="7" cleared="0" enqueued="0" />
</gc-op>
<gc-end id="658" type="scavenge" contextid="654" durationms="6.913" usertimems="19.743" systemtimems="2.217" timestamp="2020-05-10T03:09:15.760" activeThreads="8">
  <mem-info id="659" free="38102936" total="85327872" percent="44">
    <mem type="nursery" free="25493504" total="38141952" percent="66">
      <mem type="allocate" free="25493504" total="29360128" percent="86" />
      <mem type="survivor" free="0" total="8781824" percent="0" />
    </mem>
    <mem type="tenure" free="12609432" total="47185920" percent="26">
      <mem type="soa" free="10250136" total="44826624" percent="22" />
      <mem type="loa" free="2359296" total="2359296" percent="100" />
    </mem>
    <pending-finalizers system="641" default="0" reference="176" classloader="0" />
    <remembered-set count="17018" />
  </mem-info>
</gc-end>
<cycle-end id="660" type="scavenge" contextid="654" timestamp="2020-05-10T03:09:15.761" />
<allocation-satisfied id="661" threadId="000000000404DE00" bytesRequested="16" />
<af-end id="662" timestamp="2020-05-10T03:09:15.762" threadId="000000000404E780" success="true" from="nursery"/>
<exclusive-end id="663" timestamp="2020-05-10T03:09:15.762" durationms="10.148" />

<exclusive-start id="664" timestamp="2020-05-10T03:09:15.951" intervalms="199.369">
  <response-info timems="0.116" idlems="0.116" threads="0" lastid="000000000410B300" lastname="LocalNotificationServiceDispatcher : 3" />
</exclusive-start>
<af-start id="665" threadId="000000000410BC80" totalBytesRequested="928" timestamp="2020-05-10T03:09:15.952" intervalms="199.147" type="nursery" />
<cycle-start id="666" type="scavenge" contextid="0" timestamp="2020-05-10T03:09:15.952" intervalms="199.067" />
<gc-start id="667" type="scavenge" contextid="666" timestamp="2020-05-10T03:09:15.953">
  <mem-info id="668" free="12512112" total="85327872" percent="14">
    <mem type="nursery" free="0" total="38141952" percent="0">
      <mem type="allocate" free="0" total="29360128" percent="0" />
      <mem type="survivor" free="0" total="8781824" percent="0" />
    </mem>
    <mem type="tenure" free="12512112" total="47185920" percent="26">
      <mem type="soa" free="10152816" total="44826624" percent="22" />
      <mem type="loa" free="2359296" total="2359296" percent="100" />
    </mem>
    <remembered-set count="18302" />
  </mem-info>
</gc-start>
<allocation-stats totalBytes="25565848" >
  <allocated-bytes non-tlh="236640" tlh="25329208" />
  <largest-consumer threadName="server.startup : 1" threadId="000000000404DE00" bytes="22745968" />
</allocation-stats>
<gc-op id="669" type="scavenge" timems="6.191" contextid="666" timestamp="2020-05-10T03:09:15.960">
  <scavenger-info tenureage="3" tenuremask="fff8" tiltratio="76" />
  <memory-copied type="nursery" objects="109387" bytes="5798192" bytesdiscarded="153384" />
  <memory-copied type="tenure" objects="3" bytes="104" bytesdiscarded="0" />
  <finalization candidates="1098" enqueued="459" />
  <ownableSynchronizers candidates="195" cleared="1" />
  <references type="soft" candidates="607" cleared="0" enqueued="0" dynamicThreshold="9" maxThreshold="32" />
  <references type="weak" candidates="1329" cleared="293" enqueued="276" />
  <references type="phantom" candidates="7" cleared="0" enqueued="0" />
</gc-op>
<gc-end id="670" type="scavenge" contextid="666" durationms="7.740" usertimems="18.720" systemtimems="3.644" timestamp="2020-05-10T03:09:15.960" activeThreads="8">
  <mem-info id="671" free="36963200" total="85327872" percent="43">
    <mem type="nursery" free="24451088" total="38141952" percent="64">
      <mem type="allocate" free="24451088" total="30408704" percent="80" />
      <mem type="survivor" free="0" total="7733248" percent="0" />
    </mem>
    <mem type="tenure" free="12512112" total="47185920" percent="26">
      <mem type="soa" free="10152816" total="44826624" percent="22" />
      <mem type="loa" free="2359296" total="2359296" percent="100" />
    </mem>
    <pending-finalizers system="458" default="1" reference="276" classloader="0" />
    <remembered-set count="15653" />
  </mem-info>
</gc-end>
<cycle-end id="672" type="scavenge" contextid="666" timestamp="2020-05-10T03:09:15.961" />
<allocation-satisfied id="673" threadId="000000000410B300" bytesRequested="928" />
<af-end id="674" timestamp="2020-05-10T03:09:15.962" threadId="000000000410BC80" success="true" from="nursery"/>
<exclusive-end id="675" timestamp="2020-05-10T03:09:15.963" durationms="11.676" />

<exclusive-start id="676" timestamp="2020-05-10T03:09:16.060" intervalms="108.728">
  <response-info timems="0.067" idlems="0.067" threads="0" lastid="000000000404DE00" lastname="server.startup : 1" />
</exclusive-start>
<af-start id="677" threadId="000000000404E780" totalBytesRequested="8200" timestamp="2020-05-10T03:09:16.060" intervalms="108.892" type="nursery" />
<cycle-start id="678" type="scavenge" contextid="0" timestamp="2020-05-10T03:09:16.061" intervalms="108.951" />
<gc-start id="679" type="scavenge" contextid="678" timestamp="2020-05-10T03:09:16.061">
  <mem-info id="680" free="12484560" total="85327872" percent="14">
    <mem type="nursery" free="0" total="38141952" percent="0">
      <mem type="allocate" free="0" total="30408704" percent="0" />
      <mem type="survivor" free="0" total="7733248" percent="0" />
    </mem>
    <mem type="tenure" free="12484560" total="47185920" percent="26">
      <mem type="soa" free="10125264" total="44826624" percent="22" />
      <mem type="loa" free="2359296" total="2359296" percent="100" />
    </mem>
    <remembered-set count="15930" />
  </mem-info>
</gc-start>
<allocation-stats totalBytes="24383648" >
  <allocated-bytes non-tlh="337608" tlh="24046040" />
  <largest-consumer threadName="server.startup : 1" threadId="000000000404DE00" bytes="23661432" />
</allocation-stats>
<gc-op id="681" type="scavenge" timems="8.961" contextid="678" timestamp="2020-05-10T03:09:16.071">
  <scavenger-info tenureage="3" tenuremask="ffe8" tiltratio="79" />
  <memory-copied type="nursery" objects="109527" bytes="7624072" bytesdiscarded="100232" />
  <memory-copied type="tenure" objects="26253" bytes="1767648" bytesdiscarded="19560" />
  <copy-failed type="nursery" objects="395" bytes="455672" />
  <finalization candidates="1822" enqueued="1154" />
  <ownableSynchronizers candidates="197" cleared="0" />
  <references type="soft" candidates="467" cleared="0" enqueued="0" dynamicThreshold="9" maxThreshold="32" />
  <references type="weak" candidates="801" cleared="59" enqueued="59" />
  <references type="phantom" candidates="2" cleared="0" enqueued="0" />
</gc-op>
<heap-resize id="682" type="expand" space="nursery" amount="1572864" count="1" timems="0.066" reason="excessive time being spent scavenging" timestamp="2020-05-10T03:09:16.072" />
<gc-end id="683" type="scavenge" contextid="678" durationms="10.474" usertimems="26.821" systemtimems="0.000" timestamp="2020-05-10T03:09:16.072" activeThreads="8">
  <mem-info id="684" free="30397168" total="86900736" percent="34">
    <mem type="nursery" free="19791872" total="39714816" percent="49">
      <mem type="allocate" free="19791872" total="27525120" percent="71" />
      <mem type="survivor" free="0" total="12189696" percent="0" />
    </mem>
    <mem type="tenure" free="10605296" total="47185920" percent="22">
      <mem type="soa" free="8246000" total="44826624" percent="18" />
      <mem type="loa" free="2359296" total="2359296" percent="100" />
    </mem>
    <pending-finalizers system="1152" default="2" reference="59" classloader="0" />
    <remembered-set count="8667" />
  </mem-info>
</gc-end>
<cycle-end id="685" type="scavenge" contextid="678" timestamp="2020-05-10T03:09:16.072" />
<allocation-satisfied id="686" threadId="000000000404DE00" bytesRequested="8200" />
<af-end id="687" timestamp="2020-05-10T03:09:16.073" threadId="000000000404E780" success="true" from="nursery"/>
<exclusive-end id="688" timestamp="2020-05-10T03:09:16.073" durationms="13.416" />

<exclusive-start id="689" timestamp="2020-05-10T03:09:16.120" intervalms="60.387">
  <response-info timems="0.059" idlems="0.059" threads="0" lastid="000000000404DE00" lastname="server.startup : 1" />
</exclusive-start>
<af-start id="690" threadId="000000000404E780" totalBytesRequested="8200" timestamp="2020-05-10T03:09:16.121" intervalms="60.314" type="nursery" />
<cycle-start id="691" type="scavenge" contextid="0" timestamp="2020-05-10T03:09:16.121" intervalms="60.210" />
<gc-start id="692" type="scavenge" contextid="691" timestamp="2020-05-10T03:09:16.122">
  <mem-info id="693" free="10604456" total="86900736" percent="12">
    <mem type="nursery" free="0" total="39714816" percent="0">
      <mem type="allocate" free="0" total="27525120" percent="0" />
      <mem type="survivor" free="0" total="12189696" percent="0" />
    </mem>
    <mem type="tenure" free="10604456" total="47185920" percent="22">
      <mem type="soa" free="8245160" total="44826624" percent="18" />
      <mem type="loa" free="2359296" total="2359296" percent="100" />
    </mem>
    <remembered-set count="8701" />
  </mem-info>
</gc-start>
<allocation-stats totalBytes="19673224" >
  <allocated-bytes non-tlh="50016" tlh="19623208" />
  <largest-consumer threadName="server.startup : 1" threadId="000000000404DE00" bytes="18942040" />
</allocation-stats>
<gc-op id="694" type="scavenge" timems="6.661" contextid="691" timestamp="2020-05-10T03:09:16.129">
  <scavenger-info tenureage="5" tenuremask="ffe0" tiltratio="69" />
  <memory-copied type="nursery" objects="112676" bytes="8810640" bytesdiscarded="223200" />
  <finalization candidates="2295" enqueued="1650" />
  <ownableSynchronizers candidates="127" cleared="0" />
  <references type="soft" candidates="467" cleared="0" enqueued="0" dynamicThreshold="9" maxThreshold="32" />
  <references type="weak" candidates="754" cleared="5" enqueued="5" />
  <references type="phantom" candidates="2" cleared="0" enqueued="0" />
</gc-op>
<heap-resize id="695" type="expand" space="nursery" amount="2228224" count="1" timems="0.155" reason="excessive time being spent scavenging" timestamp="2020-05-10T03:09:16.129" />
<gc-end id="696" type="scavenge" contextid="691" durationms="8.212" usertimems="18.303" systemtimems="6.459" timestamp="2020-05-10T03:09:16.130" activeThreads="8">
  <mem-info id="697" free="31968184" total="89128960" percent="35">
    <mem type="nursery" free="21363728" total="41943040" percent="50">
      <mem type="allocate" free="21363728" total="30408704" percent="70" />
      <mem type="survivor" free="0" total="11534336" percent="0" />
    </mem>
    <mem type="tenure" free="10604456" total="47185920" percent="22">
      <mem type="soa" free="8245160" total="44826624" percent="18" />
      <mem type="loa" free="2359296" total="2359296" percent="100" />
    </mem>
    <pending-finalizers system="1650" default="0" reference="5" classloader="0" />
    <remembered-set count="7714" />
  </mem-info>
</gc-end>
<cycle-end id="698" type="scavenge" contextid="691" timestamp="2020-05-10T03:09:16.130" />
<allocation-satisfied id="699" threadId="000000000404DE00" bytesRequested="8200" />
<af-end id="700" timestamp="2020-05-10T03:09:16.131" threadId="000000000404E780" success="true" from="nursery"/>
<exclusive-end id="701" timestamp="2020-05-10T03:09:16.131" durationms="11.023" />

<exclusive-start id="702" timestamp="2020-05-10T03:09:16.175" intervalms="54.567">
  <response-info timems="0.062" idlems="0.062" threads="0" lastid="000000000404DE00" lastname="server.startup : 1" />
</exclusive-start>
<af-start id="703" threadId="000000000404E780" totalBytesRequested="8200" timestamp="2020-05-10T03:09:16.175" intervalms="54.638" type="nursery" />
<cycle-start id="704" type="scavenge" contextid="0" timestamp="2020-05-10T03:09:16.176" intervalms="54.769" />
<gc-start id="705" type="scavenge" contextid="704" timestamp="2020-05-10T03:09:16.177">
  <mem-info id="706" free="10603792" total="89128960" percent="11">
    <mem type="nursery" free="0" total="41943040" percent="0">
      <mem type="allocate" free="0" total="30408704" percent="0" />
      <mem type="survivor" free="0" total="11534336" percent="0" />
    </mem>
    <mem type="tenure" free="10603792" total="47185920" percent="22">
      <mem type="soa" free="8244496" total="44826624" percent="18" />
      <mem type="loa" free="2359296" total="2359296" percent="100" />
    </mem>
    <remembered-set count="7728" />
  </mem-info>
</gc-start>
<allocation-stats totalBytes="21061360" >
  <allocated-bytes non-tlh="223624" tlh="20837736" />
  <largest-consumer threadName="server.startup : 1" threadId="000000000404DE00" bytes="20534728" />
</allocation-stats>
<gc-op id="707" type="scavenge" timems="8.783" contextid="704" timestamp="2020-05-10T03:09:16.186">
  <scavenger-info tenureage="3" tenuremask="fff8" tiltratio="72" />
  <memory-copied type="nursery" objects="47389" bytes="5742184" bytesdiscarded="262464" />
  <memory-copied type="tenure" objects="77036" bytes="4031936" bytesdiscarded="1864" />
  <finalization candidates="2342" enqueued="1696" />
  <ownableSynchronizers candidates="130" cleared="0" />
  <references type="soft" candidates="10" cleared="0" enqueued="0" dynamicThreshold="9" maxThreshold="32" />
  <references type="weak" candidates="23" cleared="0" enqueued="0" />
</gc-op>
<heap-resize id="708" type="expand" space="nursery" amount="3407872" count="1" timems="0.130" reason="excessive time being spent scavenging" timestamp="2020-05-10T03:09:16.187" />
<gc-end id="709" type="scavenge" contextid="704" durationms="10.503" usertimems="19.477" systemtimems="3.921" timestamp="2020-05-10T03:09:16.187" activeThreads="8">
  <mem-info id="710" free="34313760" total="92536832" percent="37">
    <mem type="nursery" free="27804632" total="45350912" percent="61">
      <mem type="allocate" free="27804632" total="33816576" percent="82" />
      <mem type="survivor" free="0" total="11534336" percent="0" />
    </mem>
    <mem type="tenure" free="6509128" total="47185920" percent="13">
      <mem type="soa" free="4149832" total="44826624" percent="9" />
      <mem type="loa" free="2359296" total="2359296" percent="100" />
    </mem>
    <pending-finalizers system="1695" default="1" reference="0" classloader="0" />
    <remembered-set count="2384" />
  </mem-info>
</gc-end>
<cycle-end id="711" type="scavenge" contextid="704" timestamp="2020-05-10T03:09:16.188" />
<allocation-satisfied id="712" threadId="000000000404DE00" bytesRequested="8200" />
<af-end id="713" timestamp="2020-05-10T03:09:16.188" threadId="000000000404E780" success="true" from="nursery"/>
<exclusive-end id="714" timestamp="2020-05-10T03:09:16.189" durationms="13.857" />

<concurrent-kickoff id="715" timestamp="2020-05-10T03:09:16.236">
  <kickoff reason="threshold reached" targetBytes="15471923" thresholdFreeBytes="2146641"  remainingFree="2015984" tenureFreeBytes="6492400" nurseryFreeBytes="2015984" />
</concurrent-kickoff>
<exclusive-start id="716" timestamp="2020-05-10T03:09:16.237" intervalms="62.218">
  <response-info timems="0.102" idlems="0.102" threads="0" lastid="000000000404DE00" lastname="server.startup : 1" />
</exclusive-start>
<cycle-start id="717" type="global" contextid="0" timestamp="2020-05-10T03:09:16.237" intervalms="1784.688" />
<exclusive-end id="718" timestamp="2020-05-10T03:09:16.238" durationms="0.660" />

<exclusive-start id="719" timestamp="2020-05-10T03:09:16.268" intervalms="31.234">
  <response-info timems="0.376" idlems="0.331" threads="1" lastid="0000000002252E00" lastname="Concurrent Mark Helper" />
</exclusive-start>
<af-start id="720" threadId="000000000404AB80" totalBytesRequested="4104" timestamp="2020-05-10T03:09:16.269" intervalms="93.363" type="nursery" />
<cycle-start id="721" type="scavenge" contextid="0" timestamp="2020-05-10T03:09:16.269" intervalms="93.213" />
<gc-start id="722" type="scavenge" contextid="721" timestamp="2020-05-10T03:09:16.270">
  <mem-info id="723" free="6492400" total="92536832" percent="7">
    <mem type="nursery" free="0" total="45350912" percent="0">
      <mem type="allocate" free="0" total="33816576" percent="0" />
      <mem type="survivor" free="0" total="11534336" percent="0" />
    </mem>
    <mem type="tenure" free="6492400" total="47185920" percent="13">
      <mem type="soa" free="4133104" total="44826624" percent="9" />
      <mem type="loa" free="2359296" total="2359296" percent="100" />
    </mem>
    <remembered-set count="2685" />
  </mem-info>
</gc-start>
<allocation-stats totalBytes="27725760" >
  <allocated-bytes non-tlh="586312" tlh="27139448" />
  <largest-consumer threadName="server.startup : 1" threadId="000000000404DE00" bytes="26754640" />
</allocation-stats>
<gc-op id="724" type="scavenge" timems="4.643" contextid="721" timestamp="2020-05-10T03:09:16.275">
  <scavenger-info tenureage="3" tenuremask="ffc8" tiltratio="74" />
  <memory-copied type="nursery" objects="29381" bytes="5699664" bytesdiscarded="210552" />
  <memory-copied type="tenure" objects="29480" bytes="1556864" bytesdiscarded="608" />
  <finalization candidates="2270" enqueued="2237" />
  <ownableSynchronizers candidates="8" cleared="0" />
  <references type="soft" candidates="11" cleared="0" enqueued="0" dynamicThreshold="9" maxThreshold="32" />
  <references type="weak" candidates="22" cleared="2" enqueued="2" />
</gc-op>
<gc-end id="725" type="scavenge" contextid="721" durationms="6.050" usertimems="11.235" systemtimems="4.800" timestamp="2020-05-10T03:09:16.276" activeThreads="8">
  <mem-info id="726" free="34433136" total="92536832" percent="37">
    <mem type="nursery" free="29601184" total="45350912" percent="65">
      <mem type="allocate" free="29601184" total="35520512" percent="83" />
      <mem type="survivor" free="0" total="9830400" percent="0" />
    </mem>
    <mem type="tenure" free="4831952" total="47185920" percent="10">
      <mem type="soa" free="2472656" total="44826624" percent="5" />
      <mem type="loa" free="2359296" total="2359296" percent="100" />
    </mem>
    <pending-finalizers system="2236" default="1" reference="2" classloader="0" />
    <remembered-set count="703" />
  </mem-info>
</gc-end>
<cycle-end id="727" type="scavenge" contextid="721" timestamp="2020-05-10T03:09:16.276" />
<allocation-satisfied id="728" threadId="000000000404A200" bytesRequested="4104" />
<af-end id="729" timestamp="2020-05-10T03:09:16.277" threadId="000000000404AB80" success="true" from="nursery"/>
<exclusive-end id="730" timestamp="2020-05-10T03:09:16.277" durationms="9.066" />

<exclusive-start id="731" timestamp="2020-05-10T03:09:16.281" intervalms="12.251">
  <response-info timems="0.238" idlems="0.158" threads="1" lastid="000000000404A200" lastname="server.startup : 0" />
</exclusive-start>
<concurrent-collection-start id="732" timestamp="2020-05-10T03:09:16.281" intervalms="1786.440" >
  <concurrent-trace-info reason="card cleaning threshold reached" tracedByMutators="10760216" tracedByHelpers="12466304" cardsCleaned="178" workStackOverflowCount="0" />
</concurrent-collection-start>
<gc-start id="733" type="global" contextid="717" timestamp="2020-05-10T03:09:16.282">
  <mem-info id="734" free="34101272" total="92536832" percent="36">
    <mem type="nursery" free="29269400" total="45350912" percent="64">
      <mem type="allocate" free="29269400" total="35520512" percent="82" />
      <mem type="survivor" free="0" total="9830400" percent="0" />
    </mem>
    <mem type="tenure" free="4831872" total="47185920" percent="10">
      <mem type="soa" free="2472576" total="44826624" percent="5" />
      <mem type="loa" free="2359296" total="2359296" percent="100" />
    </mem>
    <remembered-set count="710" />
  </mem-info>
</gc-start>
<allocation-stats totalBytes="330944" >
  <allocated-bytes non-tlh="4184" tlh="326760" />
  <largest-consumer threadName="server.startup : 1" threadId="000000000404DE00" bytes="208008" />
</allocation-stats>
<gc-op id="735" type="rs-scan" timems="2.489" contextid="717" timestamp="2020-05-10T03:09:16.285">
  <scan objectsFound="465" bytesTraced="490736" workStackOverflowCount="0" />
</gc-op>
<gc-op id="736" type="card-cleaning" timems="1.582" contextid="717" timestamp="2020-05-10T03:09:16.287">
  <card-cleaning cardsCleaned="5" bytesTraced="348280" workStackOverflowCount="0" />
</gc-op>
<gc-op id="737" type="mark" timems="9.952" contextid="717" timestamp="2020-05-10T03:09:16.297">
  <trace-info objectcount="525" scancount="480" scanbytes="12956" />
  <finalization candidates="1127" enqueued="21" />
  <ownableSynchronizers candidates="1604" cleared="4" />
  <references type="soft" candidates="10333" cleared="0" enqueued="0" dynamicThreshold="9" maxThreshold="32" />
  <references type="weak" candidates="4282" cleared="2" enqueued="1" />
  <references type="phantom" candidates="20" cleared="0" enqueued="0" />
  <stringconstants candidates="56370" cleared="77"  />
</gc-op>
<gc-op id="738" type="classunload" timems="0.076" contextid="717" timestamp="2020-05-10T03:09:16.297">
  <classunload-info classloadercandidates="363" classloadersunloaded="1" classesunloaded="0" anonymousclassesunloaded="0" quiescems="0.000" setupms="0.046" scanms="0.015" postms="0.015" />
</gc-op>
<gc-op id="739" type="sweep" timems="1.164" contextid="717" timestamp="2020-05-10T03:09:16.299" />
<heap-resize id="740" type="expand" space="tenure" amount="11337728" count="1" timems="0.173" reason="insufficient free space following gc" timestamp="2020-05-10T03:09:16.299" />
<gc-end id="741" type="global" contextid="717" durationms="18.239" usertimems="23.135" systemtimems="9.897" timestamp="2020-05-10T03:09:16.300" activeThreads="8">
  <mem-info id="742" free="51943128" total="103874560" percent="50">
    <mem type="nursery" free="34341528" total="45350912" percent="75">
      <mem type="allocate" free="34341528" total="35520512" percent="96" />
      <mem type="survivor" free="0" total="9830400" percent="0" />
    </mem>
    <mem type="tenure" free="17601600" total="58523648" percent="30" micro-fragmented="288515" macro-fragmented="0">
      <mem type="soa" free="14675008" total="55597056" percent="26" />
      <mem type="loa" free="2926592" total="2926592" percent="100" />
    </mem>
    <pending-finalizers system="21" default="0" reference="1" classloader="0" />
    <remembered-set count="581" />
  </mem-info>
</gc-end>
<cycle-end id="743" type="global" contextid="717" timestamp="2020-05-10T03:09:16.300" />
<concurrent-collection-end id="744" timestamp="2020-05-10T03:09:16.300" />
<exclusive-end id="745" timestamp="2020-05-10T03:09:16.301" durationms="20.192" />

<exclusive-start id="746" timestamp="2020-05-10T03:09:16.907" intervalms="626.733">
  <response-info timems="0.090" idlems="0.090" threads="0" lastid="000000000404CE00" lastname="LocalNotificationServiceDispatcher : 0" />
</exclusive-start>
<af-start id="747" threadId="000000000404D780" totalBytesRequested="64" timestamp="2020-05-10T03:09:16.908" intervalms="638.909" type="nursery" />
<cycle-start id="748" type="scavenge" contextid="0" timestamp="2020-05-10T03:09:16.908" intervalms="638.913" />
<gc-start id="749" type="scavenge" contextid="748" timestamp="2020-05-10T03:09:16.908">
  <mem-info id="750" free="17468848" total="103874560" percent="16">
    <mem type="nursery" free="0" total="45350912" percent="0">
      <mem type="allocate" free="0" total="35520512" percent="0" />
      <mem type="survivor" free="0" total="9830400" percent="0" />
    </mem>
    <mem type="tenure" free="17468848" total="58523648" percent="29">
      <mem type="soa" free="14542256" total="55597056" percent="26" />
      <mem type="loa" free="2926592" total="2926592" percent="100" />
    </mem>
    <remembered-set count="1769" />
  </mem-info>
</gc-start>
<allocation-stats totalBytes="34382792" >
  <allocated-bytes non-tlh="286368" tlh="34096424" />
  <largest-consumer threadName="server.startup : 1" threadId="000000000404DE00" bytes="27943160" />
</allocation-stats>
<gc-op id="751" type="scavenge" timems="3.710" contextid="748" timestamp="2020-05-10T03:09:16.913">
  <scavenger-info tenureage="14" tenuremask="4000" tiltratio="78" />
  <memory-copied type="nursery" objects="43806" bytes="5468728" bytesdiscarded="249544" />
  <finalization candidates="2408" enqueued="2374" />
  <ownableSynchronizers candidates="3211" cleared="3197" />
  <references type="soft" candidates="12" cleared="0" enqueued="0" dynamicThreshold="9" maxThreshold="32" />
  <references type="weak" candidates="40" cleared="8" enqueued="8" />
</gc-op>
<gc-end id="752" type="scavenge" contextid="748" durationms="4.720" usertimems="11.534" systemtimems="0.000" timestamp="2020-05-10T03:09:16.913" activeThreads="8">
  <mem-info id="753" free="47915672" total="103874560" percent="46">
    <mem type="nursery" free="30446824" total="45350912" percent="67">
      <mem type="allocate" free="30446824" total="36175872" percent="84" />
      <mem type="survivor" free="0" total="9175040" percent="0" />
    </mem>
    <mem type="tenure" free="17468848" total="58523648" percent="29">
      <mem type="soa" free="14542256" total="55597056" percent="26" />
      <mem type="loa" free="2926592" total="2926592" percent="100" />
    </mem>
    <pending-finalizers system="2367" default="7" reference="8" classloader="0" />
    <remembered-set count="1656" />
  </mem-info>
</gc-end>
<cycle-end id="754" type="scavenge" contextid="748" timestamp="2020-05-10T03:09:16.914" />
<allocation-satisfied id="755" threadId="000000000404CE00" bytesRequested="64" />
<af-end id="756" timestamp="2020-05-10T03:09:16.914" threadId="000000000404D780" success="true" from="nursery"/>
<exclusive-end id="757" timestamp="2020-05-10T03:09:16.915" durationms="7.509" />

<exclusive-start id="758" timestamp="2020-05-10T03:09:18.474" intervalms="1566.847">
  <response-info timems="0.212" idlems="0.212" threads="0" lastid="00000000045B8100" lastname="pool-2-thread-8" />
</exclusive-start>
<af-start id="759" threadId="00000000045B8A80" totalBytesRequested="24" timestamp="2020-05-10T03:09:18.475" intervalms="1567.129" type="nursery" />
<cycle-start id="760" type="scavenge" contextid="0" timestamp="2020-05-10T03:09:18.475" intervalms="1567.181" />
<gc-start id="761" type="scavenge" contextid="760" timestamp="2020-05-10T03:09:18.476">
  <mem-info id="762" free="17052824" total="103874560" percent="16">
    <mem type="nursery" free="0" total="45350912" percent="0">
      <mem type="allocate" free="0" total="36175872" percent="0" />
      <mem type="survivor" free="0" total="9175040" percent="0" />
    </mem>
    <mem type="tenure" free="17052824" total="58523648" percent="29">
      <mem type="soa" free="14126232" total="55597056" percent="25" />
      <mem type="loa" free="2926592" total="2926592" percent="100" />
    </mem>
    <remembered-set count="6891" />
  </mem-info>
</gc-start>
<allocation-stats totalBytes="30811048" >
  <allocated-bytes non-tlh="406808" tlh="30404240" />
  <largest-consumer threadName="server.startup : 2" threadId="0000000004051A00" bytes="15581848" />
</allocation-stats>
<gc-op id="763" type="scavenge" timems="4.917" contextid="760" timestamp="2020-05-10T03:09:18.481">
  <scavenger-info tenureage="3" tenuremask="4008" tiltratio="79" />
  <memory-copied type="nursery" objects="96478" bytes="3965824" bytesdiscarded="202952" />
  <memory-copied type="tenure" objects="11655" bytes="542112" bytesdiscarded="3440" />
  <finalization candidates="395" enqueued="310" />
  <ownableSynchronizers candidates="277" cleared="14" />
  <references type="soft" candidates="1080" cleared="0" enqueued="0" dynamicThreshold="9" maxThreshold="32" />
  <references type="weak" candidates="1067" cleared="519" enqueued="486" />
</gc-op>
<gc-end id="764" type="scavenge" contextid="760" durationms="6.036" usertimems="16.874" systemtimems="1.261" timestamp="2020-05-10T03:09:18.482" activeThreads="8">
  <mem-info id="765" free="48858464" total="103874560" percent="47">
    <mem type="nursery" free="32582112" total="45350912" percent="71">
      <mem type="allocate" free="32582112" total="36765696" percent="88" />
      <mem type="survivor" free="0" total="8585216" percent="0" />
    </mem>
    <mem type="tenure" free="16276352" total="58523648" percent="27">
      <mem type="soa" free="13349760" total="55597056" percent="24" />
      <mem type="loa" free="2926592" total="2926592" percent="100" />
    </mem>
    <pending-finalizers system="306" default="4" reference="486" classloader="0" />
    <remembered-set count="6265" />
  </mem-info>
</gc-end>
<cycle-end id="766" type="scavenge" contextid="760" timestamp="2020-05-10T03:09:18.482" />
<allocation-satisfied id="767" threadId="00000000045B8100" bytesRequested="24" />
<af-end id="768" timestamp="2020-05-10T03:09:18.483" threadId="00000000045B8A80" success="true" from="nursery"/>
<exclusive-end id="769" timestamp="2020-05-10T03:09:18.483" durationms="9.379" />

<exclusive-start id="770" timestamp="2020-05-10T03:09:19.973" intervalms="1499.167">
  <response-info timems="0.061" idlems="0.061" threads="0" lastid="000000000404DE00" lastname="server.startup : 1" />
</exclusive-start>
<af-start id="771" threadId="000000000404E780" totalBytesRequested="80" timestamp="2020-05-10T03:09:19.974" intervalms="1498.959" type="nursery" />
<cycle-start id="772" type="scavenge" contextid="0" timestamp="2020-05-10T03:09:19.974" intervalms="1499.054" />
<gc-start id="773" type="scavenge" contextid="772" timestamp="2020-05-10T03:09:19.975">
  <mem-info id="774" free="16099624" total="103874560" percent="15">
    <mem type="nursery" free="0" total="45350912" percent="0">
      <mem type="allocate" free="0" total="36765696" percent="0" />
      <mem type="survivor" free="0" total="8585216" percent="0" />
    </mem>
    <mem type="tenure" free="16099624" total="58523648" percent="27">
      <mem type="soa" free="13173032" total="55597056" percent="23" />
      <mem type="loa" free="2926592" total="2926592" percent="100" />
    </mem>
    <remembered-set count="8385" />
  </mem-info>
</gc-start>
<allocation-stats totalBytes="32732888" >
  <allocated-bytes non-tlh="241704" tlh="32491184" />
  <largest-consumer threadName="server.startup : 1" threadId="000000000404DE00" bytes="18485760" />
</allocation-stats>
<gc-op id="775" type="scavenge" timems="6.853" contextid="772" timestamp="2020-05-10T03:09:19.982">
  <scavenger-info tenureage="14" tenuremask="4000" tiltratio="81" />
  <memory-copied type="nursery" objects="84876" bytes="3822016" bytesdiscarded="212672" />
  <finalization candidates="425" enqueued="356" />
  <ownableSynchronizers candidates="381" cleared="66" />
  <references type="soft" candidates="1246" cleared="0" enqueued="0" dynamicThreshold="9" maxThreshold="32" />
  <references type="weak" candidates="689" cleared="143" enqueued="141" />
</gc-op>
<gc-end id="776" type="scavenge" contextid="772" durationms="7.967" usertimems="10.283" systemtimems="4.124" timestamp="2020-05-10T03:09:19.983" activeThreads="8">
  <mem-info id="777" free="49677736" total="103874560" percent="47">
    <mem type="nursery" free="33578112" total="45350912" percent="74">
      <mem type="allocate" free="33578112" total="37617664" percent="89" />
      <mem type="survivor" free="0" total="7733248" percent="0" />
    </mem>
    <mem type="tenure" free="16099624" total="58523648" percent="27">
      <mem type="soa" free="13173032" total="55597056" percent="23" />
      <mem type="loa" free="2926592" total="2926592" percent="100" />
    </mem>
    <pending-finalizers system="351" default="5" reference="141" classloader="0" />
    <remembered-set count="7197" />
  </mem-info>
</gc-end>
<cycle-end id="778" type="scavenge" contextid="772" timestamp="2020-05-10T03:09:19.983" />
<allocation-satisfied id="779" threadId="000000000404DE00" bytesRequested="80" />
<af-end id="780" timestamp="2020-05-10T03:09:19.984" threadId="000000000404E780" success="true" from="nursery"/>
<exclusive-end id="781" timestamp="2020-05-10T03:09:19.984" durationms="11.200" />

<exclusive-start id="782" timestamp="2020-05-10T03:09:20.941" intervalms="967.356">
  <response-info timems="0.146" idlems="0.146" threads="0" lastid="000000000404DE00" lastname="server.startup : 1" />
</exclusive-start>
<af-start id="783" threadId="000000000404E780" totalBytesRequested="24" timestamp="2020-05-10T03:09:20.941" intervalms="967.465" type="nursery" />
<cycle-start id="784" type="scavenge" contextid="0" timestamp="2020-05-10T03:09:20.942" intervalms="967.455" />
<gc-start id="785" type="scavenge" contextid="784" timestamp="2020-05-10T03:09:20.942">
  <mem-info id="786" free="15945944" total="103874560" percent="15">
    <mem type="nursery" free="0" total="45350912" percent="0">
      <mem type="allocate" free="0" total="37617664" percent="0" />
      <mem type="survivor" free="0" total="7733248" percent="0" />
    </mem>
    <mem type="tenure" free="15945944" total="58523648" percent="27">
      <mem type="soa" free="13019352" total="55597056" percent="23" />
      <mem type="loa" free="2926592" total="2926592" percent="100" />
    </mem>
    <remembered-set count="9879" />
  </mem-info>
</gc-start>
<allocation-stats totalBytes="33684992" >
  <allocated-bytes non-tlh="392408" tlh="33292584" />
  <largest-consumer threadName="server.startup : 1" threadId="000000000404DE00" bytes="29059368" />
</allocation-stats>
<gc-op id="787" type="scavenge" timems="11.025" contextid="784" timestamp="2020-05-10T03:09:20.954">
  <scavenger-info tenureage="4" tenuremask="4010" tiltratio="82" />
  <memory-copied type="nursery" objects="182334" bytes="7687616" bytesdiscarded="42056" />
  <memory-copied type="tenure" objects="32435" bytes="3154176" bytesdiscarded="10752" />
  <copy-failed type="nursery" objects="22347" bytes="2665984" />
  <finalization candidates="1265" enqueued="1172" />
  <ownableSynchronizers candidates="332" cleared="1" />
  <references type="soft" candidates="1246" cleared="0" enqueued="0" dynamicThreshold="9" maxThreshold="32" />
  <references type="weak" candidates="603" cleared="34" enqueued="34" />
  <references type="phantom" candidates="2" cleared="0" enqueued="0" />
</gc-op>
<gc-end id="788" type="scavenge" contextid="784" durationms="12.220" usertimems="34.842" systemtimems="2.906" timestamp="2020-05-10T03:09:20.954" activeThreads="8">
  <mem-info id="789" free="31430952" total="103874560" percent="30">
    <mem type="nursery" free="18677760" total="45350912" percent="41">
      <mem type="allocate" free="18677760" total="26411008" percent="70" />
      <mem type="survivor" free="0" total="18939904" percent="0" />
    </mem>
    <mem type="tenure" free="12753192" total="58523648" percent="21">
      <mem type="soa" free="9826600" total="55597056" percent="17" />
      <mem type="loa" free="2926592" total="2926592" percent="100" />
    </mem>
    <pending-finalizers system="1164" default="8" reference="34" classloader="0" />
    <remembered-set count="19657" />
  </mem-info>
</gc-end>
<cycle-end id="790" type="scavenge" contextid="784" timestamp="2020-05-10T03:09:20.955" />
<allocation-satisfied id="791" threadId="000000000404DE00" bytesRequested="24" />
<af-end id="792" timestamp="2020-05-10T03:09:20.956" threadId="000000000404E780" success="true" from="nursery"/>
<exclusive-end id="793" timestamp="2020-05-10T03:09:20.956" durationms="15.286" />

<exclusive-start id="794" timestamp="2020-05-10T03:09:21.066" intervalms="125.057">
  <response-info timems="0.203" idlems="0.203" threads="0" lastid="000000000355B800" lastname="NotificationServiceDispatcher : 2" />
</exclusive-start>
<af-start id="795" threadId="000000000355C180" totalBytesRequested="48" timestamp="2020-05-10T03:09:21.066" intervalms="124.893" type="nursery" />
<cycle-start id="796" type="scavenge" contextid="0" timestamp="2020-05-10T03:09:21.066" intervalms="124.722" />
<gc-start id="797" type="scavenge" contextid="796" timestamp="2020-05-10T03:09:21.067">
  <mem-info id="798" free="12750992" total="103874560" percent="12">
    <mem type="nursery" free="0" total="45350912" percent="0">
      <mem type="allocate" free="0" total="26411008" percent="0" />
      <mem type="survivor" free="0" total="18939904" percent="0" />
    </mem>
    <mem type="tenure" free="12750992" total="58523648" percent="21">
      <mem type="soa" free="9824400" total="55597056" percent="17" />
      <mem type="loa" free="2926592" total="2926592" percent="100" />
    </mem>
    <remembered-set count="19711" />
  </mem-info>
</gc-start>
<allocation-stats totalBytes="18646800" >
  <allocated-bytes non-tlh="67768" tlh="18579032" />
  <largest-consumer threadName="server.startup : 1" threadId="000000000404DE00" bytes="17589040" />
</allocation-stats>
<gc-op id="799" type="scavenge" timems="11.965" contextid="796" timestamp="2020-05-10T03:09:21.079">
  <scavenger-info tenureage="3" tenuremask="4018" tiltratio="58" />
  <memory-copied type="nursery" objects="198753" bytes="10461264" bytesdiscarded="129344" />
  <memory-copied type="tenure" objects="43555" bytes="1736504" bytesdiscarded="408" />
  <finalization candidates="1158" enqueued="1073" />
  <ownableSynchronizers candidates="331" cleared="0" />
  <references type="soft" candidates="175" cleared="0" enqueued="0" dynamicThreshold="9" maxThreshold="32" />
  <references type="weak" candidates="164" cleared="18" enqueued="18" />
  <references type="phantom" candidates="2" cleared="0" enqueued="0" />
</gc-op>
<heap-resize id="800" type="expand" space="nursery" amount="2490368" count="1" timems="0.062" reason="excessive time being spent scavenging" timestamp="2020-05-10T03:09:21.080" />
<gc-end id="801" type="scavenge" contextid="796" durationms="13.517" usertimems="31.777" systemtimems="2.317" timestamp="2020-05-10T03:09:21.080" activeThreads="8">
  <mem-info id="802" free="32835344" total="106364928" percent="30">
    <mem type="nursery" free="22040592" total="47841280" percent="46">
      <mem type="allocate" free="22040592" total="32636928" percent="67" />
      <mem type="survivor" free="0" total="15204352" percent="0" />
    </mem>
    <mem type="tenure" free="10794752" total="58523648" percent="18">
      <mem type="soa" free="7868160" total="55597056" percent="14" />
      <mem type="loa" free="2926592" total="2926592" percent="100" />
    </mem>
    <pending-finalizers system="1073" default="0" reference="18" classloader="0" />
    <remembered-set count="17189" />
  </mem-info>
</gc-end>
<cycle-end id="803" type="scavenge" contextid="796" timestamp="2020-05-10T03:09:21.081" />
<allocation-satisfied id="804" threadId="000000000355B800" bytesRequested="48" />
<af-end id="805" timestamp="2020-05-10T03:09:21.082" threadId="000000000355C180" success="true" from="nursery"/>
<exclusive-end id="806" timestamp="2020-05-10T03:09:21.082" durationms="16.284" />

<exclusive-start id="807" timestamp="2020-05-10T03:09:21.196" intervalms="130.349">
  <response-info timems="0.051" idlems="0.051" threads="0" lastid="000000000404DE00" lastname="server.startup : 1" />
</exclusive-start>
<af-start id="808" threadId="000000000404E780" totalBytesRequested="8200" timestamp="2020-05-10T03:09:21.197" intervalms="130.686" type="nursery" />
<cycle-start id="809" type="scavenge" contextid="0" timestamp="2020-05-10T03:09:21.197" intervalms="130.980" />
<gc-start id="810" type="scavenge" contextid="809" timestamp="2020-05-10T03:09:21.198">
  <mem-info id="811" free="10792664" total="106364928" percent="10">
    <mem type="nursery" free="0" total="47841280" percent="0">
      <mem type="allocate" free="0" total="32636928" percent="0" />
      <mem type="survivor" free="0" total="15204352" percent="0" />
    </mem>
    <mem type="tenure" free="10792664" total="58523648" percent="18">
      <mem type="soa" free="7866072" total="55597056" percent="14" />
      <mem type="loa" free="2926592" total="2926592" percent="100" />
    </mem>
    <remembered-set count="17269" />
  </mem-info>
</gc-start>
<allocation-stats totalBytes="21993712" >
  <allocated-bytes non-tlh="141416" tlh="21852296" />
  <largest-consumer threadName="server.startup : 1" threadId="000000000404DE00" bytes="21241504" />
</allocation-stats>
<gc-op id="812" type="scavenge" timems="9.633" contextid="809" timestamp="2020-05-10T03:09:21.209">
  <scavenger-info tenureage="8" tenuremask="6100" tiltratio="68" />
  <memory-copied type="nursery" objects="245066" bytes="12786384" bytesdiscarded="188872" />
  <memory-copied type="tenure" objects="1715" bytes="84952" bytesdiscarded="8" />
  <finalization candidates="1562" enqueued="1518" />
  <ownableSynchronizers candidates="132" cleared="0" />
  <references type="soft" candidates="175" cleared="0" enqueued="0" dynamicThreshold="9" maxThreshold="32" />
  <references type="weak" candidates="156" cleared="12" enqueued="12" />
  <references type="phantom" candidates="2" cleared="0" enqueued="0" />
</gc-op>
<heap-resize id="813" type="expand" space="nursery" amount="1703936" count="1" timems="0.064" reason="excessive time being spent scavenging" timestamp="2020-05-10T03:09:21.209" />
<gc-end id="814" type="scavenge" contextid="809" durationms="11.729" usertimems="37.003" systemtimems="2.563" timestamp="2020-05-10T03:09:21.210" activeThreads="8">
  <mem-info id="815" free="30381000" total="108068864" percent="28">
    <mem type="nursery" free="19719664" total="49545216" percent="39">
      <mem type="allocate" free="19719664" total="32702464" percent="60" />
      <mem type="survivor" free="0" total="16842752" percent="0" />
    </mem>
    <mem type="tenure" free="10661336" total="58523648" percent="18">
      <mem type="soa" free="7734744" total="55597056" percent="13" />
      <mem type="loa" free="2926592" total="2926592" percent="100" />
    </mem>
    <pending-finalizers system="1518" default="0" reference="12" classloader="0" />
    <remembered-set count="15857" />
  </mem-info>
</gc-end>
<cycle-end id="816" type="scavenge" contextid="809" timestamp="2020-05-10T03:09:21.210" />
<allocation-satisfied id="817" threadId="000000000404DE00" bytesRequested="8200" />
<af-end id="818" timestamp="2020-05-10T03:09:21.211" threadId="000000000404E780" success="true" from="nursery"/>
<exclusive-end id="819" timestamp="2020-05-10T03:09:21.212" durationms="15.816" />

<exclusive-start id="820" timestamp="2020-05-10T03:09:21.271" intervalms="74.881">
  <response-info timems="0.063" idlems="0.063" threads="0" lastid="000000000404DE00" lastname="server.startup : 1" />
</exclusive-start>
<af-start id="821" threadId="000000000404E780" totalBytesRequested="6280" timestamp="2020-05-10T03:09:21.272" intervalms="75.072" type="nursery" />
<cycle-start id="822" type="scavenge" contextid="0" timestamp="2020-05-10T03:09:21.272" intervalms="75.007" />
<gc-start id="823" type="scavenge" contextid="822" timestamp="2020-05-10T03:09:21.273">
  <mem-info id="824" free="10661336" total="108068864" percent="9">
    <mem type="nursery" free="0" total="49545216" percent="0">
      <mem type="allocate" free="0" total="32702464" percent="0" />
      <mem type="survivor" free="0" total="16842752" percent="0" />
    </mem>
    <mem type="tenure" free="10661336" total="58523648" percent="18">
      <mem type="soa" free="7734744" total="55597056" percent="13" />
      <mem type="loa" free="2926592" total="2926592" percent="100" />
    </mem>
    <remembered-set count="15870" />
  </mem-info>
</gc-start>
<allocation-stats totalBytes="19695392" >
  <allocated-bytes non-tlh="222960" tlh="19472432" />
  <largest-consumer threadName="server.startup : 1" threadId="000000000404DE00" bytes="19695392" />
</allocation-stats>
<gc-op id="825" type="scavenge" timems="10.565" contextid="822" timestamp="2020-05-10T03:09:21.285">
  <scavenger-info tenureage="12" tenuremask="7000" tiltratio="66" />
  <memory-copied type="nursery" objects="285491" bytes="14313824" bytesdiscarded="168264" />
  <finalization candidates="1328" enqueued="1284" />
  <ownableSynchronizers candidates="130" cleared="0" />
  <references type="soft" candidates="175" cleared="0" enqueued="0" dynamicThreshold="9" maxThreshold="32" />
  <references type="weak" candidates="160" cleared="17" enqueued="17" />
  <references type="phantom" candidates="2" cleared="0" enqueued="0" />
</gc-op>
<heap-resize id="826" type="expand" space="nursery" amount="3670016" count="1" timems="0.072" reason="excessive time being spent scavenging" timestamp="2020-05-10T03:09:21.285" />
<gc-end id="827" type="scavenge" contextid="822" durationms="12.628" usertimems="42.619" systemtimems="0.166" timestamp="2020-05-10T03:09:21.286" activeThreads="8">
  <mem-info id="828" free="30644648" total="111738880" percent="27">
    <mem type="nursery" free="19983312" total="53215232" percent="37">
      <mem type="allocate" free="19983312" total="34471936" percent="57" />
      <mem type="survivor" free="0" total="18743296" percent="0" />
    </mem>
    <mem type="tenure" free="10661336" total="58523648" percent="18">
      <mem type="soa" free="7734744" total="55597056" percent="13" />
      <mem type="loa" free="2926592" total="2926592" percent="100" />
    </mem>
    <pending-finalizers system="1284" default="0" reference="17" classloader="0" />
    <remembered-set count="15834" />
  </mem-info>
</gc-end>
<cycle-end id="829" type="scavenge" contextid="822" timestamp="2020-05-10T03:09:21.286" />
<allocation-satisfied id="830" threadId="000000000404DE00" bytesRequested="6280" />
<af-end id="831" timestamp="2020-05-10T03:09:21.287" threadId="000000000404E780" success="true" from="nursery"/>
<exclusive-end id="832" timestamp="2020-05-10T03:09:21.287" durationms="16.357" />

<exclusive-start id="833" timestamp="2020-05-10T03:09:21.344" intervalms="72.711">
  <response-info timems="0.057" idlems="0.057" threads="0" lastid="000000000404DE00" lastname="server.startup : 1" />
</exclusive-start>
<af-start id="834" threadId="000000000404E780" totalBytesRequested="8200" timestamp="2020-05-10T03:09:21.344" intervalms="72.375" type="nursery" />
<cycle-start id="835" type="scavenge" contextid="0" timestamp="2020-05-10T03:09:21.345" intervalms="72.386" />
<gc-start id="836" type="scavenge" contextid="835" timestamp="2020-05-10T03:09:21.346">
  <mem-info id="837" free="10661336" total="111738880" percent="9">
    <mem type="nursery" free="0" total="53215232" percent="0">
      <mem type="allocate" free="0" total="34471936" percent="0" />
      <mem type="survivor" free="0" total="18743296" percent="0" />
    </mem>
    <mem type="tenure" free="10661336" total="58523648" percent="18">
      <mem type="soa" free="7734744" total="55597056" percent="13" />
      <mem type="loa" free="2926592" total="2926592" percent="100" />
    </mem>
    <remembered-set count="15844" />
  </mem-info>
</gc-start>
<allocation-stats totalBytes="19960488" >
  <allocated-bytes non-tlh="6280" tlh="19954208" />
  <largest-consumer threadName="server.startup : 1" threadId="000000000404DE00" bytes="19940016" />
</allocation-stats>
<gc-op id="838" type="scavenge" timems="11.735" contextid="835" timestamp="2020-05-10T03:09:21.358">
  <scavenger-info tenureage="4" tenuremask="7830" tiltratio="64" />
  <memory-copied type="nursery" objects="198050" bytes="10419912" bytesdiscarded="163600" />
  <memory-copied type="tenure" objects="109793" bytes="4835128" bytesdiscarded="2024" />
  <finalization candidates="1341" enqueued="1294" />
  <ownableSynchronizers candidates="131" cleared="0" />
  <references type="weak" candidates="14" cleared="5" enqueued="5" />
</gc-op>
<heap-resize id="839" type="expand" space="nursery" amount="4456448" count="1" timems="0.066" reason="excessive time being spent scavenging" timestamp="2020-05-10T03:09:21.359" />
<gc-end id="840" type="scavenge" contextid="835" durationms="13.656" usertimems="42.963" systemtimems="3.878" timestamp="2020-05-10T03:09:21.359" activeThreads="8">
  <mem-info id="841" free="34357848" total="116195328" percent="29">
    <mem type="nursery" free="28470704" total="57671680" percent="49">
      <mem type="allocate" free="28470704" total="39059456" percent="72" />
      <mem type="survivor" free="0" total="18612224" percent="0" />
    </mem>
    <mem type="tenure" free="5887144" total="58523648" percent="10">
      <mem type="soa" free="2960552" total="55597056" percent="5" />
      <mem type="loa" free="2926592" total="2926592" percent="100" />
    </mem>
    <pending-finalizers system="1294" default="0" reference="5" classloader="0" />
    <remembered-set count="4291" />
  </mem-info>
</gc-end>
<cycle-end id="842" type="scavenge" contextid="835" timestamp="2020-05-10T03:09:21.360" />
<allocation-satisfied id="843" threadId="000000000404DE00" bytesRequested="8200" />
<af-end id="844" timestamp="2020-05-10T03:09:21.361" threadId="000000000404E780" success="true" from="nursery"/>
<exclusive-end id="845" timestamp="2020-05-10T03:09:21.361" durationms="17.430" />

<concurrent-kickoff id="846" timestamp="2020-05-10T03:09:21.429">
  <kickoff reason="threshold reached" targetBytes="20918046" thresholdFreeBytes="2901994"  remainingFree="2837064" tenureFreeBytes="5887016" nurseryFreeBytes="2837064" />
</concurrent-kickoff>
<exclusive-start id="847" timestamp="2020-05-10T03:09:21.429" intervalms="85.853">
  <response-info timems="0.066" idlems="0.066" threads="0" lastid="000000000404DE00" lastname="server.startup : 1" />
</exclusive-start>
<cycle-start id="848" type="global" contextid="0" timestamp="2020-05-10T03:09:21.430" intervalms="5192.575" />
<exclusive-end id="849" timestamp="2020-05-10T03:09:21.430" durationms="0.848" />

<exclusive-start id="850" timestamp="2020-05-10T03:09:21.471" intervalms="41.361">
  <response-info timems="0.133" idlems="0.133" threads="0" lastid="000000000404DE00" lastname="server.startup : 1" />
</exclusive-start>
<af-start id="851" threadId="000000000404E780" totalBytesRequested="8200" timestamp="2020-05-10T03:09:21.471" intervalms="127.203" type="nursery" />
<cycle-start id="852" type="scavenge" contextid="0" timestamp="2020-05-10T03:09:21.472" intervalms="127.036" />
<gc-start id="853" type="scavenge" contextid="852" timestamp="2020-05-10T03:09:21.472">
  <mem-info id="854" free="5887016" total="116195328" percent="5">
    <mem type="nursery" free="0" total="57671680" percent="0">
      <mem type="allocate" free="0" total="39059456" percent="0" />
      <mem type="survivor" free="0" total="18612224" percent="0" />
    </mem>
    <mem type="tenure" free="5887016" total="58523648" percent="10">
      <mem type="soa" free="2960424" total="55597056" percent="5" />
      <mem type="loa" free="2926592" total="2926592" percent="100" />
    </mem>
    <remembered-set count="5418" />
  </mem-info>
</gc-start>
<allocation-stats totalBytes="28445480" >
  <allocated-bytes non-tlh="738288" tlh="27707192" />
  <largest-consumer threadName="server.startup : 1" threadId="000000000404DE00" bytes="28441384" />
</allocation-stats>
<gc-op id="855" type="scavenge" timems="9.070" contextid="852" timestamp="2020-05-10T03:09:21.482">
  <scavenger-info tenureage="11" tenuremask="7800" tiltratio="67" />
  <memory-copied type="nursery" objects="211627" bytes="12117464" bytesdiscarded="406856" />
  <finalization candidates="1956" enqueued="1938" />
  <ownableSynchronizers candidates="1" cleared="0" />
  <references type="weak" candidates="22" cleared="13" enqueued="13" />
</gc-op>
<gc-end id="856" type="scavenge" contextid="852" durationms="10.447" usertimems="32.915" systemtimems="0.000" timestamp="2020-05-10T03:09:21.483" activeThreads="8">
  <mem-info id="857" free="34183824" total="116195328" percent="29">
    <mem type="nursery" free="28296808" total="57671680" percent="49">
      <mem type="allocate" free="28296808" total="40828928" percent="69" />
      <mem type="survivor" free="0" total="16842752" percent="0" />
    </mem>
    <mem type="tenure" free="5887016" total="58523648" percent="10">
      <mem type="soa" free="2960424" total="55597056" percent="5" />
      <mem type="loa" free="2926592" total="2926592" percent="100" />
    </mem>
    <pending-finalizers system="1938" default="0" reference="13" classloader="0" />
    <remembered-set count="3803" />
  </mem-info>
</gc-end>
<cycle-end id="858" type="scavenge" contextid="852" timestamp="2020-05-10T03:09:21.484" />
<allocation-satisfied id="859" threadId="000000000404DE00" bytesRequested="8200" />
<af-end id="860" timestamp="2020-05-10T03:09:21.485" threadId="000000000404E780" success="true" from="nursery"/>
<exclusive-end id="861" timestamp="2020-05-10T03:09:21.485" durationms="14.132" />

<exclusive-start id="862" timestamp="2020-05-10T03:09:21.487" intervalms="15.769">
  <response-info timems="0.061" idlems="0.061" threads="0" lastid="000000000404DE00" lastname="server.startup : 1" />
</exclusive-start>
<concurrent-collection-start id="863" timestamp="2020-05-10T03:09:21.487" intervalms="5206.097" >
  <concurrent-trace-info reason="card cleaning threshold reached" tracedByMutators="6804188" tracedByHelpers="20241556" cardsCleaned="128" workStackOverflowCount="0" />
</concurrent-collection-start>
<gc-start id="864" type="global" contextid="848" timestamp="2020-05-10T03:09:21.488">
  <mem-info id="865" free="34040456" total="116195328" percent="29">
    <mem type="nursery" free="28153440" total="57671680" percent="48">
      <mem type="allocate" free="28153440" total="40828928" percent="68" />
      <mem type="survivor" free="0" total="16842752" percent="0" />
    </mem>
    <mem type="tenure" free="5887016" total="58523648" percent="10">
      <mem type="soa" free="2960424" total="55597056" percent="5" />
      <mem type="loa" free="2926592" total="2926592" percent="100" />
    </mem>
    <remembered-set count="3808" />
  </mem-info>
</gc-start>
<allocation-stats totalBytes="142360" >
  <allocated-bytes non-tlh="8200" tlh="134160" />
  <largest-consumer threadName="server.startup : 1" threadId="000000000404DE00" bytes="142360" />
</allocation-stats>
<gc-op id="866" type="rs-scan" timems="1.495" contextid="848" timestamp="2020-05-10T03:09:21.490">
  <scan objectsFound="380" bytesTraced="39444" workStackOverflowCount="0" />
</gc-op>
<gc-op id="867" type="card-cleaning" timems="4.207" contextid="848" timestamp="2020-05-10T03:09:21.494">
  <card-cleaning cardsCleaned="10" bytesTraced="6683640" workStackOverflowCount="0" />
</gc-op>
<gc-op id="868" type="mark" timems="9.676" contextid="848" timestamp="2020-05-10T03:09:21.504">
  <trace-info objectcount="3166" scancount="3125" scanbytes="91000" />
  <finalization candidates="1208" enqueued="160" />
  <ownableSynchronizers candidates="1930" cleared="0" />
  <references type="soft" candidates="11572" cleared="0" enqueued="0" dynamicThreshold="9" maxThreshold="32" />
  <references type="weak" candidates="4727" cleared="6" enqueued="3" />
  <references type="phantom" candidates="22" cleared="0" enqueued="0" />
  <stringconstants candidates="58120" cleared="130"  />
</gc-op>
<gc-op id="869" type="classunload" timems="0.118" contextid="848" timestamp="2020-05-10T03:09:21.505">
  <classunload-info classloadercandidates="379" classloadersunloaded="3" classesunloaded="0" anonymousclassesunloaded="0" quiescems="0.000" setupms="0.049" scanms="0.036" postms="0.033" />
</gc-op>
<gc-op id="870" type="sweep" timems="1.336" contextid="848" timestamp="2020-05-10T03:09:21.507" />
<heap-resize id="871" type="expand" space="tenure" amount="11206656" count="1" timems="0.174" reason="insufficient free space following gc" timestamp="2020-05-10T03:09:21.507" />
<gc-end id="872" type="global" contextid="848" durationms="19.917" usertimems="39.047" systemtimems="12.431" timestamp="2020-05-10T03:09:21.508" activeThreads="8">
  <mem-info id="873" free="53472784" total="127401984" percent="41">
    <mem type="nursery" free="32541552" total="57671680" percent="56">
      <mem type="allocate" free="32541552" total="40828928" percent="79" />
      <mem type="survivor" free="0" total="16842752" percent="0" />
    </mem>
    <mem type="tenure" free="20931232" total="69730304" percent="30" micro-fragmented="400668" macro-fragmented="0">
      <mem type="soa" free="17444512" total="66243584" percent="26" />
      <mem type="loa" free="3486720" total="3486720" percent="100" />
    </mem>
    <pending-finalizers system="160" default="0" reference="3" classloader="0" />
    <remembered-set count="3807" />
  </mem-info>
</gc-end>
<cycle-end id="874" type="global" contextid="848" timestamp="2020-05-10T03:09:21.508" />
<concurrent-collection-end id="875" timestamp="2020-05-10T03:09:21.508" />
<exclusive-end id="876" timestamp="2020-05-10T03:09:21.509" durationms="22.053" />

<exclusive-start id="877" timestamp="2020-05-10T03:09:21.597" intervalms="110.098">
  <response-info timems="0.060" idlems="0.060" threads="0" lastid="000000000404DE00" lastname="server.startup : 1" />
</exclusive-start>
<af-start id="878" threadId="000000000404E780" totalBytesRequested="56" timestamp="2020-05-10T03:09:21.597" intervalms="125.936" type="nursery" />
<cycle-start id="879" type="scavenge" contextid="0" timestamp="2020-05-10T03:09:21.598" intervalms="126.145" />
<gc-start id="880" type="scavenge" contextid="879" timestamp="2020-05-10T03:09:21.599">
  <mem-info id="881" free="20930744" total="127401984" percent="16">
    <mem type="nursery" free="0" total="57671680" percent="0">
      <mem type="allocate" free="0" total="40828928" percent="0" />
      <mem type="survivor" free="0" total="16842752" percent="0" />
    </mem>
    <mem type="tenure" free="20930744" total="69730304" percent="30">
      <mem type="soa" free="17444024" total="66243584" percent="26" />
      <mem type="loa" free="3486720" total="3486720" percent="100" />
    </mem>
    <remembered-set count="4375" />
  </mem-info>
</gc-start>
<allocation-stats totalBytes="32520304" >
  <allocated-bytes non-tlh="106528" tlh="32413776" />
  <largest-consumer threadName="server.startup : 1" threadId="000000000404DE00" bytes="32516208" />
</allocation-stats>
<gc-op id="882" type="scavenge" timems="7.171" contextid="879" timestamp="2020-05-10T03:09:21.607">
  <scavenger-info tenureage="5" tenuremask="7820" tiltratio="70" />
  <memory-copied type="nursery" objects="199835" bytes="11810912" bytesdiscarded="283448" />
  <memory-copied type="tenure" objects="45542" bytes="1819672" bytesdiscarded="7896" />
  <finalization candidates="2485" enqueued="2462" />
  <ownableSynchronizers candidates="3859" cleared="3858" />
  <references type="weak" candidates="38" cleared="28" enqueued="28" />
</gc-op>
<heap-resize id="883" type="expand" space="nursery" amount="2621440" count="1" timems="0.071" reason="excessive time being spent scavenging" timestamp="2020-05-10T03:09:21.608" />
<gc-end id="884" type="scavenge" contextid="879" durationms="9.791" usertimems="36.144" systemtimems="5.171" timestamp="2020-05-10T03:09:21.608" activeThreads="8">
  <mem-info id="885" free="49949096" total="130023424" percent="38">
    <mem type="nursery" free="31215000" total="60293120" percent="51">
      <mem type="allocate" free="31215000" total="43319296" percent="72" />
      <mem type="survivor" free="0" total="16973824" percent="0" />
    </mem>
    <mem type="tenure" free="18734096" total="69730304" percent="26">
      <mem type="soa" free="15247376" total="66243584" percent="23" />
      <mem type="loa" free="3486720" total="3486720" percent="100" />
    </mem>
    <pending-finalizers system="2462" default="0" reference="28" classloader="0" />
    <remembered-set count="7610" />
  </mem-info>
</gc-end>
<cycle-end id="886" type="scavenge" contextid="879" timestamp="2020-05-10T03:09:21.609" />
<allocation-satisfied id="887" threadId="000000000404DE00" bytesRequested="56" />
<af-end id="888" timestamp="2020-05-10T03:09:21.610" threadId="000000000404E780" success="true" from="nursery"/>
<exclusive-end id="889" timestamp="2020-05-10T03:09:21.610" durationms="13.420" />

<exclusive-start id="890" timestamp="2020-05-10T03:09:21.719" intervalms="122.249">
  <response-info timems="0.083" idlems="0.083" threads="0" lastid="000000000404DE00" lastname="server.startup : 1" />
</exclusive-start>
<af-start id="891" threadId="000000000404E780" totalBytesRequested="32" timestamp="2020-05-10T03:09:21.720" intervalms="122.449" type="nursery" />
<cycle-start id="892" type="scavenge" contextid="0" timestamp="2020-05-10T03:09:21.720" intervalms="122.350" />
<gc-start id="893" type="scavenge" contextid="892" timestamp="2020-05-10T03:09:21.721">
  <mem-info id="894" free="18733936" total="130023424" percent="14">
    <mem type="nursery" free="0" total="60293120" percent="0">
      <mem type="allocate" free="0" total="43319296" percent="0" />
      <mem type="survivor" free="0" total="16973824" percent="0" />
    </mem>
    <mem type="tenure" free="18733936" total="69730304" percent="26">
      <mem type="soa" free="15247216" total="66243584" percent="23" />
      <mem type="loa" free="3486720" total="3486720" percent="100" />
    </mem>
    <remembered-set count="8631" />
  </mem-info>
</gc-start>
<allocation-stats totalBytes="31196624" >
  <allocated-bytes non-tlh="284912" tlh="30911712" />
  <largest-consumer threadName="server.startup : 1" threadId="000000000404DE00" bytes="31176144" />
</allocation-stats>
<gc-op id="895" type="scavenge" timems="6.568" contextid="892" timestamp="2020-05-10T03:09:21.728">
  <scavenger-info tenureage="11" tenuremask="7800" tiltratio="71" />
  <memory-copied type="nursery" objects="213001" bytes="11951096" bytesdiscarded="277144" />
  <finalization candidates="2218" enqueued="2197" />
  <ownableSynchronizers candidates="1" cleared="0" />
  <references type="weak" candidates="37" cleared="29" enqueued="29" />
</gc-op>
<gc-end id="896" type="scavenge" contextid="892" durationms="8.047" usertimems="36.174" systemtimems="0.686" timestamp="2020-05-10T03:09:21.729" activeThreads="8">
  <mem-info id="897" free="51126776" total="130023424" percent="39">
    <mem type="nursery" free="32392840" total="60293120" percent="53">
      <mem type="allocate" free="32392840" total="44630016" percent="72" />
      <mem type="survivor" free="0" total="15663104" percent="0" />
    </mem>
    <mem type="tenure" free="18733936" total="69730304" percent="26">
      <mem type="soa" free="15247216" total="66243584" percent="23" />
      <mem type="loa" free="3486720" total="3486720" percent="100" />
    </mem>
    <pending-finalizers system="2197" default="0" reference="29" classloader="0" />
    <remembered-set count="7997" />
  </mem-info>
</gc-end>
<cycle-end id="898" type="scavenge" contextid="892" timestamp="2020-05-10T03:09:21.730" />
<allocation-satisfied id="899" threadId="000000000404DE00" bytesRequested="32" />
<af-end id="900" timestamp="2020-05-10T03:09:21.731" threadId="000000000404E780" success="true" from="nursery"/>
<exclusive-end id="901" timestamp="2020-05-10T03:09:21.731" durationms="11.979" />

<exclusive-start id="902" timestamp="2020-05-10T03:09:21.836" intervalms="116.643">
  <response-info timems="0.056" idlems="0.056" threads="0" lastid="000000000404DE00" lastname="server.startup : 1" />
</exclusive-start>
<af-start id="903" threadId="000000000404E780" totalBytesRequested="16" timestamp="2020-05-10T03:09:21.836" intervalms="116.453" type="nursery" />
<cycle-start id="904" type="scavenge" contextid="0" timestamp="2020-05-10T03:09:21.837" intervalms="116.543" />
<gc-start id="905" type="scavenge" contextid="904" timestamp="2020-05-10T03:09:21.838">
  <mem-info id="906" free="18733936" total="130023424" percent="14">
    <mem type="nursery" free="0" total="60293120" percent="0">
      <mem type="allocate" free="0" total="44630016" percent="0" />
      <mem type="survivor" free="0" total="15663104" percent="0" />
    </mem>
    <mem type="tenure" free="18733936" total="69730304" percent="26">
      <mem type="soa" free="15247216" total="66243584" percent="23" />
      <mem type="loa" free="3486720" total="3486720" percent="100" />
    </mem>
    <remembered-set count="8819" />
  </mem-info>
</gc-start>
<allocation-stats totalBytes="32370104" >
  <allocated-bytes non-tlh="32" tlh="32370072" />
  <largest-consumer threadName="server.startup : 1" threadId="000000000404DE00" bytes="32353720" />
</allocation-stats>
<gc-op id="907" type="scavenge" timems="6.495" contextid="904" timestamp="2020-05-10T03:09:21.845">
  <scavenger-info tenureage="11" tenuremask="7800" tiltratio="74" />
  <memory-copied type="nursery" objects="220793" bytes="12439360" bytesdiscarded="325144" />
  <finalization candidates="2328" enqueued="2302" />
  <ownableSynchronizers candidates="1" cleared="0" />
  <references type="weak" candidates="35" cleared="26" enqueued="26" />
</gc-op>
<heap-resize id="908" type="expand" space="nursery" amount="2490368" count="1" timems="0.068" reason="excessive time being spent scavenging" timestamp="2020-05-10T03:09:21.846" />
<gc-end id="909" type="scavenge" contextid="904" durationms="8.754" usertimems="36.018" systemtimems="0.945" timestamp="2020-05-10T03:09:21.846" activeThreads="8">
  <mem-info id="910" free="52621664" total="132513792" percent="39">
    <mem type="nursery" free="33887728" total="62783488" percent="53">
      <mem type="allocate" free="33887728" total="46661632" percent="72" />
      <mem type="survivor" free="0" total="16121856" percent="0" />
    </mem>
    <mem type="tenure" free="18733936" total="69730304" percent="26">
      <mem type="soa" free="15247216" total="66243584" percent="23" />
      <mem type="loa" free="3486720" total="3486720" percent="100" />
    </mem>
    <pending-finalizers system="2302" default="0" reference="26" classloader="0" />
    <remembered-set count="8054" />
  </mem-info>
</gc-end>
<cycle-end id="911" type="scavenge" contextid="904" timestamp="2020-05-10T03:09:21.847" />
<allocation-satisfied id="912" threadId="000000000404DE00" bytesRequested="16" />
<af-end id="913" timestamp="2020-05-10T03:09:21.848" threadId="000000000404E780" success="true" from="nursery"/>
<exclusive-end id="914" timestamp="2020-05-10T03:09:21.848" durationms="12.657" />

<exclusive-start id="915" timestamp="2020-05-10T03:09:21.952" intervalms="116.441">
  <response-info timems="0.058" idlems="0.058" threads="0" lastid="000000000404DE00" lastname="server.startup : 1" />
</exclusive-start>
<af-start id="916" threadId="000000000404E780" totalBytesRequested="24" timestamp="2020-05-10T03:09:21.953" intervalms="116.322" type="nursery" />
<cycle-start id="917" type="scavenge" contextid="0" timestamp="2020-05-10T03:09:21.953" intervalms="116.307" />
<gc-start id="918" type="scavenge" contextid="917" timestamp="2020-05-10T03:09:21.954">
  <mem-info id="919" free="18733872" total="132513792" percent="14">
    <mem type="nursery" free="0" total="62783488" percent="0">
      <mem type="allocate" free="0" total="46661632" percent="0" />
      <mem type="survivor" free="0" total="16121856" percent="0" />
    </mem>
    <mem type="tenure" free="18733872" total="69730304" percent="26">
      <mem type="soa" free="15247152" total="66243584" percent="23" />
      <mem type="loa" free="3486720" total="3486720" percent="100" />
    </mem>
    <remembered-set count="9008" />
  </mem-info>
</gc-start>
<allocation-stats totalBytes="33865856" >
  <allocated-bytes non-tlh="440584" tlh="33425272" />
  <largest-consumer threadName="server.startup : 1" threadId="000000000404DE00" bytes="33865856" />
</allocation-stats>
<gc-op id="920" type="scavenge" timems="6.675" contextid="917" timestamp="2020-05-10T03:09:21.962">
  <scavenger-info tenureage="11" tenuremask="7800" tiltratio="74" />
  <memory-copied type="nursery" objects="232085" bytes="12961056" bytesdiscarded="340592" />
  <finalization candidates="2417" enqueued="2384" />
  <ownableSynchronizers candidates="1" cleared="0" />
  <references type="weak" candidates="32" cleared="22" enqueued="22" />
</gc-op>
<gc-end id="921" type="scavenge" contextid="917" durationms="8.455" usertimems="36.363" systemtimems="0.385" timestamp="2020-05-10T03:09:21.962" activeThreads="8">
  <mem-info id="922" free="53001560" total="132513792" percent="39">
    <mem type="nursery" free="34267688" total="62783488" percent="54">
      <mem type="allocate" free="34267688" total="47579136" percent="72" />
      <mem type="survivor" free="0" total="15204352" percent="0" />
    </mem>
    <mem type="tenure" free="18733872" total="69730304" percent="26">
      <mem type="soa" free="15247152" total="66243584" percent="23" />
      <mem type="loa" free="3486720" total="3486720" percent="100" />
    </mem>
    <pending-finalizers system="2384" default="0" reference="22" classloader="0" />
    <remembered-set count="8328" />
  </mem-info>
</gc-end>
<cycle-end id="923" type="scavenge" contextid="917" timestamp="2020-05-10T03:09:21.963" />
<allocation-satisfied id="924" threadId="000000000404DE00" bytesRequested="24" />
<af-end id="925" timestamp="2020-05-10T03:09:21.964" threadId="000000000404E780" success="true" from="nursery"/>
<exclusive-end id="926" timestamp="2020-05-10T03:09:21.964" durationms="11.967" />

<exclusive-start id="927" timestamp="2020-05-10T03:09:22.060" intervalms="108.008">
  <response-info timems="0.058" idlems="0.058" threads="0" lastid="000000000404DE00" lastname="server.startup : 1" />
</exclusive-start>
<af-start id="928" threadId="000000000404E780" totalBytesRequested="8200" timestamp="2020-05-10T03:09:22.061" intervalms="108.033" type="nursery" />
<cycle-start id="929" type="scavenge" contextid="0" timestamp="2020-05-10T03:09:22.061" intervalms="108.055" />
<gc-start id="930" type="scavenge" contextid="929" timestamp="2020-05-10T03:09:22.062">
  <mem-info id="931" free="18733872" total="132513792" percent="14">
    <mem type="nursery" free="0" total="62783488" percent="0">
      <mem type="allocate" free="0" total="47579136" percent="0" />
      <mem type="survivor" free="0" total="15204352" percent="0" />
    </mem>
    <mem type="tenure" free="18733872" total="69730304" percent="26">
      <mem type="soa" free="15247152" total="66243584" percent="23" />
      <mem type="loa" free="3486720" total="3486720" percent="100" />
    </mem>
    <remembered-set count="9147" />
  </mem-info>
</gc-start>
<allocation-stats totalBytes="34238136" >
  <allocated-bytes non-tlh="152328" tlh="34085808" />
  <largest-consumer threadName="server.startup : 1" threadId="000000000404DE00" bytes="34234040" />
</allocation-stats>
<gc-op id="932" type="scavenge" timems="6.562" contextid="929" timestamp="2020-05-10T03:09:22.069">
  <scavenger-info tenureage="11" tenuremask="7800" tiltratio="75" />
  <memory-copied type="nursery" objects="246319" bytes="13644008" bytesdiscarded="210744" />
  <finalization candidates="2495" enqueued="2464" />
  <ownableSynchronizers candidates="1" cleared="0" />
  <references type="weak" candidates="45" cleared="36" enqueued="36" />
</gc-op>
<heap-resize id="933" type="expand" space="nursery" amount="2490368" count="1" timems="0.117" reason="excessive time being spent scavenging" timestamp="2020-05-10T03:09:22.070" />
<gc-end id="934" type="scavenge" contextid="929" durationms="8.318" usertimems="34.249" systemtimems="4.878" timestamp="2020-05-10T03:09:22.070" activeThreads="8">
  <mem-info id="935" free="53562352" total="135004160" percent="39">
    <mem type="nursery" free="34828480" total="65273856" percent="53">
      <mem type="allocate" free="34828480" total="48693248" percent="71" />
      <mem type="survivor" free="0" total="16580608" percent="0" />
    </mem>
    <mem type="tenure" free="18733872" total="69730304" percent="26">
      <mem type="soa" free="15247152" total="66243584" percent="23" />
      <mem type="loa" free="3486720" total="3486720" percent="100" />
    </mem>
    <pending-finalizers system="2464" default="0" reference="36" classloader="0" />
    <remembered-set count="8571" />
  </mem-info>
</gc-end>
<cycle-end id="936" type="scavenge" contextid="929" timestamp="2020-05-10T03:09:22.071" />
<allocation-satisfied id="937" threadId="000000000404DE00" bytesRequested="8200" />
<af-end id="938" timestamp="2020-05-10T03:09:22.072" threadId="000000000404E780" success="true" from="nursery"/>
<exclusive-end id="939" timestamp="2020-05-10T03:09:22.072" durationms="11.973" />

<exclusive-start id="940" timestamp="2020-05-10T03:09:22.545" intervalms="485.190">
  <response-info timems="0.049" idlems="0.049" threads="0" lastid="000000000404DE00" lastname="server.startup : 1" />
</exclusive-start>
<af-start id="941" threadId="000000000404E780" totalBytesRequested="584" timestamp="2020-05-10T03:09:22.546" intervalms="485.362" type="nursery" />
<cycle-start id="942" type="scavenge" contextid="0" timestamp="2020-05-10T03:09:22.547" intervalms="485.395" />
<gc-start id="943" type="scavenge" contextid="942" timestamp="2020-05-10T03:09:22.548">
  <mem-info id="944" free="18490432" total="135004160" percent="13">
    <mem type="nursery" free="0" total="65273856" percent="0">
      <mem type="allocate" free="0" total="48693248" percent="0" />
      <mem type="survivor" free="0" total="16580608" percent="0" />
    </mem>
    <mem type="tenure" free="18490432" total="69730304" percent="26">
      <mem type="soa" free="15003712" total="66243584" percent="22" />
      <mem type="loa" free="3486720" total="3486720" percent="100" />
    </mem>
    <remembered-set count="12005" />
  </mem-info>
</gc-start>
<allocation-stats totalBytes="35046624" >
  <allocated-bytes non-tlh="250968" tlh="34795656" />
  <largest-consumer threadName="server.startup : 1" threadId="000000000404DE00" bytes="34457696" />
</allocation-stats>
<gc-op id="945" type="scavenge" timems="8.298" contextid="942" timestamp="2020-05-10T03:09:22.557">
  <scavenger-info tenureage="11" tenuremask="7800" tiltratio="74" />
  <memory-copied type="nursery" objects="273072" bytes="13292176" bytesdiscarded="169960" />
  <finalization candidates="1363" enqueued="1316" />
  <ownableSynchronizers candidates="31" cleared="2" />
  <references type="soft" candidates="430" cleared="0" enqueued="0" dynamicThreshold="9" maxThreshold="32" />
  <references type="weak" candidates="293" cleared="139" enqueued="139" />
</gc-op>
<gc-end id="946" type="scavenge" contextid="942" durationms="10.370" usertimems="38.615" systemtimems="5.515" timestamp="2020-05-10T03:09:22.558" activeThreads="8">
  <mem-info id="947" free="54501464" total="135004160" percent="40">
    <mem type="nursery" free="36011032" total="65273856" percent="55">
      <mem type="allocate" free="36011032" total="49479680" percent="72" />
      <mem type="survivor" free="0" total="15794176" percent="0" />
    </mem>
    <mem type="tenure" free="18490432" total="69730304" percent="26">
      <mem type="soa" free="15003712" total="66243584" percent="22" />
      <mem type="loa" free="3486720" total="3486720" percent="100" />
    </mem>
    <pending-finalizers system="1313" default="3" reference="139" classloader="0" />
    <remembered-set count="11372" />
  </mem-info>
</gc-end>
<cycle-end id="948" type="scavenge" contextid="942" timestamp="2020-05-10T03:09:22.558" />
<allocation-satisfied id="949" threadId="000000000404DE00" bytesRequested="584" />
<af-end id="950" timestamp="2020-05-10T03:09:22.560" threadId="000000000404E780" success="true" from="nursery"/>
<exclusive-end id="951" timestamp="2020-05-10T03:09:22.560" durationms="15.235" />

<exclusive-start id="952" timestamp="2020-05-10T03:09:23.962" intervalms="1416.617">
  <response-info timems="0.066" idlems="0.066" threads="0" lastid="000000000404DE00" lastname="server.startup : 1" />
</exclusive-start>
<af-start id="953" threadId="000000000404E780" totalBytesRequested="80" timestamp="2020-05-10T03:09:23.962" intervalms="1416.260" type="nursery" />
<cycle-start id="954" type="scavenge" contextid="0" timestamp="2020-05-10T03:09:23.963" intervalms="1415.928" />
<gc-start id="955" type="scavenge" contextid="954" timestamp="2020-05-10T03:09:23.963">
  <mem-info id="956" free="17858704" total="135004160" percent="13">
    <mem type="nursery" free="0" total="65273856" percent="0">
      <mem type="allocate" free="0" total="49479680" percent="0" />
      <mem type="survivor" free="0" total="15794176" percent="0" />
    </mem>
    <mem type="tenure" free="17858704" total="69730304" percent="25">
      <mem type="soa" free="14371984" total="66243584" percent="21" />
      <mem type="loa" free="3486720" total="3486720" percent="100" />
    </mem>
    <remembered-set count="18733" />
  </mem-info>
</gc-start>
<allocation-stats totalBytes="36597216" >
  <allocated-bytes non-tlh="628712" tlh="35968504" />
  <largest-consumer threadName="server.startup : 1" threadId="000000000404DE00" bytes="32498472" />
</allocation-stats>
<gc-op id="957" type="scavenge" timems="8.170" contextid="954" timestamp="2020-05-10T03:09:23.972">
  <scavenger-info tenureage="11" tenuremask="7800" tiltratio="75" />
  <memory-copied type="nursery" objects="332912" bytes="13624840" bytesdiscarded="107824" />
  <finalization candidates="463" enqueued="422" />
  <ownableSynchronizers candidates="219" cleared="13" />
  <references type="soft" candidates="3318" cleared="0" enqueued="0" dynamicThreshold="9" maxThreshold="32" />
  <references type="weak" candidates="1441" cleared="547" enqueued="542" />
</gc-op>
<gc-end id="958" type="scavenge" contextid="954" durationms="9.434" usertimems="43.724" systemtimems="2.649" timestamp="2020-05-10T03:09:23.972" activeThreads="8">
  <mem-info id="959" free="53731120" total="135004160" percent="39">
    <mem type="nursery" free="35872416" total="65273856" percent="54">
      <mem type="allocate" free="35872416" total="49610752" percent="72" />
      <mem type="survivor" free="0" total="15663104" percent="0" />
    </mem>
    <mem type="tenure" free="17858704" total="69730304" percent="25">
      <mem type="soa" free="14371984" total="66243584" percent="21" />
      <mem type="loa" free="3486720" total="3486720" percent="100" />
    </mem>
    <pending-finalizers system="403" default="19" reference="542" classloader="0" />
    <remembered-set count="18311" />
  </mem-info>
</gc-end>
<cycle-end id="960" type="scavenge" contextid="954" timestamp="2020-05-10T03:09:23.973" />
<allocation-satisfied id="961" threadId="000000000404DE00" bytesRequested="80" />
<af-end id="962" timestamp="2020-05-10T03:09:23.974" threadId="000000000404E780" success="true" from="nursery"/>
<exclusive-end id="963" timestamp="2020-05-10T03:09:23.974" durationms="12.611" />

<exclusive-start id="964" timestamp="2020-05-10T03:09:29.738" intervalms="5775.688">
  <response-info timems="0.156" idlems="0.156" threads="0" lastid="00000000045D3B00" lastname="SoapConnectorThreadPool : 0" />
</exclusive-start>
<af-start id="965" threadId="00000000045D4480" totalBytesRequested="160" timestamp="2020-05-10T03:09:29.738" intervalms="5776.144" type="nursery" />
<cycle-start id="966" type="scavenge" contextid="0" timestamp="2020-05-10T03:09:29.739" intervalms="5776.357" />
<gc-start id="967" type="scavenge" contextid="966" timestamp="2020-05-10T03:09:29.740">
  <mem-info id="968" free="17112048" total="135004160" percent="12">
    <mem type="nursery" free="0" total="65273856" percent="0">
      <mem type="allocate" free="0" total="49610752" percent="0" />
      <mem type="survivor" free="0" total="15663104" percent="0" />
    </mem>
    <mem type="tenure" free="17112048" total="69730304" percent="24">
      <mem type="soa" free="13625328" total="66243584" percent="20" />
      <mem type="loa" free="3486720" total="3486720" percent="100" />
    </mem>
    <remembered-set count="27425" />
  </mem-info>
</gc-start>
<allocation-stats totalBytes="36511464" >
  <allocated-bytes non-tlh="878688" tlh="35632776" />
  <largest-consumer threadName="SoapConnectorThreadPool : 0" threadId="00000000045D3B00" bytes="16568520" />
</allocation-stats>
<gc-op id="969" type="scavenge" timems="9.041" contextid="966" timestamp="2020-05-10T03:09:29.750">
  <scavenger-info tenureage="11" tenuremask="7800" tiltratio="76" />
  <memory-copied type="nursery" objects="321430" bytes="13732648" bytesdiscarded="289376" />
  <memory-copied type="tenure" objects="39591" bytes="1535952" bytesdiscarded="1080" />
  <finalization candidates="205" enqueued="136" />
  <ownableSynchronizers candidates="298" cleared="1" />
  <references type="soft" candidates="3482" cleared="0" enqueued="0" dynamicThreshold="9" maxThreshold="32" />
  <references type="weak" candidates="1601" cleared="422" enqueued="418" />
  <references type="phantom" candidates="7" cleared="0" enqueued="0" />
</gc-op>
<gc-end id="970" type="scavenge" contextid="966" durationms="10.910" usertimems="46.252" systemtimems="6.640" timestamp="2020-05-10T03:09:29.750" activeThreads="8">
  <mem-info id="971" free="51025568" total="135004160" percent="37">
    <mem type="nursery" free="35647608" total="65273856" percent="54">
      <mem type="allocate" free="35647608" total="49676288" percent="71" />
      <mem type="survivor" free="0" total="15597568" percent="0" />
    </mem>
    <mem type="tenure" free="15377960" total="69730304" percent="22" macro-fragmented="0">
      <mem type="soa" free="11891240" total="66243584" percent="17" />
      <mem type="loa" free="3486720" total="3486720" percent="100" />
    </mem>
    <pending-finalizers system="125" default="11" reference="418" classloader="0" />
    <remembered-set count="25907" />
  </mem-info>
</gc-end>
<cycle-end id="972" type="scavenge" contextid="966" timestamp="2020-05-10T03:09:29.751" />
<allocation-satisfied id="973" threadId="00000000045D3B00" bytesRequested="160" />
<af-end id="974" timestamp="2020-05-10T03:09:29.752" threadId="00000000045D4480" success="true" from="nursery"/>
<exclusive-end id="975" timestamp="2020-05-10T03:09:29.753" durationms="15.805" />

<exclusive-start id="976" timestamp="2020-05-10T03:09:30.365" intervalms="627.085">
  <response-info timems="0.158" idlems="0.158" threads="0" lastid="00000000045D3B00" lastname="SoapConnectorThreadPool : 0" />
</exclusive-start>
<af-start id="977" threadId="00000000045D4480" totalBytesRequested="72" timestamp="2020-05-10T03:09:30.365" intervalms="626.876" type="nursery" />
<cycle-start id="978" type="scavenge" contextid="0" timestamp="2020-05-10T03:09:30.366" intervalms="626.860" />
<gc-start id="979" type="scavenge" contextid="978" timestamp="2020-05-10T03:09:30.367">
  <mem-info id="980" free="15207936" total="135004160" percent="11">
    <mem type="nursery" free="0" total="65273856" percent="0">
      <mem type="allocate" free="0" total="49676288" percent="0" />
      <mem type="survivor" free="0" total="15597568" percent="0" />
    </mem>
    <mem type="tenure" free="15207936" total="69730304" percent="21">
      <mem type="soa" free="11721216" total="66243584" percent="17" />
      <mem type="loa" free="3486720" total="3486720" percent="100" />
    </mem>
    <remembered-set count="27715" />
  </mem-info>
</gc-start>
<allocation-stats totalBytes="35804496" >
  <allocated-bytes non-tlh="301272" tlh="35503224" />
  <largest-consumer threadName="SoapConnectorThreadPool : 0" threadId="00000000045D3B00" bytes="35669408" />
</allocation-stats>
<gc-op id="981" type="scavenge" timems="8.674" contextid="978" timestamp="2020-05-10T03:09:30.376">
  <scavenger-info tenureage="11" tenuremask="7800" tiltratio="76" />
  <memory-copied type="nursery" objects="311013" bytes="13279720" bytesdiscarded="229880" />
  <memory-copied type="tenure" objects="16175" bytes="495304" bytesdiscarded="104" />
  <finalization candidates="100" enqueued="31" />
  <ownableSynchronizers candidates="637" cleared="224" />
  <references type="soft" candidates="3549" cleared="0" enqueued="0" dynamicThreshold="9" maxThreshold="32" />
  <references type="weak" candidates="1621" cleared="165" enqueued="156" />
  <references type="phantom" candidates="7" cleared="0" enqueued="0" />
</gc-op>
<gc-end id="982" type="scavenge" contextid="978" durationms="10.344" usertimems="49.246" systemtimems="4.011" timestamp="2020-05-10T03:09:30.377" activeThreads="8">
  <mem-info id="983" free="50909312" total="135004160" percent="37">
    <mem type="nursery" free="36226688" total="65273856" percent="55">
      <mem type="allocate" free="36226688" total="49741824" percent="72" />
      <mem type="survivor" free="0" total="15532032" percent="0" />
    </mem>
    <mem type="tenure" free="14682624" total="69730304" percent="21" macro-fragmented="3732887">
      <mem type="soa" free="11195904" total="66243584" percent="16" />
      <mem type="loa" free="3486720" total="3486720" percent="100" />
    </mem>
    <pending-finalizers system="31" default="0" reference="156" classloader="0" />
    <remembered-set count="26894" />
  </mem-info>
</gc-end>
<cycle-end id="984" type="scavenge" contextid="978" timestamp="2020-05-10T03:09:30.378" />
<allocation-satisfied id="985" threadId="00000000045D3B00" bytesRequested="72" />
<af-end id="986" timestamp="2020-05-10T03:09:30.378" threadId="00000000045D4480" success="true" from="nursery"/>
<exclusive-end id="987" timestamp="2020-05-10T03:09:30.379" durationms="14.320" />

<exclusive-start id="988" timestamp="2020-05-10T03:09:30.686" intervalms="321.256">
  <response-info timems="0.059" idlems="0.059" threads="0" lastid="00000000045D3B00" lastname="SoapConnectorThreadPool : 0" />
</exclusive-start>
<af-start id="989" threadId="00000000045D4480" totalBytesRequested="40" timestamp="2020-05-10T03:09:30.686" intervalms="320.940" type="nursery" />
<cycle-start id="990" type="scavenge" contextid="0" timestamp="2020-05-10T03:09:30.686" intervalms="320.686" />
<gc-start id="991" type="scavenge" contextid="990" timestamp="2020-05-10T03:09:30.687">
  <mem-info id="992" free="14669952" total="135004160" percent="10">
    <mem type="nursery" free="0" total="65273856" percent="0">
      <mem type="allocate" free="0" total="49741824" percent="0" />
      <mem type="survivor" free="0" total="15532032" percent="0" />
    </mem>
    <mem type="tenure" free="14669952" total="69730304" percent="21">
      <mem type="soa" free="11183232" total="66243584" percent="16" />
      <mem type="loa" free="3486720" total="3486720" percent="100" />
    </mem>
    <remembered-set count="27138" />
  </mem-info>
</gc-start>
<allocation-stats totalBytes="36229224" >
  <allocated-bytes non-tlh="12744" tlh="36216480" />
  <largest-consumer threadName="SoapConnectorThreadPool : 0" threadId="00000000045D3B00" bytes="36200552" />
</allocation-stats>
<gc-op id="993" type="scavenge" timems="9.223" contextid="990" timestamp="2020-05-10T03:09:30.697">
  <scavenger-info tenureage="4" tenuremask="7e30" tiltratio="76" />
  <memory-copied type="nursery" objects="138829" bytes="6096216" bytesdiscarded="398176" />
  <memory-copied type="tenure" objects="171930" bytes="7042304" bytesdiscarded="3544" />
  <finalization candidates="70" enqueued="1" />
  <ownableSynchronizers candidates="413" cleared="6" />
  <references type="soft" candidates="3121" cleared="0" enqueued="0" dynamicThreshold="9" maxThreshold="32" />
  <references type="weak" candidates="1315" cleared="6" enqueued="6" />
  <references type="phantom" candidates="7" cleared="0" enqueued="0" />
</gc-op>
<gc-end id="994" type="scavenge" contextid="990" durationms="10.664" usertimems="39.914" systemtimems="4.199" timestamp="2020-05-10T03:09:30.698" activeThreads="8">
  <mem-info id="995" free="51178952" total="135004160" percent="37">
    <mem type="nursery" free="43374272" total="65273856" percent="66">
      <mem type="allocate" free="43374272" total="49872896" percent="86" />
      <mem type="survivor" free="0" total="15400960" percent="0" />
    </mem>
    <mem type="tenure" free="7804680" total="69730304" percent="11" macro-fragmented="0">
      <mem type="soa" free="4317960" total="66243584" percent="6" />
      <mem type="loa" free="3486720" total="3486720" percent="100" />
    </mem>
    <pending-finalizers system="0" default="1" reference="6" classloader="0" />
    <remembered-set count="16422" />
  </mem-info>
</gc-end>
<cycle-end id="996" type="scavenge" contextid="990" timestamp="2020-05-10T03:09:30.698" />
<allocation-satisfied id="997" threadId="00000000045D3B00" bytesRequested="40" />
<af-end id="998" timestamp="2020-05-10T03:09:30.699" threadId="00000000045D4480" success="true" from="nursery"/>
<exclusive-end id="999" timestamp="2020-05-10T03:09:30.700" durationms="13.963" />

<concurrent-kickoff id="1000" timestamp="2020-05-10T03:09:32.875">
  <kickoff reason="threshold reached" targetBytes="26258978" thresholdFreeBytes="3642577"  remainingFree="3528384" tenureFreeBytes="7361560" nurseryFreeBytes="3528384" />
</concurrent-kickoff>
<exclusive-start id="1001" timestamp="2020-05-10T03:09:32.877" intervalms="2191.448">
  <response-info timems="0.059" idlems="0.059" threads="0" lastid="0000000004857400" lastname="LiveRefresh136" />
</exclusive-start>
<cycle-start id="1002" type="global" contextid="0" timestamp="2020-05-10T03:09:32.878" intervalms="11447.749" />
<exclusive-end id="1003" timestamp="2020-05-10T03:09:32.878" durationms="0.670" />

<exclusive-start id="1004" timestamp="2020-05-10T03:09:32.932" intervalms="54.218">
  <response-info timems="0.141" idlems="0.141" threads="0" lastid="0000000004857400" lastname="LiveRefresh136" />
</exclusive-start>
<concurrent-collection-start id="1005" timestamp="2020-05-10T03:09:32.932" intervalms="11445.010" >
  <concurrent-trace-info reason="card cleaning threshold reached" tracedByMutators="1570732" tracedByHelpers="25586352" cardsCleaned="65" workStackOverflowCount="0" />
</concurrent-collection-start>
<gc-start id="1006" type="global" contextid="1002" timestamp="2020-05-10T03:09:32.933">
  <mem-info id="1007" free="7988128" total="135004160" percent="5">
    <mem type="nursery" free="644800" total="65273856" percent="0">
      <mem type="allocate" free="644800" total="49872896" percent="1" />
      <mem type="survivor" free="0" total="15400960" percent="0" />
    </mem>
    <mem type="tenure" free="7343328" total="69730304" percent="10">
      <mem type="soa" free="3856608" total="66243584" percent="5" />
      <mem type="loa" free="3486720" total="3486720" percent="100" />
    </mem>
    <remembered-set count="24209" />
  </mem-info>
</gc-start>
<allocation-stats totalBytes="43138000" >
  <allocated-bytes non-tlh="853688" tlh="42284312" />
  <largest-consumer threadName="SoapConnectorThreadPool : 0" threadId="00000000045D3B00" bytes="21763416" />
</allocation-stats>
<gc-op id="1008" type="rs-scan" timems="3.937" contextid="1002" timestamp="2020-05-10T03:09:32.937">
  <scan objectsFound="11102" bytesTraced="4686376" workStackOverflowCount="0" />
</gc-op>
<gc-op id="1009" type="card-cleaning" timems="1.231" contextid="1002" timestamp="2020-05-10T03:09:32.939">
  <card-cleaning cardsCleaned="1" bytesTraced="244572" workStackOverflowCount="0" />
</gc-op>
<gc-op id="1010" type="mark" timems="15.982" contextid="1002" timestamp="2020-05-10T03:09:32.955">
  <trace-info objectcount="46536" scancount="36080" scanbytes="1049628" />
  <finalization candidates="1604" enqueued="556" />
  <ownableSynchronizers candidates="2389" cleared="34" />
  <references type="soft" candidates="15328" cleared="0" enqueued="0" dynamicThreshold="9" maxThreshold="32" />
  <references type="weak" candidates="6465" cleared="293" enqueued="279" />
  <references type="phantom" candidates="29" cleared="0" enqueued="0" />
  <stringconstants candidates="70161" cleared="299"  />
</gc-op>
<gc-op id="1011" type="classunload" timems="0.152" contextid="1002" timestamp="2020-05-10T03:09:32.956">
  <classunload-info classloadercandidates="447" classloadersunloaded="4" classesunloaded="0" anonymousclassesunloaded="0" quiescems="0.000" setupms="0.063" scanms="0.047" postms="0.042" />
</gc-op>
<gc-op id="1012" type="sweep" timems="1.971" contextid="1002" timestamp="2020-05-10T03:09:32.959" />
<heap-resize id="1013" type="expand" space="tenure" amount="1507328" count="1" timems="0.077" reason="insufficient free space following gc" timestamp="2020-05-10T03:09:32.959" />
<gc-end id="1014" type="global" contextid="1002" durationms="26.782" usertimems="46.651" systemtimems="11.246" timestamp="2020-05-10T03:09:32.960" activeThreads="8">
  <mem-info id="1015" free="59684592" total="136511488" percent="43">
    <mem type="nursery" free="38281520" total="65273856" percent="58">
      <mem type="allocate" free="38281520" total="49872896" percent="76" />
      <mem type="survivor" free="0" total="15400960" percent="0" />
    </mem>
    <mem type="tenure" free="21403072" total="71237632" percent="30" micro-fragmented="660168" macro-fragmented="142528">
      <mem type="soa" free="17840576" total="67675136" percent="26" />
      <mem type="loa" free="3562496" total="3562496" percent="100" />
    </mem>
    <pending-finalizers system="555" default="1" reference="279" classloader="0" />
    <remembered-set count="12055" />
  </mem-info>
</gc-end>
<cycle-end id="1016" type="global" contextid="1002" timestamp="2020-05-10T03:09:32.960" />
<concurrent-collection-end id="1017" timestamp="2020-05-10T03:09:32.961" />
<exclusive-end id="1018" timestamp="2020-05-10T03:09:32.961" durationms="29.509" />

<exclusive-start id="1019" timestamp="2020-05-10T03:09:33.291" intervalms="359.113">
  <response-info timems="0.368" idlems="0.368" threads="0" lastid="00000000045D3B00" lastname="SoapConnectorThreadPool : 0" />
</exclusive-start>
<af-start id="1020" threadId="00000000045D4480" totalBytesRequested="144" timestamp="2020-05-10T03:09:33.291" intervalms="2605.035" type="nursery" />
<cycle-start id="1021" type="scavenge" contextid="0" timestamp="2020-05-10T03:09:33.292" intervalms="2605.278" />
<gc-start id="1022" type="scavenge" contextid="1021" timestamp="2020-05-10T03:09:33.292">
  <mem-info id="1023" free="19859088" total="136511488" percent="14">
    <mem type="nursery" free="0" total="65273856" percent="0">
      <mem type="allocate" free="0" total="49872896" percent="0" />
      <mem type="survivor" free="0" total="15400960" percent="0" />
    </mem>
    <mem type="tenure" free="19859088" total="71237632" percent="27">
      <mem type="soa" free="16296592" total="67675136" percent="24" />
      <mem type="loa" free="3562496" total="3562496" percent="100" />
    </mem>
    <remembered-set count="25782" />
  </mem-info>
</gc-start>
<allocation-stats totalBytes="39408792" >
  <allocated-bytes non-tlh="5022912" tlh="34385880" />
  <largest-consumer threadName="LiveRefresh136" threadId="0000000004857400" bytes="23916776" />
</allocation-stats>
<gc-op id="1024" type="scavenge" timems="10.940" contextid="1021" timestamp="2020-05-10T03:09:33.304">
  <scavenger-info tenureage="4" tenuremask="7b90" tiltratio="76" />
  <memory-copied type="nursery" objects="176938" bytes="8531904" bytesdiscarded="286728" />
  <memory-copied type="tenure" objects="60521" bytes="2359120" bytesdiscarded="6904" />
  <finalization candidates="1338" enqueued="1261" />
  <ownableSynchronizers candidates="4618" cleared="4225" />
  <references type="soft" candidates="1034" cleared="0" enqueued="0" dynamicThreshold="9" maxThreshold="32" />
  <references type="weak" candidates="977" cleared="137" enqueued="137" />
  <references type="phantom" candidates="7" cleared="0" enqueued="0" />
</gc-op>
<gc-end id="1025" type="scavenge" contextid="1021" durationms="12.493" usertimems="42.240" systemtimems="2.137" timestamp="2020-05-10T03:09:33.305" activeThreads="8">
  <mem-info id="1026" free="58951784" total="136511488" percent="43">
    <mem type="nursery" free="41631080" total="65273856" percent="63">
      <mem type="allocate" free="41631080" total="50462720" percent="82" />
      <mem type="survivor" free="0" total="14811136" percent="0" />
    </mem>
    <mem type="tenure" free="17320704" total="71237632" percent="24" macro-fragmented="0">
      <mem type="soa" free="13758208" total="67675136" percent="20" />
      <mem type="loa" free="3562496" total="3562496" percent="100" />
    </mem>
    <pending-finalizers system="1261" default="0" reference="137" classloader="0" />
    <remembered-set count="21446" />
  </mem-info>
</gc-end>
<cycle-end id="1027" type="scavenge" contextid="1021" timestamp="2020-05-10T03:09:33.306" />
<allocation-satisfied id="1028" threadId="00000000045D3B00" bytesRequested="144" />
<af-end id="1029" timestamp="2020-05-10T03:09:33.307" threadId="00000000045D4480" success="true" from="nursery"/>
<exclusive-end id="1030" timestamp="2020-05-10T03:09:33.307" durationms="16.434" />

<exclusive-start id="1031" timestamp="2020-05-10T03:09:33.657" intervalms="366.300">
  <response-info timems="0.091" idlems="0.091" threads="0" lastid="0000000004857400" lastname="LiveRefresh136" />
</exclusive-start>
<af-start id="1032" threadId="0000000004857D80" totalBytesRequested="16408" timestamp="2020-05-10T03:09:33.658" intervalms="366.412" type="nursery" />
<cycle-start id="1033" type="scavenge" contextid="0" timestamp="2020-05-10T03:09:33.658" intervalms="366.364" />
<gc-start id="1034" type="scavenge" contextid="1033" timestamp="2020-05-10T03:09:33.659">
  <mem-info id="1035" free="16450368" total="136511488" percent="12">
    <mem type="nursery" free="0" total="65273856" percent="0">
      <mem type="allocate" free="0" total="50462720" percent="0" />
      <mem type="survivor" free="0" total="14811136" percent="0" />
    </mem>
    <mem type="tenure" free="16450368" total="71237632" percent="23">
      <mem type="soa" free="12887872" total="67675136" percent="19" />
      <mem type="loa" free="3562496" total="3562496" percent="100" />
    </mem>
    <remembered-set count="29929" />
  </mem-info>
</gc-start>
<allocation-stats totalBytes="42173616" >
  <allocated-bytes non-tlh="1184616" tlh="40989000" />
  <largest-consumer threadName="SoapConnectorThreadPool : 0" threadId="00000000045D3B00" bytes="30113360" />
</allocation-stats>
<gc-op id="1036" type="scavenge" timems="12.610" contextid="1033" timestamp="2020-05-10T03:09:33.672">
  <scavenger-info tenureage="11" tenuremask="7800" tiltratio="77" />
  <memory-copied type="nursery" objects="246751" bytes="11898872" bytesdiscarded="288544" />
  <finalization candidates="508" enqueued="421" />
  <ownableSynchronizers candidates="234" cleared="2" />
  <references type="soft" candidates="1741" cleared="0" enqueued="0" dynamicThreshold="9" maxThreshold="32" />
  <references type="weak" candidates="1097" cleared="74" enqueued="73" />
  <references type="phantom" candidates="7" cleared="0" enqueued="0" />
</gc-op>
<gc-end id="1037" type="scavenge" contextid="1033" durationms="14.070" usertimems="31.505" systemtimems="5.449" timestamp="2020-05-10T03:09:33.673" activeThreads="8">
  <mem-info id="1038" free="52879864" total="136511488" percent="38">
    <mem type="nursery" free="36429496" total="65273856" percent="55">
      <mem type="allocate" free="36429496" total="48627712" percent="74" />
      <mem type="survivor" free="0" total="16646144" percent="0" />
    </mem>
    <mem type="tenure" free="16450368" total="71237632" percent="23" macro-fragmented="0">
      <mem type="soa" free="12887872" total="67675136" percent="19" />
      <mem type="loa" free="3562496" total="3562496" percent="100" />
    </mem>
    <pending-finalizers system="421" default="0" reference="73" classloader="0" />
    <remembered-set count="29344" />
  </mem-info>
</gc-end>
<cycle-end id="1039" type="scavenge" contextid="1033" timestamp="2020-05-10T03:09:33.674" />
<allocation-satisfied id="1040" threadId="0000000004857400" bytesRequested="16408" />
<af-end id="1041" timestamp="2020-05-10T03:09:33.674" threadId="0000000004857D80" success="true" from="nursery"/>
<exclusive-end id="1042" timestamp="2020-05-10T03:09:33.675" durationms="17.889" />

<exclusive-start id="1043" timestamp="2020-05-10T03:09:33.786" intervalms="129.152">
  <response-info timems="0.146" idlems="0.146" threads="0" lastid="00000000045D3B00" lastname="SoapConnectorThreadPool : 0" />
</exclusive-start>
<af-start id="1044" threadId="00000000045D4480" totalBytesRequested="4008" timestamp="2020-05-10T03:09:33.787" intervalms="129.043" type="nursery" />
<cycle-start id="1045" type="scavenge" contextid="0" timestamp="2020-05-10T03:09:33.787" intervalms="129.039" />
<gc-start id="1046" type="scavenge" contextid="1045" timestamp="2020-05-10T03:09:33.788">
  <mem-info id="1047" free="16450368" total="136511488" percent="12">
    <mem type="nursery" free="0" total="65273856" percent="0">
      <mem type="allocate" free="0" total="48627712" percent="0" />
      <mem type="survivor" free="0" total="16646144" percent="0" />
    </mem>
    <mem type="tenure" free="16450368" total="71237632" percent="23">
      <mem type="soa" free="12887872" total="67675136" percent="19" />
      <mem type="loa" free="3562496" total="3562496" percent="100" />
    </mem>
    <remembered-set count="29346" />
  </mem-info>
</gc-start>
<allocation-stats totalBytes="35697736" >
  <allocated-bytes non-tlh="82016" tlh="35615720" />
  <largest-consumer threadName="SoapConnectorThreadPool : 0" threadId="00000000045D3B00" bytes="24386808" />
</allocation-stats>
<gc-op id="1048" type="scavenge" timems="7.709" contextid="1045" timestamp="2020-05-10T03:09:33.796">
  <scavenger-info tenureage="11" tenuremask="7800" tiltratio="74" />
  <memory-copied type="nursery" objects="257883" bytes="12267872" bytesdiscarded="166408" />
  <finalization candidates="226" enqueued="139" />
  <ownableSynchronizers candidates="238" cleared="6" />
  <references type="soft" candidates="1741" cleared="0" enqueued="0" dynamicThreshold="9" maxThreshold="32" />
  <references type="weak" candidates="1023" cleared="0" enqueued="0" />
  <references type="phantom" candidates="7" cleared="0" enqueued="0" />
</gc-op>
<gc-end id="1049" type="scavenge" contextid="1045" durationms="9.163" usertimems="39.543" systemtimems="4.456" timestamp="2020-05-10T03:09:33.797" activeThreads="8">
  <mem-info id="1050" free="54599592" total="136511488" percent="39">
    <mem type="nursery" free="38149224" total="65273856" percent="58">
      <mem type="allocate" free="38149224" total="50593792" percent="75" />
      <mem type="survivor" free="0" total="14680064" percent="0" />
    </mem>
    <mem type="tenure" free="16450368" total="71237632" percent="23" macro-fragmented="0">
      <mem type="soa" free="12887872" total="67675136" percent="19" />
      <mem type="loa" free="3562496" total="3562496" percent="100" />
    </mem>
    <pending-finalizers system="139" default="0" reference="0" classloader="0" />
    <remembered-set count="13947" />
  </mem-info>
</gc-end>
<cycle-end id="1051" type="scavenge" contextid="1045" timestamp="2020-05-10T03:09:33.798" />
<allocation-satisfied id="1052" threadId="00000000045D3B00" bytesRequested="4008" />
<af-end id="1053" timestamp="2020-05-10T03:09:33.798" threadId="00000000045D4480" success="true" from="nursery"/>
<exclusive-end id="1054" timestamp="2020-05-10T03:09:33.799" durationms="12.661" />

<exclusive-start id="1055" timestamp="2020-05-10T03:09:33.869" intervalms="83.233">
  <response-info timems="0.117" idlems="0.117" threads="0" lastid="00000000045D3B00" lastname="SoapConnectorThreadPool : 0" />
</exclusive-start>
<af-start id="1056" threadId="00000000045D4480" totalBytesRequested="4104" timestamp="2020-05-10T03:09:33.870" intervalms="83.387" type="nursery" />
<cycle-start id="1057" type="scavenge" contextid="0" timestamp="2020-05-10T03:09:33.871" intervalms="83.597" />
<gc-start id="1058" type="scavenge" contextid="1057" timestamp="2020-05-10T03:09:33.871">
  <mem-info id="1059" free="16429136" total="136511488" percent="12">
    <mem type="nursery" free="0" total="65273856" percent="0">
      <mem type="allocate" free="0" total="50593792" percent="0" />
      <mem type="survivor" free="0" total="14680064" percent="0" />
    </mem>
    <mem type="tenure" free="16429136" total="71237632" percent="23">
      <mem type="soa" free="12866640" total="67675136" percent="19" />
      <mem type="loa" free="3562496" total="3562496" percent="100" />
    </mem>
    <remembered-set count="14040" />
  </mem-info>
</gc-start>
<allocation-stats totalBytes="37403056" >
  <allocated-bytes non-tlh="90848" tlh="37312208" />
  <largest-consumer threadName="SoapConnectorThreadPool : 0" threadId="00000000045D3B00" bytes="27238584" />
</allocation-stats>
<gc-op id="1060" type="scavenge" timems="7.735" contextid="1057" timestamp="2020-05-10T03:09:33.880">
  <scavenger-info tenureage="3" tenuremask="7848" tiltratio="77" />
  <memory-copied type="nursery" objects="116149" bytes="7359824" bytesdiscarded="223120" />
  <memory-copied type="tenure" objects="159067" bytes="6496168" bytesdiscarded="8576" />
  <finalization candidates="172" enqueued="88" />
  <ownableSynchronizers candidates="232" cleared="0" />
  <references type="soft" candidates="776" cleared="0" enqueued="0" dynamicThreshold="9" maxThreshold="32" />
  <references type="weak" candidates="464" cleared="0" enqueued="0" />
</gc-op>
<heap-resize id="1061" type="expand" space="nursery" amount="4194304" count="1" timems="0.149" reason="excessive time being spent scavenging" timestamp="2020-05-10T03:09:33.881" />
<gc-end id="1062" type="scavenge" contextid="1057" durationms="9.940" usertimems="44.334" systemtimems="5.902" timestamp="2020-05-10T03:09:33.881" activeThreads="8">
  <mem-info id="1063" free="56167128" total="140705792" percent="39">
    <mem type="nursery" free="46416944" total="69468160" percent="66">
      <mem type="allocate" free="46416944" total="54001664" percent="85" />
      <mem type="survivor" free="0" total="15466496" percent="0" />
    </mem>
    <mem type="tenure" free="9750184" total="71237632" percent="13" macro-fragmented="0">
      <mem type="soa" free="6187688" total="67675136" percent="9" />
      <mem type="loa" free="3562496" total="3562496" percent="100" />
    </mem>
    <pending-finalizers system="88" default="0" reference="0" classloader="0" />
    <remembered-set count="4455" />
  </mem-info>
</gc-end>
<cycle-end id="1064" type="scavenge" contextid="1057" timestamp="2020-05-10T03:09:33.882" />
<allocation-satisfied id="1065" threadId="00000000045D3B00" bytesRequested="4104" />
<af-end id="1066" timestamp="2020-05-10T03:09:33.883" threadId="00000000045D4480" success="true" from="nursery"/>
<exclusive-end id="1067" timestamp="2020-05-10T03:09:33.883" durationms="14.031" />

<exclusive-start id="1068" timestamp="2020-05-10T03:09:33.944" intervalms="74.164">
  <response-info timems="0.113" idlems="0.113" threads="0" lastid="00000000045D3B00" lastname="SoapConnectorThreadPool : 0" />
</exclusive-start>
<af-start id="1069" threadId="00000000045D4480" totalBytesRequested="5965616" timestamp="2020-05-10T03:09:33.944" intervalms="74.039" type="nursery" />
<cycle-start id="1070" type="scavenge" contextid="0" timestamp="2020-05-10T03:09:33.945" intervalms="73.935" />
<gc-start id="1071" type="scavenge" contextid="1070" timestamp="2020-05-10T03:09:33.945">
  <mem-info id="1072" free="16054064" total="140705792" percent="11">
    <mem type="nursery" free="6304112" total="69468160" percent="9">
      <mem type="allocate" free="6304112" total="54001664" percent="11" />
      <mem type="survivor" free="0" total="15466496" percent="0" />
    </mem>
    <mem type="tenure" free="9749952" total="71237632" percent="13">
      <mem type="soa" free="6187456" total="67675136" percent="9" />
      <mem type="loa" free="3562496" total="3562496" percent="100" />
    </mem>
    <remembered-set count="5108" />
  </mem-info>
</gc-start>
<allocation-stats totalBytes="39442616" >
  <allocated-bytes non-tlh="7312296" tlh="32130320" />
  <largest-consumer threadName="SoapConnectorThreadPool : 0" threadId="00000000045D3B00" bytes="29535096" />
</allocation-stats>
<gc-op id="1073" type="scavenge" timems="4.775" contextid="1070" timestamp="2020-05-10T03:09:33.951">
  <scavenger-info tenureage="3" tenuremask="7848" tiltratio="77" />
  <memory-copied type="nursery" objects="38417" bytes="6350376" bytesdiscarded="238928" />
  <memory-copied type="tenure" objects="85590" bytes="4215784" bytesdiscarded="1928" />
  <finalization candidates="118" enqueued="80" />
  <ownableSynchronizers candidates="129" cleared="0" />
  <references type="soft" candidates="10" cleared="0" enqueued="0" dynamicThreshold="9" maxThreshold="32" />
  <references type="weak" candidates="4" cleared="2" enqueued="2" />
</gc-op>
<gc-end id="1074" type="scavenge" contextid="1070" durationms="6.348" usertimems="18.771" systemtimems="5.194" timestamp="2020-05-10T03:09:33.952" activeThreads="8">
  <mem-info id="1075" free="55188512" total="140705792" percent="39">
    <mem type="nursery" free="49635800" total="69468160" percent="71">
      <mem type="allocate" free="49635800" total="56229888" percent="88" />
      <mem type="survivor" free="0" total="13238272" percent="0" />
    </mem>
    <mem type="tenure" free="5552712" total="71237632" percent="7" macro-fragmented="4610902">
      <mem type="soa" free="1990216" total="67675136" percent="2" />
      <mem type="loa" free="3562496" total="3562496" percent="100" />
    </mem>
    <pending-finalizers system="80" default="0" reference="2" classloader="0" />
    <remembered-set count="5322" />
  </mem-info>
</gc-end>
<cycle-end id="1076" type="scavenge" contextid="1070" timestamp="2020-05-10T03:09:33.952" />
<allocation-satisfied id="1077" threadId="00000000045D3B00" bytesRequested="5965616" />
<af-end id="1078" timestamp="2020-05-10T03:09:33.954" threadId="00000000045D4480" success="true" from="nursery"/>
<exclusive-end id="1079" timestamp="2020-05-10T03:09:33.954" durationms="10.494" />

<concurrent-kickoff id="1080" timestamp="2020-05-10T03:09:34.043">
  <kickoff reason="threshold reached" targetBytes="27002817" thresholdFreeBytes="3748211"  remainingFree="3624360" tenureFreeBytes="5552712" nurseryFreeBytes="3624360" />
</concurrent-kickoff>
<exclusive-start id="1081" timestamp="2020-05-10T03:09:34.047" intervalms="103.195">
  <response-info timems="0.271" idlems="0.271" threads="0" lastid="0000000004857400" lastname="LiveRefresh136" />
</exclusive-start>
<cycle-start id="1082" type="global" contextid="0" timestamp="2020-05-10T03:09:34.047" intervalms="1169.357" />
<exclusive-end id="1083" timestamp="2020-05-10T03:09:34.047" durationms="0.687" />

<exclusive-start id="1084" timestamp="2020-05-10T03:09:34.066" intervalms="19.258">
  <response-info timems="0.108" idlems="0.108" threads="0" lastid="00000000045D3B00" lastname="SoapConnectorThreadPool : 0" />
</exclusive-start>
<af-start id="1085" threadId="00000000045D4480" totalBytesRequested="5965616" timestamp="2020-05-10T03:09:34.067" intervalms="122.447" type="nursery" />
<cycle-start id="1086" type="scavenge" contextid="0" timestamp="2020-05-10T03:09:34.067" intervalms="122.375" />
<gc-start id="1087" type="scavenge" contextid="1086" timestamp="2020-05-10T03:09:34.068">
  <mem-info id="1088" free="8367952" total="140705792" percent="5">
    <mem type="nursery" free="2815240" total="69468160" percent="4">
      <mem type="allocate" free="2815240" total="56229888" percent="5" />
      <mem type="survivor" free="0" total="13238272" percent="0" />
    </mem>
    <mem type="tenure" free="5552712" total="71237632" percent="7">
      <mem type="soa" free="1990216" total="67675136" percent="2" />
      <mem type="loa" free="3562496" total="3562496" percent="100" />
    </mem>
    <remembered-set count="5359" />
  </mem-info>
</gc-start>
<allocation-stats totalBytes="46810680" >
  <allocated-bytes non-tlh="30571728" tlh="16238952" />
  <largest-consumer threadName="SoapConnectorThreadPool : 0" threadId="00000000045D3B00" bytes="29893608" />
</allocation-stats>
<gc-op id="1089" type="scavenge" timems="13.255" contextid="1086" timestamp="2020-05-10T03:09:34.082">
  <scavenger-info tenureage="11" tenuremask="7800" tiltratio="80" />
  <memory-copied type="nursery" objects="10447" bytes="13137144" bytesdiscarded="101088" />
  <memory-copied type="tenure" objects="19739" bytes="2451272" bytesdiscarded="6256" />
  <copy-failed type="nursery" objects="19740" bytes="8416888" />
  <copy-failed type="tenure" objects="1" bytes="5965616" />
  <heap-resize type="expand" space="tenure" amount="6422528" count="3" timems="0.461" reason="continue current collection" />
  <warning details="aborted collection due to insufficient free space" />
</gc-op>
<gc-end id="1090" type="scavenge" contextid="1086" durationms="14.774" usertimems="18.869" systemtimems="4.148" timestamp="2020-05-10T03:09:34.082" activeThreads="8">
  <mem-info id="1091" free="12514920" total="147128320" percent="8">
    <mem type="nursery" free="2815240" total="69468160" percent="4">
      <mem type="allocate" free="2815240" total="56229888" percent="5" />
      <mem type="survivor" free="0" total="13238272" percent="0" />
    </mem>
    <mem type="tenure" free="9699680" total="77660160" percent="12" macro-fragmented="0">
      <mem type="soa" free="5816672" total="73777152" percent="7" />
      <mem type="loa" free="3883008" total="3883008" percent="100" />
    </mem>
    <remembered-set count="5359" />
  </mem-info>
</gc-end>
<cycle-end id="1092" type="scavenge" contextid="1086" timestamp="2020-05-10T03:09:34.083" />
<gc-start id="1093" type="global" contextid="1082" timestamp="2020-05-10T03:09:34.084">
  <mem-info id="1094" free="12514920" total="147128320" percent="8">
    <mem type="nursery" free="2815240" total="69468160" percent="4">
      <mem type="allocate" free="2815240" total="56229888" percent="5" />
      <mem type="survivor" free="0" total="13238272" percent="0" />
    </mem>
    <mem type="tenure" free="9699680" total="77660160" percent="12">
      <mem type="soa" free="5816672" total="73777152" percent="7" />
      <mem type="loa" free="3883008" total="3883008" percent="100" />
    </mem>
    <remembered-set count="5359" />
  </mem-info>
</gc-start>
<allocation-stats totalBytes="0" >
  <allocated-bytes non-tlh="0" tlh="0" />
</allocation-stats>
<heap-resize id="1095" type="loa expand" space="tenure" amount="777216" count="1" timems="0.000" reason="expand on failed allocate" timestamp="2020-05-10T03:09:34.085" />
<concurrent-halted id="1096" timestamp="2020-05-10T03:09:34.085">
  <halted state="Class scanning incomplete" status="trace only" />
  <traced bytesTarget="29366835" bytesTotal="7705768" bytesByMutator="203008" bytesByHelper="7502760" percent="26" />
  <cards cleaned="0" thresholdBytes="1476567" />
</concurrent-halted>
<gc-op id="1097" type="tracing" timems="8.157" contextid="1082" timestamp="2020-05-10T03:09:34.094">
  <trace bytesTraced="28657424" workStackOverflowCount="0" />
</gc-op>
<gc-op id="1098" type="rs-scan" timems="1.041" contextid="1082" timestamp="2020-05-10T03:09:34.095">
  <scan objectsFound="5184" bytesTraced="763196" workStackOverflowCount="0" />
</gc-op>
<gc-op id="1099" type="card-cleaning" timems="0.466" contextid="1082" timestamp="2020-05-10T03:09:34.096">
  <card-cleaning cardsCleaned="21" bytesTraced="13044" workStackOverflowCount="0" />
</gc-op>
<gc-op id="1100" type="mark" timems="5.543" contextid="1082" timestamp="2020-05-10T03:09:34.102">
  <trace-info objectcount="42534" scancount="39544" scanbytes="1812112" />
  <finalization candidates="1074" enqueued="23" />
  <ownableSynchronizers candidates="2365" cleared="3" />
  <references type="soft" candidates="16634" cleared="0" enqueued="0" dynamicThreshold="9" maxThreshold="32" />
  <references type="weak" candidates="6464" cleared="0" enqueued="0" />
  <references type="phantom" candidates="29" cleared="0" enqueued="0" />
  <stringconstants candidates="88749" cleared="0"  />
</gc-op>
<gc-op id="1101" type="sweep" timems="1.443" contextid="1082" timestamp="2020-05-10T03:09:34.104" />
<heap-resize id="1102" type="expand" space="tenure" amount="23920640" count="1" timems="0.173" reason="insufficient free space following gc" timestamp="2020-05-10T03:09:34.105" />
<gc-end id="1103" type="global" contextid="1082" durationms="21.010" usertimems="86.577" systemtimems="4.711" timestamp="2020-05-10T03:09:34.105" activeThreads="8">
  <mem-info id="1104" free="64675416" total="171048960" percent="37">
    <mem type="nursery" free="28228528" total="69468160" percent="40">
      <mem type="allocate" free="28228528" total="56229888" percent="50" />
      <mem type="survivor" free="0" total="13238272" percent="0" />
    </mem>
    <mem type="tenure" free="36446888" total="101580800" percent="35" micro-fragmented="770723" macro-fragmented="10183316">
      <mem type="soa" free="30352040" total="95485952" percent="31" />
      <mem type="loa" free="6094848" total="6094848" percent="100" />
    </mem>
    <pending-finalizers system="23" default="0" reference="0" classloader="0" />
    <remembered-set count="5343" />
  </mem-info>
</gc-end>
<cycle-end id="1105" type="global" contextid="1082" timestamp="2020-05-10T03:09:34.106" />
<allocation-satisfied id="1106" threadId="00000000045D3B00" bytesRequested="5965616" />
<af-end id="1107" timestamp="2020-05-10T03:09:34.107" threadId="00000000045D4480" success="true" from="nursery"/>
<exclusive-end id="1108" timestamp="2020-05-10T03:09:34.107" durationms="40.861" />

<exclusive-start id="1109" timestamp="2020-05-10T03:09:34.109" intervalms="42.816">
  <response-info timems="0.152" idlems="0.152" threads="0" lastid="00000000045D3B00" lastname="SoapConnectorThreadPool : 0" />
</exclusive-start>
<af-start id="1110" threadId="00000000045D4480" totalBytesRequested="11931232" timestamp="2020-05-10T03:09:34.109" intervalms="42.665" type="nursery" />
<cycle-start id="1111" type="scavenge" contextid="0" timestamp="2020-05-10T03:09:34.110" intervalms="42.614" />
<gc-start id="1112" type="scavenge" contextid="1111" timestamp="2020-05-10T03:09:34.110">
  <mem-info id="1113" free="58347640" total="171048960" percent="34">
    <mem type="nursery" free="21900752" total="69468160" percent="31">
      <mem type="allocate" free="21900752" total="56229888" percent="38" />
      <mem type="survivor" free="0" total="13238272" percent="0" />
    </mem>
    <mem type="tenure" free="36446888" total="101580800" percent="35">
      <mem type="soa" free="30352040" total="95485952" percent="31" />
      <mem type="loa" free="6094848" total="6094848" percent="100" />
    </mem>
    <remembered-set count="5343" />
  </mem-info>
</gc-start>
<allocation-stats totalBytes="12293344" >
  <allocated-bytes non-tlh="11998976" tlh="294368" />
  <largest-consumer threadName="SoapConnectorThreadPool : 0" threadId="00000000045D3B00" bytes="11931232" />
</allocation-stats>
<gc-op id="1114" type="scavenge" timems="2.587" contextid="1111" timestamp="2020-05-10T03:09:34.113">
  <scavenger-info tenureage="11" tenuremask="7800" tiltratio="80" />
  <memory-copied type="nursery" objects="41378" bytes="10330064" bytesdiscarded="313216" />
  <finalization candidates="4" enqueued="0" />
  <ownableSynchronizers candidates="4726" cleared="4724" />
  <references type="soft" candidates="10" cleared="0" enqueued="0" dynamicThreshold="11" maxThreshold="32" />
  <references type="weak" candidates="2" cleared="0" enqueued="0" />
</gc-op>
<gc-end id="1115" type="scavenge" contextid="1111" durationms="3.881" usertimems="9.949" systemtimems="1.801" timestamp="2020-05-10T03:09:34.114" activeThreads="8">
  <mem-info id="1116" free="79805144" total="171048960" percent="46">
    <mem type="nursery" free="43358256" total="69468160" percent="62">
      <mem type="allocate" free="43358256" total="54001664" percent="80" />
      <mem type="survivor" free="0" total="15466496" percent="0" />
    </mem>
    <mem type="tenure" free="36446888" total="101580800" percent="35" macro-fragmented="242284">
      <mem type="soa" free="30352040" total="95485952" percent="31" />
      <mem type="loa" free="6094848" total="6094848" percent="100" />
    </mem>
    <remembered-set count="5228" />
  </mem-info>
</gc-end>
<cycle-end id="1117" type="scavenge" contextid="1111" timestamp="2020-05-10T03:09:34.115" />
<allocation-satisfied id="1118" threadId="00000000045D3B00" bytesRequested="11931232" />
<af-end id="1119" timestamp="2020-05-10T03:09:34.116" threadId="00000000045D4480" success="true" from="nursery"/>
<exclusive-end id="1120" timestamp="2020-05-10T03:09:34.116" durationms="7.600" />

<exclusive-start id="1121" timestamp="2020-05-10T03:09:34.121" intervalms="12.053">
  <response-info timems="0.215" idlems="0.215" threads="0" lastid="00000000045D3B00" lastname="SoapConnectorThreadPool : 0" />
</exclusive-start>
<af-start id="1122" threadId="00000000045D4480" totalBytesRequested="5966768" timestamp="2020-05-10T03:09:34.121" intervalms="12.154" type="nursery" />
<cycle-start id="1123" type="scavenge" contextid="0" timestamp="2020-05-10T03:09:34.122" intervalms="12.107" />
<gc-start id="1124" type="scavenge" contextid="1123" timestamp="2020-05-10T03:09:34.122">
  <mem-info id="1125" free="43541416" total="171048960" percent="25">
    <mem type="nursery" free="7094528" total="69468160" percent="10">
      <mem type="allocate" free="7094528" total="54001664" percent="13" />
      <mem type="survivor" free="0" total="15466496" percent="0" />
    </mem>
    <mem type="tenure" free="36446888" total="101580800" percent="35">
      <mem type="soa" free="30352040" total="95485952" percent="31" />
      <mem type="loa" free="6094848" total="6094848" percent="100" />
    </mem>
    <remembered-set count="5228" />
  </mem-info>
</gc-start>
<allocation-stats totalBytes="36263600" >
  <allocated-bytes non-tlh="35796784" tlh="466816" />
  <largest-consumer threadName="SoapConnectorThreadPool : 0" threadId="00000000045D3B00" bytes="35809072" />
</allocation-stats>
<gc-op id="1126" type="scavenge" timems="3.270" contextid="1123" timestamp="2020-05-10T03:09:34.126">
  <scavenger-info tenureage="11" tenuremask="7800" tiltratio="77" />
  <memory-copied type="nursery" objects="38768" bytes="15391760" bytesdiscarded="74664" />
  <memory-copied type="tenure" objects="12287" bytes="1205432" bytesdiscarded="8072" />
  <copy-failed type="nursery" objects="12287" bytes="1205488" />
  <finalization candidates="4" enqueued="0" />
  <ownableSynchronizers candidates="2" cleared="0" />
  <references type="soft" candidates="10" cleared="0" enqueued="0" dynamicThreshold="11" maxThreshold="32" />
  <references type="weak" candidates="2" cleared="0" enqueued="0" />
</gc-op>
<heap-resize id="1127" type="expand" space="nursery" amount="12320768" count="1" timems="0.183" reason="excessive time being spent scavenging" timestamp="2020-05-10T03:09:34.127" />
<gc-end id="1128" type="scavenge" contextid="1123" durationms="5.216" usertimems="10.949" systemtimems="3.285" timestamp="2020-05-10T03:09:34.128" activeThreads="8">
  <mem-info id="1129" free="71288688" total="183369728" percent="38">
    <mem type="nursery" free="36241408" total="81788928" percent="44">
      <mem type="allocate" free="36241408" total="51707904" percent="70" />
      <mem type="survivor" free="0" total="30081024" percent="0" />
    </mem>
    <mem type="tenure" free="35047280" total="101580800" percent="34" macro-fragmented="0">
      <mem type="soa" free="28952432" total="95485952" percent="30" />
      <mem type="loa" free="6094848" total="6094848" percent="100" />
    </mem>
    <remembered-set count="7253" />
  </mem-info>
</gc-end>
<cycle-end id="1130" type="scavenge" contextid="1123" timestamp="2020-05-10T03:09:34.128" />
<allocation-satisfied id="1131" threadId="00000000045D3B00" bytesRequested="5966768" />
<af-end id="1132" timestamp="2020-05-10T03:09:34.129" threadId="00000000045D4480" success="true" from="nursery"/>
<exclusive-end id="1133" timestamp="2020-05-10T03:09:34.130" durationms="8.690" />

<exclusive-start id="1134" timestamp="2020-05-10T03:09:34.135" intervalms="13.683">
  <response-info timems="0.180" idlems="0.180" threads="0" lastid="00000000045D3B00" lastname="SoapConnectorThreadPool : 0" />
</exclusive-start>
<af-start id="1135" threadId="00000000045D4480" totalBytesRequested="5966768" timestamp="2020-05-10T03:09:34.135" intervalms="13.725" type="nursery" />
<cycle-start id="1136" type="scavenge" contextid="0" timestamp="2020-05-10T03:09:34.136" intervalms="13.737" />
<gc-start id="1137" type="scavenge" contextid="1136" timestamp="2020-05-10T03:09:34.136">
  <mem-info id="1138" free="41082416" total="183369728" percent="22">
    <mem type="nursery" free="6035136" total="81788928" percent="7">
      <mem type="allocate" free="6035136" total="51707904" percent="11" />
      <mem type="survivor" free="0" total="30081024" percent="0" />
    </mem>
    <mem type="tenure" free="35047280" total="101580800" percent="34">
      <mem type="soa" free="28952432" total="95485952" percent="30" />
      <mem type="loa" free="6094848" total="6094848" percent="100" />
    </mem>
    <remembered-set count="7255" />
  </mem-info>
</gc-start>
<allocation-stats totalBytes="30205416" >
  <allocated-bytes non-tlh="29264192" tlh="941224" />
  <largest-consumer threadName="SoapConnectorThreadPool : 0" threadId="00000000045D3B00" bytes="29284488" />
</allocation-stats>
<gc-op id="1139" type="scavenge" timems="3.739" contextid="1136" timestamp="2020-05-10T03:09:34.141">
  <scavenger-info tenureage="11" tenuremask="7800" tiltratio="63" />
  <memory-copied type="nursery" objects="38950" bytes="21422488" bytesdiscarded="313288" />
  <finalization candidates="4" enqueued="0" />
  <ownableSynchronizers candidates="1" cleared="0" />
  <references type="soft" candidates="12" cleared="0" enqueued="0" dynamicThreshold="11" maxThreshold="32" />
  <references type="weak" candidates="2" cleared="0" enqueued="0" />
</gc-op>
<heap-resize id="1140" type="expand" space="nursery" amount="14024704" count="1" timems="0.072" reason="excessive time being spent scavenging" timestamp="2020-05-10T03:09:34.141" />
<gc-end id="1141" type="scavenge" contextid="1136" durationms="5.772" usertimems="12.806" systemtimems="2.011" timestamp="2020-05-10T03:09:34.142" activeThreads="8">
  <mem-info id="1142" free="75505096" total="197394432" percent="38">
    <mem type="nursery" free="40457816" total="95813632" percent="42">
      <mem type="allocate" free="40457816" total="62193664" percent="65" />
      <mem type="survivor" free="0" total="33619968" percent="0" />
    </mem>
    <mem type="tenure" free="35047280" total="101580800" percent="34" macro-fragmented="0">
      <mem type="soa" free="28952432" total="95485952" percent="30" />
      <mem type="loa" free="6094848" total="6094848" percent="100" />
    </mem>
    <remembered-set count="7250" />
  </mem-info>
</gc-end>
<cycle-end id="1143" type="scavenge" contextid="1136" timestamp="2020-05-10T03:09:34.143" />
<allocation-satisfied id="1144" threadId="00000000045D3B00" bytesRequested="5966768" />
<af-end id="1145" timestamp="2020-05-10T03:09:34.143" threadId="00000000045D4480" success="true" from="nursery"/>
<exclusive-end id="1146" timestamp="2020-05-10T03:09:34.144" durationms="9.264" />

<exclusive-start id="1147" timestamp="2020-05-10T03:09:34.204" intervalms="69.478">
  <response-info timems="0.119" idlems="0.119" threads="0" lastid="0000000004857400" lastname="LiveRefresh136" />
</exclusive-start>
<af-start id="1148" threadId="0000000004857D80" totalBytesRequested="8200" timestamp="2020-05-10T03:09:34.204" intervalms="69.393" type="nursery" />
<cycle-start id="1149" type="scavenge" contextid="0" timestamp="2020-05-10T03:09:34.205" intervalms="69.417" />
<gc-start id="1150" type="scavenge" contextid="1149" timestamp="2020-05-10T03:09:34.205">
  <mem-info id="1151" free="35047280" total="197394432" percent="17">
    <mem type="nursery" free="0" total="95813632" percent="0">
      <mem type="allocate" free="0" total="62193664" percent="0" />
      <mem type="survivor" free="0" total="33619968" percent="0" />
    </mem>
    <mem type="tenure" free="35047280" total="101580800" percent="34">
      <mem type="soa" free="28952432" total="95485952" percent="30" />
      <mem type="loa" free="6094848" total="6094848" percent="100" />
    </mem>
    <remembered-set count="7288" />
  </mem-info>
</gc-start>
<allocation-stats totalBytes="40410696" >
  <allocated-bytes non-tlh="30315040" tlh="10095656" />
  <largest-consumer threadName="SoapConnectorThreadPool : 0" threadId="00000000045D3B00" bytes="30114288" />
</allocation-stats>
<gc-op id="1152" type="scavenge" timems="5.142" contextid="1149" timestamp="2020-05-10T03:09:34.211">
  <scavenger-info tenureage="2" tenuremask="7c8c" tiltratio="64" />
  <memory-copied type="nursery" objects="7716" bytes="7113480" bytesdiscarded="343944" />
  <memory-copied type="tenure" objects="31356" bytes="14402848" bytesdiscarded="5856" />
  <finalization candidates="69" enqueued="65" />
  <ownableSynchronizers candidates="1" cleared="0" />
  <references type="soft" candidates="12" cleared="0" enqueued="0" dynamicThreshold="11" maxThreshold="32" />
  <references type="weak" candidates="2" cleared="0" enqueued="0" />
</gc-op>
<heap-resize id="1153" type="expand" space="nursery" amount="3407872" count="1" timems="0.076" reason="excessive time being spent scavenging" timestamp="2020-05-10T03:09:34.212" />
<gc-end id="1154" type="scavenge" contextid="1149" durationms="7.121" usertimems="17.073" systemtimems="5.661" timestamp="2020-05-10T03:09:34.213" activeThreads="8">
  <mem-info id="1155" free="83692960" total="200802304" percent="41">
    <mem type="nursery" free="63059192" total="99221504" percent="63">
      <mem type="allocate" free="63059192" total="70516736" percent="89" />
      <mem type="survivor" free="0" total="28704768" percent="0" />
    </mem>
    <mem type="tenure" free="20633768" total="101580800" percent="20" macro-fragmented="2160235">
      <mem type="soa" free="14538920" total="95485952" percent="15" />
      <mem type="loa" free="6094848" total="6094848" percent="100" />
    </mem>
    <pending-finalizers system="65" default="0" reference="0" classloader="0" />
    <remembered-set count="12918" />
  </mem-info>
</gc-end>
<cycle-end id="1156" type="scavenge" contextid="1149" timestamp="2020-05-10T03:09:34.213" />
<allocation-satisfied id="1157" threadId="0000000004857400" bytesRequested="8200" />
<af-end id="1158" timestamp="2020-05-10T03:09:34.214" threadId="0000000004857D80" success="true" from="nursery"/>
<exclusive-end id="1159" timestamp="2020-05-10T03:09:34.214" durationms="10.060" />

<concurrent-kickoff id="1160" timestamp="2020-05-10T03:09:34.544">
  <kickoff reason="threshold reached" targetBytes="36139658" thresholdFreeBytes="4954582"  remainingFree="4924448" tenureFreeBytes="20633768" nurseryFreeBytes="4924448" />
</concurrent-kickoff>
<exclusive-start id="1161" timestamp="2020-05-10T03:09:34.549" intervalms="344.695">
  <response-info timems="0.078" idlems="0.078" threads="0" lastid="0000000004857400" lastname="LiveRefresh136" />
</exclusive-start>
<cycle-start id="1162" type="global" contextid="0" timestamp="2020-05-10T03:09:34.549" intervalms="502.110" />
<exclusive-end id="1163" timestamp="2020-05-10T03:09:34.550" durationms="0.893" />

<exclusive-start id="1164" timestamp="2020-05-10T03:09:34.608" intervalms="59.256">
  <response-info timems="0.075" idlems="0.075" threads="0" lastid="0000000004857400" lastname="LiveRefresh136" />
</exclusive-start>
<concurrent-collection-start id="1165" timestamp="2020-05-10T03:09:34.609" intervalms="1676.572" >
  <concurrent-trace-info reason="card cleaning threshold reached" tracedByMutators="9345580" tracedByHelpers="27326488" cardsCleaned="30" workStackOverflowCount="0" />
</concurrent-collection-start>
<gc-start id="1166" type="global" contextid="1162" timestamp="2020-05-10T03:09:34.609">
  <mem-info id="1167" free="20743992" total="200802304" percent="10">
    <mem type="nursery" free="110224" total="99221504" percent="0">
      <mem type="allocate" free="110224" total="70516736" percent="0" />
      <mem type="survivor" free="0" total="28704768" percent="0" />
    </mem>
    <mem type="tenure" free="20633768" total="101580800" percent="20">
      <mem type="soa" free="14538920" total="95485952" percent="15" />
      <mem type="loa" free="6094848" total="6094848" percent="100" />
    </mem>
    <remembered-set count="13058" />
  </mem-info>
</gc-start>
<allocation-stats totalBytes="62786736" >
  <allocated-bytes non-tlh="2031304" tlh="60755432" />
  <largest-consumer threadName="LiveRefresh136" threadId="0000000004857400" bytes="59953568" />
</allocation-stats>
<gc-op id="1168" type="rs-scan" timems="1.479" contextid="1162" timestamp="2020-05-10T03:09:34.612">
  <scan objectsFound="3602" bytesTraced="512180" workStackOverflowCount="0" />
</gc-op>
<gc-op id="1169" type="card-cleaning" timems="0.451" contextid="1162" timestamp="2020-05-10T03:09:34.613">
  <card-cleaning cardsCleaned="0" bytesTraced="2432" workStackOverflowCount="0" />
</gc-op>
<gc-op id="1170" type="mark" timems="5.878" contextid="1162" timestamp="2020-05-10T03:09:34.619">
  <trace-info objectcount="22126" scancount="19853" scanbytes="630804" />
  <finalization candidates="1583" enqueued="533" />
  <ownableSynchronizers candidates="2390" cleared="26" />
  <references type="soft" candidates="16634" cleared="0" enqueued="0" dynamicThreshold="11" maxThreshold="32" />
  <references type="weak" candidates="6464" cleared="1" enqueued="0" />
  <references type="phantom" candidates="29" cleared="0" enqueued="0" />
  <stringconstants candidates="88749" cleared="0"  />
</gc-op>
<gc-op id="1171" type="sweep" timems="3.039" contextid="1162" timestamp="2020-05-10T03:09:34.623" />
<gc-end id="1172" type="global" contextid="1162" durationms="13.788" usertimems="28.004" systemtimems="9.875" timestamp="2020-05-10T03:09:34.623" activeThreads="8">
  <mem-info id="1173" free="104167944" total="200802304" percent="51">
    <mem type="nursery" free="67482464" total="99221504" percent="68">
      <mem type="allocate" free="67482464" total="70516736" percent="95" />
      <mem type="survivor" free="0" total="28704768" percent="0" />
    </mem>
    <mem type="tenure" free="36685480" total="101580800" percent="36" micro-fragmented="839890" macro-fragmented="20027942">
      <mem type="soa" free="30590632" total="95485952" percent="32" />
      <mem type="loa" free="6094848" total="6094848" percent="100" />
    </mem>
    <pending-finalizers system="533" default="0" reference="0" classloader="0" />
    <remembered-set count="3724" />
  </mem-info>
</gc-end>
<cycle-end id="1174" type="global" contextid="1162" timestamp="2020-05-10T03:09:34.624" />
<concurrent-collection-end id="1175" timestamp="2020-05-10T03:09:34.624" />
<exclusive-end id="1176" timestamp="2020-05-10T03:09:34.624" durationms="16.361" />

<exclusive-start id="1177" timestamp="2020-05-10T03:09:34.937" intervalms="329.438">
  <response-info timems="0.152" idlems="0.152" threads="0" lastid="0000000004857400" lastname="LiveRefresh136" />
</exclusive-start>
<af-start id="1178" threadId="0000000004857D80" totalBytesRequested="40" timestamp="2020-05-10T03:09:34.938" intervalms="733.617" type="nursery" />
<cycle-start id="1179" type="scavenge" contextid="0" timestamp="2020-05-10T03:09:34.939" intervalms="733.790" />
<gc-start id="1180" type="scavenge" contextid="1179" timestamp="2020-05-10T03:09:34.939">
  <mem-info id="1181" free="36685480" total="200802304" percent="18">
    <mem type="nursery" free="0" total="99221504" percent="0">
      <mem type="allocate" free="0" total="70516736" percent="0" />
      <mem type="survivor" free="0" total="28704768" percent="0" />
    </mem>
    <mem type="tenure" free="36685480" total="101580800" percent="36">
      <mem type="soa" free="30590632" total="95485952" percent="32" />
      <mem type="loa" free="6094848" total="6094848" percent="100" />
    </mem>
    <remembered-set count="3802" />
  </mem-info>
</gc-start>
<allocation-stats totalBytes="67427360" >
  <allocated-bytes non-tlh="12627776" tlh="54799584" />
  <largest-consumer threadName="LiveRefresh136" threadId="0000000004857400" bytes="67419168" />
</allocation-stats>
<gc-op id="1182" type="scavenge" timems="3.219" contextid="1179" timestamp="2020-05-10T03:09:34.943">
  <scavenger-info tenureage="6" tenuremask="7cc0" tiltratio="71" />
  <memory-copied type="nursery" objects="4045" bytes="1175216" bytesdiscarded="280808" />
  <memory-copied type="tenure" objects="3504" bytes="229344" bytesdiscarded="952" />
  <finalization candidates="285" enqueued="283" />
  <ownableSynchronizers candidates="4742" cleared="4742" />
  <references type="soft" candidates="3" cleared="0" enqueued="0" dynamicThreshold="11" maxThreshold="32" />
</gc-op>
<gc-end id="1183" type="scavenge" contextid="1179" durationms="4.850" usertimems="8.762" systemtimems="6.196" timestamp="2020-05-10T03:09:34.944" activeThreads="8">
  <mem-info id="1184" free="110389896" total="200802304" percent="54">
    <mem type="nursery" free="73975296" total="99221504" percent="74">
      <mem type="allocate" free="73975296" total="75431936" percent="98" />
      <mem type="survivor" free="0" total="23789568" percent="0" />
    </mem>
    <mem type="tenure" free="36414600" total="101580800" percent="35" macro-fragmented="19184969">
      <mem type="soa" free="30319752" total="95485952" percent="31" />
      <mem type="loa" free="6094848" total="6094848" percent="100" />
    </mem>
    <pending-finalizers system="283" default="0" reference="0" classloader="0" />
    <remembered-set count="658" />
  </mem-info>
</gc-end>
<cycle-end id="1185" type="scavenge" contextid="1179" timestamp="2020-05-10T03:09:34.945" />
<allocation-satisfied id="1186" threadId="0000000004857400" bytesRequested="40" />
<af-end id="1187" timestamp="2020-05-10T03:09:34.945" threadId="0000000004857D80" success="true" from="nursery"/>
<exclusive-end id="1188" timestamp="2020-05-10T03:09:34.945" durationms="8.113" />

<exclusive-start id="1189" timestamp="2020-05-10T03:09:35.300" intervalms="362.650">
  <response-info timems="0.072" idlems="0.072" threads="0" lastid="0000000004857400" lastname="LiveRefresh136" />
</exclusive-start>
<af-start id="1190" threadId="0000000004857D80" totalBytesRequested="21640" timestamp="2020-05-10T03:09:35.301" intervalms="362.526" type="nursery" />
<cycle-start id="1191" type="scavenge" contextid="0" timestamp="2020-05-10T03:09:35.301" intervalms="362.375" />
<gc-start id="1192" type="scavenge" contextid="1191" timestamp="2020-05-10T03:09:35.302">
  <mem-info id="1193" free="36414600" total="200802304" percent="18">
    <mem type="nursery" free="0" total="99221504" percent="0">
      <mem type="allocate" free="0" total="75431936" percent="0" />
      <mem type="survivor" free="0" total="23789568" percent="0" />
    </mem>
    <mem type="tenure" free="36414600" total="101580800" percent="35">
      <mem type="soa" free="30319752" total="95485952" percent="31" />
      <mem type="loa" free="6094848" total="6094848" percent="100" />
    </mem>
    <remembered-set count="829" />
  </mem-info>
</gc-start>
<allocation-stats totalBytes="73924312" >
  <allocated-bytes non-tlh="2696968" tlh="71227344" />
  <largest-consumer threadName="LiveRefresh136" threadId="0000000004857400" bytes="73871064" />
</allocation-stats>
<gc-op id="1194" type="scavenge" timems="2.619" contextid="1191" timestamp="2020-05-10T03:09:35.305">
  <scavenger-info tenureage="11" tenuremask="7800" tiltratio="76" />
  <memory-copied type="nursery" objects="10886" bytes="2263248" bytesdiscarded="424016" />
  <finalization candidates="653" enqueued="652" />
  <ownableSynchronizers candidates="20" cleared="20" />
  <references type="soft" candidates="3" cleared="0" enqueued="0" dynamicThreshold="11" maxThreshold="32" />
</gc-op>
<gc-end id="1195" type="scavenge" contextid="1191" durationms="4.046" usertimems="3.682" systemtimems="3.358" timestamp="2020-05-10T03:09:35.306" activeThreads="8">
  <mem-info id="1196" free="113155744" total="200802304" percent="56">
    <mem type="nursery" free="76741144" total="99221504" percent="77">
      <mem type="allocate" free="76741144" total="79429632" percent="96" />
      <mem type="survivor" free="0" total="19791872" percent="0" />
    </mem>
    <mem type="tenure" free="36414600" total="101580800" percent="35" macro-fragmented="17657412">
      <mem type="soa" free="30319752" total="95485952" percent="31" />
      <mem type="loa" free="6094848" total="6094848" percent="100" />
    </mem>
    <pending-finalizers system="652" default="0" reference="0" classloader="0" />
    <remembered-set count="790" />
  </mem-info>
</gc-end>
<cycle-end id="1197" type="scavenge" contextid="1191" timestamp="2020-05-10T03:09:35.306" />
<allocation-satisfied id="1198" threadId="0000000004857400" bytesRequested="21640" />
<af-end id="1199" timestamp="2020-05-10T03:09:35.307" threadId="0000000004857D80" success="true" from="nursery"/>
<exclusive-end id="1200" timestamp="2020-05-10T03:09:35.307" durationms="7.119" />

<exclusive-start id="1201" timestamp="2020-05-10T03:09:35.649" intervalms="348.846">
  <response-info timems="0.066" idlems="0.066" threads="0" lastid="0000000004857400" lastname="LiveRefresh136" />
</exclusive-start>
<af-start id="1202" threadId="0000000004857D80" totalBytesRequested="16" timestamp="2020-05-10T03:09:35.650" intervalms="348.878" type="nursery" />
<cycle-start id="1203" type="scavenge" contextid="0" timestamp="2020-05-10T03:09:35.650" intervalms="348.944" />
<gc-start id="1204" type="scavenge" contextid="1203" timestamp="2020-05-10T03:09:35.651">
  <mem-info id="1205" free="36414600" total="200802304" percent="18">
    <mem type="nursery" free="0" total="99221504" percent="0">
      <mem type="allocate" free="0" total="79429632" percent="0" />
      <mem type="survivor" free="0" total="19791872" percent="0" />
    </mem>
    <mem type="tenure" free="36414600" total="101580800" percent="35">
      <mem type="soa" free="30319752" total="95485952" percent="31" />
      <mem type="loa" free="6094848" total="6094848" percent="100" />
    </mem>
    <remembered-set count="946" />
  </mem-info>
</gc-start>
<allocation-stats totalBytes="76708496" >
  <allocated-bytes non-tlh="261680" tlh="76446816" />
  <largest-consumer threadName="LiveRefresh136" threadId="0000000004857400" bytes="76700304" />
</allocation-stats>
<gc-op id="1206" type="scavenge" timems="3.801" contextid="1203" timestamp="2020-05-10T03:09:35.656">
  <scavenger-info tenureage="12" tenuremask="7000" tiltratio="80" />
  <memory-copied type="nursery" objects="7586" bytes="2179728" bytesdiscarded="328896" />
  <finalization candidates="537" enqueued="535" />
  <ownableSynchronizers candidates="24" cleared="24" />
  <references type="soft" candidates="3" cleared="0" enqueued="0" dynamicThreshold="11" maxThreshold="32" />
</gc-op>
<gc-end id="1207" type="scavenge" contextid="1203" durationms="5.243" usertimems="7.641" systemtimems="1.409" timestamp="2020-05-10T03:09:35.656" activeThreads="8">
  <mem-info id="1208" free="116807752" total="200802304" percent="58">
    <mem type="nursery" free="80393152" total="99221504" percent="81">
      <mem type="allocate" free="80393152" total="82903040" percent="96" />
      <mem type="survivor" free="0" total="16318464" percent="0" />
    </mem>
    <mem type="tenure" free="36414600" total="101580800" percent="35" macro-fragmented="17657412">
      <mem type="soa" free="30319752" total="95485952" percent="31" />
      <mem type="loa" free="6094848" total="6094848" percent="100" />
    </mem>
    <pending-finalizers system="535" default="0" reference="0" classloader="0" />
    <remembered-set count="919" />
  </mem-info>
</gc-end>
<cycle-end id="1209" type="scavenge" contextid="1203" timestamp="2020-05-10T03:09:35.657" />
<allocation-satisfied id="1210" threadId="0000000004857400" bytesRequested="16" />
<af-end id="1211" timestamp="2020-05-10T03:09:35.657" threadId="0000000004857D80" success="true" from="nursery"/>
<exclusive-end id="1212" timestamp="2020-05-10T03:09:35.658" durationms="8.663" />

<exclusive-start id="1213" timestamp="2020-05-10T03:09:35.995" intervalms="346.232">
  <response-info timems="0.081" idlems="0.081" threads="0" lastid="0000000004857400" lastname="LiveRefresh136" />
</exclusive-start>
<af-start id="1214" threadId="0000000004857D80" totalBytesRequested="1168" timestamp="2020-05-10T03:09:35.996" intervalms="346.234" type="nursery" />
<cycle-start id="1215" type="scavenge" contextid="0" timestamp="2020-05-10T03:09:35.996" intervalms="346.121" />
<gc-start id="1216" type="scavenge" contextid="1215" timestamp="2020-05-10T03:09:35.997">
  <mem-info id="1217" free="36412864" total="200802304" percent="18">
    <mem type="nursery" free="0" total="99221504" percent="0">
      <mem type="allocate" free="0" total="82903040" percent="0" />
      <mem type="survivor" free="0" total="16318464" percent="0" />
    </mem>
    <mem type="tenure" free="36412864" total="101580800" percent="35">
      <mem type="soa" free="30318016" total="95485952" percent="31" />
      <mem type="loa" free="6094848" total="6094848" percent="100" />
    </mem>
    <remembered-set count="1133" />
  </mem-info>
</gc-start>
<allocation-stats totalBytes="80317536" >
  <allocated-bytes non-tlh="999896" tlh="79317640" />
  <largest-consumer threadName="LiveRefresh136" threadId="0000000004857400" bytes="78424840" />
</allocation-stats>
<gc-op id="1218" type="scavenge" timems="3.884" contextid="1215" timestamp="2020-05-10T03:09:36.001">
  <scavenger-info tenureage="13" tenuremask="6000" tiltratio="83" />
  <memory-copied type="nursery" objects="7378" bytes="2763448" bytesdiscarded="258080" />
  <finalization candidates="537" enqueued="534" />
  <ownableSynchronizers candidates="16" cleared="14" />
  <references type="soft" candidates="5" cleared="0" enqueued="0" dynamicThreshold="11" maxThreshold="32" />
  <references type="weak" candidates="3" cleared="0" enqueued="0" />
</gc-op>
<gc-end id="1219" type="scavenge" contextid="1215" durationms="5.137" usertimems="6.513" systemtimems="2.766" timestamp="2020-05-10T03:09:36.002" activeThreads="8">
  <mem-info id="1220" free="118783568" total="200802304" percent="59">
    <mem type="nursery" free="82370704" total="99221504" percent="83">
      <mem type="allocate" free="82370704" total="85393408" percent="96" />
      <mem type="survivor" free="0" total="13828096" percent="0" />
    </mem>
    <mem type="tenure" free="36412864" total="101580800" percent="35" macro-fragmented="16582491">
      <mem type="soa" free="30318016" total="95485952" percent="31" />
      <mem type="loa" free="6094848" total="6094848" percent="100" />
    </mem>
    <pending-finalizers system="534" default="0" reference="0" classloader="0" />
    <remembered-set count="1071" />
  </mem-info>
</gc-end>
<cycle-end id="1221" type="scavenge" contextid="1215" timestamp="2020-05-10T03:09:36.003" />
<allocation-satisfied id="1222" threadId="0000000004857400" bytesRequested="1168" />
<af-end id="1223" timestamp="2020-05-10T03:09:36.004" threadId="0000000004857D80" success="true" from="nursery"/>
<exclusive-end id="1224" timestamp="2020-05-10T03:09:36.004" durationms="8.911" />

<exclusive-start id="1225" timestamp="2020-05-10T03:09:36.316" intervalms="320.659">
  <response-info timems="0.273" idlems="0.273" threads="0" lastid="0000000004857400" lastname="LiveRefresh136" />
</exclusive-start>
<af-start id="1226" threadId="0000000004857D80" totalBytesRequested="40" timestamp="2020-05-10T03:09:36.317" intervalms="320.998" type="nursery" />
<cycle-start id="1227" type="scavenge" contextid="0" timestamp="2020-05-10T03:09:36.317" intervalms="321.150" />
<gc-start id="1228" type="scavenge" contextid="1227" timestamp="2020-05-10T03:09:36.318">
  <mem-info id="1229" free="36412864" total="200802304" percent="18">
    <mem type="nursery" free="0" total="99221504" percent="0">
      <mem type="allocate" free="0" total="85393408" percent="0" />
      <mem type="survivor" free="0" total="13828096" percent="0" />
    </mem>
    <mem type="tenure" free="36412864" total="101580800" percent="35">
      <mem type="soa" free="30318016" total="95485952" percent="31" />
      <mem type="loa" free="6094848" total="6094848" percent="100" />
    </mem>
    <remembered-set count="1171" />
  </mem-info>
</gc-start>
<allocation-stats totalBytes="82337800" >
  <allocated-bytes non-tlh="4768552" tlh="77569248" />
  <largest-consumer threadName="LiveRefresh136" threadId="0000000004857400" bytes="82321416" />
</allocation-stats>
<gc-op id="1230" type="scavenge" timems="4.426" contextid="1227" timestamp="2020-05-10T03:09:36.323">
  <scavenger-info tenureage="14" tenuremask="4000" tiltratio="86" />
  <memory-copied type="nursery" objects="9965" bytes="3459424" bytesdiscarded="140560" />
  <finalization candidates="456" enqueued="452" />
  <ownableSynchronizers candidates="4" cleared="3" />
  <references type="soft" candidates="5" cleared="0" enqueued="0" dynamicThreshold="11" maxThreshold="32" />
  <references type="weak" candidates="3" cleared="0" enqueued="0" />
</gc-op>
<gc-end id="1231" type="scavenge" contextid="1227" durationms="6.215" usertimems="6.824" systemtimems="5.180" timestamp="2020-05-10T03:09:36.324" activeThreads="8">
  <mem-info id="1232" free="120040448" total="200802304" percent="59">
    <mem type="nursery" free="83627584" total="99221504" percent="84">
      <mem type="allocate" free="83627584" total="87228416" percent="95" />
      <mem type="survivor" free="0" total="11993088" percent="0" />
    </mem>
    <mem type="tenure" free="36412864" total="101580800" percent="35" macro-fragmented="18408416">
      <mem type="soa" free="30318016" total="95485952" percent="31" />
      <mem type="loa" free="6094848" total="6094848" percent="100" />
    </mem>
    <pending-finalizers system="452" default="0" reference="0" classloader="0" />
    <remembered-set count="1154" />
  </mem-info>
</gc-end>
<cycle-end id="1233" type="scavenge" contextid="1227" timestamp="2020-05-10T03:09:36.325" />
<allocation-satisfied id="1234" threadId="0000000004857400" bytesRequested="40" />
<af-end id="1235" timestamp="2020-05-10T03:09:36.326" threadId="0000000004857D80" success="true" from="nursery"/>
<exclusive-end id="1236" timestamp="2020-05-10T03:09:36.327" durationms="10.890" />

<exclusive-start id="1237" timestamp="2020-05-10T03:09:36.640" intervalms="324.629">
  <response-info timems="0.090" idlems="0.090" threads="0" lastid="0000000004857400" lastname="LiveRefresh136" />
</exclusive-start>
<af-start id="1238" threadId="0000000004857D80" totalBytesRequested="16" timestamp="2020-05-10T03:09:36.641" intervalms="324.060" type="nursery" />
<cycle-start id="1239" type="scavenge" contextid="0" timestamp="2020-05-10T03:09:36.641" intervalms="323.842" />
<gc-start id="1240" type="scavenge" contextid="1239" timestamp="2020-05-10T03:09:36.642">
  <mem-info id="1241" free="36412032" total="200802304" percent="18">
    <mem type="nursery" free="0" total="99221504" percent="0">
      <mem type="allocate" free="0" total="87228416" percent="0" />
      <mem type="survivor" free="0" total="11993088" percent="0" />
    </mem>
    <mem type="tenure" free="36412032" total="101580800" percent="35">
      <mem type="soa" free="30317184" total="95485952" percent="31" />
      <mem type="loa" free="6094848" total="6094848" percent="100" />
    </mem>
    <remembered-set count="1370" />
  </mem-info>
</gc-start>
<allocation-stats totalBytes="83588992" >
  <allocated-bytes non-tlh="2166152" tlh="81422840" />
  <largest-consumer threadName="LiveRefresh136" threadId="0000000004857400" bytes="81433232" />
</allocation-stats>
<gc-op id="1242" type="scavenge" timems="1.878" contextid="1239" timestamp="2020-05-10T03:09:36.644">
  <scavenger-info tenureage="14" tenuremask="4000" tiltratio="87" />
  <memory-copied type="nursery" objects="14486" bytes="3406744" bytesdiscarded="345952" />
  <finalization candidates="501" enqueued="495" />
  <ownableSynchronizers candidates="9" cleared="6" />
  <references type="soft" candidates="7" cleared="0" enqueued="0" dynamicThreshold="11" maxThreshold="32" />
  <references type="weak" candidates="4" cleared="1" enqueued="0" />
</gc-op>
<gc-end id="1243" type="scavenge" contextid="1239" durationms="2.918" usertimems="5.718" systemtimems="1.362" timestamp="2020-05-10T03:09:36.645" activeThreads="8">
  <mem-info id="1244" free="121524872" total="200802304" percent="60">
    <mem type="nursery" free="85112840" total="99221504" percent="85">
      <mem type="allocate" free="85112840" total="88866816" percent="95" />
      <mem type="survivor" free="0" total="10354688" percent="0" />
    </mem>
    <mem type="tenure" free="36412032" total="101580800" percent="35" macro-fragmented="17657707">
      <mem type="soa" free="30317184" total="95485952" percent="31" />
      <mem type="loa" free="6094848" total="6094848" percent="100" />
    </mem>
    <pending-finalizers system="495" default="0" reference="0" classloader="0" />
    <remembered-set count="1275" />
  </mem-info>
</gc-end>
<cycle-end id="1245" type="scavenge" contextid="1239" timestamp="2020-05-10T03:09:36.645" />
<allocation-satisfied id="1246" threadId="0000000004857400" bytesRequested="16" />
<af-end id="1247" timestamp="2020-05-10T03:09:36.646" threadId="0000000004857D80" success="true" from="nursery"/>
<exclusive-end id="1248" timestamp="2020-05-10T03:09:36.646" durationms="5.539" />

<exclusive-start id="1249" timestamp="2020-05-10T03:09:36.961" intervalms="321.092">
  <response-info timems="0.076" idlems="0.076" threads="0" lastid="0000000004857400" lastname="LiveRefresh136" />
</exclusive-start>
<af-start id="1250" threadId="0000000004857D80" totalBytesRequested="6664" timestamp="2020-05-10T03:09:36.962" intervalms="321.300" type="nursery" />
<cycle-start id="1251" type="scavenge" contextid="0" timestamp="2020-05-10T03:09:36.963" intervalms="321.385" />
<gc-start id="1252" type="scavenge" contextid="1251" timestamp="2020-05-10T03:09:36.963">
  <mem-info id="1253" free="36409616" total="200802304" percent="18">
    <mem type="nursery" free="0" total="99221504" percent="0">
      <mem type="allocate" free="0" total="88866816" percent="0" />
      <mem type="survivor" free="0" total="10354688" percent="0" />
    </mem>
    <mem type="tenure" free="36409616" total="101580800" percent="35">
      <mem type="soa" free="30314768" total="95485952" percent="31" />
      <mem type="loa" free="6094848" total="6094848" percent="100" />
    </mem>
    <remembered-set count="1555" />
  </mem-info>
</gc-start>
<allocation-stats totalBytes="85072216" >
  <allocated-bytes non-tlh="5106520" tlh="79965696" />
  <largest-consumer threadName="LiveRefresh136" threadId="0000000004857400" bytes="84501288" />
</allocation-stats>
<gc-op id="1254" type="scavenge" timems="3.864" contextid="1251" timestamp="2020-05-10T03:09:36.968">
  <scavenger-info tenureage="5" tenuremask="4020" tiltratio="89" />
  <memory-copied type="nursery" objects="10362" bytes="3458104" bytesdiscarded="310416" />
  <memory-copied type="tenure" objects="780" bytes="267128" bytesdiscarded="152" />
  <finalization candidates="549" enqueued="546" />
  <ownableSynchronizers candidates="5" cleared="3" />
  <references type="soft" candidates="20" cleared="0" enqueued="0" dynamicThreshold="11" maxThreshold="32" />
  <references type="weak" candidates="10" cleared="5" enqueued="4" />
</gc-op>
<gc-end id="1255" type="scavenge" contextid="1251" durationms="5.213" usertimems="9.508" systemtimems="3.178" timestamp="2020-05-10T03:09:36.968" activeThreads="8">
  <mem-info id="1256" free="121648056" total="200802304" percent="60">
    <mem type="nursery" free="85490384" total="99221504" percent="86">
      <mem type="allocate" free="85490384" total="89260032" percent="95" />
      <mem type="survivor" free="0" total="9961472" percent="0" />
    </mem>
    <mem type="tenure" free="36157672" total="101580800" percent="35" macro-fragmented="16806406">
      <mem type="soa" free="30062824" total="95485952" percent="31" />
      <mem type="loa" free="6094848" total="6094848" percent="100" />
    </mem>
    <pending-finalizers system="546" default="0" reference="4" classloader="0" />
    <remembered-set count="1384" />
  </mem-info>
</gc-end>
<cycle-end id="1257" type="scavenge" contextid="1251" timestamp="2020-05-10T03:09:36.969" />
<allocation-satisfied id="1258" threadId="0000000004857400" bytesRequested="6664" />
<af-end id="1259" timestamp="2020-05-10T03:09:36.970" threadId="0000000004857D80" success="true" from="nursery"/>
<exclusive-end id="1260" timestamp="2020-05-10T03:09:36.970" durationms="8.671" />

<exclusive-start id="1261" timestamp="2020-05-10T03:09:37.302" intervalms="340.082">
  <response-info timems="0.109" idlems="0.109" threads="0" lastid="0000000004857400" lastname="LiveRefresh136" />
</exclusive-start>
<af-start id="1262" threadId="0000000004857D80" totalBytesRequested="40" timestamp="2020-05-10T03:09:37.302" intervalms="340.024" type="nursery" />
<cycle-start id="1263" type="scavenge" contextid="0" timestamp="2020-05-10T03:09:37.303" intervalms="340.066" />
<gc-start id="1264" type="scavenge" contextid="1263" timestamp="2020-05-10T03:09:37.303">
  <mem-info id="1265" free="36157672" total="200802304" percent="18">
    <mem type="nursery" free="0" total="99221504" percent="0">
      <mem type="allocate" free="0" total="89260032" percent="0" />
      <mem type="survivor" free="0" total="9961472" percent="0" />
    </mem>
    <mem type="tenure" free="36157672" total="101580800" percent="35">
      <mem type="soa" free="30062824" total="95485952" percent="31" />
      <mem type="loa" free="6094848" total="6094848" percent="100" />
    </mem>
    <remembered-set count="1509" />
  </mem-info>
</gc-start>
<allocation-stats totalBytes="85453936" >
  <allocated-bytes non-tlh="3281800" tlh="82172136" />
  <largest-consumer threadName="LiveRefresh136" threadId="0000000004857400" bytes="85433456" />
</allocation-stats>
<gc-op id="1266" type="scavenge" timems="2.791" contextid="1263" timestamp="2020-05-10T03:09:37.307">
  <scavenger-info tenureage="5" tenuremask="4020" tiltratio="89" />
  <memory-copied type="nursery" objects="13561" bytes="3570544" bytesdiscarded="299336" />
  <memory-copied type="tenure" objects="1729" bytes="246200" bytesdiscarded="680" />
  <finalization candidates="532" enqueued="528" />
  <ownableSynchronizers candidates="8" cleared="7" />
  <references type="soft" candidates="20" cleared="0" enqueued="0" dynamicThreshold="11" maxThreshold="32" />
  <references type="weak" candidates="5" cleared="0" enqueued="0" />
</gc-op>
<gc-end id="1267" type="scavenge" contextid="1263" durationms="4.086" usertimems="4.882" systemtimems="3.873" timestamp="2020-05-10T03:09:37.307" activeThreads="8">
  <mem-info id="1268" free="121279864" total="200802304" percent="60">
    <mem type="nursery" free="85389144" total="99221504" percent="86">
      <mem type="allocate" free="85389144" total="89260032" percent="95" />
      <mem type="survivor" free="0" total="9961472" percent="0" />
    </mem>
    <mem type="tenure" free="35890720" total="101580800" percent="35" macro-fragmented="16620853">
      <mem type="soa" free="29795872" total="95485952" percent="31" />
      <mem type="loa" free="6094848" total="6094848" percent="100" />
    </mem>
    <pending-finalizers system="528" default="0" reference="0" classloader="0" />
    <remembered-set count="1343" />
  </mem-info>
</gc-end>
<cycle-end id="1269" type="scavenge" contextid="1263" timestamp="2020-05-10T03:09:37.308" />
<allocation-satisfied id="1270" threadId="0000000004857400" bytesRequested="40" />
<af-end id="1271" timestamp="2020-05-10T03:09:37.308" threadId="0000000004857D80" success="true" from="nursery"/>
<exclusive-end id="1272" timestamp="2020-05-10T03:09:37.309" durationms="7.191" />

<exclusive-start id="1273" timestamp="2020-05-10T03:09:37.626" intervalms="324.433">
  <response-info timems="0.070" idlems="0.070" threads="0" lastid="0000000004857400" lastname="LiveRefresh136" />
</exclusive-start>
<af-start id="1274" threadId="0000000004857D80" totalBytesRequested="40" timestamp="2020-05-10T03:09:37.626" intervalms="324.271" type="nursery" />
<cycle-start id="1275" type="scavenge" contextid="0" timestamp="2020-05-10T03:09:37.627" intervalms="324.141" />
<gc-start id="1276" type="scavenge" contextid="1275" timestamp="2020-05-10T03:09:37.627">
  <mem-info id="1277" free="35879776" total="200802304" percent="17">
    <mem type="nursery" free="0" total="99221504" percent="0">
      <mem type="allocate" free="0" total="89260032" percent="0" />
      <mem type="survivor" free="0" total="9961472" percent="0" />
    </mem>
    <mem type="tenure" free="35879776" total="101580800" percent="35">
      <mem type="soa" free="29784928" total="95485952" percent="31" />
      <mem type="loa" free="6094848" total="6094848" percent="100" />
    </mem>
    <remembered-set count="1737" />
  </mem-info>
</gc-start>
<allocation-stats totalBytes="85366488" >
  <allocated-bytes non-tlh="6186192" tlh="79180296" />
  <largest-consumer threadName="LiveRefresh136" threadId="0000000004857400" bytes="83341544" />
</allocation-stats>
<gc-op id="1278" type="scavenge" timems="3.282" contextid="1275" timestamp="2020-05-10T03:09:37.631">
  <scavenger-info tenureage="13" tenuremask="6000" tiltratio="89" />
  <memory-copied type="nursery" objects="14563" bytes="3558160" bytesdiscarded="304280" />
  <memory-copied type="tenure" objects="31" bytes="33336" bytesdiscarded="0" />
  <finalization candidates="416" enqueued="410" />
  <ownableSynchronizers candidates="9" cleared="4" />
  <references type="soft" candidates="24" cleared="0" enqueued="0" dynamicThreshold="11" maxThreshold="32" />
  <references type="weak" candidates="34" cleared="16" enqueued="14" />
</gc-op>
<gc-end id="1279" type="scavenge" contextid="1275" durationms="4.194" usertimems="5.253" systemtimems="2.684" timestamp="2020-05-10T03:09:37.631" activeThreads="8">
  <mem-info id="1280" free="121243552" total="200802304" percent="60">
    <mem type="nursery" free="85396552" total="99221504" percent="86">
      <mem type="allocate" free="85396552" total="89260032" percent="95" />
      <mem type="survivor" free="0" total="9961472" percent="0" />
    </mem>
    <mem type="tenure" free="35847000" total="101580800" percent="35" macro-fragmented="16622437">
      <mem type="soa" free="29752152" total="95485952" percent="31" />
      <mem type="loa" free="6094848" total="6094848" percent="100" />
    </mem>
    <pending-finalizers system="410" default="0" reference="14" classloader="0" />
    <remembered-set count="1504" />
  </mem-info>
</gc-end>
<cycle-end id="1281" type="scavenge" contextid="1275" timestamp="2020-05-10T03:09:37.632" />
<allocation-satisfied id="1282" threadId="0000000004857400" bytesRequested="40" />
<af-end id="1283" timestamp="2020-05-10T03:09:37.633" threadId="0000000004857D80" success="true" from="nursery"/>
<exclusive-end id="1284" timestamp="2020-05-10T03:09:37.633" durationms="7.212" />

<exclusive-start id="1285" timestamp="2020-05-10T03:09:37.934" intervalms="307.520">
  <response-info timems="0.120" idlems="0.120" threads="0" lastid="0000000004857400" lastname="LiveRefresh136" />
</exclusive-start>
<af-start id="1286" threadId="0000000004857D80" totalBytesRequested="26880" timestamp="2020-05-10T03:09:37.934" intervalms="307.673" type="nursery" />
<cycle-start id="1287" type="scavenge" contextid="0" timestamp="2020-05-10T03:09:37.934" intervalms="307.640" />
<gc-start id="1288" type="scavenge" contextid="1287" timestamp="2020-05-10T03:09:37.935">
  <mem-info id="1289" free="35817824" total="200802304" percent="17">
    <mem type="nursery" free="0" total="99221504" percent="0">
      <mem type="allocate" free="0" total="89260032" percent="0" />
      <mem type="survivor" free="0" total="9961472" percent="0" />
    </mem>
    <mem type="tenure" free="35817824" total="101580800" percent="35">
      <mem type="soa" free="29722976" total="95485952" percent="31" />
      <mem type="loa" free="6094848" total="6094848" percent="100" />
    </mem>
    <remembered-set count="2358" />
  </mem-info>
</gc-start>
<allocation-stats totalBytes="85367216" >
  <allocated-bytes non-tlh="486200" tlh="84881016" />
  <largest-consumer threadName="LiveRefresh136" threadId="0000000004857400" bytes="76194712" />
</allocation-stats>
<gc-op id="1290" type="scavenge" timems="4.694" contextid="1287" timestamp="2020-05-10T03:09:37.940">
  <scavenger-info tenureage="9" tenuremask="4200" tiltratio="89" />
  <memory-copied type="nursery" objects="47337" bytes="4932408" bytesdiscarded="249072" />
  <memory-copied type="tenure" objects="391" bytes="275920" bytesdiscarded="0" />
  <finalization candidates="640" enqueued="634" />
  <ownableSynchronizers candidates="13" cleared="8" />
  <references type="soft" candidates="37" cleared="0" enqueued="0" dynamicThreshold="11" maxThreshold="32" />
  <references type="weak" candidates="89" cleared="23" enqueued="19" />
</gc-op>
<gc-end id="1291" type="scavenge" contextid="1287" durationms="5.991" usertimems="17.712" systemtimems="0.000" timestamp="2020-05-10T03:09:37.941" activeThreads="8">
  <mem-info id="1292" free="119632152" total="200802304" percent="59">
    <mem type="nursery" free="84076536" total="99221504" percent="84">
      <mem type="allocate" free="84076536" total="89260032" percent="94" />
      <mem type="survivor" free="0" total="9961472" percent="0" />
    </mem>
    <mem type="tenure" free="35555616" total="101580800" percent="35" macro-fragmented="15092755">
      <mem type="soa" free="29460768" total="95485952" percent="30" />
      <mem type="loa" free="6094848" total="6094848" percent="100" />
    </mem>
    <pending-finalizers system="632" default="2" reference="19" classloader="0" />
    <remembered-set count="2024" />
  </mem-info>
</gc-end>
<cycle-end id="1293" type="scavenge" contextid="1287" timestamp="2020-05-10T03:09:37.942" />
<allocation-satisfied id="1294" threadId="0000000004857400" bytesRequested="26880" />
<af-end id="1295" timestamp="2020-05-10T03:09:37.942" threadId="0000000004857D80" success="true" from="nursery"/>
<exclusive-end id="1296" timestamp="2020-05-10T03:09:37.942" durationms="8.891" />

<exclusive-start id="1297" timestamp="2020-05-10T03:09:38.252" intervalms="318.445">
  <response-info timems="0.073" idlems="0.073" threads="0" lastid="00000000045D3B00" lastname="SoapConnectorThreadPool : 0" />
</exclusive-start>
<af-start id="1298" threadId="00000000045D4480" totalBytesRequested="4008" timestamp="2020-05-10T03:09:38.252" intervalms="318.260" type="nursery" />
<cycle-start id="1299" type="scavenge" contextid="0" timestamp="2020-05-10T03:09:38.253" intervalms="318.299" />
<gc-start id="1300" type="scavenge" contextid="1299" timestamp="2020-05-10T03:09:38.253">
  <mem-info id="1301" free="35548008" total="200802304" percent="17">
    <mem type="nursery" free="0" total="99221504" percent="0">
      <mem type="allocate" free="0" total="89260032" percent="0" />
      <mem type="survivor" free="0" total="9961472" percent="0" />
    </mem>
    <mem type="tenure" free="35548008" total="101580800" percent="34">
      <mem type="soa" free="29453160" total="95485952" percent="30" />
      <mem type="loa" free="6094848" total="6094848" percent="100" />
    </mem>
    <remembered-set count="2279" />
  </mem-info>
</gc-start>
<allocation-stats totalBytes="83988872" >
  <allocated-bytes non-tlh="1098608" tlh="82890264" />
  <largest-consumer threadName="LiveRefresh136" threadId="0000000004857400" bytes="81873824" />
</allocation-stats>
<gc-op id="1302" type="scavenge" timems="4.496" contextid="1299" timestamp="2020-05-10T03:09:38.258">
  <scavenger-info tenureage="4" tenuremask="40d0" tiltratio="89" />
  <memory-copied type="nursery" objects="45703" bytes="4709632" bytesdiscarded="186016" />
  <memory-copied type="tenure" objects="3491" bytes="839360" bytesdiscarded="2600" />
  <finalization candidates="760" enqueued="755" />
  <ownableSynchronizers candidates="31" cleared="24" />
  <references type="soft" candidates="22" cleared="0" enqueued="0" dynamicThreshold="11" maxThreshold="32" />
  <references type="weak" candidates="73" cleared="5" enqueued="3" />
</gc-op>
<gc-end id="1303" type="scavenge" contextid="1299" durationms="5.618" usertimems="9.561" systemtimems="5.390" timestamp="2020-05-10T03:09:38.259" activeThreads="8">
  <mem-info id="1304" free="119031920" total="200802304" percent="59">
    <mem type="nursery" free="84362760" total="99221504" percent="85">
      <mem type="allocate" free="84362760" total="89260032" percent="94" />
      <mem type="survivor" free="0" total="9961472" percent="0" />
    </mem>
    <mem type="tenure" free="34669160" total="101580800" percent="34" macro-fragmented="12219979">
      <mem type="soa" free="28574312" total="95485952" percent="29" />
      <mem type="loa" free="6094848" total="6094848" percent="100" />
    </mem>
    <pending-finalizers system="755" default="0" reference="3" classloader="0" />
    <remembered-set count="1775" />
  </mem-info>
</gc-end>
<cycle-end id="1305" type="scavenge" contextid="1299" timestamp="2020-05-10T03:09:38.259" />
<allocation-satisfied id="1306" threadId="00000000045D3B00" bytesRequested="4008" />
<af-end id="1307" timestamp="2020-05-10T03:09:38.260" threadId="00000000045D4480" success="true" from="nursery"/>
<exclusive-end id="1308" timestamp="2020-05-10T03:09:38.260" durationms="8.192" />

<exclusive-start id="1309" timestamp="2020-05-10T03:09:38.494" intervalms="242.071">
  <response-info timems="0.154" idlems="0.101" threads="1" lastid="0000000004857400" lastname="LiveRefresh136" />
</exclusive-start>
<af-start id="1310" threadId="00000000045D4480" totalBytesRequested="72" timestamp="2020-05-10T03:09:38.495" intervalms="242.259" type="nursery" />
<cycle-start id="1311" type="scavenge" contextid="0" timestamp="2020-05-10T03:09:38.495" intervalms="242.379" />
<gc-start id="1312" type="scavenge" contextid="1311" timestamp="2020-05-10T03:09:38.496">
  <mem-info id="1313" free="34666048" total="200802304" percent="17">
    <mem type="nursery" free="0" total="99221504" percent="0">
      <mem type="allocate" free="0" total="89260032" percent="0" />
      <mem type="survivor" free="0" total="9961472" percent="0" />
    </mem>
    <mem type="tenure" free="34666048" total="101580800" percent="34">
      <mem type="soa" free="28571200" total="95485952" percent="29" />
      <mem type="loa" free="6094848" total="6094848" percent="100" />
    </mem>
    <remembered-set count="1935" />
  </mem-info>
</gc-start>
<allocation-stats totalBytes="84329440" >
  <allocated-bytes non-tlh="2539336" tlh="81790104" />
  <largest-consumer threadName="LiveRefresh136" threadId="0000000004857400" bytes="69681632" />
</allocation-stats>
<gc-op id="1314" type="scavenge" timems="4.823" contextid="1311" timestamp="2020-05-10T03:09:38.502">
  <scavenger-info tenureage="14" tenuremask="4000" tiltratio="89" />
  <memory-copied type="nursery" objects="40706" bytes="4317872" bytesdiscarded="140616" />
  <finalization candidates="405" enqueued="396" />
  <ownableSynchronizers candidates="12" cleared="4" />
  <references type="soft" candidates="22" cleared="0" enqueued="0" dynamicThreshold="11" maxThreshold="32" />
  <references type="weak" candidates="89" cleared="15" enqueued="15" />
</gc-op>
<gc-end id="1315" type="scavenge" contextid="1311" durationms="6.455" usertimems="11.178" systemtimems="6.546" timestamp="2020-05-10T03:09:38.502" activeThreads="8">
  <mem-info id="1316" free="119466536" total="200802304" percent="59">
    <mem type="nursery" free="84800488" total="99221504" percent="85">
      <mem type="allocate" free="84800488" total="89260032" percent="95" />
      <mem type="survivor" free="0" total="9961472" percent="0" />
    </mem>
    <mem type="tenure" free="34666048" total="101580800" percent="34" macro-fragmented="15450222">
      <mem type="soa" free="28571200" total="95485952" percent="29" />
      <mem type="loa" free="6094848" total="6094848" percent="100" />
    </mem>
    <pending-finalizers system="395" default="1" reference="15" classloader="0" />
    <remembered-set count="1673" />
  </mem-info>
</gc-end>
<cycle-end id="1317" type="scavenge" contextid="1311" timestamp="2020-05-10T03:09:38.503" />
<allocation-satisfied id="1318" threadId="00000000045D3B00" bytesRequested="72" />
<af-end id="1319" timestamp="2020-05-10T03:09:38.504" threadId="00000000045D4480" success="true" from="nursery"/>
<exclusive-end id="1320" timestamp="2020-05-10T03:09:38.504" durationms="9.976" />

<exclusive-start id="1321" timestamp="2020-05-10T03:09:39.214" intervalms="719.756">
  <response-info timems="2.404" idlems="2.404" threads="0" lastid="000000000355C400" lastname="ProductTreeUpdater" />
</exclusive-start>
<af-start id="1322" threadId="000000000355CD80" totalBytesRequested="296" timestamp="2020-05-10T03:09:39.214" intervalms="719.784" type="nursery" />
<cycle-start id="1323" type="scavenge" contextid="0" timestamp="2020-05-10T03:09:39.215" intervalms="719.745" />
<gc-start id="1324" type="scavenge" contextid="1323" timestamp="2020-05-10T03:09:39.215">
  <mem-info id="1325" free="34646920" total="200802304" percent="17">
    <mem type="nursery" free="0" total="99221504" percent="0">
      <mem type="allocate" free="0" total="89260032" percent="0" />
      <mem type="survivor" free="0" total="9961472" percent="0" />
    </mem>
    <mem type="tenure" free="34646920" total="101580800" percent="34">
      <mem type="soa" free="28552072" total="95485952" percent="29" />
      <mem type="loa" free="6094848" total="6094848" percent="100" />
    </mem>
    <remembered-set count="2119" />
  </mem-info>
</gc-start>
<allocation-stats totalBytes="84769472" >
  <allocated-bytes non-tlh="353912" tlh="84415560" />
  <largest-consumer threadName="SoapConnectorThreadPool : 0" threadId="00000000045D3B00" bytes="47669280" />
</allocation-stats>
<gc-op id="1326" type="scavenge" timems="6.672" contextid="1323" timestamp="2020-05-10T03:09:39.223">
  <scavenger-info tenureage="3" tenuremask="4098" tiltratio="89" />
  <memory-copied type="nursery" objects="12101" bytes="2044544" bytesdiscarded="408000" />
  <memory-copied type="tenure" objects="31082" bytes="1818528" bytesdiscarded="1712" />
  <finalization candidates="548" enqueued="533" />
  <ownableSynchronizers candidates="166" cleared="151" />
  <references type="soft" candidates="17" cleared="0" enqueued="0" dynamicThreshold="11" maxThreshold="32" />
  <references type="weak" candidates="58" cleared="31" enqueued="28" />
</gc-op>
<gc-end id="1327" type="scavenge" contextid="1323" durationms="8.049" usertimems="21.568" systemtimems="6.463" timestamp="2020-05-10T03:09:39.224" activeThreads="8">
  <mem-info id="1328" free="119442064" total="200802304" percent="59">
    <mem type="nursery" free="86805704" total="99221504" percent="87">
      <mem type="allocate" free="86805704" total="89260032" percent="97" />
      <mem type="survivor" free="0" total="9961472" percent="0" />
    </mem>
    <mem type="tenure" free="32636360" total="101580800" percent="32" macro-fragmented="5375357">
      <mem type="soa" free="26541512" total="95485952" percent="27" />
      <mem type="loa" free="6094848" total="6094848" percent="100" />
    </mem>
    <pending-finalizers system="532" default="1" reference="28" classloader="0" />
    <remembered-set count="1241" />
  </mem-info>
</gc-end>
<cycle-end id="1329" type="scavenge" contextid="1323" timestamp="2020-05-10T03:09:39.224" />
<allocation-satisfied id="1330" threadId="000000000355C400" bytesRequested="296" />
<af-end id="1331" timestamp="2020-05-10T03:09:39.225" threadId="000000000355CD80" success="true" from="nursery"/>
<exclusive-end id="1332" timestamp="2020-05-10T03:09:39.225" durationms="11.253" />

<exclusive-start id="1333" timestamp="2020-05-10T03:09:41.116" intervalms="1902.580">
  <response-info timems="2.176" idlems="1.116" threads="1" lastid="0000000002142200" lastname="JIT Compilation Thread-001" />
</exclusive-start>
<af-start id="1334" threadId="0000000004857D80" totalBytesRequested="24" timestamp="2020-05-10T03:09:41.117" intervalms="1902.424" type="nursery" />
<cycle-start id="1335" type="scavenge" contextid="0" timestamp="2020-05-10T03:09:41.117" intervalms="1902.319" />
<gc-start id="1336" type="scavenge" contextid="1335" timestamp="2020-05-10T03:09:41.118">
  <mem-info id="1337" free="32573104" total="200802304" percent="16">
    <mem type="nursery" free="0" total="99221504" percent="0">
      <mem type="allocate" free="0" total="89260032" percent="0" />
      <mem type="survivor" free="0" total="9961472" percent="0" />
    </mem>
    <mem type="tenure" free="32573104" total="101580800" percent="32">
      <mem type="soa" free="26478256" total="95485952" percent="27" />
      <mem type="loa" free="6094848" total="6094848" percent="100" />
    </mem>
    <remembered-set count="2824" />
  </mem-info>
</gc-start>
<allocation-stats totalBytes="86808232" >
  <allocated-bytes non-tlh="2335944" tlh="84472288" />
  <largest-consumer threadName="LiveRefresh136" threadId="0000000004857400" bytes="61971552" />
</allocation-stats>
<gc-op id="1338" type="scavenge" timems="5.648" contextid="1335" timestamp="2020-05-10T03:09:41.124">
  <scavenger-info tenureage="14" tenuremask="4000" tiltratio="89" />
  <memory-copied type="nursery" objects="39360" bytes="7280024" bytesdiscarded="288968" />
  <memory-copied type="tenure" objects="16" bytes="296" bytesdiscarded="0" />
  <finalization candidates="1403" enqueued="1385" />
  <ownableSynchronizers candidates="325" cleared="312" />
  <references type="soft" candidates="41" cleared="0" enqueued="0" dynamicThreshold="11" maxThreshold="32" />
  <references type="weak" candidates="778" cleared="735" enqueued="28" />
</gc-op>
<gc-end id="1339" type="scavenge" contextid="1335" durationms="7.666" usertimems="14.493" systemtimems="6.123" timestamp="2020-05-10T03:09:41.125" activeThreads="8">
  <mem-info id="1340" free="111698736" total="200802304" percent="55">
    <mem type="nursery" free="79125632" total="99221504" percent="79">
      <mem type="allocate" free="79125632" total="86704128" percent="91" />
      <mem type="survivor" free="0" total="12517376" percent="0" />
    </mem>
    <mem type="tenure" free="32573104" total="101580800" percent="32" macro-fragmented="11473402">
      <mem type="soa" free="26478256" total="95485952" percent="27" />
      <mem type="loa" free="6094848" total="6094848" percent="100" />
    </mem>
    <pending-finalizers system="1271" default="114" reference="28" classloader="0" />
    <remembered-set count="2466" />
  </mem-info>
</gc-end>
<cycle-end id="1341" type="scavenge" contextid="1335" timestamp="2020-05-10T03:09:41.126" />
<allocation-satisfied id="1342" threadId="0000000004857400" bytesRequested="24" />
<af-end id="1343" timestamp="2020-05-10T03:09:41.126" threadId="0000000004857D80" success="true" from="nursery"/>
<exclusive-end id="1344" timestamp="2020-05-10T03:09:41.127" durationms="10.136" />

<exclusive-start id="1345" timestamp="2020-05-10T03:09:41.628" intervalms="511.244">
  <response-info timems="0.155" idlems="0.155" threads="0" lastid="0000000004857400" lastname="LiveRefresh136" />
</exclusive-start>
<af-start id="1346" threadId="0000000004857D80" totalBytesRequested="800" timestamp="2020-05-10T03:09:41.628" intervalms="511.186" type="nursery" />
<cycle-start id="1347" type="scavenge" contextid="0" timestamp="2020-05-10T03:09:41.628" intervalms="511.181" />
<gc-start id="1348" type="scavenge" contextid="1347" timestamp="2020-05-10T03:09:41.629">
  <mem-info id="1349" free="32568856" total="200802304" percent="16">
    <mem type="nursery" free="0" total="99221504" percent="0">
      <mem type="allocate" free="0" total="86704128" percent="0" />
      <mem type="survivor" free="0" total="12517376" percent="0" />
    </mem>
    <mem type="tenure" free="32568856" total="101580800" percent="32">
      <mem type="soa" free="26474008" total="95485952" percent="27" />
      <mem type="loa" free="6094848" total="6094848" percent="100" />
    </mem>
    <remembered-set count="2578" />
  </mem-info>
</gc-start>
<allocation-stats totalBytes="79076592" >
  <allocated-bytes non-tlh="20664" tlh="79055928" />
  <largest-consumer threadName="LiveRefresh136" threadId="0000000004857400" bytes="74195792" />
</allocation-stats>
<gc-op id="1350" type="scavenge" timems="3.851" contextid="1347" timestamp="2020-05-10T03:09:41.633">
  <scavenger-info tenureage="14" tenuremask="4000" tiltratio="87" />
  <memory-copied type="nursery" objects="47244" bytes="7393104" bytesdiscarded="112224" />
  <finalization candidates="308" enqueued="290" />
  <ownableSynchronizers candidates="67" cleared="54" />
  <references type="soft" candidates="45" cleared="0" enqueued="0" dynamicThreshold="11" maxThreshold="32" />
  <references type="weak" candidates="71" cleared="6" enqueued="4" />
</gc-op>
<gc-end id="1351" type="scavenge" contextid="1347" durationms="5.135" usertimems="8.654" systemtimems="2.172" timestamp="2020-05-10T03:09:41.634" activeThreads="8">
  <mem-info id="1352" free="114321816" total="200802304" percent="56">
    <mem type="nursery" free="81752960" total="99221504" percent="82">
      <mem type="allocate" free="81752960" total="89260032" percent="91" />
      <mem type="survivor" free="0" total="9961472" percent="0" />
    </mem>
    <mem type="tenure" free="32568856" total="101580800" percent="32" macro-fragmented="2592282">
      <mem type="soa" free="26474008" total="95485952" percent="27" />
      <mem type="loa" free="6094848" total="6094848" percent="100" />
    </mem>
    <pending-finalizers system="239" default="51" reference="4" classloader="0" />
    <remembered-set count="2275" />
  </mem-info>
</gc-end>
<cycle-end id="1353" type="scavenge" contextid="1347" timestamp="2020-05-10T03:09:41.635" />
<allocation-satisfied id="1354" threadId="0000000004857400" bytesRequested="800" />
<af-end id="1355" timestamp="2020-05-10T03:09:41.635" threadId="0000000004857D80" success="true" from="nursery"/>
<exclusive-end id="1356" timestamp="2020-05-10T03:09:41.635" durationms="7.760" />

<exclusive-start id="1357" timestamp="2020-05-10T03:09:42.220" intervalms="592.228">
  <response-info timems="0.183" idlems="0.183" threads="0" lastid="0000000004857400" lastname="LiveRefresh136" />
</exclusive-start>
<af-start id="1358" threadId="0000000004857D80" totalBytesRequested="136" timestamp="2020-05-10T03:09:42.220" intervalms="592.277" type="nursery" />
<cycle-start id="1359" type="scavenge" contextid="0" timestamp="2020-05-10T03:09:42.221" intervalms="592.418" />
<gc-start id="1360" type="scavenge" contextid="1359" timestamp="2020-05-10T03:09:42.221">
  <mem-info id="1361" free="32559232" total="200802304" percent="16">
    <mem type="nursery" free="0" total="99221504" percent="0">
      <mem type="allocate" free="0" total="89260032" percent="0" />
      <mem type="survivor" free="0" total="9961472" percent="0" />
    </mem>
    <mem type="tenure" free="32559232" total="101580800" percent="32">
      <mem type="soa" free="26464384" total="95485952" percent="27" />
      <mem type="loa" free="6094848" total="6094848" percent="100" />
    </mem>
    <remembered-set count="2548" />
  </mem-info>
</gc-start>
<allocation-stats totalBytes="81704864" >
  <allocated-bytes non-tlh="44296" tlh="81660568" />
  <largest-consumer threadName="LiveRefresh136" threadId="0000000004857400" bytes="72041088" />
</allocation-stats>
<gc-op id="1362" type="scavenge" timems="5.691" contextid="1359" timestamp="2020-05-10T03:09:42.228">
  <scavenger-info tenureage="14" tenuremask="4000" tiltratio="89" />
  <memory-copied type="nursery" objects="79175" bytes="9448240" bytesdiscarded="197480" />
  <finalization candidates="1392" enqueued="1374" />
  <ownableSynchronizers candidates="369" cleared="356" />
  <references type="soft" candidates="51" cleared="0" enqueued="0" dynamicThreshold="11" maxThreshold="32" />
  <references type="weak" candidates="84" cleared="11" enqueued="7" />
</gc-op>
<gc-end id="1363" type="scavenge" contextid="1359" durationms="7.084" usertimems="15.788" systemtimems="4.344" timestamp="2020-05-10T03:09:42.228" activeThreads="8">
  <mem-info id="1364" free="109939696" total="200802304" percent="54">
    <mem type="nursery" free="77380464" total="99221504" percent="77">
      <mem type="allocate" free="77380464" total="87031808" percent="88" />
      <mem type="survivor" free="0" total="12189696" percent="0" />
    </mem>
    <mem type="tenure" free="32559232" total="101580800" percent="32" macro-fragmented="7740515">
      <mem type="soa" free="26464384" total="95485952" percent="27" />
      <mem type="loa" free="6094848" total="6094848" percent="100" />
    </mem>
    <pending-finalizers system="1347" default="27" reference="7" classloader="0" />
    <remembered-set count="1488" />
  </mem-info>
</gc-end>
<cycle-end id="1365" type="scavenge" contextid="1359" timestamp="2020-05-10T03:09:42.229" />
<allocation-satisfied id="1366" threadId="0000000004857400" bytesRequested="136" />
<af-end id="1367" timestamp="2020-05-10T03:09:42.230" threadId="0000000004857D80" success="true" from="nursery"/>
<exclusive-end id="1368" timestamp="2020-05-10T03:09:42.230" durationms="10.132" />

<exclusive-start id="1369" timestamp="2020-05-10T03:09:42.690" intervalms="470.177">
  <response-info timems="0.067" idlems="0.067" threads="0" lastid="0000000004857400" lastname="LiveRefresh136" />
</exclusive-start>
<af-start id="1370" threadId="0000000004857D80" totalBytesRequested="8552" timestamp="2020-05-10T03:09:42.690" intervalms="470.243" type="nursery" />
<cycle-start id="1371" type="scavenge" contextid="0" timestamp="2020-05-10T03:09:42.691" intervalms="470.202" />
<gc-start id="1372" type="scavenge" contextid="1371" timestamp="2020-05-10T03:09:42.692">
  <mem-info id="1373" free="32539304" total="200802304" percent="16">
    <mem type="nursery" free="0" total="99221504" percent="0">
      <mem type="allocate" free="0" total="87031808" percent="0" />
      <mem type="survivor" free="0" total="12189696" percent="0" />
    </mem>
    <mem type="tenure" free="32539304" total="101580800" percent="32">
      <mem type="soa" free="26444456" total="95485952" percent="27" />
      <mem type="loa" free="6094848" total="6094848" percent="100" />
    </mem>
    <remembered-set count="1716" />
  </mem-info>
</gc-start>
<allocation-stats totalBytes="77352448" >
  <allocated-bytes non-tlh="282496" tlh="77069952" />
  <largest-consumer threadName="LiveRefresh136" threadId="0000000004857400" bytes="73196688" />
</allocation-stats>
<gc-op id="1374" type="scavenge" timems="3.337" contextid="1371" timestamp="2020-05-10T03:09:42.696">
  <scavenger-info tenureage="14" tenuremask="4000" tiltratio="87" />
  <memory-copied type="nursery" objects="81467" bytes="10554296" bytesdiscarded="287912" />
  <finalization candidates="1287" enqueued="1260" />
  <ownableSynchronizers candidates="262" cleared="251" />
  <references type="soft" candidates="51" cleared="0" enqueued="0" dynamicThreshold="11" maxThreshold="32" />
  <references type="weak" candidates="90" cleared="8" enqueued="6" />
</gc-op>
<gc-end id="1375" type="scavenge" contextid="1371" durationms="4.409" usertimems="13.119" systemtimems="2.537" timestamp="2020-05-10T03:09:42.696" activeThreads="8">
  <mem-info id="1376" free="108003864" total="200802304" percent="53">
    <mem type="nursery" free="75464560" total="99221504" percent="76">
      <mem type="allocate" free="75464560" total="86310912" percent="87" />
      <mem type="survivor" free="0" total="12910592" percent="0" />
    </mem>
    <mem type="tenure" free="32539304" total="101580800" percent="32" macro-fragmented="6450429">
      <mem type="soa" free="26444456" total="95485952" percent="27" />
      <mem type="loa" free="6094848" total="6094848" percent="100" />
    </mem>
    <pending-finalizers system="1259" default="1" reference="6" classloader="0" />
    <remembered-set count="1610" />
  </mem-info>
</gc-end>
<cycle-end id="1377" type="scavenge" contextid="1371" timestamp="2020-05-10T03:09:42.697" />
<allocation-satisfied id="1378" threadId="0000000004857400" bytesRequested="8552" />
<af-end id="1379" timestamp="2020-05-10T03:09:42.697" threadId="0000000004857D80" success="true" from="nursery"/>
<exclusive-end id="1380" timestamp="2020-05-10T03:09:42.698" durationms="7.532" />

<exclusive-start id="1381" timestamp="2020-05-10T03:09:42.958" intervalms="267.741">
  <response-info timems="0.220" idlems="0.148" threads="1" lastid="0000000003DB3100" lastname="SoapConnectorThreadPool : 1" />
</exclusive-start>
<af-start id="1382" threadId="0000000004857D80" totalBytesRequested="125392" timestamp="2020-05-10T03:09:42.958" intervalms="267.646" type="nursery" />
<cycle-start id="1383" type="scavenge" contextid="0" timestamp="2020-05-10T03:09:42.959" intervalms="267.599" />
<gc-start id="1384" type="scavenge" contextid="1383" timestamp="2020-05-10T03:09:42.959">
  <mem-info id="1385" free="32554504" total="200802304" percent="16">
    <mem type="nursery" free="25168" total="99221504" percent="0">
      <mem type="allocate" free="25168" total="86310912" percent="0" />
      <mem type="survivor" free="0" total="12910592" percent="0" />
    </mem>
    <mem type="tenure" free="32529336" total="101580800" percent="32">
      <mem type="soa" free="26434488" total="95485952" percent="27" />
      <mem type="loa" free="6094848" total="6094848" percent="100" />
    </mem>
    <remembered-set count="1957" />
  </mem-info>
</gc-start>
<allocation-stats totalBytes="75415312" >
  <allocated-bytes non-tlh="8205264" tlh="67210048" />
  <largest-consumer threadName="LiveRefresh136" threadId="0000000004857400" bytes="72242984" />
</allocation-stats>
<gc-op id="1386" type="scavenge" timems="3.555" contextid="1383" timestamp="2020-05-10T03:09:42.963">
  <scavenger-info tenureage="4" tenuremask="44b0" tiltratio="86" />
  <memory-copied type="nursery" objects="94935" bytes="6857168" bytesdiscarded="413568" />
  <memory-copied type="tenure" objects="10903" bytes="5055944" bytesdiscarded="2240" />
  <finalization candidates="554" enqueued="527" />
  <ownableSynchronizers candidates="27" cleared="16" />
  <references type="soft" candidates="14" cleared="0" enqueued="0" dynamicThreshold="11" maxThreshold="32" />
  <references type="weak" candidates="66" cleared="16" enqueued="11" />
</gc-op>
<gc-end id="1387" type="scavenge" contextid="1383" durationms="4.758" usertimems="15.673" systemtimems="2.367" timestamp="2020-05-10T03:09:42.964" activeThreads="8">
  <mem-info id="1388" free="106384816" total="200802304" percent="52">
    <mem type="nursery" free="79235264" total="99221504" percent="79">
      <mem type="allocate" free="79235264" total="86507520" percent="91" />
      <mem type="survivor" free="0" total="12713984" percent="0" />
    </mem>
    <mem type="tenure" free="27149552" total="101580800" percent="26" macro-fragmented="0">
      <mem type="soa" free="21054704" total="95485952" percent="22" />
      <mem type="loa" free="6094848" total="6094848" percent="100" />
    </mem>
    <pending-finalizers system="523" default="4" reference="11" classloader="0" />
    <remembered-set count="1194" />
  </mem-info>
</gc-end>
<cycle-end id="1389" type="scavenge" contextid="1383" timestamp="2020-05-10T03:09:42.964" />
<allocation-satisfied id="1390" threadId="0000000004857400" bytesRequested="125392" />
<af-end id="1391" timestamp="2020-05-10T03:09:42.965" threadId="0000000004857D80" success="true" from="nursery"/>
<exclusive-end id="1392" timestamp="2020-05-10T03:09:42.965" durationms="7.505" />

<exclusive-start id="1393" timestamp="2020-05-10T03:09:43.252" intervalms="294.648">
  <response-info timems="0.124" idlems="0.124" threads="0" lastid="0000000004857400" lastname="LiveRefresh136" />
</exclusive-start>
<af-start id="1394" threadId="0000000004857D80" totalBytesRequested="408" timestamp="2020-05-10T03:09:43.253" intervalms="294.704" type="nursery" />
<cycle-start id="1395" type="scavenge" contextid="0" timestamp="2020-05-10T03:09:43.253" intervalms="294.719" />
<gc-start id="1396" type="scavenge" contextid="1395" timestamp="2020-05-10T03:09:43.254">
  <mem-info id="1397" free="27138520" total="200802304" percent="13">
    <mem type="nursery" free="0" total="99221504" percent="0">
      <mem type="allocate" free="0" total="86507520" percent="0" />
      <mem type="survivor" free="0" total="12713984" percent="0" />
    </mem>
    <mem type="tenure" free="27138520" total="101580800" percent="26">
      <mem type="soa" free="21043672" total="95485952" percent="22" />
      <mem type="loa" free="6094848" total="6094848" percent="100" />
    </mem>
    <remembered-set count="1533" />
  </mem-info>
</gc-start>
<allocation-stats totalBytes="79210640" >
  <allocated-bytes non-tlh="4862448" tlh="74348192" />
  <largest-consumer threadName="LiveRefresh136" threadId="0000000004857400" bytes="76272896" />
</allocation-stats>
<gc-op id="1398" type="scavenge" timems="2.969" contextid="1395" timestamp="2020-05-10T03:09:43.258">
  <scavenger-info tenureage="3" tenuremask="4088" tiltratio="87" />
  <memory-copied type="nursery" objects="46807" bytes="4316568" bytesdiscarded="243552" />
  <memory-copied type="tenure" objects="32941" bytes="2055856" bytesdiscarded="1680" />
  <finalization candidates="738" enqueued="726" />
  <ownableSynchronizers candidates="23" cleared="18" />
  <references type="soft" candidates="4" cleared="0" enqueued="0" dynamicThreshold="11" maxThreshold="32" />
  <references type="weak" candidates="69" cleared="29" enqueued="21" />
</gc-op>
<gc-end id="1399" type="scavenge" contextid="1395" durationms="4.198" usertimems="10.101" systemtimems="3.919" timestamp="2020-05-10T03:09:43.258" activeThreads="8">
  <mem-info id="1400" free="108342056" total="200802304" percent="53">
    <mem type="nursery" free="82928792" total="99221504" percent="83">
      <mem type="allocate" free="82928792" total="87490560" percent="94" />
      <mem type="survivor" free="0" total="11730944" percent="0" />
    </mem>
    <mem type="tenure" free="25413264" total="101580800" percent="25" macro-fragmented="0">
      <mem type="soa" free="19318416" total="95485952" percent="20" />
      <mem type="loa" free="6094848" total="6094848" percent="100" />
    </mem>
    <pending-finalizers system="723" default="3" reference="21" classloader="0" />
    <remembered-set count="1414" />
  </mem-info>
</gc-end>
<cycle-end id="1401" type="scavenge" contextid="1395" timestamp="2020-05-10T03:09:43.259" />
<allocation-satisfied id="1402" threadId="0000000004857400" bytesRequested="408" />
<af-end id="1403" timestamp="2020-05-10T03:09:43.259" threadId="0000000004857D80" success="true" from="nursery"/>
<exclusive-end id="1404" timestamp="2020-05-10T03:09:43.260" durationms="7.198" />

<exclusive-start id="1405" timestamp="2020-05-10T03:09:43.556" intervalms="303.783">
  <response-info timems="0.130" idlems="0.130" threads="0" lastid="0000000004857400" lastname="LiveRefresh136" />
</exclusive-start>
<af-start id="1406" threadId="0000000004857D80" totalBytesRequested="8208" timestamp="2020-05-10T03:09:43.557" intervalms="303.737" type="nursery" />
<cycle-start id="1407" type="scavenge" contextid="0" timestamp="2020-05-10T03:09:43.557" intervalms="303.726" />
<gc-start id="1408" type="scavenge" contextid="1407" timestamp="2020-05-10T03:09:43.558">
  <mem-info id="1409" free="25404688" total="200802304" percent="12">
    <mem type="nursery" free="0" total="99221504" percent="0">
      <mem type="allocate" free="0" total="87490560" percent="0" />
      <mem type="survivor" free="0" total="11730944" percent="0" />
    </mem>
    <mem type="tenure" free="25404688" total="101580800" percent="25">
      <mem type="soa" free="19309840" total="95485952" percent="20" />
      <mem type="loa" free="6094848" total="6094848" percent="100" />
    </mem>
    <remembered-set count="1454" />
  </mem-info>
</gc-start>
<allocation-stats totalBytes="82877568" >
  <allocated-bytes non-tlh="468240" tlh="82409328" />
  <largest-consumer threadName="LiveRefresh136" threadId="0000000004857400" bytes="78430888" />
</allocation-stats>
<gc-op id="1410" type="scavenge" timems="2.812" contextid="1407" timestamp="2020-05-10T03:09:43.561">
  <scavenger-info tenureage="14" tenuremask="4000" tiltratio="88" />
  <memory-copied type="nursery" objects="46730" bytes="4732568" bytesdiscarded="357136" />
  <finalization candidates="640" enqueued="629" />
  <ownableSynchronizers candidates="11" cleared="10" />
  <references type="soft" candidates="4" cleared="0" enqueued="0" dynamicThreshold="11" maxThreshold="32" />
  <references type="weak" candidates="42" cleared="1" enqueued="0" />
</gc-op>
<gc-end id="1411" type="scavenge" contextid="1407" durationms="3.981" usertimems="9.107" systemtimems="2.296" timestamp="2020-05-10T03:09:43.561" activeThreads="8">
  <mem-info id="1412" free="108984088" total="200802304" percent="54">
    <mem type="nursery" free="83579400" total="99221504" percent="84">
      <mem type="allocate" free="83579400" total="88670208" percent="94" />
      <mem type="survivor" free="0" total="10551296" percent="0" />
    </mem>
    <mem type="tenure" free="25404688" total="101580800" percent="25" macro-fragmented="0">
      <mem type="soa" free="19309840" total="95485952" percent="20" />
      <mem type="loa" free="6094848" total="6094848" percent="100" />
    </mem>
    <pending-finalizers system="629" default="0" reference="0" classloader="0" />
    <remembered-set count="1249" />
  </mem-info>
</gc-end>
<cycle-end id="1413" type="scavenge" contextid="1407" timestamp="2020-05-10T03:09:43.562" />
<allocation-satisfied id="1414" threadId="0000000004857400" bytesRequested="8208" />
<af-end id="1415" timestamp="2020-05-10T03:09:43.563" threadId="0000000004857D80" success="true" from="nursery"/>
<exclusive-end id="1416" timestamp="2020-05-10T03:09:43.563" durationms="6.785" />

<exclusive-start id="1417" timestamp="2020-05-10T03:09:43.841" intervalms="284.891">
  <response-info timems="0.560" idlems="0.322" threads="1" lastid="000000000213E600" lastname="JIT Compilation Thread-000" />
</exclusive-start>
<af-start id="1418" threadId="00000000045D4480" totalBytesRequested="8208" timestamp="2020-05-10T03:09:43.842" intervalms="284.993" type="nursery" />
<cycle-start id="1419" type="scavenge" contextid="0" timestamp="2020-05-10T03:09:43.842" intervalms="284.994" />
<gc-start id="1420" type="scavenge" contextid="1419" timestamp="2020-05-10T03:09:43.843">
  <mem-info id="1421" free="25404688" total="200802304" percent="12">
    <mem type="nursery" free="0" total="99221504" percent="0">
      <mem type="allocate" free="0" total="88670208" percent="0" />
      <mem type="survivor" free="0" total="10551296" percent="0" />
    </mem>
    <mem type="tenure" free="25404688" total="101580800" percent="25">
      <mem type="soa" free="19309840" total="95485952" percent="20" />
      <mem type="loa" free="6094848" total="6094848" percent="100" />
    </mem>
    <remembered-set count="1290" />
  </mem-info>
</gc-start>
<allocation-stats totalBytes="83531896" >
  <allocated-bytes non-tlh="5645264" tlh="77886632" />
  <largest-consumer threadName="LiveRefresh136" threadId="0000000004857400" bytes="80704992" />
</allocation-stats>
<gc-op id="1422" type="scavenge" timems="2.824" contextid="1419" timestamp="2020-05-10T03:09:43.846">
  <scavenger-info tenureage="14" tenuremask="4000" tiltratio="89" />
  <memory-copied type="nursery" objects="44865" bytes="4823936" bytesdiscarded="121984" />
  <finalization candidates="412" enqueued="402" />
  <ownableSynchronizers candidates="6" cleared="4" />
  <references type="soft" candidates="5" cleared="0" enqueued="0" dynamicThreshold="11" maxThreshold="32" />
  <references type="weak" candidates="41" cleared="1" enqueued="0" />
</gc-op>
<gc-end id="1423" type="scavenge" contextid="1419" durationms="4.014" usertimems="8.701" systemtimems="1.714" timestamp="2020-05-10T03:09:43.847" activeThreads="8">
  <mem-info id="1424" free="109717968" total="200802304" percent="54">
    <mem type="nursery" free="84313280" total="99221504" percent="84">
      <mem type="allocate" free="84313280" total="89260032" percent="94" />
      <mem type="survivor" free="0" total="9961472" percent="0" />
    </mem>
    <mem type="tenure" free="25404688" total="101580800" percent="25" macro-fragmented="0">
      <mem type="soa" free="19309840" total="95485952" percent="20" />
      <mem type="loa" free="6094848" total="6094848" percent="100" />
    </mem>
    <pending-finalizers system="402" default="0" reference="0" classloader="0" />
    <remembered-set count="1141" />
  </mem-info>
</gc-end>
<cycle-end id="1425" type="scavenge" contextid="1419" timestamp="2020-05-10T03:09:43.847" />
<allocation-satisfied id="1426" threadId="00000000045D3B00" bytesRequested="8208" />
<af-end id="1427" timestamp="2020-05-10T03:09:43.848" threadId="00000000045D4480" success="true" from="nursery"/>
<exclusive-end id="1428" timestamp="2020-05-10T03:09:43.848" durationms="7.106" />

<exclusive-start id="1429" timestamp="2020-05-10T03:09:44.135" intervalms="293.720">
  <response-info timems="0.079" idlems="0.079" threads="0" lastid="0000000004857400" lastname="LiveRefresh136" />
</exclusive-start>
<af-start id="1430" threadId="0000000004857D80" totalBytesRequested="32808" timestamp="2020-05-10T03:09:44.135" intervalms="293.677" type="nursery" />
<cycle-start id="1431" type="scavenge" contextid="0" timestamp="2020-05-10T03:09:44.136" intervalms="293.666" />
<gc-start id="1432" type="scavenge" contextid="1431" timestamp="2020-05-10T03:09:44.136">
  <mem-info id="1433" free="25402816" total="200802304" percent="12">
    <mem type="nursery" free="0" total="99221504" percent="0">
      <mem type="allocate" free="0" total="89260032" percent="0" />
      <mem type="survivor" free="0" total="9961472" percent="0" />
    </mem>
    <mem type="tenure" free="25402816" total="101580800" percent="25">
      <mem type="soa" free="19307968" total="95485952" percent="20" />
      <mem type="loa" free="6094848" total="6094848" percent="100" />
    </mem>
    <remembered-set count="1215" />
  </mem-info>
</gc-start>
<allocation-stats totalBytes="84240784" >
  <allocated-bytes non-tlh="2016616" tlh="82224168" />
  <largest-consumer threadName="LiveRefresh136" threadId="0000000004857400" bytes="81783256" />
</allocation-stats>
<gc-op id="1434" type="scavenge" timems="6.009" contextid="1431" timestamp="2020-05-10T03:09:44.143">
  <scavenger-info tenureage="5" tenuremask="4020" tiltratio="89" />
  <memory-copied type="nursery" objects="19259" bytes="3563808" bytesdiscarded="417496" />
  <memory-copied type="tenure" objects="27234" bytes="1771824" bytesdiscarded="2888" />
  <finalization candidates="622" enqueued="603" />
  <ownableSynchronizers candidates="9" cleared="4" />
  <references type="soft" candidates="4" cleared="0" enqueued="0" dynamicThreshold="11" maxThreshold="32" />
  <references type="weak" candidates="34" cleared="2" enqueued="2" />
</gc-op>
<gc-end id="1435" type="scavenge" contextid="1431" durationms="7.145" usertimems="11.799" systemtimems="3.980" timestamp="2020-05-10T03:09:44.143" activeThreads="8">
  <mem-info id="1436" free="108843544" total="200802304" percent="54">
    <mem type="nursery" free="85277336" total="99221504" percent="85">
      <mem type="allocate" free="85277336" total="89260032" percent="95" />
      <mem type="survivor" free="0" total="9961472" percent="0" />
    </mem>
    <mem type="tenure" free="23566208" total="101580800" percent="23" macro-fragmented="140211">
      <mem type="soa" free="17471360" total="95485952" percent="18" />
      <mem type="loa" free="6094848" total="6094848" percent="100" />
    </mem>
    <pending-finalizers system="603" default="0" reference="2" classloader="0" />
    <remembered-set count="1654" />
  </mem-info>
</gc-end>
<cycle-end id="1437" type="scavenge" contextid="1431" timestamp="2020-05-10T03:09:44.144" />
<allocation-satisfied id="1438" threadId="0000000004857400" bytesRequested="32808" />
<af-end id="1439" timestamp="2020-05-10T03:09:44.145" threadId="0000000004857D80" success="true" from="nursery"/>
<exclusive-end id="1440" timestamp="2020-05-10T03:09:44.145" durationms="10.010" />

<exclusive-start id="1441" timestamp="2020-05-10T03:09:44.421" intervalms="285.929">
  <response-info timems="0.181" idlems="0.181" threads="0" lastid="0000000004857400" lastname="LiveRefresh136" />
</exclusive-start>
<af-start id="1442" threadId="0000000004857D80" totalBytesRequested="24" timestamp="2020-05-10T03:09:44.421" intervalms="285.845" type="nursery" />
<cycle-start id="1443" type="scavenge" contextid="0" timestamp="2020-05-10T03:09:44.422" intervalms="285.890" />
<gc-start id="1444" type="scavenge" contextid="1443" timestamp="2020-05-10T03:09:44.422">
  <mem-info id="1445" free="23558432" total="200802304" percent="11">
    <mem type="nursery" free="0" total="99221504" percent="0">
      <mem type="allocate" free="0" total="89260032" percent="0" />
      <mem type="survivor" free="0" total="9961472" percent="0" />
    </mem>
    <mem type="tenure" free="23558432" total="101580800" percent="23">
      <mem type="soa" free="17463584" total="95485952" percent="18" />
      <mem type="loa" free="6094848" total="6094848" percent="100" />
    </mem>
    <remembered-set count="3230" />
  </mem-info>
</gc-start>
<allocation-stats totalBytes="85230080" >
  <allocated-bytes non-tlh="4410400" tlh="80819680" />
  <largest-consumer threadName="LiveRefresh136" threadId="0000000004857400" bytes="75225264" />
</allocation-stats>
<gc-op id="1446" type="scavenge" timems="5.704" contextid="1443" timestamp="2020-05-10T03:09:44.428">
  <scavenger-info tenureage="8" tenuremask="4100" tiltratio="89" />
  <memory-copied type="nursery" objects="18222" bytes="3806648" bytesdiscarded="138888" />
  <memory-copied type="tenure" objects="511" bytes="113312" bytesdiscarded="24" />
  <finalization candidates="579" enqueued="566" />
  <ownableSynchronizers candidates="8" cleared="2" />
  <references type="soft" candidates="5" cleared="0" enqueued="0" dynamicThreshold="11" maxThreshold="32" />
  <references type="weak" candidates="743" cleared="726" enqueued="6" />
</gc-op>
<gc-end id="1447" type="scavenge" contextid="1443" durationms="7.037" usertimems="14.304" systemtimems="6.777" timestamp="2020-05-10T03:09:44.429" activeThreads="8">
  <mem-info id="1448" free="108756800" total="200802304" percent="54">
    <mem type="nursery" free="85312760" total="99221504" percent="85">
      <mem type="allocate" free="85312760" total="89260032" percent="95" />
      <mem type="survivor" free="0" total="9961472" percent="0" />
    </mem>
    <mem type="tenure" free="23444040" total="101580800" percent="23" macro-fragmented="27173">
      <mem type="soa" free="17349192" total="95485952" percent="18" />
      <mem type="loa" free="6094848" total="6094848" percent="100" />
    </mem>
    <pending-finalizers system="565" default="1" reference="6" classloader="0" />
    <remembered-set count="2640" />
  </mem-info>
</gc-end>
<cycle-end id="1449" type="scavenge" contextid="1443" timestamp="2020-05-10T03:09:44.430" />
<allocation-satisfied id="1450" threadId="0000000004857400" bytesRequested="24" />
<af-end id="1451" timestamp="2020-05-10T03:09:44.430" threadId="0000000004857D80" success="true" from="nursery"/>
<exclusive-end id="1452" timestamp="2020-05-10T03:09:44.430" durationms="9.678" />

<exclusive-start id="1453" timestamp="2020-05-10T03:09:44.713" intervalms="292.544">
  <response-info timems="0.085" idlems="0.085" threads="0" lastid="0000000004857400" lastname="LiveRefresh136" />
</exclusive-start>
<af-start id="1454" threadId="0000000004857D80" totalBytesRequested="6968" timestamp="2020-05-10T03:09:44.714" intervalms="292.659" type="nursery" />
<cycle-start id="1455" type="scavenge" contextid="0" timestamp="2020-05-10T03:09:44.714" intervalms="292.640" />
<gc-start id="1456" type="scavenge" contextid="1455" timestamp="2020-05-10T03:09:44.715">
  <mem-info id="1457" free="23437768" total="200802304" percent="11">
    <mem type="nursery" free="0" total="99221504" percent="0">
      <mem type="allocate" free="0" total="89260032" percent="0" />
      <mem type="survivor" free="0" total="9961472" percent="0" />
    </mem>
    <mem type="tenure" free="23437768" total="101580800" percent="23">
      <mem type="soa" free="17342920" total="95485952" percent="18" />
      <mem type="loa" free="6094848" total="6094848" percent="100" />
    </mem>
    <remembered-set count="3210" />
  </mem-info>
</gc-start>
<allocation-stats totalBytes="85283888" >
  <allocated-bytes non-tlh="4200888" tlh="81083000" />
  <largest-consumer threadName="LiveRefresh136" threadId="0000000004857400" bytes="82118200" />
</allocation-stats>
<gc-op id="1458" type="scavenge" timems="3.882" contextid="1455" timestamp="2020-05-10T03:09:44.719">
  <scavenger-info tenureage="14" tenuremask="4000" tiltratio="89" />
  <memory-copied type="nursery" objects="18980" bytes="4061272" bytesdiscarded="247680" />
  <finalization candidates="624" enqueued="611" />
  <ownableSynchronizers candidates="13" cleared="7" />
  <references type="soft" candidates="14" cleared="0" enqueued="0" dynamicThreshold="11" maxThreshold="32" />
  <references type="weak" candidates="28" cleared="9" enqueued="8" />
</gc-op>
<gc-end id="1459" type="scavenge" contextid="1455" durationms="5.144" usertimems="6.800" systemtimems="3.582" timestamp="2020-05-10T03:09:44.720" activeThreads="8">
  <mem-info id="1460" free="108387064" total="200802304" percent="53">
    <mem type="nursery" free="84949296" total="99221504" percent="85">
      <mem type="allocate" free="84949296" total="89260032" percent="95" />
      <mem type="survivor" free="0" total="9961472" percent="0" />
    </mem>
    <mem type="tenure" free="23437768" total="101580800" percent="23" macro-fragmented="201903">
      <mem type="soa" free="17342920" total="95485952" percent="18" />
      <mem type="loa" free="6094848" total="6094848" percent="100" />
    </mem>
    <pending-finalizers system="610" default="1" reference="8" classloader="0" />
    <remembered-set count="2951" />
  </mem-info>
</gc-end>
<cycle-end id="1461" type="scavenge" contextid="1455" timestamp="2020-05-10T03:09:44.721" />
<allocation-satisfied id="1462" threadId="0000000004857400" bytesRequested="6968" />
<af-end id="1463" timestamp="2020-05-10T03:09:44.721" threadId="0000000004857D80" success="true" from="nursery"/>
<exclusive-end id="1464" timestamp="2020-05-10T03:09:44.722" durationms="8.343" />

<exclusive-start id="1465" timestamp="2020-05-10T03:09:45.006" intervalms="293.161">
  <response-info timems="0.125" idlems="0.125" threads="0" lastid="0000000004857400" lastname="LiveRefresh136" />
</exclusive-start>
<af-start id="1466" threadId="0000000004857D80" totalBytesRequested="84008" timestamp="2020-05-10T03:09:45.007" intervalms="293.031" type="nursery" />
<cycle-start id="1467" type="scavenge" contextid="0" timestamp="2020-05-10T03:09:45.007" intervalms="292.984" />
<gc-start id="1468" type="scavenge" contextid="1467" timestamp="2020-05-10T03:09:45.008">
  <mem-info id="1469" free="23437376" total="200802304" percent="11">
    <mem type="nursery" free="8896" total="99221504" percent="0">
      <mem type="allocate" free="8896" total="89260032" percent="0" />
      <mem type="survivor" free="0" total="9961472" percent="0" />
    </mem>
    <mem type="tenure" free="23428480" total="101580800" percent="23">
      <mem type="soa" free="17333632" total="95485952" percent="18" />
      <mem type="loa" free="6094848" total="6094848" percent="100" />
    </mem>
    <remembered-set count="3410" />
  </mem-info>
</gc-start>
<allocation-stats totalBytes="84878400" >
  <allocated-bytes non-tlh="5868216" tlh="79010184" />
  <largest-consumer threadName="LiveRefresh136" threadId="0000000004857400" bytes="81337104" />
</allocation-stats>
<gc-op id="1470" type="scavenge" timems="3.579" contextid="1467" timestamp="2020-05-10T03:09:45.012">
  <scavenger-info tenureage="14" tenuremask="4000" tiltratio="89" />
  <memory-copied type="nursery" objects="23492" bytes="4197504" bytesdiscarded="274032" />
  <finalization candidates="579" enqueued="563" />
  <ownableSynchronizers candidates="6" cleared="2" />
  <references type="soft" candidates="14" cleared="0" enqueued="0" dynamicThreshold="11" maxThreshold="32" />
  <references type="weak" candidates="43" cleared="16" enqueued="6" />
</gc-op>
<gc-end id="1471" type="scavenge" contextid="1467" durationms="4.714" usertimems="8.066" systemtimems="3.826" timestamp="2020-05-10T03:09:45.013" activeThreads="8">
  <mem-info id="1472" free="108214232" total="200802304" percent="53">
    <mem type="nursery" free="84785752" total="99221504" percent="85">
      <mem type="allocate" free="84785752" total="89260032" percent="94" />
      <mem type="survivor" free="0" total="9961472" percent="0" />
    </mem>
    <mem type="tenure" free="23428480" total="101580800" percent="23" macro-fragmented="0">
      <mem type="soa" free="17333632" total="95485952" percent="18" />
      <mem type="loa" free="6094848" total="6094848" percent="100" />
    </mem>
    <pending-finalizers system="556" default="7" reference="6" classloader="0" />
    <remembered-set count="3174" />
  </mem-info>
</gc-end>
<cycle-end id="1473" type="scavenge" contextid="1467" timestamp="2020-05-10T03:09:45.013" />
<allocation-satisfied id="1474" threadId="0000000004857400" bytesRequested="84008" />
<af-end id="1475" timestamp="2020-05-10T03:09:45.014" threadId="0000000004857D80" success="true" from="nursery"/>
<exclusive-end id="1476" timestamp="2020-05-10T03:09:45.014" durationms="7.415" />

<exclusive-start id="1477" timestamp="2020-05-10T03:09:45.314" intervalms="307.196">
  <response-info timems="0.111" idlems="0.111" threads="0" lastid="0000000004857400" lastname="LiveRefresh136" />
</exclusive-start>
<af-start id="1478" threadId="0000000004857D80" totalBytesRequested="2056" timestamp="2020-05-10T03:09:45.314" intervalms="307.214" type="nursery" />
<cycle-start id="1479" type="scavenge" contextid="0" timestamp="2020-05-10T03:09:45.314" intervalms="307.217" />
<gc-start id="1480" type="scavenge" contextid="1479" timestamp="2020-05-10T03:09:45.315">
  <mem-info id="1481" free="23426248" total="200802304" percent="11">
    <mem type="nursery" free="0" total="99221504" percent="0">
      <mem type="allocate" free="0" total="89260032" percent="0" />
      <mem type="survivor" free="0" total="9961472" percent="0" />
    </mem>
    <mem type="tenure" free="23426248" total="101580800" percent="23">
      <mem type="soa" free="17331400" total="95485952" percent="18" />
      <mem type="loa" free="6094848" total="6094848" percent="100" />
    </mem>
    <remembered-set count="3623" />
  </mem-info>
</gc-start>
<allocation-stats totalBytes="84741984" >
  <allocated-bytes non-tlh="804448" tlh="83937536" />
  <largest-consumer threadName="LiveRefresh136" threadId="0000000004857400" bytes="80906632" />
</allocation-stats>
<gc-op id="1482" type="scavenge" timems="3.784" contextid="1479" timestamp="2020-05-10T03:09:45.319">
  <scavenger-info tenureage="14" tenuremask="4000" tiltratio="89" />
  <memory-copied type="nursery" objects="26403" bytes="4316848" bytesdiscarded="192944" />
  <finalization candidates="674" enqueued="658" />
  <ownableSynchronizers candidates="20" cleared="14" />
  <references type="soft" candidates="38" cleared="0" enqueued="0" dynamicThreshold="11" maxThreshold="32" />
  <references type="weak" candidates="54" cleared="18" enqueued="6" />
</gc-op>
<gc-end id="1483" type="scavenge" contextid="1479" durationms="4.891" usertimems="8.208" systemtimems="0.807" timestamp="2020-05-10T03:09:45.320" activeThreads="8">
  <mem-info id="1484" free="108174120" total="200802304" percent="53">
    <mem type="nursery" free="84747872" total="99221504" percent="85">
      <mem type="allocate" free="84747872" total="89260032" percent="94" />
      <mem type="survivor" free="0" total="9961472" percent="0" />
    </mem>
    <mem type="tenure" free="23426248" total="101580800" percent="23" macro-fragmented="0">
      <mem type="soa" free="17331400" total="95485952" percent="18" />
      <mem type="loa" free="6094848" total="6094848" percent="100" />
    </mem>
    <pending-finalizers system="653" default="5" reference="6" classloader="0" />
    <remembered-set count="3276" />
  </mem-info>
</gc-end>
<cycle-end id="1485" type="scavenge" contextid="1479" timestamp="2020-05-10T03:09:45.320" />
<allocation-satisfied id="1486" threadId="0000000004857400" bytesRequested="2056" />
<af-end id="1487" timestamp="2020-05-10T03:09:45.321" threadId="0000000004857D80" success="true" from="nursery"/>
<exclusive-end id="1488" timestamp="2020-05-10T03:09:45.321" durationms="7.448" />

<exclusive-start id="1489" timestamp="2020-05-10T03:09:45.595" intervalms="281.373">
  <response-info timems="0.072" idlems="0.072" threads="0" lastid="0000000004857400" lastname="LiveRefresh136" />
</exclusive-start>
<af-start id="1490" threadId="0000000004857D80" totalBytesRequested="64" timestamp="2020-05-10T03:09:45.595" intervalms="281.322" type="nursery" />
<cycle-start id="1491" type="scavenge" contextid="0" timestamp="2020-05-10T03:09:45.596" intervalms="281.268" />
<gc-start id="1492" type="scavenge" contextid="1491" timestamp="2020-05-10T03:09:45.596">
  <mem-info id="1493" free="23426248" total="200802304" percent="11">
    <mem type="nursery" free="0" total="99221504" percent="0">
      <mem type="allocate" free="0" total="89260032" percent="0" />
      <mem type="survivor" free="0" total="9961472" percent="0" />
    </mem>
    <mem type="tenure" free="23426248" total="101580800" percent="23">
      <mem type="soa" free="17331400" total="95485952" percent="18" />
      <mem type="loa" free="6094848" total="6094848" percent="100" />
    </mem>
    <remembered-set count="3616" />
  </mem-info>
</gc-start>
<allocation-stats totalBytes="84705912" >
  <allocated-bytes non-tlh="2612280" tlh="82093632" />
  <largest-consumer threadName="LiveRefresh136" threadId="0000000004857400" bytes="81879424" />
</allocation-stats>
<gc-op id="1494" type="scavenge" timems="3.110" contextid="1491" timestamp="2020-05-10T03:09:45.600">
  <scavenger-info tenureage="7" tenuremask="4080" tiltratio="89" />
  <memory-copied type="nursery" objects="30384" bytes="4728304" bytesdiscarded="266768" />
  <memory-copied type="tenure" objects="275" bytes="227728" bytesdiscarded="0" />
  <finalization candidates="648" enqueued="635" />
  <ownableSynchronizers candidates="22" cleared="16" />
  <references type="soft" candidates="38" cleared="0" enqueued="0" dynamicThreshold="11" maxThreshold="32" />
  <references type="weak" candidates="35" cleared="0" enqueued="0" />
</gc-op>
<gc-end id="1495" type="scavenge" contextid="1491" durationms="4.235" usertimems="7.372" systemtimems="4.024" timestamp="2020-05-10T03:09:45.600" activeThreads="8">
  <mem-info id="1496" free="107493048" total="200802304" percent="53">
    <mem type="nursery" free="84263456" total="99221504" percent="84">
      <mem type="allocate" free="84263456" total="89260032" percent="94" />
      <mem type="survivor" free="0" total="9961472" percent="0" />
    </mem>
    <mem type="tenure" free="23229592" total="101580800" percent="22" macro-fragmented="24376">
      <mem type="soa" free="17134744" total="95485952" percent="17" />
      <mem type="loa" free="6094848" total="6094848" percent="100" />
    </mem>
    <pending-finalizers system="635" default="0" reference="0" classloader="0" />
    <remembered-set count="3046" />
  </mem-info>
</gc-end>
<cycle-end id="1497" type="scavenge" contextid="1491" timestamp="2020-05-10T03:09:45.601" />
<allocation-satisfied id="1498" threadId="0000000004857400" bytesRequested="64" />
<af-end id="1499" timestamp="2020-05-10T03:09:45.602" threadId="0000000004857D80" success="true" from="nursery"/>
<exclusive-end id="1500" timestamp="2020-05-10T03:09:45.602" durationms="6.727" />

<exclusive-start id="1501" timestamp="2020-05-10T03:09:47.166" intervalms="1571.066">
  <response-info timems="0.062" idlems="0.062" threads="0" lastid="0000000003DB3100" lastname="SoapConnectorThreadPool : 1" />
</exclusive-start>
<af-start id="1502" threadId="0000000003DB3A80" totalBytesRequested="3720" timestamp="2020-05-10T03:09:47.166" intervalms="1571.110" type="nursery" />
<cycle-start id="1503" type="scavenge" contextid="0" timestamp="2020-05-10T03:09:47.167" intervalms="1571.140" />
<gc-start id="1504" type="scavenge" contextid="1503" timestamp="2020-05-10T03:09:47.167">
  <mem-info id="1505" free="23215848" total="200802304" percent="11">
    <mem type="nursery" free="0" total="99221504" percent="0">
      <mem type="allocate" free="0" total="89260032" percent="0" />
      <mem type="survivor" free="0" total="9961472" percent="0" />
    </mem>
    <mem type="tenure" free="23215848" total="101580800" percent="22">
      <mem type="soa" free="17121000" total="95485952" percent="17" />
      <mem type="loa" free="6094848" total="6094848" percent="100" />
    </mem>
    <remembered-set count="3598" />
  </mem-info>
</gc-start>
<allocation-stats totalBytes="84149960" >
  <allocated-bytes non-tlh="891592" tlh="83258368" />
  <largest-consumer threadName="LiveRefresh136" threadId="0000000004857400" bytes="58445584" />
</allocation-stats>
<gc-op id="1506" type="scavenge" timems="2.853" contextid="1503" timestamp="2020-05-10T03:09:47.171">
  <scavenger-info tenureage="14" tenuremask="4000" tiltratio="89" />
  <memory-copied type="nursery" objects="17752" bytes="3955496" bytesdiscarded="222592" />
  <finalization candidates="820" enqueued="809" />
  <ownableSynchronizers candidates="225" cleared="210" />
  <references type="soft" candidates="56" cleared="0" enqueued="0" dynamicThreshold="11" maxThreshold="32" />
  <references type="weak" candidates="78" cleared="53" enqueued="13" />
</gc-op>
<gc-end id="1507" type="scavenge" contextid="1503" durationms="3.909" usertimems="5.866" systemtimems="3.912" timestamp="2020-05-10T03:09:47.171" activeThreads="8">
  <mem-info id="1508" free="108294256" total="200802304" percent="53">
    <mem type="nursery" free="85078408" total="99221504" percent="85">
      <mem type="allocate" free="85078408" total="89260032" percent="95" />
      <mem type="survivor" free="0" total="9961472" percent="0" />
    </mem>
    <mem type="tenure" free="23215848" total="101580800" percent="22" macro-fragmented="6450429">
      <mem type="soa" free="17121000" total="95485952" percent="17" />
      <mem type="loa" free="6094848" total="6094848" percent="100" />
    </mem>
    <pending-finalizers system="808" default="1" reference="13" classloader="0" />
    <remembered-set count="3360" />
  </mem-info>
</gc-end>
<cycle-end id="1509" type="scavenge" contextid="1503" timestamp="2020-05-10T03:09:47.172" />
<allocation-satisfied id="1510" threadId="0000000003DB3100" bytesRequested="3720" />
<af-end id="1511" timestamp="2020-05-10T03:09:47.172" threadId="0000000003DB3A80" success="true" from="nursery"/>
<exclusive-end id="1512" timestamp="2020-05-10T03:09:47.173" durationms="6.535" />

</verbosegc>

