<?xml version="1.0" ?>

<verbosegc xmlns="http://www.ibm.com/j9/verbosegc" version="dca2cde_CMPRSS">

<initialized id="1" timestamp="2020-05-10T03:10:09.408">
  <attribute name="gcPolicy" value="-Xgcpolicy:gencon" />
  <attribute name="maxHeapSize" value="0x1f100000" />
  <attribute name="initialHeapSize" value="0x3200000" />
  <attribute name="compressedRefs" value="true" />
  <attribute name="compressedRefsDisplacement" value="0x0" />
  <attribute name="compressedRefsShift" value="0x0" />
  <attribute name="pageSize" value="0x1000" />
  <attribute name="pageType" value="not used" />
  <attribute name="requestedPageSize" value="0x1000" />
  <attribute name="requestedPageType" value="not used" />
  <attribute name="gcthreads" value="8" />
  <attribute name="gcthreads Concurrent Mark" value="1" />
  <attribute name="packetListSplit" value="8" />
  <attribute name="cacheListSplit" value="8" />
  <attribute name="splitFreeListSplitAmount" value="1" />
  <attribute name="numaNodes" value="0" />
  <system>
    <attribute name="physicalMemory" value="2085416960" />
    <attribute name="numCPUs" value="8" />
    <attribute name="architecture" value="amd64" />
    <attribute name="os" value="Linux" />
    <attribute name="osVersion" value="4.19.76-linuxkit" />
  </system>
  <vmargs>
    <vmarg name="-Xoptionsfile=/opt/IBM/WebSphere/AppServer/java/8.0/jre/lib/amd64/compressedrefs/options.default" />
    <vmarg name="-Xlockword:mode=default,noLockword=java/lang/String,noLockword=java/util/MapEntry,noLockword=java/util/HashMap$Entry,noLockword..." />
    <vmarg name="-Xjcl:jclse29" />
    <vmarg name="-Dcom.ibm.oti.vm.bootstrap.library.path=/opt/IBM/WebSphere/AppServer/java/8.0/jre/lib/amd64/compressedrefs:/opt/IBM/WebSphere/A..." />
    <vmarg name="-Dsun.boot.library.path=/opt/IBM/WebSphere/AppServer/java/8.0/jre/lib/amd64/compressedrefs:/opt/IBM/WebSphere/AppServer/java/8...." />
    <vmarg name="-Djava.library.path=/opt/IBM/WebSphere/AppServer/java/8.0/jre/lib/amd64/compressedrefs:/opt/IBM/WebSphere/AppServer/java/8.0/jr..." />
    <vmarg name="-Djava.home=/opt/IBM/WebSphere/AppServer/java/8.0/jre" />
    <vmarg name="-Djava.ext.dirs=/opt/IBM/WebSphere/AppServer/java/8.0/jre/lib/ext" />
    <vmarg name="-Duser.dir=/opt/IBM/WebSphere/AppServer/profiles/AppSrv01" />
    <vmarg name="-Djava.class.path=." />
    <vmarg name="-Dosgi.install.area=/opt/IBM/WebSphere/AppServer" />
    <vmarg name="-Dwas.status.socket=36291" />
    <vmarg name="-Dosgi.configuration.area=/opt/IBM/WebSphere/AppServer/profiles/AppSrv01/servers/server1/configuration" />
    <vmarg name="-Djava.awt.headless=true" />
    <vmarg name="-Dosgi.framework.extensions=com.ibm.cds,com.ibm.ws.eclipse.adaptors" />
    <vmarg name="-Xshareclasses:name=webspherev9_8.0_64_%g,nonFatal" />
    <vmarg name="-Dcom.ibm.xtq.processor.overrideSecureProcessing=true" />
    <vmarg name="-Xcheck:dump" />
    <vmarg name="-Djava.security.properties=/opt/IBM/WebSphere/AppServer/properties/java.security" />
    <vmarg name="-Djava.security.policy=/opt/IBM/WebSphere/AppServer/properties/java.policy" />
    <vmarg name="-Dcom.ibm.CORBA.ORBPropertyFilePath=/opt/IBM/WebSphere/AppServer/properties" />
    <vmarg name="-Xbootclasspath/p:/opt/IBM/WebSphere/AppServer/java/8.0/jre/lib/ibmorb.jar" />
    <vmarg name="-Djava.class.path=/opt/IBM/WebSphere/AppServer/profiles/AppSrv01/properties:/opt/IBM/WebSphere/AppServer/properties:/opt/IBM/We..." />
    <vmarg name="-Dibm.websphere.internalClassAccessMode=allow" />
    <vmarg name="-verbose:gc" />
    <vmarg name="-Xverbosegclog:/opt/IBM/WebSphere/AppServer/profiles/AppSrv01/logs/server1/verbosegc.%seq.log,10,7000" />
    <vmarg name="-Xms50m" />
    <vmarg name="-Xmx497m" />
    <vmarg name="-Xcompressedrefs" />
    <vmarg name="-Xscmaxaot12M" />
    <vmarg name="-Xscmx90M" />
    <vmarg name="-Dws.ext.dirs=/opt/IBM/WebSphere/AppServer/java/8.0/lib:/opt/IBM/WebSphere/AppServer/profiles/AppSrv01/classes:/opt/IBM/WebSphe..." />
    <vmarg name="-Dderby.system.home=/opt/IBM/WebSphere/AppServer/derby" />
    <vmarg name="-Dcom.ibm.itp.location=/opt/IBM/WebSphere/AppServer/bin" />
    <vmarg name="-Djava.util.logging.configureByServer=true" />
    <vmarg name="-Duser.install.root=/opt/IBM/WebSphere/AppServer/profiles/AppSrv01" />
    <vmarg name="-Djava.ext.dirs=/opt/IBM/WebSphere/AppServer/tivoli/tam:/opt/IBM/WebSphere/AppServer/javaext:/opt/IBM/WebSphere/AppServer/java/..." />
    <vmarg name="-Djavax.management.builder.initial=com.ibm.ws.management.PlatformMBeanServerBuilder" />
    <vmarg name="-Dpython.cachedir=/opt/IBM/WebSphere/AppServer/profiles/AppSrv01/temp/cachedir" />
    <vmarg name="-Dwas.install.root=/opt/IBM/WebSphere/AppServer" />
    <vmarg name="-Djava.util.logging.manager=com.ibm.ws.bootstrap.WsLogManager" />
    <vmarg name="-Dserver.root=/opt/IBM/WebSphere/AppServer/profiles/AppSrv01" />
    <vmarg name="-Dcom.ibm.security.jgss.debug=off" />
    <vmarg name="-Dcom.ibm.security.krb5.Krb5Debug=off" />
    <vmarg name="-DKC_HOME=/opt/IBM/WebSphere/AppServer/systemApps/isclite.ear/isclite.war/help" />
    <vmarg name="-Djava.util.prefs.userRoot=/home/was/" />
    <vmarg name="-Djava.library.path=/opt/IBM/WebSphere/AppServer/lib/native/linux/x86_64/:/opt/IBM/WebSphere/AppServer/java/8.0/jre/lib/amd64/c..." />
    <vmarg name="-Djava.endorsed.dirs=/opt/IBM/WebSphere/AppServer/endorsed_apis:/opt/IBM/WebSphere/AppServer/java/8.0/jre/lib/endorsed" />
    <vmarg name="-Djava.security.auth.login.config=/opt/IBM/WebSphere/AppServer/profiles/AppSrv01/properties/wsjaas.conf" />
    <vmarg name="-Djava.security.policy=/opt/IBM/WebSphere/AppServer/profiles/AppSrv01/properties/server.policy" />
    <vmarg name="-Dsun.java.command=com.ibm.wsspi.bootstrap.WSPreLauncher -nosplash -application com.ibm.ws.bootstrap.WSLauncher com.ibm.ws.runt..." />
    <vmarg name="-Dsun.java.launcher=SUN_STANDARD" />
    <vmarg name="-Dsun.java.launcher.pid=697" />
    <vmarg name="_org.apache.harmony.vmi.portlib" value="00007FC87800E360" />
  </vmargs>
</initialized>

<exclusive-start id="2" timestamp="2020-05-10T03:10:09.665" intervalms="257.351">
  <response-info timems="0.577" idlems="0.331" threads="1" lastid="0000000002627600" lastname="JIT Compilation Thread-000" />
</exclusive-start>
<af-start id="3" threadId="0000000002624380" totalBytesRequested="24" timestamp="2020-05-10T03:10:09.666" intervalms="258.111" type="nursery" />
<cycle-start id="4" type="scavenge" contextid="0" timestamp="2020-05-10T03:10:09.666" intervalms="258.614" />
<gc-start id="5" type="scavenge" contextid="4" timestamp="2020-05-10T03:10:09.667">
  <mem-info id="6" free="39059800" total="52428800" percent="74">
    <mem type="nursery" free="0" total="13107200" percent="0">
      <mem type="allocate" free="0" total="6553600" percent="0" />
      <mem type="survivor" free="0" total="6553600" percent="0" />
    </mem>
    <mem type="tenure" free="39059800" total="39321600" percent="99">
      <mem type="soa" free="37093720" total="37355520" percent="99" />
      <mem type="loa" free="1966080" total="1966080" percent="100" />
    </mem>
    <remembered-set count="3649" />
  </mem-info>
</gc-start>
<allocation-stats totalBytes="6810984" >
  <allocated-bytes non-tlh="980568" tlh="5830416" />
  <largest-consumer threadName="main" threadId="0000000002623A00" bytes="6737440" />
</allocation-stats>
<gc-op id="7" type="scavenge" timems="5.291" contextid="4" timestamp="2020-05-10T03:10:09.673">
  <scavenger-info tenureage="2" tenuremask="fffc" tiltratio="50" />
  <memory-copied type="nursery" objects="19724" bytes="1447928" bytesdiscarded="152296" />
  <finalization candidates="187" enqueued="93" />
  <references type="soft" candidates="175" cleared="0" enqueued="0" dynamicThreshold="32" maxThreshold="32" />
  <references type="weak" candidates="319" cleared="291" enqueued="291" />
  <references type="phantom" candidates="7" cleared="1" enqueued="1" />
</gc-op>
<gc-end id="8" type="scavenge" contextid="4" durationms="6.662" usertimems="8.344" systemtimems="4.757" timestamp="2020-05-10T03:10:09.674" activeThreads="8">
  <mem-info id="9" free="44011720" total="52428800" percent="83">
    <mem type="nursery" free="4951920" total="13107200" percent="37">
      <mem type="allocate" free="4951920" total="6553600" percent="75" />
      <mem type="survivor" free="0" total="6553600" percent="0" />
    </mem>
    <mem type="tenure" free="39059800" total="39321600" percent="99">
      <mem type="soa" free="37093720" total="37355520" percent="99" />
      <mem type="loa" free="1966080" total="1966080" percent="100" />
    </mem>
    <pending-finalizers system="93" default="0" reference="292" classloader="0" />
    <remembered-set count="3649" />
  </mem-info>
</gc-end>
<cycle-end id="10" type="scavenge" contextid="4" timestamp="2020-05-10T03:10:09.674" />
<allocation-satisfied id="11" threadId="0000000002623A00" bytesRequested="24" />
<af-end id="12" timestamp="2020-05-10T03:10:09.675" threadId="0000000002624380" success="true" from="nursery"/>
<exclusive-end id="13" timestamp="2020-05-10T03:10:09.675" durationms="10.261" />

<exclusive-start id="14" timestamp="2020-05-10T03:10:09.785" intervalms="120.452">
  <response-info timems="0.037" idlems="0.037" threads="0" lastid="0000000002623A00" lastname="main" />
</exclusive-start>
<af-start id="15" threadId="0000000002624380" totalBytesRequested="192" timestamp="2020-05-10T03:10:09.786" intervalms="120.233" type="nursery" />
<cycle-start id="16" type="scavenge" contextid="0" timestamp="2020-05-10T03:10:09.787" intervalms="120.298" />
<gc-start id="17" type="scavenge" contextid="16" timestamp="2020-05-10T03:10:09.787">
  <mem-info id="18" free="38841136" total="52428800" percent="74">
    <mem type="nursery" free="0" total="13107200" percent="0">
      <mem type="allocate" free="0" total="6553600" percent="0" />
      <mem type="survivor" free="0" total="6553600" percent="0" />
    </mem>
    <mem type="tenure" free="38841136" total="39321600" percent="98">
      <mem type="soa" free="36875056" total="37355520" percent="98" />
      <mem type="loa" free="1966080" total="1966080" percent="100" />
    </mem>
    <remembered-set count="6479" />
  </mem-info>
</gc-start>
<allocation-stats totalBytes="5167768" >
  <allocated-bytes non-tlh="218688" tlh="4949080" />
  <largest-consumer threadName="main" threadId="0000000002623A00" bytes="5163592" />
</allocation-stats>
<gc-op id="19" type="scavenge" timems="6.088" contextid="16" timestamp="2020-05-10T03:10:09.794">
  <scavenger-info tenureage="4" tenuremask="7ff0" tiltratio="50" />
  <memory-copied type="nursery" objects="37531" bytes="1901224" bytesdiscarded="233248" />
  <finalization candidates="149" enqueued="38" />
  <references type="soft" candidates="198" cleared="0" enqueued="0" dynamicThreshold="32" maxThreshold="32" />
  <references type="weak" candidates="874" cleared="751" enqueued="751" />
  <references type="phantom" candidates="6" cleared="0" enqueued="0" />
</gc-op>
<gc-end id="20" type="scavenge" contextid="16" durationms="7.466" usertimems="14.416" systemtimems="1.186" timestamp="2020-05-10T03:10:09.795" activeThreads="8">
  <mem-info id="21" free="43256320" total="52428800" percent="82">
    <mem type="nursery" free="4415184" total="13107200" percent="33">
      <mem type="allocate" free="4415184" total="6553600" percent="67" />
      <mem type="survivor" free="0" total="6553600" percent="0" />
    </mem>
    <mem type="tenure" free="38841136" total="39321600" percent="98">
      <mem type="soa" free="36875056" total="37355520" percent="98" />
      <mem type="loa" free="1966080" total="1966080" percent="100" />
    </mem>
    <pending-finalizers system="38" default="0" reference="751" classloader="0" />
    <remembered-set count="6479" />
  </mem-info>
</gc-end>
<cycle-end id="22" type="scavenge" contextid="16" timestamp="2020-05-10T03:10:09.795" />
<allocation-satisfied id="23" threadId="0000000002623A00" bytesRequested="192" />
<af-end id="24" timestamp="2020-05-10T03:10:09.796" threadId="0000000002624380" success="true" from="nursery"/>
<exclusive-end id="25" timestamp="2020-05-10T03:10:09.796" durationms="10.336" />

<exclusive-start id="26" timestamp="2020-05-10T03:10:09.836" intervalms="50.635">
  <response-info timems="0.038" idlems="0.038" threads="0" lastid="0000000002623A00" lastname="main" />
</exclusive-start>
<af-start id="27" threadId="0000000002624380" totalBytesRequested="72" timestamp="2020-05-10T03:10:09.837" intervalms="50.714" type="nursery" />
<cycle-start id="28" type="scavenge" contextid="0" timestamp="2020-05-10T03:10:09.837" intervalms="50.741" />
<gc-start id="29" type="scavenge" contextid="28" timestamp="2020-05-10T03:10:09.838">
  <mem-info id="30" free="38831296" total="52428800" percent="74">
    <mem type="nursery" free="0" total="13107200" percent="0">
      <mem type="allocate" free="0" total="6553600" percent="0" />
      <mem type="survivor" free="0" total="6553600" percent="0" />
    </mem>
    <mem type="tenure" free="38831296" total="39321600" percent="98">
      <mem type="soa" free="36865216" total="37355520" percent="98" />
      <mem type="loa" free="1966080" total="1966080" percent="100" />
    </mem>
    <remembered-set count="6604" />
  </mem-info>
</gc-start>
<allocation-stats totalBytes="4423416" >
  <allocated-bytes non-tlh="10032" tlh="4413384" />
  <largest-consumer threadName="main" threadId="0000000002623A00" bytes="4419320" />
</allocation-stats>
<gc-op id="31" type="scavenge" timems="4.377" contextid="28" timestamp="2020-05-10T03:10:09.843">
  <scavenger-info tenureage="4" tenuremask="7ff0" tiltratio="50" />
  <memory-copied type="nursery" objects="77337" bytes="3285272" bytesdiscarded="95920" />
  <finalization candidates="115" enqueued="4" />
  <references type="soft" candidates="200" cleared="0" enqueued="0" dynamicThreshold="32" maxThreshold="32" />
  <references type="weak" candidates="6615" cleared="258" enqueued="207" />
  <references type="phantom" candidates="6" cleared="0" enqueued="0" />
</gc-op>
<heap-resize id="32" type="expand" space="nursery" amount="786432" count="1" timems="0.064" reason="excessive time being spent scavenging" timestamp="2020-05-10T03:10:09.844" />
<gc-end id="33" type="scavenge" contextid="28" durationms="6.183" usertimems="8.873" systemtimems="4.603" timestamp="2020-05-10T03:10:09.844" activeThreads="8">
  <mem-info id="34" free="42357344" total="53215232" percent="79">
    <mem type="nursery" free="3526048" total="13893632" percent="25">
      <mem type="allocate" free="3526048" total="6946816" percent="50" />
      <mem type="survivor" free="0" total="6946816" percent="0" />
    </mem>
    <mem type="tenure" free="38831296" total="39321600" percent="98">
      <mem type="soa" free="36865216" total="37355520" percent="98" />
      <mem type="loa" free="1966080" total="1966080" percent="100" />
    </mem>
    <pending-finalizers system="4" default="0" reference="207" classloader="0" />
    <remembered-set count="4058" />
  </mem-info>
</gc-end>
<cycle-end id="35" type="scavenge" contextid="28" timestamp="2020-05-10T03:10:09.844" />
<allocation-satisfied id="36" threadId="0000000002623A00" bytesRequested="72" />
<af-end id="37" timestamp="2020-05-10T03:10:09.845" threadId="0000000002624380" success="true" from="nursery"/>
<exclusive-end id="38" timestamp="2020-05-10T03:10:09.846" durationms="10.386" />

<exclusive-start id="39" timestamp="2020-05-10T03:10:09.861" intervalms="24.704">
  <response-info timems="0.036" idlems="0.036" threads="0" lastid="0000000002623A00" lastname="main" />
</exclusive-start>
<af-start id="40" threadId="0000000002624380" totalBytesRequested="64" timestamp="2020-05-10T03:10:09.861" intervalms="24.615" type="nursery" />
<cycle-start id="41" type="scavenge" contextid="0" timestamp="2020-05-10T03:10:09.862" intervalms="24.706" />
<gc-start id="42" type="scavenge" contextid="41" timestamp="2020-05-10T03:10:09.862">
  <mem-info id="43" free="38831296" total="53215232" percent="72">
    <mem type="nursery" free="0" total="13893632" percent="0">
      <mem type="allocate" free="0" total="6946816" percent="0" />
      <mem type="survivor" free="0" total="6946816" percent="0" />
    </mem>
    <mem type="tenure" free="38831296" total="39321600" percent="98">
      <mem type="soa" free="36865216" total="37355520" percent="98" />
      <mem type="loa" free="1966080" total="1966080" percent="100" />
    </mem>
    <remembered-set count="4058" />
  </mem-info>
</gc-start>
<allocation-stats totalBytes="3525768" >
  <allocated-bytes non-tlh="65616" tlh="3460152" />
  <largest-consumer threadName="main" threadId="0000000002623A00" bytes="3521672" />
</allocation-stats>
<gc-op id="44" type="scavenge" timems="4.705" contextid="41" timestamp="2020-05-10T03:10:09.868">
  <scavenger-info tenureage="3" tenuremask="7ff8" tiltratio="50" />
  <memory-copied type="nursery" objects="97838" bytes="3727336" bytesdiscarded="103792" />
  <memory-copied type="tenure" objects="18133" bytes="883056" bytesdiscarded="240" />
  <finalization candidates="111" enqueued="0" />
  <references type="soft" candidates="26" cleared="0" enqueued="0" dynamicThreshold="32" maxThreshold="32" />
  <references type="weak" candidates="12494" cleared="14" enqueued="7" />
</gc-op>
<heap-resize id="45" type="expand" space="nursery" amount="1572864" count="1" timems="0.149" reason="excessive time being spent scavenging" timestamp="2020-05-10T03:10:09.869" />
<gc-end id="46" type="scavenge" contextid="41" durationms="6.902" usertimems="12.127" systemtimems="7.064" timestamp="2020-05-10T03:10:09.869" activeThreads="8">
  <mem-info id="47" free="41455272" total="54788096" percent="75">
    <mem type="nursery" free="3819520" total="15466496" percent="24">
      <mem type="allocate" free="3819520" total="7733248" percent="49" />
      <mem type="survivor" free="0" total="7733248" percent="0" />
    </mem>
    <mem type="tenure" free="37635752" total="39321600" percent="95">
      <mem type="soa" free="35669672" total="37355520" percent="95" />
      <mem type="loa" free="1966080" total="1966080" percent="100" />
    </mem>
    <pending-finalizers system="0" default="0" reference="7" classloader="0" />
    <remembered-set count="549" />
  </mem-info>
</gc-end>
<cycle-end id="48" type="scavenge" contextid="41" timestamp="2020-05-10T03:10:09.870" />
<allocation-satisfied id="49" threadId="0000000002623A00" bytesRequested="64" />
<af-end id="50" timestamp="2020-05-10T03:10:09.871" threadId="0000000002624380" success="true" from="nursery"/>
<exclusive-end id="51" timestamp="2020-05-10T03:10:09.871" durationms="10.443" />

<exclusive-start id="52" timestamp="2020-05-10T03:10:09.902" intervalms="41.116">
  <response-info timems="0.038" idlems="0.038" threads="0" lastid="0000000002981500" lastname="Start Level Event Dispatcher" />
</exclusive-start>
<af-start id="53" threadId="0000000002981E80" totalBytesRequested="24" timestamp="2020-05-10T03:10:09.902" intervalms="41.130" type="nursery" />
<cycle-start id="54" type="scavenge" contextid="0" timestamp="2020-05-10T03:10:09.903" intervalms="40.930" />
<gc-start id="55" type="scavenge" contextid="54" timestamp="2020-05-10T03:10:09.903">
  <mem-info id="56" free="37625960" total="54788096" percent="68">
    <mem type="nursery" free="0" total="15466496" percent="0">
      <mem type="allocate" free="0" total="7733248" percent="0" />
      <mem type="survivor" free="0" total="7733248" percent="0" />
    </mem>
    <mem type="tenure" free="37625960" total="39321600" percent="95">
      <mem type="soa" free="35659880" total="37355520" percent="95" />
      <mem type="loa" free="1966080" total="1966080" percent="100" />
    </mem>
    <remembered-set count="671" />
  </mem-info>
</gc-start>
<allocation-stats totalBytes="3828840" >
  <allocated-bytes non-tlh="140936" tlh="3687904" />
  <largest-consumer threadName="main" threadId="0000000002623A00" bytes="3828840" />
</allocation-stats>
<gc-op id="57" type="scavenge" timems="4.944" contextid="54" timestamp="2020-05-10T03:10:09.909">
  <scavenger-info tenureage="2" tenuremask="7ffc" tiltratio="50" />
  <memory-copied type="nursery" objects="74602" bytes="2574112" bytesdiscarded="237808" />
  <memory-copied type="tenure" objects="57993" bytes="2207488" bytesdiscarded="856" />
  <finalization candidates="28" enqueued="7" />
  <references type="weak" candidates="8345" cleared="118" enqueued="114" />
</gc-op>
<heap-resize id="58" type="expand" space="nursery" amount="1048576" count="1" timems="0.084" reason="excessive time being spent scavenging" timestamp="2020-05-10T03:10:09.910" />
<gc-end id="59" type="scavenge" contextid="54" durationms="7.003" usertimems="15.358" systemtimems="5.132" timestamp="2020-05-10T03:10:09.910" activeThreads="8">
  <mem-info id="60" free="40662608" total="55836672" percent="72">
    <mem type="nursery" free="5363696" total="16515072" percent="32">
      <mem type="allocate" free="5363696" total="8257536" percent="64" />
      <mem type="survivor" free="0" total="8257536" percent="0" />
    </mem>
    <mem type="tenure" free="35298912" total="39321600" percent="89">
      <mem type="soa" free="33332832" total="37355520" percent="89" />
      <mem type="loa" free="1966080" total="1966080" percent="100" />
    </mem>
    <pending-finalizers system="7" default="0" reference="114" classloader="0" />
    <remembered-set count="1472" />
  </mem-info>
</gc-end>
<cycle-end id="61" type="scavenge" contextid="54" timestamp="2020-05-10T03:10:09.911" />
<allocation-satisfied id="62" threadId="0000000002981500" bytesRequested="24" />
<af-end id="63" timestamp="2020-05-10T03:10:09.912" threadId="0000000002981E80" success="true" from="nursery"/>
<exclusive-end id="64" timestamp="2020-05-10T03:10:09.912" durationms="10.216" />

<exclusive-start id="65" timestamp="2020-05-10T03:10:09.988" intervalms="86.126">
  <response-info timems="0.038" idlems="0.038" threads="0" lastid="0000000002981500" lastname="Start Level Event Dispatcher" />
</exclusive-start>
<af-start id="66" threadId="0000000002981E80" totalBytesRequested="264200" timestamp="2020-05-10T03:10:09.989" intervalms="86.147" type="nursery" />
<cycle-start id="67" type="scavenge" contextid="0" timestamp="2020-05-10T03:10:09.989" intervalms="86.248" />
<gc-start id="68" type="scavenge" contextid="67" timestamp="2020-05-10T03:10:09.990">
  <mem-info id="69" free="35472936" total="55836672" percent="63">
    <mem type="nursery" free="205272" total="16515072" percent="1">
      <mem type="allocate" free="205272" total="8257536" percent="2" />
      <mem type="survivor" free="0" total="8257536" percent="0" />
    </mem>
    <mem type="tenure" free="35267664" total="39321600" percent="89">
      <mem type="soa" free="33301584" total="37355520" percent="89" />
      <mem type="loa" free="1966080" total="1966080" percent="100" />
    </mem>
    <remembered-set count="1941" />
  </mem-info>
</gc-start>
<allocation-stats totalBytes="5187096" >
  <allocated-bytes non-tlh="360512" tlh="4826584" />
  <largest-consumer threadName="Start Level Event Dispatcher" threadId="0000000002981500" bytes="5117464" />
</allocation-stats>
<gc-op id="70" type="scavenge" timems="4.440" contextid="67" timestamp="2020-05-10T03:10:09.995">
  <scavenger-info tenureage="1" tenuremask="7ffe" tiltratio="50" />
  <memory-copied type="nursery" objects="4896" bytes="1038024" bytesdiscarded="142232" />
  <memory-copied type="tenure" objects="74234" bytes="2559808" bytesdiscarded="576" />
  <finalization candidates="361" enqueued="354" />
  <references type="soft" candidates="64" cleared="0" enqueued="0" dynamicThreshold="32" maxThreshold="32" />
  <references type="weak" candidates="151" cleared="136" enqueued="136" />
</gc-op>
<gc-end id="71" type="scavenge" contextid="67" durationms="5.821" usertimems="9.162" systemtimems="3.937" timestamp="2020-05-10T03:10:09.996" activeThreads="8">
  <mem-info id="72" free="41159952" total="55836672" percent="73">
    <mem type="nursery" free="8385232" total="16515072" percent="50">
      <mem type="allocate" free="8385232" total="9568256" percent="87" />
      <mem type="survivor" free="0" total="6946816" percent="0" />
    </mem>
    <mem type="tenure" free="32774720" total="39321600" percent="83">
      <mem type="soa" free="30808640" total="37355520" percent="82" />
      <mem type="loa" free="1966080" total="1966080" percent="100" />
    </mem>
    <pending-finalizers system="354" default="0" reference="136" classloader="0" />
    <remembered-set count="658" />
  </mem-info>
</gc-end>
<cycle-end id="73" type="scavenge" contextid="67" timestamp="2020-05-10T03:10:09.996" />
<allocation-satisfied id="74" threadId="0000000002981500" bytesRequested="264200" />
<af-end id="75" timestamp="2020-05-10T03:10:09.997" threadId="0000000002981E80" success="true" from="nursery"/>
<exclusive-end id="76" timestamp="2020-05-10T03:10:09.997" durationms="9.447" />

<exclusive-start id="77" timestamp="2020-05-10T03:10:10.222" intervalms="234.170">
  <response-info timems="0.225" idlems="0.159" threads="1" lastid="0000000002627600" lastname="JIT Compilation Thread-000" />
</exclusive-start>
<af-start id="78" threadId="0000000002624380" totalBytesRequested="8200" timestamp="2020-05-10T03:10:10.223" intervalms="234.173" type="nursery" />
<cycle-start id="79" type="scavenge" contextid="0" timestamp="2020-05-10T03:10:10.223" intervalms="234.051" />
<gc-start id="80" type="scavenge" contextid="79" timestamp="2020-05-10T03:10:10.224">
  <mem-info id="81" free="32485080" total="55836672" percent="58">
    <mem type="nursery" free="0" total="16515072" percent="0">
      <mem type="allocate" free="0" total="9568256" percent="0" />
      <mem type="survivor" free="0" total="6946816" percent="0" />
    </mem>
    <mem type="tenure" free="32485080" total="39321600" percent="82">
      <mem type="soa" free="30519000" total="37355520" percent="81" />
      <mem type="loa" free="1966080" total="1966080" percent="100" />
    </mem>
    <remembered-set count="5284" />
  </mem-info>
</gc-start>
<allocation-stats totalBytes="8634832" >
  <allocated-bytes non-tlh="876216" tlh="7758616" />
  <largest-consumer threadName="main" threadId="0000000002623A00" bytes="5724776" />
</allocation-stats>
<gc-op id="82" type="scavenge" timems="3.657" contextid="79" timestamp="2020-05-10T03:10:10.229">
  <scavenger-info tenureage="1" tenuremask="7ffe" tiltratio="57" />
  <memory-copied type="nursery" objects="39962" bytes="1966960" bytesdiscarded="224144" />
  <memory-copied type="tenure" objects="2351" bytes="709992" bytesdiscarded="112" />
  <finalization candidates="458" enqueued="250" />
  <ownableSynchronizers candidates="29" cleared="2" />
  <references type="soft" candidates="1818" cleared="0" enqueued="0" dynamicThreshold="32" maxThreshold="32" />
  <references type="weak" candidates="564" cleared="373" enqueued="365" />
</gc-op>
<gc-end id="83" type="scavenge" contextid="79" durationms="5.221" usertimems="8.867" systemtimems="1.592" timestamp="2020-05-10T03:10:10.229" activeThreads="8">
  <mem-info id="84" free="39735832" total="55836672" percent="71">
    <mem type="nursery" free="8094672" total="16515072" percent="49">
      <mem type="allocate" free="8094672" total="10289152" percent="78" />
      <mem type="survivor" free="0" total="6225920" percent="0" />
    </mem>
    <mem type="tenure" free="31641160" total="39321600" percent="80">
      <mem type="soa" free="29675080" total="37355520" percent="79" />
      <mem type="loa" free="1966080" total="1966080" percent="100" />
    </mem>
    <pending-finalizers system="250" default="0" reference="365" classloader="0" />
    <remembered-set count="5063" />
  </mem-info>
</gc-end>
<cycle-end id="85" type="scavenge" contextid="79" timestamp="2020-05-10T03:10:10.229" />
<allocation-satisfied id="86" threadId="0000000002623A00" bytesRequested="8200" />
<af-end id="87" timestamp="2020-05-10T03:10:10.230" threadId="0000000002624380" success="true" from="nursery"/>
<exclusive-end id="88" timestamp="2020-05-10T03:10:10.231" durationms="8.708" />

<exclusive-start id="89" timestamp="2020-05-10T03:10:10.279" intervalms="56.473">
  <response-info timems="0.046" idlems="0.046" threads="0" lastid="0000000002623A00" lastname="main" />
</exclusive-start>
<af-start id="90" threadId="0000000002624380" totalBytesRequested="152" timestamp="2020-05-10T03:10:10.279" intervalms="56.369" type="nursery" />
<cycle-start id="91" type="scavenge" contextid="0" timestamp="2020-05-10T03:10:10.280" intervalms="56.299" />
<gc-start id="92" type="scavenge" contextid="91" timestamp="2020-05-10T03:10:10.280">
  <mem-info id="93" free="31589672" total="55836672" percent="56">
    <mem type="nursery" free="0" total="16515072" percent="0">
      <mem type="allocate" free="0" total="10289152" percent="0" />
      <mem type="survivor" free="0" total="6225920" percent="0" />
    </mem>
    <mem type="tenure" free="31589672" total="39321600" percent="80">
      <mem type="soa" free="29623592" total="37355520" percent="79" />
      <mem type="loa" free="1966080" total="1966080" percent="100" />
    </mem>
    <remembered-set count="5814" />
  </mem-info>
</gc-start>
<allocation-stats totalBytes="8140120" >
  <allocated-bytes non-tlh="788672" tlh="7351448" />
  <largest-consumer threadName="main" threadId="0000000002623A00" bytes="8107408" />
</allocation-stats>
<gc-op id="94" type="scavenge" timems="5.382" contextid="91" timestamp="2020-05-10T03:10:10.287">
  <scavenger-info tenureage="1" tenuremask="7ffe" tiltratio="62" />
  <memory-copied type="nursery" objects="9268" bytes="1161456" bytesdiscarded="149928" />
  <memory-copied type="tenure" objects="38073" bytes="1662936" bytesdiscarded="408" />
  <finalization candidates="446" enqueued="164" />
  <ownableSynchronizers candidates="123" cleared="18" />
  <references type="soft" candidates="25" cleared="0" enqueued="0" dynamicThreshold="32" maxThreshold="32" />
  <references type="weak" candidates="129" cleared="78" enqueued="78" />
</gc-op>
<heap-resize id="95" type="expand" space="nursery" amount="1048576" count="1" timems="0.071" reason="excessive time being spent scavenging" timestamp="2020-05-10T03:10:10.287" />
<gc-end id="96" type="scavenge" contextid="91" durationms="7.732" usertimems="12.161" systemtimems="0.226" timestamp="2020-05-10T03:10:10.288" activeThreads="8">
  <mem-info id="97" free="40429384" total="56885248" percent="71">
    <mem type="nursery" free="10418808" total="17563648" percent="59">
      <mem type="allocate" free="10418808" total="11730944" percent="88" />
      <mem type="survivor" free="0" total="5832704" percent="0" />
    </mem>
    <mem type="tenure" free="30010576" total="39321600" percent="76">
      <mem type="soa" free="28044496" total="37355520" percent="75" />
      <mem type="loa" free="1966080" total="1966080" percent="100" />
    </mem>
    <pending-finalizers system="164" default="0" reference="78" classloader="0" />
    <remembered-set count="4797" />
  </mem-info>
</gc-end>
<cycle-end id="98" type="scavenge" contextid="91" timestamp="2020-05-10T03:10:10.288" />
<allocation-satisfied id="99" threadId="0000000002623A00" bytesRequested="152" />
<af-end id="100" timestamp="2020-05-10T03:10:10.289" threadId="0000000002624380" success="true" from="nursery"/>
<exclusive-end id="101" timestamp="2020-05-10T03:10:10.289" durationms="10.432" />

<exclusive-start id="102" timestamp="2020-05-10T03:10:10.687" intervalms="408.110">
  <response-info timems="0.039" idlems="0.039" threads="0" lastid="0000000002623A00" lastname="main" />
</exclusive-start>
<af-start id="103" threadId="0000000002624380" totalBytesRequested="64" timestamp="2020-05-10T03:10:10.688" intervalms="408.441" type="nursery" />
<cycle-start id="104" type="scavenge" contextid="0" timestamp="2020-05-10T03:10:10.688" intervalms="408.662" />
<gc-start id="105" type="scavenge" contextid="104" timestamp="2020-05-10T03:10:10.689">
  <mem-info id="106" free="29513064" total="56885248" percent="51">
    <mem type="nursery" free="0" total="17563648" percent="0">
      <mem type="allocate" free="0" total="11730944" percent="0" />
      <mem type="survivor" free="0" total="5832704" percent="0" />
    </mem>
    <mem type="tenure" free="29513064" total="39321600" percent="75">
      <mem type="soa" free="27546984" total="37355520" percent="73" />
      <mem type="loa" free="1966080" total="1966080" percent="100" />
    </mem>
    <remembered-set count="11821" />
  </mem-info>
</gc-start>
<allocation-stats totalBytes="10909672" >
  <allocated-bytes non-tlh="497664" tlh="10412008" />
  <largest-consumer threadName="main" threadId="0000000002623A00" bytes="10881120" />
</allocation-stats>
<gc-op id="107" type="scavenge" timems="4.083" contextid="104" timestamp="2020-05-10T03:10:10.694">
  <scavenger-info tenureage="2" tenuremask="7ffc" tiltratio="66" />
  <memory-copied type="nursery" objects="43929" bytes="2892880" bytesdiscarded="148608" />
  <finalization candidates="359" enqueued="178" />
  <ownableSynchronizers candidates="117" cleared="0" />
  <references type="soft" candidates="148" cleared="0" enqueued="0" dynamicThreshold="32" maxThreshold="32" />
  <references type="weak" candidates="615" cleared="394" enqueued="379" />
</gc-op>
<gc-end id="108" type="scavenge" contextid="104" durationms="5.594" usertimems="8.900" systemtimems="2.004" timestamp="2020-05-10T03:10:10.695" activeThreads="8">
  <mem-info id="109" free="38788112" total="56885248" percent="68">
    <mem type="nursery" free="9275048" total="17563648" percent="52">
      <mem type="allocate" free="9275048" total="12320768" percent="75" />
      <mem type="survivor" free="0" total="5242880" percent="0" />
    </mem>
    <mem type="tenure" free="29513064" total="39321600" percent="75">
      <mem type="soa" free="27546984" total="37355520" percent="73" />
      <mem type="loa" free="1966080" total="1966080" percent="100" />
    </mem>
    <pending-finalizers system="175" default="3" reference="379" classloader="0" />
    <remembered-set count="8045" />
  </mem-info>
</gc-end>
<cycle-end id="110" type="scavenge" contextid="104" timestamp="2020-05-10T03:10:10.695" />
<allocation-satisfied id="111" threadId="0000000002623A00" bytesRequested="64" />
<af-end id="112" timestamp="2020-05-10T03:10:10.696" threadId="0000000002624380" success="true" from="nursery"/>
<exclusive-end id="113" timestamp="2020-05-10T03:10:10.696" durationms="9.627" />

<exclusive-start id="114" timestamp="2020-05-10T03:10:10.962" intervalms="275.391">
  <response-info timems="0.044" idlems="0.044" threads="0" lastid="0000000003063E00" lastname="Thread-12" />
</exclusive-start>
<af-start id="115" threadId="0000000003064780" totalBytesRequested="168" timestamp="2020-05-10T03:10:10.963" intervalms="275.325" type="nursery" />
<cycle-start id="116" type="scavenge" contextid="0" timestamp="2020-05-10T03:10:10.964" intervalms="275.380" />
<gc-start id="117" type="scavenge" contextid="116" timestamp="2020-05-10T03:10:10.964">
  <mem-info id="118" free="29066688" total="56885248" percent="51">
    <mem type="nursery" free="0" total="17563648" percent="0">
      <mem type="allocate" free="0" total="12320768" percent="0" />
      <mem type="survivor" free="0" total="5242880" percent="0" />
    </mem>
    <mem type="tenure" free="29066688" total="39321600" percent="73">
      <mem type="soa" free="27100608" total="37355520" percent="72" />
      <mem type="loa" free="1966080" total="1966080" percent="100" />
    </mem>
    <remembered-set count="13420" />
  </mem-info>
</gc-start>
<allocation-stats totalBytes="9715080" >
  <allocated-bytes non-tlh="446440" tlh="9268640" />
  <largest-consumer threadName="main" threadId="0000000002623A00" bytes="9239528" />
</allocation-stats>
<gc-op id="119" type="scavenge" timems="5.991" contextid="116" timestamp="2020-05-10T03:10:10.971">
  <scavenger-info tenureage="2" tenuremask="7ffc" tiltratio="70" />
  <memory-copied type="nursery" objects="140178" bytes="4839864" bytesdiscarded="125464" />
  <memory-copied type="tenure" objects="8656" bytes="969136" bytesdiscarded="1832" />
  <finalization candidates="258" enqueued="32" />
  <ownableSynchronizers candidates="158" cleared="0" />
  <references type="soft" candidates="1512" cleared="0" enqueued="0" dynamicThreshold="32" maxThreshold="32" />
  <references type="weak" candidates="891" cleared="459" enqueued="445" />
</gc-op>
<gc-end id="120" type="scavenge" contextid="116" durationms="7.572" usertimems="20.317" systemtimems="2.052" timestamp="2020-05-10T03:10:10.972" activeThreads="8">
  <mem-info id="121" free="33349408" total="56885248" percent="58">
    <mem type="nursery" free="5445272" total="17563648" percent="31">
      <mem type="allocate" free="5445272" total="10420224" percent="52" />
      <mem type="survivor" free="0" total="7143424" percent="0" />
    </mem>
    <mem type="tenure" free="27904136" total="39321600" percent="70">
      <mem type="soa" free="25938056" total="37355520" percent="69" />
      <mem type="loa" free="1966080" total="1966080" percent="100" />
    </mem>
    <pending-finalizers system="32" default="0" reference="445" classloader="0" />
    <remembered-set count="12285" />
  </mem-info>
</gc-end>
<cycle-end id="122" type="scavenge" contextid="116" timestamp="2020-05-10T03:10:10.973" />
<allocation-satisfied id="123" threadId="0000000003063E00" bytesRequested="168" />
<af-end id="124" timestamp="2020-05-10T03:10:10.973" threadId="0000000003064780" success="true" from="nursery"/>
<exclusive-end id="125" timestamp="2020-05-10T03:10:10.974" durationms="11.622" />

<exclusive-start id="126" timestamp="2020-05-10T03:10:11.234" intervalms="271.936">
  <response-info timems="0.044" idlems="0.044" threads="0" lastid="0000000002623A00" lastname="main" />
</exclusive-start>
<af-start id="127" threadId="0000000002624380" totalBytesRequested="40" timestamp="2020-05-10T03:10:11.235" intervalms="271.740" type="nursery" />
<cycle-start id="128" type="scavenge" contextid="0" timestamp="2020-05-10T03:10:11.235" intervalms="271.609" />
<gc-start id="129" type="scavenge" contextid="128" timestamp="2020-05-10T03:10:11.236">
  <mem-info id="130" free="27542808" total="56885248" percent="48">
    <mem type="nursery" free="0" total="17563648" percent="0">
      <mem type="allocate" free="0" total="10420224" percent="0" />
      <mem type="survivor" free="0" total="7143424" percent="0" />
    </mem>
    <mem type="tenure" free="27542808" total="39321600" percent="70">
      <mem type="soa" free="25576728" total="37355520" percent="68" />
      <mem type="loa" free="1966080" total="1966080" percent="100" />
    </mem>
    <remembered-set count="16072" />
  </mem-info>
</gc-start>
<allocation-stats totalBytes="5803848" >
  <allocated-bytes non-tlh="361496" tlh="5442352" />
  <largest-consumer threadName="main" threadId="0000000002623A00" bytes="5671552" />
</allocation-stats>
<gc-op id="131" type="scavenge" timems="10.036" contextid="128" timestamp="2020-05-10T03:10:11.247">
  <scavenger-info tenureage="1" tenuremask="7ffe" tiltratio="59" />
  <memory-copied type="nursery" objects="22190" bytes="1100928" bytesdiscarded="397328" />
  <memory-copied type="tenure" objects="137241" bytes="4656176" bytesdiscarded="1760" />
  <finalization candidates="415" enqueued="139" />
  <ownableSynchronizers candidates="125" cleared="0" />
  <references type="soft" candidates="162" cleared="0" enqueued="0" dynamicThreshold="32" maxThreshold="32" />
  <references type="weak" candidates="446" cleared="282" enqueued="282" />
</gc-op>
<gc-end id="132" type="scavenge" contextid="128" durationms="11.443" usertimems="23.243" systemtimems="3.893" timestamp="2020-05-10T03:10:11.247" activeThreads="8">
  <mem-info id="133" free="32274400" total="56885248" percent="56">
    <mem type="nursery" free="9247720" total="17563648" percent="52">
      <mem type="allocate" free="9247720" total="10747904" percent="86" />
      <mem type="survivor" free="0" total="6815744" percent="0" />
    </mem>
    <mem type="tenure" free="23026680" total="39321600" percent="58">
      <mem type="soa" free="21060600" total="37355520" percent="56" />
      <mem type="loa" free="1966080" total="1966080" percent="100" />
    </mem>
    <pending-finalizers system="138" default="1" reference="282" classloader="0" />
    <remembered-set count="8837" />
  </mem-info>
</gc-end>
<cycle-end id="134" type="scavenge" contextid="128" timestamp="2020-05-10T03:10:11.248" />
<allocation-satisfied id="135" threadId="0000000002623A00" bytesRequested="40" />
<af-end id="136" timestamp="2020-05-10T03:10:11.248" threadId="0000000002624380" success="true" from="nursery"/>
<exclusive-end id="137" timestamp="2020-05-10T03:10:11.249" durationms="14.678" />

<exclusive-start id="138" timestamp="2020-05-10T03:10:11.624" intervalms="389.938">
  <response-info timems="0.048" idlems="0.048" threads="0" lastid="0000000002623A00" lastname="main" />
</exclusive-start>
<af-start id="139" threadId="0000000002624380" totalBytesRequested="80" timestamp="2020-05-10T03:10:11.625" intervalms="389.855" type="nursery" />
<cycle-start id="140" type="scavenge" contextid="0" timestamp="2020-05-10T03:10:11.625" intervalms="389.876" />
<gc-start id="141" type="scavenge" contextid="140" timestamp="2020-05-10T03:10:11.626">
  <mem-info id="142" free="22471672" total="56885248" percent="39">
    <mem type="nursery" free="0" total="17563648" percent="0">
      <mem type="allocate" free="0" total="10747904" percent="0" />
      <mem type="survivor" free="0" total="6815744" percent="0" />
    </mem>
    <mem type="tenure" free="22471672" total="39321600" percent="57">
      <mem type="soa" free="20505592" total="37355520" percent="54" />
      <mem type="loa" free="1966080" total="1966080" percent="100" />
    </mem>
    <remembered-set count="15015" />
  </mem-info>
</gc-start>
<allocation-stats totalBytes="9797576" >
  <allocated-bytes non-tlh="611584" tlh="9185992" />
  <largest-consumer threadName="main" threadId="0000000002623A00" bytes="9417288" />
</allocation-stats>
<gc-op id="143" type="scavenge" timems="4.036" contextid="140" timestamp="2020-05-10T03:10:11.630">
  <scavenger-info tenureage="1" tenuremask="7ffe" tiltratio="61" />
  <memory-copied type="nursery" objects="31681" bytes="1626528" bytesdiscarded="293560" />
  <memory-copied type="tenure" objects="19864" bytes="764944" bytesdiscarded="128" />
  <finalization candidates="289" enqueued="131" />
  <ownableSynchronizers candidates="476" cleared="285" />
  <references type="soft" candidates="262" cleared="0" enqueued="0" dynamicThreshold="32" maxThreshold="32" />
  <references type="weak" candidates="633" cleared="413" enqueued="413" />
</gc-op>
<gc-end id="144" type="scavenge" contextid="140" durationms="5.355" usertimems="14.046" systemtimems="0.828" timestamp="2020-05-10T03:10:11.631" activeThreads="8">
  <mem-info id="145" free="31229608" total="56885248" percent="54">
    <mem type="nursery" free="9677752" total="17563648" percent="55">
      <mem type="allocate" free="9677752" total="11599872" percent="83" />
      <mem type="survivor" free="0" total="5963776" percent="0" />
    </mem>
    <mem type="tenure" free="21551856" total="39321600" percent="54">
      <mem type="soa" free="19585776" total="37355520" percent="52" />
      <mem type="loa" free="1966080" total="1966080" percent="100" />
    </mem>
    <pending-finalizers system="130" default="1" reference="413" classloader="0" />
    <remembered-set count="9331" />
  </mem-info>
</gc-end>
<cycle-end id="146" type="scavenge" contextid="140" timestamp="2020-05-10T03:10:11.631" />
<allocation-satisfied id="147" threadId="0000000002623A00" bytesRequested="80" />
<af-end id="148" timestamp="2020-05-10T03:10:11.632" threadId="0000000002624380" success="true" from="nursery"/>
<exclusive-end id="149" timestamp="2020-05-10T03:10:11.633" durationms="8.536" />

<exclusive-start id="150" timestamp="2020-05-10T03:10:12.022" intervalms="397.441">
  <response-info timems="0.052" idlems="0.052" threads="0" lastid="0000000002623A00" lastname="main" />
</exclusive-start>
<sys-start reason="explicit" id="151" timestamp="2020-05-10T03:10:12.022" intervalms="2614.373" />
<cycle-start id="152" type="global" contextid="0" timestamp="2020-05-10T03:10:12.023" intervalms="2614.848" />
<gc-start id="153" type="global" contextid="152" timestamp="2020-05-10T03:10:12.023">
  <mem-info id="154" free="24102688" total="56885248" percent="42">
    <mem type="nursery" free="3156920" total="17563648" percent="17">
      <mem type="allocate" free="3156920" total="11599872" percent="27" />
      <mem type="survivor" free="0" total="5963776" percent="0" />
    </mem>
    <mem type="tenure" free="20945768" total="39321600" percent="53">
      <mem type="soa" free="18979688" total="37355520" percent="50" />
      <mem type="loa" free="1966080" total="1966080" percent="100" />
    </mem>
    <remembered-set count="15535" />
  </mem-info>
</gc-start>
<allocation-stats totalBytes="7124352" >
  <allocated-bytes non-tlh="606168" tlh="6518184" />
  <largest-consumer threadName="main" threadId="0000000002623A00" bytes="7038352" />
</allocation-stats>
<gc-op id="155" type="mark" timems="9.480" contextid="152" timestamp="2020-05-10T03:10:12.033">
  <trace-info objectcount="503253" scancount="423654" scanbytes="12717008" />
  <finalization candidates="776" enqueued="209" />
  <ownableSynchronizers candidates="386" cleared="0" />
  <references type="soft" candidates="4523" cleared="0" enqueued="0" dynamicThreshold="32" maxThreshold="32" />
  <references type="weak" candidates="16272" cleared="302" enqueued="277" />
  <references type="phantom" candidates="6" cleared="0" enqueued="0" />
  <stringconstants candidates="28940" cleared="145"  />
</gc-op>
<gc-op id="156" type="classunload" timems="0.021" contextid="152" timestamp="2020-05-10T03:10:12.034">
  <classunload-info classloadercandidates="120" classloadersunloaded="0" classesunloaded="0" anonymousclassesunloaded="0" quiescems="0.000" setupms="0.012" scanms="0.005" postms="0.004" />
</gc-op>
<gc-op id="157" type="sweep" timems="1.100" contextid="152" timestamp="2020-05-10T03:10:12.035" />
<gc-end id="158" type="global" contextid="152" durationms="12.740" usertimems="33.986" systemtimems="10.266" timestamp="2020-05-10T03:10:12.036" activeThreads="8">
  <mem-info id="159" free="29090312" total="56885248" percent="51">
    <mem type="nursery" free="7538384" total="17563648" percent="42">
      <mem type="allocate" free="7538384" total="11599872" percent="64" />
      <mem type="survivor" free="0" total="5963776" percent="0" />
    </mem>
    <mem type="tenure" free="21551928" total="39321600" percent="54" micro-fragmented="125076" macro-fragmented="0">
      <mem type="soa" free="19585848" total="37355520" percent="52" />
      <mem type="loa" free="1966080" total="1966080" percent="100" />
    </mem>
    <pending-finalizers system="209" default="0" reference="277" classloader="0" />
    <remembered-set count="15314" />
  </mem-info>
</gc-end>
<cycle-end id="160" type="global" contextid="152" timestamp="2020-05-10T03:10:12.036" />
<sys-end id="161" timestamp="2020-05-10T03:10:12.036" />
<exclusive-end id="162" timestamp="2020-05-10T03:10:12.037" durationms="15.144" />

<exclusive-start id="163" timestamp="2020-05-10T03:10:12.425" intervalms="403.466">
  <response-info timems="0.193" idlems="0.193" threads="0" lastid="0000000002C23800" lastname="Bundle File Closer" />
</exclusive-start>
<af-start id="164" threadId="0000000002C24180" totalBytesRequested="16" timestamp="2020-05-10T03:10:12.426" intervalms="801.196" type="nursery" />
<cycle-start id="165" type="scavenge" contextid="0" timestamp="2020-05-10T03:10:12.426" intervalms="801.150" />
<gc-start id="166" type="scavenge" contextid="165" timestamp="2020-05-10T03:10:12.427">
  <mem-info id="167" free="20935912" total="56885248" percent="36">
    <mem type="nursery" free="0" total="17563648" percent="0">
      <mem type="allocate" free="0" total="11599872" percent="0" />
      <mem type="survivor" free="0" total="5963776" percent="0" />
    </mem>
    <mem type="tenure" free="20935912" total="39321600" percent="53">
      <mem type="soa" free="18969832" total="37355520" percent="50" />
      <mem type="loa" free="1966080" total="1966080" percent="100" />
    </mem>
    <remembered-set count="21931" />
  </mem-info>
</gc-start>
<allocation-stats totalBytes="8093416" >
  <allocated-bytes non-tlh="858576" tlh="7234840" />
  <largest-consumer threadName="main" threadId="0000000002623A00" bytes="7980928" />
</allocation-stats>
<gc-op id="168" type="scavenge" timems="5.557" contextid="165" timestamp="2020-05-10T03:10:12.434">
  <scavenger-info tenureage="1" tenuremask="7ffe" tiltratio="66" />
  <memory-copied type="nursery" objects="75961" bytes="2964368" bytesdiscarded="159912" />
  <memory-copied type="tenure" objects="29577" bytes="1123552" bytesdiscarded="64" />
  <finalization candidates="351" enqueued="162" />
  <ownableSynchronizers candidates="694" cleared="465" />
  <references type="soft" candidates="900" cleared="0" enqueued="0" dynamicThreshold="17" maxThreshold="32" />
  <references type="weak" candidates="1291" cleared="573" enqueued="572" />
</gc-op>
<gc-end id="169" type="scavenge" contextid="165" durationms="7.294" usertimems="23.010" systemtimems="0.150" timestamp="2020-05-10T03:10:12.434" activeThreads="8">
  <mem-info id="170" free="28148096" total="56885248" percent="49">
    <mem type="nursery" free="8733760" total="17563648" percent="49">
      <mem type="allocate" free="8733760" total="11862016" percent="73" />
      <mem type="survivor" free="0" total="5701632" percent="0" />
    </mem>
    <mem type="tenure" free="19414336" total="39321600" percent="49">
      <mem type="soa" free="17448256" total="37355520" percent="46" />
      <mem type="loa" free="1966080" total="1966080" percent="100" />
    </mem>
    <pending-finalizers system="161" default="1" reference="572" classloader="0" />
    <remembered-set count="17650" />
  </mem-info>
</gc-end>
<cycle-end id="171" type="scavenge" contextid="165" timestamp="2020-05-10T03:10:12.435" />
<allocation-satisfied id="172" threadId="0000000002C23800" bytesRequested="16" />
<af-end id="173" timestamp="2020-05-10T03:10:12.436" threadId="0000000002C24180" success="true" from="nursery"/>
<exclusive-end id="174" timestamp="2020-05-10T03:10:12.436" durationms="10.871" />

<exclusive-start id="175" timestamp="2020-05-10T03:10:12.663" intervalms="238.248">
  <response-info timems="0.051" idlems="0.051" threads="0" lastid="0000000002623A00" lastname="main" />
</exclusive-start>
<af-start id="176" threadId="0000000002624380" totalBytesRequested="16696" timestamp="2020-05-10T03:10:12.664" intervalms="237.944" type="nursery" />
<cycle-start id="177" type="scavenge" contextid="0" timestamp="2020-05-10T03:10:12.664" intervalms="237.853" />
<gc-start id="178" type="scavenge" contextid="177" timestamp="2020-05-10T03:10:12.665">
  <mem-info id="179" free="18862104" total="56885248" percent="33">
    <mem type="nursery" free="0" total="17563648" percent="0">
      <mem type="allocate" free="0" total="11862016" percent="0" />
      <mem type="survivor" free="0" total="5701632" percent="0" />
    </mem>
    <mem type="tenure" free="18862104" total="39321600" percent="47">
      <mem type="soa" free="16896024" total="37355520" percent="45" />
      <mem type="loa" free="1966080" total="1966080" percent="100" />
    </mem>
    <remembered-set count="22207" />
  </mem-info>
</gc-start>
<allocation-stats totalBytes="9186504" >
  <allocated-bytes non-tlh="683336" tlh="8503168" />
  <largest-consumer threadName="main" threadId="0000000002623A00" bytes="9059528" />
</allocation-stats>
<gc-op id="180" type="scavenge" timems="4.485" contextid="177" timestamp="2020-05-10T03:10:12.670">
  <scavenger-info tenureage="1" tenuremask="7ffe" tiltratio="67" />
  <memory-copied type="nursery" objects="20897" bytes="1166016" bytesdiscarded="372576" />
  <memory-copied type="tenure" objects="73293" bytes="2666480" bytesdiscarded="784" />
  <finalization candidates="336" enqueued="127" />
  <ownableSynchronizers candidates="262" cleared="9" />
  <references type="soft" candidates="119" cleared="0" enqueued="0" dynamicThreshold="17" maxThreshold="32" />
  <references type="weak" candidates="585" cleared="280" enqueued="277" />
</gc-op>
<gc-end id="181" type="scavenge" contextid="177" durationms="5.628" usertimems="19.780" systemtimems="0.549" timestamp="2020-05-10T03:10:12.670" activeThreads="8">
  <mem-info id="182" free="27151320" total="56885248" percent="47">
    <mem type="nursery" free="10780608" total="17563648" percent="61">
      <mem type="allocate" free="10780608" total="12320768" percent="87" />
      <mem type="survivor" free="0" total="5242880" percent="0" />
    </mem>
    <mem type="tenure" free="16370712" total="39321600" percent="41">
      <mem type="soa" free="14404632" total="37355520" percent="38" />
      <mem type="loa" free="1966080" total="1966080" percent="100" />
    </mem>
    <pending-finalizers system="126" default="1" reference="277" classloader="0" />
    <remembered-set count="15906" />
  </mem-info>
</gc-end>
<cycle-end id="183" type="scavenge" contextid="177" timestamp="2020-05-10T03:10:12.671" />
<allocation-satisfied id="184" threadId="0000000002623A00" bytesRequested="16696" />
<af-end id="185" timestamp="2020-05-10T03:10:12.671" threadId="0000000002624380" success="true" from="nursery"/>
<exclusive-end id="186" timestamp="2020-05-10T03:10:12.672" durationms="8.406" />

<exclusive-start id="187" timestamp="2020-05-10T03:10:12.942" intervalms="279.155">
  <response-info timems="0.218" idlems="0.147" threads="1" lastid="0000000002627600" lastname="JIT Compilation Thread-000" />
</exclusive-start>
<af-start id="188" threadId="0000000002624380" totalBytesRequested="3592" timestamp="2020-05-10T03:10:12.943" intervalms="279.341" type="nursery" />
<cycle-start id="189" type="scavenge" contextid="0" timestamp="2020-05-10T03:10:12.944" intervalms="279.416" />
<gc-start id="190" type="scavenge" contextid="189" timestamp="2020-05-10T03:10:12.944">
  <mem-info id="191" free="15989456" total="56885248" percent="28">
    <mem type="nursery" free="0" total="17563648" percent="0">
      <mem type="allocate" free="0" total="12320768" percent="0" />
      <mem type="survivor" free="0" total="5242880" percent="0" />
    </mem>
    <mem type="tenure" free="15989456" total="39321600" percent="40">
      <mem type="soa" free="14023376" total="37355520" percent="37" />
      <mem type="loa" free="1966080" total="1966080" percent="100" />
    </mem>
    <remembered-set count="19755" />
  </mem-info>
</gc-start>
<allocation-stats totalBytes="11131088" >
  <allocated-bytes non-tlh="397952" tlh="10733136" />
  <largest-consumer threadName="P=212776:O=0:CT" threadId="0000000002623A00" bytes="10925744" />
</allocation-stats>
<gc-op id="192" type="scavenge" timems="4.899" contextid="189" timestamp="2020-05-10T03:10:12.950">
  <scavenger-info tenureage="2" tenuremask="7ffc" tiltratio="70" />
  <memory-copied type="nursery" objects="45940" bytes="2521520" bytesdiscarded="132432" />
  <finalization candidates="305" enqueued="215" />
  <ownableSynchronizers candidates="302" cleared="35" />
  <references type="soft" candidates="336" cleared="0" enqueued="0" dynamicThreshold="17" maxThreshold="32" />
  <references type="weak" candidates="793" cleared="424" enqueued="424" />
</gc-op>
<gc-end id="193" type="scavenge" contextid="189" durationms="6.777" usertimems="16.736" systemtimems="4.160" timestamp="2020-05-10T03:10:12.951" activeThreads="8">
  <mem-info id="194" free="25849936" total="56885248" percent="45">
    <mem type="nursery" free="9860480" total="17563648" percent="56">
      <mem type="allocate" free="9860480" total="12517376" percent="78" />
      <mem type="survivor" free="0" total="5046272" percent="0" />
    </mem>
    <mem type="tenure" free="15989456" total="39321600" percent="40">
      <mem type="soa" free="14023376" total="37355520" percent="37" />
      <mem type="loa" free="1966080" total="1966080" percent="100" />
    </mem>
    <pending-finalizers system="215" default="0" reference="424" classloader="0" />
    <remembered-set count="8203" />
  </mem-info>
</gc-end>
<cycle-end id="195" type="scavenge" contextid="189" timestamp="2020-05-10T03:10:12.952" />
<allocation-satisfied id="196" threadId="0000000002623A00" bytesRequested="3592" />
<af-end id="197" timestamp="2020-05-10T03:10:12.953" threadId="0000000002624380" success="true" from="nursery"/>
<exclusive-end id="198" timestamp="2020-05-10T03:10:12.953" durationms="10.733" />

<exclusive-start id="199" timestamp="2020-05-10T03:10:13.011" intervalms="68.212">
  <response-info timems="0.051" idlems="0.051" threads="0" lastid="0000000002623A00" lastname="P=212776:O=0:CT" />
</exclusive-start>
<af-start id="200" threadId="0000000002624380" totalBytesRequested="176" timestamp="2020-05-10T03:10:13.011" intervalms="68.256" type="nursery" />
<cycle-start id="201" type="scavenge" contextid="0" timestamp="2020-05-10T03:10:13.012" intervalms="68.267" />
<gc-start id="202" type="scavenge" contextid="201" timestamp="2020-05-10T03:10:13.012">
  <mem-info id="203" free="15906968" total="56885248" percent="27">
    <mem type="nursery" free="0" total="17563648" percent="0">
      <mem type="allocate" free="0" total="12517376" percent="0" />
      <mem type="survivor" free="0" total="5046272" percent="0" />
    </mem>
    <mem type="tenure" free="15906968" total="39321600" percent="40">
      <mem type="soa" free="13940888" total="37355520" percent="37" />
      <mem type="loa" free="1966080" total="1966080" percent="100" />
    </mem>
    <remembered-set count="8404" />
  </mem-info>
</gc-start>
<allocation-stats totalBytes="9936536" >
  <allocated-bytes non-tlh="86080" tlh="9850456" />
  <largest-consumer threadName="P=212776:O=0:CT" threadId="0000000002623A00" bytes="9928344" />
</allocation-stats>
<gc-op id="204" type="scavenge" timems="4.514" contextid="201" timestamp="2020-05-10T03:10:13.018">
  <scavenger-info tenureage="2" tenuremask="7ffc" tiltratio="71" />
  <memory-copied type="nursery" objects="34521" bytes="3490272" bytesdiscarded="277848" />
  <memory-copied type="tenure" objects="19266" bytes="782296" bytesdiscarded="752" />
  <finalization candidates="929" enqueued="840" />
  <ownableSynchronizers candidates="267" cleared="0" />
  <references type="soft" candidates="222" cleared="0" enqueued="0" dynamicThreshold="17" maxThreshold="32" />
  <references type="weak" candidates="84" cleared="21" enqueued="21" />
</gc-op>
<heap-resize id="205" type="expand" space="nursery" amount="786432" count="1" timems="0.082" reason="excessive time being spent scavenging" timestamp="2020-05-10T03:10:13.018" />
<gc-end id="206" type="scavenge" contextid="201" durationms="6.568" usertimems="14.251" systemtimems="3.475" timestamp="2020-05-10T03:10:13.019" activeThreads="8">
  <mem-info id="207" free="24093944" total="57671680" percent="41">
    <mem type="nursery" free="9268784" total="18350080" percent="50">
      <mem type="allocate" free="9268784" total="13041664" percent="71" />
      <mem type="survivor" free="0" total="5308416" percent="0" />
    </mem>
    <mem type="tenure" free="14825160" total="39321600" percent="37">
      <mem type="soa" free="12859080" total="37355520" percent="34" />
      <mem type="loa" free="1966080" total="1966080" percent="100" />
    </mem>
    <pending-finalizers system="840" default="0" reference="21" classloader="0" />
    <remembered-set count="4278" />
  </mem-info>
</gc-end>
<cycle-end id="208" type="scavenge" contextid="201" timestamp="2020-05-10T03:10:13.019" />
<allocation-satisfied id="209" threadId="0000000002623A00" bytesRequested="176" />
<af-end id="210" timestamp="2020-05-10T03:10:13.020" threadId="0000000002624380" success="true" from="nursery"/>
<exclusive-end id="211" timestamp="2020-05-10T03:10:13.021" durationms="9.960" />

<exclusive-start id="212" timestamp="2020-05-10T03:10:13.088" intervalms="77.104">
  <response-info timems="0.044" idlems="0.044" threads="0" lastid="0000000002623A00" lastname="P=212776:O=0:CT" />
</exclusive-start>
<af-start id="213" threadId="0000000002624380" totalBytesRequested="72" timestamp="2020-05-10T03:10:13.088" intervalms="76.987" type="nursery" />
<cycle-start id="214" type="scavenge" contextid="0" timestamp="2020-05-10T03:10:13.089" intervalms="76.956" />
<gc-start id="215" type="scavenge" contextid="214" timestamp="2020-05-10T03:10:13.089">
  <mem-info id="216" free="14804552" total="57671680" percent="25">
    <mem type="nursery" free="0" total="18350080" percent="0">
      <mem type="allocate" free="0" total="13041664" percent="0" />
      <mem type="survivor" free="0" total="5308416" percent="0" />
    </mem>
    <mem type="tenure" free="14804552" total="39321600" percent="37">
      <mem type="soa" free="12838472" total="37355520" percent="34" />
      <mem type="loa" free="1966080" total="1966080" percent="100" />
    </mem>
    <remembered-set count="4589" />
  </mem-info>
</gc-start>
<allocation-stats totalBytes="9283984" >
  <allocated-bytes non-tlh="20784" tlh="9263200" />
  <largest-consumer threadName="P=212776:O=0:CT" threadId="0000000002623A00" bytes="9275792" />
</allocation-stats>
<gc-op id="217" type="scavenge" timems="3.466" contextid="214" timestamp="2020-05-10T03:10:13.094">
  <scavenger-info tenureage="2" tenuremask="7ffc" tiltratio="71" />
  <memory-copied type="nursery" objects="14766" bytes="2719320" bytesdiscarded="220408" />
  <memory-copied type="tenure" objects="12693" bytes="586416" bytesdiscarded="128" />
  <finalization candidates="974" enqueued="957" />
  <ownableSynchronizers candidates="110" cleared="0" />
  <references type="soft" candidates="8" cleared="0" enqueued="0" dynamicThreshold="17" maxThreshold="32" />
  <references type="weak" candidates="27" cleared="27" enqueued="27" />
</gc-op>
<gc-end id="218" type="scavenge" contextid="214" durationms="4.923" usertimems="13.374" systemtimems="0.436" timestamp="2020-05-10T03:10:13.094" activeThreads="8">
  <mem-info id="219" free="24887168" total="57671680" percent="43">
    <mem type="nursery" free="10556656" total="18350080" percent="57">
      <mem type="allocate" free="10556656" total="13500416" percent="78" />
      <mem type="survivor" free="0" total="4849664" percent="0" />
    </mem>
    <mem type="tenure" free="14330512" total="39321600" percent="36">
      <mem type="soa" free="12364432" total="37355520" percent="33" />
      <mem type="loa" free="1966080" total="1966080" percent="100" />
    </mem>
    <pending-finalizers system="956" default="1" reference="27" classloader="0" />
    <remembered-set count="686" />
  </mem-info>
</gc-end>
<cycle-end id="220" type="scavenge" contextid="214" timestamp="2020-05-10T03:10:13.095" />
<allocation-satisfied id="221" threadId="0000000002623A00" bytesRequested="72" />
<af-end id="222" timestamp="2020-05-10T03:10:13.095" threadId="0000000002624380" success="true" from="nursery"/>
<exclusive-end id="223" timestamp="2020-05-10T03:10:13.096" durationms="7.988" />

<exclusive-start id="224" timestamp="2020-05-10T03:10:13.135" intervalms="47.599">
  <response-info timems="0.070" idlems="0.070" threads="0" lastid="0000000002623A00" lastname="P=212776:O=0:CT" />
</exclusive-start>
<af-start id="225" threadId="0000000002624380" totalBytesRequested="72" timestamp="2020-05-10T03:10:13.136" intervalms="47.777" type="nursery" />
<cycle-start id="226" type="scavenge" contextid="0" timestamp="2020-05-10T03:10:13.137" intervalms="47.898" />
<gc-start id="227" type="scavenge" contextid="226" timestamp="2020-05-10T03:10:13.137">
  <mem-info id="228" free="14327696" total="57671680" percent="24">
    <mem type="nursery" free="0" total="18350080" percent="0">
      <mem type="allocate" free="0" total="13500416" percent="0" />
      <mem type="survivor" free="0" total="4849664" percent="0" />
    </mem>
    <mem type="tenure" free="14327696" total="39321600" percent="36">
      <mem type="soa" free="12361616" total="37355520" percent="33" />
      <mem type="loa" free="1966080" total="1966080" percent="100" />
    </mem>
    <remembered-set count="726" />
  </mem-info>
</gc-start>
<allocation-stats totalBytes="10557008" >
  <allocated-bytes non-tlh="2888" tlh="10554120" />
  <largest-consumer threadName="P=212776:O=0:CT" threadId="0000000002623A00" bytes="10548816" />
</allocation-stats>
<gc-op id="229" type="scavenge" timems="2.547" contextid="226" timestamp="2020-05-10T03:10:13.141">
  <scavenger-info tenureage="2" tenuremask="7ffc" tiltratio="73" />
  <memory-copied type="nursery" objects="304" bytes="17824" bytesdiscarded="116544" />
  <memory-copied type="tenure" objects="4694" bytes="216440" bytesdiscarded="952" />
  <finalization candidates="7" enqueued="4" />
  <references type="soft" candidates="2" cleared="0" enqueued="0" dynamicThreshold="17" maxThreshold="32" />
  <references type="weak" candidates="7" cleared="7" enqueued="7" />
</gc-op>
<heap-resize id="230" type="expand" space="nursery" amount="917504" count="1" timems="0.087" reason="excessive time being spent scavenging" timestamp="2020-05-10T03:10:13.142" />
<gc-end id="231" type="scavenge" contextid="226" durationms="4.783" usertimems="5.161" systemtimems="1.030" timestamp="2020-05-10T03:10:13.142" activeThreads="8">
  <mem-info id="232" free="28533976" total="58589184" percent="48">
    <mem type="nursery" free="14414592" total="19267584" percent="74">
      <mem type="allocate" free="14414592" total="14548992" percent="99" />
      <mem type="survivor" free="0" total="4718592" percent="0" />
    </mem>
    <mem type="tenure" free="14119384" total="39321600" percent="35">
      <mem type="soa" free="12153304" total="37355520" percent="32" />
      <mem type="loa" free="1966080" total="1966080" percent="100" />
    </mem>
    <pending-finalizers system="2" default="2" reference="7" classloader="0" />
    <remembered-set count="523" />
  </mem-info>
</gc-end>
<cycle-end id="233" type="scavenge" contextid="226" timestamp="2020-05-10T03:10:13.143" />
<allocation-satisfied id="234" threadId="0000000002623A00" bytesRequested="72" />
<af-end id="235" timestamp="2020-05-10T03:10:13.144" threadId="0000000002624380" success="true" from="nursery"/>
<exclusive-end id="236" timestamp="2020-05-10T03:10:13.144" durationms="8.649" />

<exclusive-start id="237" timestamp="2020-05-10T03:10:13.191" intervalms="55.381">
  <response-info timems="0.047" idlems="0.047" threads="0" lastid="0000000002623A00" lastname="P=212776:O=0:CT" />
</exclusive-start>
<af-start id="238" threadId="0000000002624380" totalBytesRequested="72" timestamp="2020-05-10T03:10:13.191" intervalms="55.167" type="nursery" />
<cycle-start id="239" type="scavenge" contextid="0" timestamp="2020-05-10T03:10:13.192" intervalms="55.053" />
<gc-start id="240" type="scavenge" contextid="239" timestamp="2020-05-10T03:10:13.192">
  <mem-info id="241" free="14119224" total="58589184" percent="24">
    <mem type="nursery" free="0" total="19267584" percent="0">
      <mem type="allocate" free="0" total="14548992" percent="0" />
      <mem type="survivor" free="0" total="4718592" percent="0" />
    </mem>
    <mem type="tenure" free="14119224" total="39321600" percent="35">
      <mem type="soa" free="12153144" total="37355520" percent="32" />
      <mem type="loa" free="1966080" total="1966080" percent="100" />
    </mem>
    <remembered-set count="525" />
  </mem-info>
</gc-start>
<allocation-stats totalBytes="14411400" >
  <allocated-bytes non-tlh="232" tlh="14411168" />
  <largest-consumer threadName="P=212776:O=0:CT" threadId="0000000002623A00" bytes="14411400" />
</allocation-stats>
<gc-op id="242" type="scavenge" timems="1.962" contextid="239" timestamp="2020-05-10T03:10:13.195">
  <scavenger-info tenureage="3" tenuremask="7ff8" tiltratio="75" />
  <memory-copied type="nursery" objects="291" bytes="17464" bytesdiscarded="77744" />
  <finalization candidates="6" enqueued="5" />
  <references type="soft" candidates="2" cleared="0" enqueued="0" dynamicThreshold="17" maxThreshold="32" />
  <references type="weak" candidates="2" cleared="2" enqueued="2" />
</gc-op>
<gc-end id="243" type="scavenge" contextid="239" durationms="3.422" usertimems="2.018" systemtimems="2.841" timestamp="2020-05-10T03:10:13.196" activeThreads="8">
  <mem-info id="244" free="29687096" total="58589184" percent="50">
    <mem type="nursery" free="15567872" total="19267584" percent="80">
      <mem type="allocate" free="15567872" total="15663104" percent="99" />
      <mem type="survivor" free="0" total="3604480" percent="0" />
    </mem>
    <mem type="tenure" free="14119224" total="39321600" percent="35">
      <mem type="soa" free="12153144" total="37355520" percent="32" />
      <mem type="loa" free="1966080" total="1966080" percent="100" />
    </mem>
    <pending-finalizers system="2" default="3" reference="2" classloader="0" />
    <remembered-set count="277" />
  </mem-info>
</gc-end>
<cycle-end id="245" type="scavenge" contextid="239" timestamp="2020-05-10T03:10:13.196" />
<allocation-satisfied id="246" threadId="0000000002623A00" bytesRequested="72" />
<af-end id="247" timestamp="2020-05-10T03:10:13.197" threadId="0000000002624380" success="true" from="nursery"/>
<exclusive-end id="248" timestamp="2020-05-10T03:10:13.197" durationms="6.685" />

<exclusive-start id="249" timestamp="2020-05-10T03:10:13.260" intervalms="68.927">
  <response-info timems="0.049" idlems="0.049" threads="0" lastid="0000000002623A00" lastname="P=212776:O=0:CT" />
</exclusive-start>
<af-start id="250" threadId="0000000002624380" totalBytesRequested="32" timestamp="2020-05-10T03:10:13.260" intervalms="69.103" type="nursery" />
<cycle-start id="251" type="scavenge" contextid="0" timestamp="2020-05-10T03:10:13.261" intervalms="69.095" />
<gc-start id="252" type="scavenge" contextid="251" timestamp="2020-05-10T03:10:13.261">
  <mem-info id="253" free="14104032" total="58589184" percent="24">
    <mem type="nursery" free="0" total="19267584" percent="0">
      <mem type="allocate" free="0" total="15663104" percent="0" />
      <mem type="survivor" free="0" total="3604480" percent="0" />
    </mem>
    <mem type="tenure" free="14104032" total="39321600" percent="35">
      <mem type="soa" free="12137952" total="37355520" percent="32" />
      <mem type="loa" free="1966080" total="1966080" percent="100" />
    </mem>
    <remembered-set count="481" />
  </mem-info>
</gc-start>
<allocation-stats totalBytes="15579488" >
  <allocated-bytes non-tlh="15264" tlh="15564224" />
  <largest-consumer threadName="P=212776:O=0:CT" threadId="0000000002623A00" bytes="15579488" />
</allocation-stats>
<gc-op id="254" type="scavenge" timems="2.021" contextid="251" timestamp="2020-05-10T03:10:13.264">
  <scavenger-info tenureage="4" tenuremask="7ff0" tiltratio="81" />
  <memory-copied type="nursery" objects="837" bytes="66312" bytesdiscarded="117064" />
  <finalization candidates="10" enqueued="5" />
  <references type="soft" candidates="8" cleared="0" enqueued="0" dynamicThreshold="17" maxThreshold="32" />
  <references type="weak" candidates="14" cleared="13" enqueued="13" />
</gc-op>
<gc-end id="255" type="scavenge" contextid="251" durationms="3.449" usertimems="3.487" systemtimems="1.789" timestamp="2020-05-10T03:10:13.265" activeThreads="8">
  <mem-info id="256" free="30304584" total="58589184" percent="51">
    <mem type="nursery" free="16200552" total="19267584" percent="84">
      <mem type="allocate" free="16200552" total="16384000" percent="98" />
      <mem type="survivor" free="0" total="2883584" percent="0" />
    </mem>
    <mem type="tenure" free="14104032" total="39321600" percent="35">
      <mem type="soa" free="12137952" total="37355520" percent="32" />
      <mem type="loa" free="1966080" total="1966080" percent="100" />
    </mem>
    <pending-finalizers system="3" default="2" reference="13" classloader="0" />
    <remembered-set count="450" />
  </mem-info>
</gc-end>
<cycle-end id="257" type="scavenge" contextid="251" timestamp="2020-05-10T03:10:13.265" />
<allocation-satisfied id="258" threadId="0000000002623A00" bytesRequested="32" />
<af-end id="259" timestamp="2020-05-10T03:10:13.266" threadId="0000000002624380" success="true" from="nursery"/>
<exclusive-end id="260" timestamp="2020-05-10T03:10:13.266" durationms="6.832" />

<exclusive-start id="261" timestamp="2020-05-10T03:10:13.320" intervalms="60.467">
  <response-info timems="0.070" idlems="0.070" threads="0" lastid="0000000002623A00" lastname="P=212776:O=0:CT" />
</exclusive-start>
<af-start id="262" threadId="0000000002624380" totalBytesRequested="72" timestamp="2020-05-10T03:10:13.321" intervalms="60.446" type="nursery" />
<cycle-start id="263" type="scavenge" contextid="0" timestamp="2020-05-10T03:10:13.321" intervalms="60.509" />
<gc-start id="264" type="scavenge" contextid="263" timestamp="2020-05-10T03:10:13.322">
  <mem-info id="265" free="14104032" total="58589184" percent="24">
    <mem type="nursery" free="0" total="19267584" percent="0">
      <mem type="allocate" free="0" total="16384000" percent="0" />
      <mem type="survivor" free="0" total="2883584" percent="0" />
    </mem>
    <mem type="tenure" free="14104032" total="39321600" percent="35">
      <mem type="soa" free="12137952" total="37355520" percent="32" />
      <mem type="loa" free="1966080" total="1966080" percent="100" />
    </mem>
    <remembered-set count="450" />
  </mem-info>
</gc-start>
<allocation-stats totalBytes="16196760" >
  <allocated-bytes non-tlh="32" tlh="16196728" />
  <largest-consumer threadName="P=212776:O=0:CT" threadId="0000000002623A00" bytes="16196760" />
</allocation-stats>
<gc-op id="266" type="scavenge" timems="2.542" contextid="263" timestamp="2020-05-10T03:10:13.325">
  <scavenger-info tenureage="5" tenuremask="7fe0" tiltratio="85" />
  <memory-copied type="nursery" objects="837" bytes="72208" bytesdiscarded="63416" />
  <finalization candidates="12" enqueued="6" />
  <references type="soft" candidates="8" cleared="0" enqueued="0" dynamicThreshold="17" maxThreshold="32" />
  <references type="weak" candidates="1" cleared="0" enqueued="0" />
</gc-op>
<gc-end id="267" type="scavenge" contextid="263" durationms="3.698" usertimems="4.133" systemtimems="2.347" timestamp="2020-05-10T03:10:13.326" activeThreads="8">
  <mem-info id="268" free="30876632" total="58589184" percent="52">
    <mem type="nursery" free="16772600" total="19267584" percent="87">
      <mem type="allocate" free="16772600" total="16908288" percent="99" />
      <mem type="survivor" free="0" total="2359296" percent="0" />
    </mem>
    <mem type="tenure" free="14104032" total="39321600" percent="35">
      <mem type="soa" free="12137952" total="37355520" percent="32" />
      <mem type="loa" free="1966080" total="1966080" percent="100" />
    </mem>
    <pending-finalizers system="4" default="2" reference="0" classloader="0" />
    <remembered-set count="442" />
  </mem-info>
</gc-end>
<cycle-end id="269" type="scavenge" contextid="263" timestamp="2020-05-10T03:10:13.326" />
<allocation-satisfied id="270" threadId="0000000002623A00" bytesRequested="72" />
<af-end id="271" timestamp="2020-05-10T03:10:13.327" threadId="0000000002624380" success="true" from="nursery"/>
<exclusive-end id="272" timestamp="2020-05-10T03:10:13.327" durationms="7.248" />

<exclusive-start id="273" timestamp="2020-05-10T03:10:13.386" intervalms="65.533">
  <response-info timems="0.063" idlems="0.063" threads="0" lastid="0000000002623A00" lastname="P=212776:O=0:CT" />
</exclusive-start>
<af-start id="274" threadId="0000000002624380" totalBytesRequested="72" timestamp="2020-05-10T03:10:13.386" intervalms="65.584" type="nursery" />
<cycle-start id="275" type="scavenge" contextid="0" timestamp="2020-05-10T03:10:13.387" intervalms="65.885" />
<gc-start id="276" type="scavenge" contextid="275" timestamp="2020-05-10T03:10:13.388">
  <mem-info id="277" free="14104032" total="58589184" percent="24">
    <mem type="nursery" free="0" total="19267584" percent="0">
      <mem type="allocate" free="0" total="16908288" percent="0" />
      <mem type="survivor" free="0" total="2359296" percent="0" />
    </mem>
    <mem type="tenure" free="14104032" total="39321600" percent="35">
      <mem type="soa" free="12137952" total="37355520" percent="32" />
      <mem type="loa" free="1966080" total="1966080" percent="100" />
    </mem>
    <remembered-set count="445" />
  </mem-info>
</gc-start>
<allocation-stats totalBytes="16768720" >
  <allocated-bytes non-tlh="72" tlh="16768648" />
  <largest-consumer threadName="P=212776:O=0:CT" threadId="0000000002623A00" bytes="16768720" />
</allocation-stats>
<gc-op id="278" type="scavenge" timems="2.296" contextid="275" timestamp="2020-05-10T03:10:13.391">
  <scavenger-info tenureage="6" tenuremask="7fc0" tiltratio="87" />
  <memory-copied type="nursery" objects="1011" bytes="65040" bytesdiscarded="85672" />
  <finalization candidates="9" enqueued="7" />
  <references type="soft" candidates="9" cleared="0" enqueued="0" dynamicThreshold="17" maxThreshold="32" />
  <references type="weak" candidates="3" cleared="2" enqueued="2" />
</gc-op>
<gc-end id="279" type="scavenge" contextid="275" durationms="3.722" usertimems="2.727" systemtimems="3.455" timestamp="2020-05-10T03:10:13.392" activeThreads="8">
  <mem-info id="280" free="31254768" total="58589184" percent="53">
    <mem type="nursery" free="17150736" total="19267584" percent="89">
      <mem type="allocate" free="17150736" total="17301504" percent="99" />
      <mem type="survivor" free="0" total="1966080" percent="0" />
    </mem>
    <mem type="tenure" free="14104032" total="39321600" percent="35">
      <mem type="soa" free="12137952" total="37355520" percent="32" />
      <mem type="loa" free="1966080" total="1966080" percent="100" />
    </mem>
    <pending-finalizers system="2" default="5" reference="2" classloader="0" />
    <remembered-set count="271" />
  </mem-info>
</gc-end>
<cycle-end id="281" type="scavenge" contextid="275" timestamp="2020-05-10T03:10:13.392" />
<allocation-satisfied id="282" threadId="0000000002623A00" bytesRequested="72" />
<af-end id="283" timestamp="2020-05-10T03:10:13.393" threadId="0000000002624380" success="true" from="nursery"/>
<exclusive-end id="284" timestamp="2020-05-10T03:10:13.393" durationms="7.699" />

<exclusive-start id="285" timestamp="2020-05-10T03:10:13.455" intervalms="69.800">
  <response-info timems="0.047" idlems="0.047" threads="0" lastid="0000000002623A00" lastname="P=212776:O=0:CT" />
</exclusive-start>
<af-start id="286" threadId="0000000002624380" totalBytesRequested="72" timestamp="2020-05-10T03:10:13.456" intervalms="69.697" type="nursery" />
<cycle-start id="287" type="scavenge" contextid="0" timestamp="2020-05-10T03:10:13.457" intervalms="69.423" />
<gc-start id="288" type="scavenge" contextid="287" timestamp="2020-05-10T03:10:13.457">
  <mem-info id="289" free="14087392" total="58589184" percent="24">
    <mem type="nursery" free="0" total="19267584" percent="0">
      <mem type="allocate" free="0" total="17301504" percent="0" />
      <mem type="survivor" free="0" total="1966080" percent="0" />
    </mem>
    <mem type="tenure" free="14087392" total="39321600" percent="35">
      <mem type="soa" free="12121312" total="37355520" percent="32" />
      <mem type="loa" free="1966080" total="1966080" percent="100" />
    </mem>
    <remembered-set count="478" />
  </mem-info>
</gc-start>
<allocation-stats totalBytes="17162960" >
  <allocated-bytes non-tlh="16712" tlh="17146248" />
  <largest-consumer threadName="P=212776:O=0:CT" threadId="0000000002623A00" bytes="17130456" />
</allocation-stats>
<gc-op id="290" type="scavenge" timems="1.504" contextid="287" timestamp="2020-05-10T03:10:13.459">
  <scavenger-info tenureage="7" tenuremask="7f80" tiltratio="89" />
  <memory-copied type="nursery" objects="1186" bytes="58512" bytesdiscarded="193336" />
  <finalization candidates="4" enqueued="2" />
  <references type="soft" candidates="12" cleared="0" enqueued="0" dynamicThreshold="17" maxThreshold="32" />
  <references type="weak" candidates="14" cleared="12" enqueued="12" />
</gc-op>
<gc-end id="291" type="scavenge" contextid="287" durationms="2.448" usertimems="3.511" systemtimems="0.592" timestamp="2020-05-10T03:10:13.460" activeThreads="8">
  <mem-info id="292" free="31136992" total="58589184" percent="53">
    <mem type="nursery" free="17049600" total="19267584" percent="88">
      <mem type="allocate" free="17049600" total="17301504" percent="98" />
      <mem type="survivor" free="0" total="1966080" percent="0" />
    </mem>
    <mem type="tenure" free="14087392" total="39321600" percent="35">
      <mem type="soa" free="12121312" total="37355520" percent="32" />
      <mem type="loa" free="1966080" total="1966080" percent="100" />
    </mem>
    <pending-finalizers system="1" default="1" reference="12" classloader="0" />
    <remembered-set count="475" />
  </mem-info>
</gc-end>
<cycle-end id="293" type="scavenge" contextid="287" timestamp="2020-05-10T03:10:13.460" />
<allocation-satisfied id="294" threadId="0000000002623A00" bytesRequested="72" />
<af-end id="295" timestamp="2020-05-10T03:10:13.461" threadId="0000000002624380" success="true" from="nursery"/>
<exclusive-end id="296" timestamp="2020-05-10T03:10:13.461" durationms="5.490" />

<exclusive-start id="297" timestamp="2020-05-10T03:10:14.001" intervalms="545.958">
  <response-info timems="0.048" idlems="0.048" threads="0" lastid="0000000002623A00" lastname="P=212776:O=0:CT" />
</exclusive-start>
<af-start id="298" threadId="0000000002624380" totalBytesRequested="24" timestamp="2020-05-10T03:10:14.002" intervalms="546.010" type="nursery" />
<cycle-start id="299" type="scavenge" contextid="0" timestamp="2020-05-10T03:10:14.002" intervalms="545.880" />
<gc-start id="300" type="scavenge" contextid="299" timestamp="2020-05-10T03:10:14.003">
  <mem-info id="301" free="13542856" total="58589184" percent="23">
    <mem type="nursery" free="0" total="19267584" percent="0">
      <mem type="allocate" free="0" total="17301504" percent="0" />
      <mem type="survivor" free="0" total="1966080" percent="0" />
    </mem>
    <mem type="tenure" free="13542856" total="39321600" percent="34">
      <mem type="soa" free="11576776" total="37355520" percent="30" />
      <mem type="loa" free="1966080" total="1966080" percent="100" />
    </mem>
    <remembered-set count="9101" />
  </mem-info>
</gc-start>
<allocation-stats totalBytes="17586936" >
  <allocated-bytes non-tlh="948248" tlh="16638688" />
  <largest-consumer threadName="P=212776:O=0:CT" threadId="0000000002623A00" bytes="16940040" />
</allocation-stats>
<gc-op id="302" type="scavenge" timems="3.965" contextid="299" timestamp="2020-05-10T03:10:14.008">
  <scavenger-info tenureage="8" tenuremask="7f00" tiltratio="89" />
  <memory-copied type="nursery" objects="46166" bytes="1959336" bytesdiscarded="1504" />
  <memory-copied type="tenure" objects="13033" bytes="673960" bytesdiscarded="1064" />
  <copy-failed type="nursery" objects="13033" bytes="674472" />
  <finalization candidates="328" enqueued="82" />
  <ownableSynchronizers candidates="37" cleared="0" />
  <references type="soft" candidates="215" cleared="0" enqueued="0" dynamicThreshold="17" maxThreshold="32" />
  <references type="weak" candidates="1007" cleared="440" enqueued="433" />
  <references type="phantom" candidates="3" cleared="0" enqueued="0" />
</gc-op>
<gc-end id="303" type="scavenge" contextid="299" durationms="5.274" usertimems="13.367" systemtimems="1.601" timestamp="2020-05-10T03:10:14.008" activeThreads="8">
  <mem-info id="304" free="24312000" total="58589184" percent="41">
    <mem type="nursery" free="11403264" total="19267584" percent="59">
      <mem type="allocate" free="11403264" total="13369344" percent="85" />
      <mem type="survivor" free="0" total="5898240" percent="0" />
    </mem>
    <mem type="tenure" free="12908736" total="39321600" percent="32">
      <mem type="soa" free="10942656" total="37355520" percent="29" />
      <mem type="loa" free="1966080" total="1966080" percent="100" />
    </mem>
    <pending-finalizers system="81" default="1" reference="433" classloader="0" />
    <remembered-set count="12490" />
  </mem-info>
</gc-end>
<cycle-end id="305" type="scavenge" contextid="299" timestamp="2020-05-10T03:10:14.009" />
<allocation-satisfied id="306" threadId="0000000002623A00" bytesRequested="24" />
<af-end id="307" timestamp="2020-05-10T03:10:14.010" threadId="0000000002624380" success="true" from="nursery"/>
<exclusive-end id="308" timestamp="2020-05-10T03:10:14.010" durationms="8.708" />

<exclusive-start id="309" timestamp="2020-05-10T03:10:14.258" intervalms="256.952">
  <response-info timems="0.079" idlems="0.079" threads="0" lastid="0000000002623A00" lastname="P=212776:O=0:CT" />
</exclusive-start>
<sys-start reason="explicit" id="310" timestamp="2020-05-10T03:10:14.259" intervalms="2236.571" />
<cycle-start id="311" type="global" contextid="0" timestamp="2020-05-10T03:10:14.259" intervalms="2236.347" />
<gc-start id="312" type="global" contextid="311" timestamp="2020-05-10T03:10:14.259">
  <mem-info id="313" free="15786776" total="58589184" percent="26">
    <mem type="nursery" free="3018720" total="19267584" percent="15">
      <mem type="allocate" free="3018720" total="13369344" percent="22" />
      <mem type="survivor" free="0" total="5898240" percent="0" />
    </mem>
    <mem type="tenure" free="12768056" total="39321600" percent="32">
      <mem type="soa" free="10801976" total="37355520" percent="28" />
      <mem type="loa" free="1966080" total="1966080" percent="100" />
    </mem>
    <remembered-set count="14454" />
  </mem-info>
</gc-start>
<allocation-stats totalBytes="8521968" >
  <allocated-bytes non-tlh="206248" tlh="8315720" />
  <largest-consumer threadName="P=212776:O=0:CT" threadId="0000000002623A00" bytes="8237432" />
</allocation-stats>
<gc-op id="314" type="mark" timems="13.292" contextid="311" timestamp="2020-05-10T03:10:14.273">
  <trace-info objectcount="674032" scancount="562337" scanbytes="17169628" />
  <finalization candidates="1025" enqueued="376" />
  <ownableSynchronizers candidates="789" cleared="3" />
  <references type="soft" candidates="5558" cleared="0" enqueued="0" dynamicThreshold="17" maxThreshold="32" />
  <references type="weak" candidates="17804" cleared="612" enqueued="600" />
  <references type="phantom" candidates="9" cleared="0" enqueued="0" />
  <stringconstants candidates="44446" cleared="173"  />
</gc-op>
<gc-op id="315" type="classunload" timems="0.021" contextid="311" timestamp="2020-05-10T03:10:14.274">
  <classunload-info classloadercandidates="276" classloadersunloaded="0" classesunloaded="0" anonymousclassesunloaded="0" quiescems="0.000" setupms="0.012" scanms="0.004" postms="0.005" />
</gc-op>
<gc-op id="316" type="sweep" timems="1.208" contextid="311" timestamp="2020-05-10T03:10:14.275" />
<mem-info id="317" free="22764432" total="58589184" percent="38">
  <mem type="nursery" free="9283264" total="19267584" percent="48">
    <mem type="allocate" free="9283264" total="13369344" percent="69" />
    <mem type="survivor" free="0" total="5898240" percent="0" />
  </mem>
  <mem type="tenure" free="13481168" total="39321600" percent="34" micro-fragmented="295252" macro-fragmented="0">
    <mem type="soa" free="11515088" total="37355520" percent="30" />
    <mem type="loa" free="1966080" total="1966080" percent="100" />
  </mem>
  <pending-finalizers system="376" default="0" reference="600" classloader="0" />
  <remembered-set count="14038" />
</mem-info>
<gc-op id="318" type="compact" timems="60.999" contextid="311" timestamp="2020-05-10T03:10:14.337">
  <compact-info movecount="667450" movebytes="28282840" reason="compact on aggressive collection" />
</gc-op>
<gc-end id="319" type="global" contextid="311" durationms="78.073" usertimems="311.625" systemtimems="11.346" timestamp="2020-05-10T03:10:14.337" activeThreads="8">
  <mem-info id="320" free="24162312" total="58589184" percent="41">
    <mem type="nursery" free="10414616" total="19267584" percent="54">
      <mem type="allocate" free="10414616" total="13369344" percent="77" />
      <mem type="survivor" free="0" total="5898240" percent="0" />
    </mem>
    <mem type="tenure" free="13747696" total="39321600" percent="34">
      <mem type="soa" free="11781616" total="37355520" percent="31" />
      <mem type="loa" free="1966080" total="1966080" percent="100" />
    </mem>
    <pending-finalizers system="376" default="0" reference="600" classloader="0" />
    <remembered-set count="14038" />
  </mem-info>
</gc-end>
<cycle-end id="321" type="global" contextid="311" timestamp="2020-05-10T03:10:14.338" />
<sys-end id="322" timestamp="2020-05-10T03:10:14.338" />
<exclusive-end id="323" timestamp="2020-05-10T03:10:14.339" durationms="80.401" />

<exclusive-start id="324" timestamp="2020-05-10T03:10:14.511" intervalms="252.856">
  <response-info timems="0.051" idlems="0.051" threads="0" lastid="0000000002623A00" lastname="P=212776:O=0:CT" />
</exclusive-start>
<af-start id="325" threadId="0000000002624380" totalBytesRequested="8200" timestamp="2020-05-10T03:10:14.512" intervalms="509.904" type="nursery" />
<cycle-start id="326" type="scavenge" contextid="0" timestamp="2020-05-10T03:10:14.513" intervalms="510.037" />
<gc-start id="327" type="scavenge" contextid="326" timestamp="2020-05-10T03:10:14.513">
  <mem-info id="328" free="13706992" total="58589184" percent="23">
    <mem type="nursery" free="0" total="19267584" percent="0">
      <mem type="allocate" free="0" total="13369344" percent="0" />
      <mem type="survivor" free="0" total="5898240" percent="0" />
    </mem>
    <mem type="tenure" free="13706992" total="39321600" percent="34">
      <mem type="soa" free="11740912" total="37355520" percent="31" />
      <mem type="loa" free="1966080" total="1966080" percent="100" />
    </mem>
    <remembered-set count="14606" />
  </mem-info>
</gc-start>
<allocation-stats totalBytes="10217760" >
  <allocated-bytes non-tlh="39944" tlh="10177816" />
  <largest-consumer threadName="P=212776:O=0:CT" threadId="0000000002623A00" bytes="10170008" />
</allocation-stats>
<gc-op id="329" type="scavenge" timems="4.728" contextid="326" timestamp="2020-05-10T03:10:14.519">
  <scavenger-info tenureage="8" tenuremask="7f00" tiltratio="69" />
  <memory-copied type="nursery" objects="79760" bytes="5191600" bytesdiscarded="370624" />
  <memory-copied type="tenure" objects="71" bytes="3336" bytesdiscarded="0" />
  <finalization candidates="1103" enqueued="850" />
  <ownableSynchronizers candidates="1510" cleared="1446" />
  <references type="soft" candidates="324" cleared="0" enqueued="0" dynamicThreshold="11" maxThreshold="32" />
  <references type="weak" candidates="641" cleared="71" enqueued="67" />
  <references type="phantom" candidates="3" cleared="0" enqueued="0" />
</gc-op>
<gc-end id="330" type="scavenge" contextid="326" durationms="5.941" usertimems="14.167" systemtimems="5.802" timestamp="2020-05-10T03:10:14.519" activeThreads="8">
  <mem-info id="331" free="19218536" total="58589184" percent="32">
    <mem type="nursery" free="5571536" total="19267584" percent="28">
      <mem type="allocate" free="5571536" total="11141120" percent="50" />
      <mem type="survivor" free="0" total="8126464" percent="0" />
    </mem>
    <mem type="tenure" free="13647000" total="39321600" percent="34">
      <mem type="soa" free="11680920" total="37355520" percent="31" />
      <mem type="loa" free="1966080" total="1966080" percent="100" />
    </mem>
    <pending-finalizers system="849" default="1" reference="67" classloader="0" />
    <remembered-set count="14136" />
  </mem-info>
</gc-end>
<cycle-end id="332" type="scavenge" contextid="326" timestamp="2020-05-10T03:10:14.520" />
<allocation-satisfied id="333" threadId="0000000002623A00" bytesRequested="8200" />
<af-end id="334" timestamp="2020-05-10T03:10:14.520" threadId="0000000002624380" success="true" from="nursery"/>
<exclusive-end id="335" timestamp="2020-05-10T03:10:14.521" durationms="9.427" />

<exclusive-start id="336" timestamp="2020-05-10T03:10:14.562" intervalms="50.496">
  <response-info timems="0.048" idlems="0.048" threads="0" lastid="0000000002623A00" lastname="P=212776:O=0:CT" />
</exclusive-start>
<af-start id="337" threadId="0000000002624380" totalBytesRequested="72" timestamp="2020-05-10T03:10:14.562" intervalms="50.284" type="nursery" />
<cycle-start id="338" type="scavenge" contextid="0" timestamp="2020-05-10T03:10:14.563" intervalms="50.158" />
<gc-start id="339" type="scavenge" contextid="338" timestamp="2020-05-10T03:10:14.563">
  <mem-info id="340" free="13647000" total="58589184" percent="23">
    <mem type="nursery" free="0" total="19267584" percent="0">
      <mem type="allocate" free="0" total="11141120" percent="0" />
      <mem type="survivor" free="0" total="8126464" percent="0" />
    </mem>
    <mem type="tenure" free="13647000" total="39321600" percent="34">
      <mem type="soa" free="11680920" total="37355520" percent="31" />
      <mem type="loa" free="1966080" total="1966080" percent="100" />
    </mem>
    <remembered-set count="14138" />
  </mem-info>
</gc-start>
<allocation-stats totalBytes="5569336" >
  <allocated-bytes non-tlh="8200" tlh="5561136" />
  <largest-consumer threadName="P=212776:O=0:CT" threadId="0000000002623A00" bytes="5561144" />
</allocation-stats>
<gc-op id="341" type="scavenge" timems="4.197" contextid="338" timestamp="2020-05-10T03:10:14.568">
  <scavenger-info tenureage="7" tenuremask="7f80" tiltratio="57" />
  <memory-copied type="nursery" objects="77742" bytes="3477320" bytesdiscarded="150824" />
  <memory-copied type="tenure" objects="110" bytes="3232" bytesdiscarded="0" />
  <finalization candidates="365" enqueued="117" />
  <ownableSynchronizers candidates="64" cleared="0" />
  <references type="soft" candidates="323" cleared="0" enqueued="0" dynamicThreshold="11" maxThreshold="32" />
  <references type="weak" candidates="566" cleared="0" enqueued="0" />
  <references type="phantom" candidates="3" cleared="0" enqueued="0" />
</gc-op>
<heap-resize id="342" type="expand" space="nursery" amount="1179648" count="1" timems="0.077" reason="excessive time being spent scavenging" timestamp="2020-05-10T03:10:14.569" />
<gc-end id="343" type="scavenge" contextid="338" durationms="5.947" usertimems="14.003" systemtimems="3.669" timestamp="2020-05-10T03:10:14.569" activeThreads="8">
  <mem-info id="344" free="22193432" total="59768832" percent="37">
    <mem type="nursery" free="8622776" total="20447232" percent="42">
      <mem type="allocate" free="8622776" total="12255232" percent="70" />
      <mem type="survivor" free="0" total="8192000" percent="0" />
    </mem>
    <mem type="tenure" free="13570656" total="39321600" percent="34">
      <mem type="soa" free="11604576" total="37355520" percent="31" />
      <mem type="loa" free="1966080" total="1966080" percent="100" />
    </mem>
    <pending-finalizers system="116" default="1" reference="0" classloader="0" />
    <remembered-set count="9101" />
  </mem-info>
</gc-end>
<cycle-end id="345" type="scavenge" contextid="338" timestamp="2020-05-10T03:10:14.570" />
<allocation-satisfied id="346" threadId="0000000002623A00" bytesRequested="72" />
<af-end id="347" timestamp="2020-05-10T03:10:14.570" threadId="0000000002624380" success="true" from="nursery"/>
<exclusive-end id="348" timestamp="2020-05-10T03:10:14.570" durationms="8.834" />

<exclusive-start id="349" timestamp="2020-05-10T03:10:14.618" intervalms="56.749">
  <response-info timems="0.045" idlems="0.045" threads="0" lastid="0000000002623A00" lastname="P=212776:O=0:CT" />
</exclusive-start>
<af-start id="350" threadId="0000000002624380" totalBytesRequested="72" timestamp="2020-05-10T03:10:14.619" intervalms="56.730" type="nursery" />
<cycle-start id="351" type="scavenge" contextid="0" timestamp="2020-05-10T03:10:14.619" intervalms="56.738" />
<gc-start id="352" type="scavenge" contextid="351" timestamp="2020-05-10T03:10:14.620">
  <mem-info id="353" free="13570656" total="59768832" percent="22">
    <mem type="nursery" free="0" total="20447232" percent="0">
      <mem type="allocate" free="0" total="12255232" percent="0" />
      <mem type="survivor" free="0" total="8192000" percent="0" />
    </mem>
    <mem type="tenure" free="13570656" total="39321600" percent="34">
      <mem type="soa" free="11604576" total="37355520" percent="31" />
      <mem type="loa" free="1966080" total="1966080" percent="100" />
    </mem>
    <remembered-set count="9101" />
  </mem-info>
</gc-start>
<allocation-stats totalBytes="8620544" >
  <allocated-bytes non-tlh="72" tlh="8620472" />
  <largest-consumer threadName="P=212776:O=0:CT" threadId="0000000002623A00" bytes="8612352" />
</allocation-stats>
<gc-op id="354" type="scavenge" timems="3.733" contextid="351" timestamp="2020-05-10T03:10:14.625">
  <scavenger-info tenureage="3" tenuremask="7f88" tiltratio="59" />
  <memory-copied type="nursery" objects="28579" bytes="1098560" bytesdiscarded="534240" />
  <memory-copied type="tenure" objects="41170" bytes="1776416" bytesdiscarded="488" />
  <finalization candidates="248" enqueued="0" />
  <ownableSynchronizers candidates="64" cleared="0" />
  <references type="soft" candidates="116" cleared="0" enqueued="0" dynamicThreshold="11" maxThreshold="32" />
  <references type="weak" candidates="168" cleared="0" enqueued="0" />
</gc-op>
<heap-resize id="355" type="expand" space="nursery" amount="786432" count="1" timems="0.063" reason="excessive time being spent scavenging" timestamp="2020-05-10T03:10:14.625" />
<gc-end id="356" type="scavenge" contextid="351" durationms="5.470" usertimems="13.821" systemtimems="2.360" timestamp="2020-05-10T03:10:14.625" activeThreads="8">
  <mem-info id="357" free="23954816" total="60555264" percent="39">
    <mem type="nursery" free="12390904" total="21233664" percent="58">
      <mem type="allocate" free="12390904" total="14024704" percent="88" />
      <mem type="survivor" free="0" total="7208960" percent="0" />
    </mem>
    <mem type="tenure" free="11563912" total="39321600" percent="29">
      <mem type="soa" free="9597832" total="37355520" percent="25" />
      <mem type="loa" free="1966080" total="1966080" percent="100" />
    </mem>
    <remembered-set count="1197" />
  </mem-info>
</gc-end>
<cycle-end id="358" type="scavenge" contextid="351" timestamp="2020-05-10T03:10:14.626" />
<allocation-satisfied id="359" threadId="0000000002623A00" bytesRequested="72" />
<af-end id="360" timestamp="2020-05-10T03:10:14.627" threadId="0000000002624380" success="true" from="nursery"/>
<exclusive-end id="361" timestamp="2020-05-10T03:10:14.627" durationms="8.449" />

<exclusive-start id="362" timestamp="2020-05-10T03:10:14.677" intervalms="58.197">
  <response-info timems="0.044" idlems="0.044" threads="0" lastid="0000000002623A00" lastname="P=212776:O=0:CT" />
</exclusive-start>
<af-start id="363" threadId="0000000002624380" totalBytesRequested="72" timestamp="2020-05-10T03:10:14.677" intervalms="58.278" type="nursery" />
<cycle-start id="364" type="scavenge" contextid="0" timestamp="2020-05-10T03:10:14.678" intervalms="58.296" />
<gc-start id="365" type="scavenge" contextid="364" timestamp="2020-05-10T03:10:14.678">
  <mem-info id="366" free="11563912" total="60555264" percent="19">
    <mem type="nursery" free="0" total="21233664" percent="0">
      <mem type="allocate" free="0" total="14024704" percent="0" />
      <mem type="survivor" free="0" total="7208960" percent="0" />
    </mem>
    <mem type="tenure" free="11563912" total="39321600" percent="29">
      <mem type="soa" free="9597832" total="37355520" percent="25" />
      <mem type="loa" free="1966080" total="1966080" percent="100" />
    </mem>
    <remembered-set count="1197" />
  </mem-info>
</gc-start>
<allocation-stats totalBytes="12387792" >
  <allocated-bytes non-tlh="72" tlh="12387720" />
  <largest-consumer threadName="P=212776:O=0:CT" threadId="0000000002623A00" bytes="12387792" />
</allocation-stats>
<gc-op id="367" type="scavenge" timems="2.913" contextid="364" timestamp="2020-05-10T03:10:14.682">
  <scavenger-info tenureage="5" tenuremask="ffe0" tiltratio="66" />
  <memory-copied type="nursery" objects="28144" bytes="1077936" bytesdiscarded="130928" />
  <memory-copied type="tenure" objects="438" bytes="20704" bytesdiscarded="0" />
  <finalization candidates="10" enqueued="0" />
  <ownableSynchronizers candidates="27" cleared="0" />
  <references type="soft" candidates="112" cleared="0" enqueued="0" dynamicThreshold="11" maxThreshold="32" />
  <references type="weak" candidates="167" cleared="0" enqueued="0" />
</gc-op>
<gc-end id="368" type="scavenge" contextid="364" durationms="4.119" usertimems="6.811" systemtimems="2.007" timestamp="2020-05-10T03:10:14.683" activeThreads="8">
  <mem-info id="369" free="25796736" total="60555264" percent="42">
    <mem type="nursery" free="14256632" total="21233664" percent="67">
      <mem type="allocate" free="14256632" total="15466496" percent="92" />
      <mem type="survivor" free="0" total="5767168" percent="0" />
    </mem>
    <mem type="tenure" free="11540104" total="39321600" percent="29">
      <mem type="soa" free="9574024" total="37355520" percent="25" />
      <mem type="loa" free="1966080" total="1966080" percent="100" />
    </mem>
    <remembered-set count="1170" />
  </mem-info>
</gc-end>
<cycle-end id="370" type="scavenge" contextid="364" timestamp="2020-05-10T03:10:14.683" />
<allocation-satisfied id="371" threadId="0000000002623A00" bytesRequested="72" />
<af-end id="372" timestamp="2020-05-10T03:10:14.684" threadId="0000000002624380" success="true" from="nursery"/>
<exclusive-end id="373" timestamp="2020-05-10T03:10:14.684" durationms="7.475" />

<exclusive-start id="374" timestamp="2020-05-10T03:10:14.750" intervalms="73.488">
  <response-info timems="0.135" idlems="0.135" threads="0" lastid="0000000002623A00" lastname="P=212776:O=0:CT" />
</exclusive-start>
<af-start id="375" threadId="0000000002624380" totalBytesRequested="72" timestamp="2020-05-10T03:10:14.751" intervalms="73.400" type="nursery" />
<cycle-start id="376" type="scavenge" contextid="0" timestamp="2020-05-10T03:10:14.751" intervalms="73.515" />
<gc-start id="377" type="scavenge" contextid="376" timestamp="2020-05-10T03:10:14.752">
  <mem-info id="378" free="11532104" total="60555264" percent="19">
    <mem type="nursery" free="0" total="21233664" percent="0">
      <mem type="allocate" free="0" total="15466496" percent="0" />
      <mem type="survivor" free="0" total="5767168" percent="0" />
    </mem>
    <mem type="tenure" free="11532104" total="39321600" percent="29">
      <mem type="soa" free="9566024" total="37355520" percent="25" />
      <mem type="loa" free="1966080" total="1966080" percent="100" />
    </mem>
    <remembered-set count="1302" />
  </mem-info>
</gc-start>
<allocation-stats totalBytes="14260992" >
  <allocated-bytes non-tlh="8072" tlh="14252920" />
  <largest-consumer threadName="P=212776:O=0:CT" threadId="0000000002623A00" bytes="14260992" />
</allocation-stats>
<gc-op id="379" type="scavenge" timems="3.029" contextid="376" timestamp="2020-05-10T03:10:14.756">
  <scavenger-info tenureage="3" tenuremask="ff38" tiltratio="72" />
  <memory-copied type="nursery" objects="602" bytes="22688" bytesdiscarded="142368" />
  <memory-copied type="tenure" objects="28120" bytes="1077208" bytesdiscarded="1576" />
  <finalization candidates="15" enqueued="2" />
  <ownableSynchronizers candidates="27" cleared="0" />
  <references type="soft" candidates="18" cleared="0" enqueued="0" dynamicThreshold="11" maxThreshold="32" />
  <references type="weak" candidates="108" cleared="32" enqueued="17" />
</gc-op>
<gc-end id="380" type="scavenge" contextid="376" durationms="4.512" usertimems="6.951" systemtimems="3.360" timestamp="2020-05-10T03:10:14.756" activeThreads="8">
  <mem-info id="381" free="26779168" total="60555264" percent="44">
    <mem type="nursery" free="16153344" total="21233664" percent="76">
      <mem type="allocate" free="16153344" total="16318464" percent="98" />
      <mem type="survivor" free="0" total="4915200" percent="0" />
    </mem>
    <mem type="tenure" free="10625824" total="39321600" percent="27">
      <mem type="soa" free="8659744" total="37355520" percent="23" />
      <mem type="loa" free="1966080" total="1966080" percent="100" />
    </mem>
    <pending-finalizers system="0" default="2" reference="17" classloader="0" />
    <remembered-set count="375" />
  </mem-info>
</gc-end>
<cycle-end id="382" type="scavenge" contextid="376" timestamp="2020-05-10T03:10:14.757" />
<allocation-satisfied id="383" threadId="0000000002623A00" bytesRequested="72" />
<af-end id="384" timestamp="2020-05-10T03:10:14.758" threadId="0000000002624380" success="true" from="nursery"/>
<exclusive-end id="385" timestamp="2020-05-10T03:10:14.758" durationms="7.800" />

<exclusive-start id="386" timestamp="2020-05-10T03:10:14.825" intervalms="74.552">
  <response-info timems="0.046" idlems="0.046" threads="0" lastid="0000000002623A00" lastname="P=212776:O=0:CT" />
</exclusive-start>
<af-start id="387" threadId="0000000002624380" totalBytesRequested="72" timestamp="2020-05-10T03:10:14.825" intervalms="74.498" type="nursery" />
<cycle-start id="388" type="scavenge" contextid="0" timestamp="2020-05-10T03:10:14.826" intervalms="74.507" />
<gc-start id="389" type="scavenge" contextid="388" timestamp="2020-05-10T03:10:14.826">
  <mem-info id="390" free="10625824" total="60555264" percent="17">
    <mem type="nursery" free="0" total="21233664" percent="0">
      <mem type="allocate" free="0" total="16318464" percent="0" />
      <mem type="survivor" free="0" total="4915200" percent="0" />
    </mem>
    <mem type="tenure" free="10625824" total="39321600" percent="27">
      <mem type="soa" free="8659744" total="37355520" percent="23" />
      <mem type="loa" free="1966080" total="1966080" percent="100" />
    </mem>
    <remembered-set count="376" />
  </mem-info>
</gc-start>
<allocation-stats totalBytes="16148760" >
  <allocated-bytes non-tlh="72" tlh="16148688" />
  <largest-consumer threadName="P=212776:O=0:CT" threadId="0000000002623A00" bytes="16136928" />
</allocation-stats>
<gc-op id="391" type="scavenge" timems="1.711" contextid="388" timestamp="2020-05-10T03:10:14.829">
  <scavenger-info tenureage="3" tenuremask="ffc8" tiltratio="76" />
  <memory-copied type="nursery" objects="595" bytes="26848" bytesdiscarded="44512" />
  <finalization candidates="3" enqueued="0" />
  <references type="soft" candidates="18" cleared="0" enqueued="0" dynamicThreshold="11" maxThreshold="32" />
  <references type="weak" candidates="76" cleared="0" enqueued="0" />
</gc-op>
<gc-end id="392" type="scavenge" contextid="388" durationms="3.127" usertimems="3.174" systemtimems="1.327" timestamp="2020-05-10T03:10:14.829" activeThreads="8">
  <mem-info id="393" free="27855904" total="60555264" percent="46">
    <mem type="nursery" free="17230080" total="21233664" percent="81">
      <mem type="allocate" free="17230080" total="17301504" percent="99" />
      <mem type="survivor" free="0" total="3932160" percent="0" />
    </mem>
    <mem type="tenure" free="10625824" total="39321600" percent="27">
      <mem type="soa" free="8659744" total="37355520" percent="23" />
      <mem type="loa" free="1966080" total="1966080" percent="100" />
    </mem>
    <remembered-set count="375" />
  </mem-info>
</gc-end>
<cycle-end id="394" type="scavenge" contextid="388" timestamp="2020-05-10T03:10:14.830" />
<allocation-satisfied id="395" threadId="0000000002623A00" bytesRequested="72" />
<af-end id="396" timestamp="2020-05-10T03:10:14.831" threadId="0000000002624380" success="true" from="nursery"/>
<exclusive-end id="397" timestamp="2020-05-10T03:10:14.831" durationms="6.275" />

<exclusive-start id="398" timestamp="2020-05-10T03:10:14.898" intervalms="73.370">
  <response-info timems="0.088" idlems="0.088" threads="0" lastid="0000000002623A00" lastname="P=212776:O=0:CT" />
</exclusive-start>
<af-start id="399" threadId="0000000002624380" totalBytesRequested="72" timestamp="2020-05-10T03:10:14.898" intervalms="73.345" type="nursery" />
<cycle-start id="400" type="scavenge" contextid="0" timestamp="2020-05-10T03:10:14.899" intervalms="73.265" />
<gc-start id="401" type="scavenge" contextid="400" timestamp="2020-05-10T03:10:14.899">
  <mem-info id="402" free="10625824" total="60555264" percent="17">
    <mem type="nursery" free="0" total="21233664" percent="0">
      <mem type="allocate" free="0" total="17301504" percent="0" />
      <mem type="survivor" free="0" total="3932160" percent="0" />
    </mem>
    <mem type="tenure" free="10625824" total="39321600" percent="27">
      <mem type="soa" free="8659744" total="37355520" percent="23" />
      <mem type="loa" free="1966080" total="1966080" percent="100" />
    </mem>
    <remembered-set count="375" />
  </mem-info>
</gc-start>
<allocation-stats totalBytes="17225808" >
  <allocated-bytes non-tlh="72" tlh="17225736" />
  <largest-consumer threadName="P=212776:O=0:CT" threadId="0000000002623A00" bytes="17225808" />
</allocation-stats>
<gc-op id="403" type="scavenge" timems="1.918" contextid="400" timestamp="2020-05-10T03:10:14.902">
  <scavenger-info tenureage="3" tenuremask="fff8" tiltratio="81" />
  <memory-copied type="nursery" objects="596" bytes="26880" bytesdiscarded="44480" />
  <finalization candidates="3" enqueued="0" />
  <references type="soft" candidates="18" cleared="0" enqueued="0" dynamicThreshold="11" maxThreshold="32" />
  <references type="weak" candidates="76" cleared="0" enqueued="0" />
</gc-op>
<gc-end id="404" type="scavenge" contextid="400" durationms="3.450" usertimems="1.684" systemtimems="3.670" timestamp="2020-05-10T03:10:14.903" activeThreads="8">
  <mem-info id="405" free="28642336" total="60555264" percent="47">
    <mem type="nursery" free="18016512" total="21233664" percent="84">
      <mem type="allocate" free="18016512" total="18087936" percent="99" />
      <mem type="survivor" free="0" total="3145728" percent="0" />
    </mem>
    <mem type="tenure" free="10625824" total="39321600" percent="27">
      <mem type="soa" free="8659744" total="37355520" percent="23" />
      <mem type="loa" free="1966080" total="1966080" percent="100" />
    </mem>
    <remembered-set count="319" />
  </mem-info>
</gc-end>
<cycle-end id="406" type="scavenge" contextid="400" timestamp="2020-05-10T03:10:14.903" />
<allocation-satisfied id="407" threadId="0000000002623A00" bytesRequested="72" />
<af-end id="408" timestamp="2020-05-10T03:10:14.904" threadId="0000000002624380" success="true" from="nursery"/>
<exclusive-end id="409" timestamp="2020-05-10T03:10:14.904" durationms="6.328" />

<exclusive-start id="410" timestamp="2020-05-10T03:10:14.977" intervalms="79.231">
  <response-info timems="0.045" idlems="0.045" threads="0" lastid="0000000002623A00" lastname="P=212776:O=0:CT" />
</exclusive-start>
<af-start id="411" threadId="0000000002624380" totalBytesRequested="24" timestamp="2020-05-10T03:10:14.978" intervalms="79.256" type="nursery" />
<cycle-start id="412" type="scavenge" contextid="0" timestamp="2020-05-10T03:10:14.978" intervalms="79.279" />
<gc-start id="413" type="scavenge" contextid="412" timestamp="2020-05-10T03:10:14.979">
  <mem-info id="414" free="10625656" total="60555264" percent="17">
    <mem type="nursery" free="0" total="21233664" percent="0">
      <mem type="allocate" free="0" total="18087936" percent="0" />
      <mem type="survivor" free="0" total="3145728" percent="0" />
    </mem>
    <mem type="tenure" free="10625656" total="39321600" percent="27">
      <mem type="soa" free="8659576" total="37355520" percent="23" />
      <mem type="loa" free="1966080" total="1966080" percent="100" />
    </mem>
    <remembered-set count="331" />
  </mem-info>
</gc-start>
<allocation-stats totalBytes="18012176" >
  <allocated-bytes non-tlh="240" tlh="18011936" />
  <largest-consumer threadName="P=212776:O=0:CT" threadId="0000000002623A00" bytes="18012176" />
</allocation-stats>
<gc-op id="415" type="scavenge" timems="1.738" contextid="412" timestamp="2020-05-10T03:10:14.982">
  <scavenger-info tenureage="3" tenuremask="fff8" tiltratio="85" />
  <memory-copied type="nursery" objects="86" bytes="7832" bytesdiscarded="63584" />
  <memory-copied type="tenure" objects="566" bytes="21560" bytesdiscarded="56" />
  <finalization candidates="7" enqueued="4" />
  <references type="soft" candidates="1" cleared="0" enqueued="0" dynamicThreshold="11" maxThreshold="32" />
</gc-op>
<gc-end id="416" type="scavenge" contextid="412" durationms="3.172" usertimems="3.800" systemtimems="1.047" timestamp="2020-05-10T03:10:14.982" activeThreads="8">
  <mem-info id="417" free="29208184" total="60555264" percent="48">
    <mem type="nursery" free="18606336" total="21233664" percent="87">
      <mem type="allocate" free="18606336" total="18677760" percent="99" />
      <mem type="survivor" free="0" total="2555904" percent="0" />
    </mem>
    <mem type="tenure" free="10601848" total="39321600" percent="26">
      <mem type="soa" free="8635768" total="37355520" percent="23" />
      <mem type="loa" free="1966080" total="1966080" percent="100" />
    </mem>
    <pending-finalizers system="1" default="3" reference="0" classloader="0" />
    <remembered-set count="252" />
  </mem-info>
</gc-end>
<cycle-end id="418" type="scavenge" contextid="412" timestamp="2020-05-10T03:10:14.983" />
<allocation-satisfied id="419" threadId="0000000002623A00" bytesRequested="24" />
<af-end id="420" timestamp="2020-05-10T03:10:14.984" threadId="0000000002624380" success="true" from="nursery"/>
<exclusive-end id="421" timestamp="2020-05-10T03:10:14.984" durationms="6.678" />

<exclusive-start id="422" timestamp="2020-05-10T03:10:15.056" intervalms="79.177">
  <response-info timems="0.149" idlems="0.149" threads="0" lastid="0000000002623A00" lastname="P=212776:O=0:CT" />
</exclusive-start>
<af-start id="423" threadId="0000000002624380" totalBytesRequested="72" timestamp="2020-05-10T03:10:15.057" intervalms="79.281" type="nursery" />
<cycle-start id="424" type="scavenge" contextid="0" timestamp="2020-05-10T03:10:15.058" intervalms="79.154" />
<gc-start id="425" type="scavenge" contextid="424" timestamp="2020-05-10T03:10:15.058">
  <mem-info id="426" free="10601848" total="60555264" percent="17">
    <mem type="nursery" free="0" total="21233664" percent="0">
      <mem type="allocate" free="0" total="18677760" percent="0" />
      <mem type="survivor" free="0" total="2555904" percent="0" />
    </mem>
    <mem type="tenure" free="10601848" total="39321600" percent="26">
      <mem type="soa" free="8635768" total="37355520" percent="23" />
      <mem type="loa" free="1966080" total="1966080" percent="100" />
    </mem>
    <remembered-set count="252" />
  </mem-info>
</gc-start>
<allocation-stats totalBytes="18601704" >
  <allocated-bytes non-tlh="24" tlh="18601680" />
  <largest-consumer threadName="P=212776:O=0:CT" threadId="0000000002623A00" bytes="18601704" />
</allocation-stats>
<gc-op id="427" type="scavenge" timems="1.725" contextid="424" timestamp="2020-05-10T03:10:15.061">
  <scavenger-info tenureage="3" tenuremask="ffe8" tiltratio="87" />
  <memory-copied type="nursery" objects="71" bytes="3024" bytesdiscarded="59952" />
  <memory-copied type="tenure" objects="9" bytes="4680" bytesdiscarded="0" />
  <finalization candidates="1" enqueued="0" />
  <references type="soft" candidates="1" cleared="0" enqueued="0" dynamicThreshold="11" maxThreshold="32" />
</gc-op>
<gc-end id="428" type="scavenge" contextid="424" durationms="2.890" usertimems="3.927" systemtimems="0.525" timestamp="2020-05-10T03:10:15.061" activeThreads="8">
  <mem-info id="429" free="29609848" total="60555264" percent="48">
    <mem type="nursery" free="19008000" total="21233664" percent="89">
      <mem type="allocate" free="19008000" total="19070976" percent="99" />
      <mem type="survivor" free="0" total="2162688" percent="0" />
    </mem>
    <mem type="tenure" free="10601848" total="39321600" percent="26">
      <mem type="soa" free="8635768" total="37355520" percent="23" />
      <mem type="loa" free="1966080" total="1966080" percent="100" />
    </mem>
    <remembered-set count="241" />
  </mem-info>
</gc-end>
<cycle-end id="430" type="scavenge" contextid="424" timestamp="2020-05-10T03:10:15.062" />
<allocation-satisfied id="431" threadId="0000000002623A00" bytesRequested="72" />
<af-end id="432" timestamp="2020-05-10T03:10:15.062" threadId="0000000002624380" success="true" from="nursery"/>
<exclusive-end id="433" timestamp="2020-05-10T03:10:15.062" durationms="6.029" />

<exclusive-start id="434" timestamp="2020-05-10T03:10:16.372" intervalms="1315.474">
  <response-info timems="0.114" idlems="0.114" threads="0" lastid="0000000002623A00" lastname="P=212776:O=0:CT" />
</exclusive-start>
<af-start id="435" threadId="0000000002624380" totalBytesRequested="8584" timestamp="2020-05-10T03:10:16.372" intervalms="1315.217" type="nursery" />
<cycle-start id="436" type="scavenge" contextid="0" timestamp="2020-05-10T03:10:16.373" intervalms="1315.140" />
<gc-start id="437" type="scavenge" contextid="436" timestamp="2020-05-10T03:10:16.373">
  <mem-info id="438" free="10484512" total="60555264" percent="17">
    <mem type="nursery" free="0" total="21233664" percent="0">
      <mem type="allocate" free="0" total="19070976" percent="0" />
      <mem type="survivor" free="0" total="2162688" percent="0" />
    </mem>
    <mem type="tenure" free="10484512" total="39321600" percent="26">
      <mem type="soa" free="8518432" total="37355520" percent="22" />
      <mem type="loa" free="1966080" total="1966080" percent="100" />
    </mem>
    <remembered-set count="2021" />
  </mem-info>
</gc-start>
<allocation-stats totalBytes="19103432" >
  <allocated-bytes non-tlh="117408" tlh="18986024" />
  <largest-consumer threadName="P=212776:O=0:CT" threadId="0000000002623A00" bytes="18722184" />
</allocation-stats>
<gc-op id="439" type="scavenge" timems="2.111" contextid="436" timestamp="2020-05-10T03:10:16.376">
  <scavenger-info tenureage="3" tenuremask="ffe8" tiltratio="89" />
  <memory-copied type="nursery" objects="10909" bytes="719728" bytesdiscarded="123008" />
  <finalization candidates="107" enqueued="61" />
  <ownableSynchronizers candidates="3" cleared="0" />
  <references type="soft" candidates="52" cleared="0" enqueued="0" dynamicThreshold="11" maxThreshold="32" />
  <references type="weak" candidates="137" cleared="122" enqueued="121" />
</gc-op>
<gc-end id="440" type="scavenge" contextid="436" durationms="3.047" usertimems="4.235" systemtimems="1.684" timestamp="2020-05-10T03:10:16.376" activeThreads="8">
  <mem-info id="441" free="28711992" total="60555264" percent="47">
    <mem type="nursery" free="18227480" total="21233664" percent="85">
      <mem type="allocate" free="18227480" total="19070976" percent="95" />
      <mem type="survivor" free="0" total="2162688" percent="0" />
    </mem>
    <mem type="tenure" free="10484512" total="39321600" percent="26">
      <mem type="soa" free="8518432" total="37355520" percent="22" />
      <mem type="loa" free="1966080" total="1966080" percent="100" />
    </mem>
    <pending-finalizers system="58" default="3" reference="121" classloader="0" />
    <remembered-set count="1775" />
  </mem-info>
</gc-end>
<cycle-end id="442" type="scavenge" contextid="436" timestamp="2020-05-10T03:10:16.376" />
<allocation-satisfied id="443" threadId="0000000002623A00" bytesRequested="8584" />
<af-end id="444" timestamp="2020-05-10T03:10:16.377" threadId="0000000002624380" success="true" from="nursery"/>
<exclusive-end id="445" timestamp="2020-05-10T03:10:16.377" durationms="5.498" />

<exclusive-start id="446" timestamp="2020-05-10T03:10:17.089" intervalms="717.250">
  <response-info timems="0.049" idlems="0.049" threads="0" lastid="0000000002623A00" lastname="P=212776:O=0:CT" />
</exclusive-start>
<af-start id="447" threadId="0000000002624380" totalBytesRequested="72" timestamp="2020-05-10T03:10:17.090" intervalms="717.359" type="nursery" />
<cycle-start id="448" type="scavenge" contextid="0" timestamp="2020-05-10T03:10:17.090" intervalms="717.480" />
<gc-start id="449" type="scavenge" contextid="448" timestamp="2020-05-10T03:10:17.091">
  <mem-info id="450" free="10480432" total="60555264" percent="17">
    <mem type="nursery" free="0" total="21233664" percent="0">
      <mem type="allocate" free="0" total="19070976" percent="0" />
      <mem type="survivor" free="0" total="2162688" percent="0" />
    </mem>
    <mem type="tenure" free="10480432" total="39321600" percent="26">
      <mem type="soa" free="8514352" total="37355520" percent="22" />
      <mem type="loa" free="1966080" total="1966080" percent="100" />
    </mem>
    <remembered-set count="1922" />
  </mem-info>
</gc-start>
<allocation-stats totalBytes="18223376" >
  <allocated-bytes non-tlh="12664" tlh="18210712" />
  <largest-consumer threadName="P=212776:O=0:CT" threadId="0000000002623A00" bytes="17966752" />
</allocation-stats>
<gc-op id="451" type="scavenge" timems="2.659" contextid="448" timestamp="2020-05-10T03:10:17.094">
  <scavenger-info tenureage="4" tenuremask="fff0" tiltratio="89" />
  <memory-copied type="nursery" objects="12878" bytes="782352" bytesdiscarded="99480" />
  <finalization candidates="91" enqueued="49" />
  <ownableSynchronizers candidates="7" cleared="0" />
  <references type="soft" candidates="54" cleared="0" enqueued="0" dynamicThreshold="11" maxThreshold="32" />
  <references type="weak" candidates="23" cleared="6" enqueued="6" />
</gc-op>
<gc-end id="452" type="scavenge" contextid="448" durationms="3.947" usertimems="6.905" systemtimems="0.592" timestamp="2020-05-10T03:10:17.095" activeThreads="8">
  <mem-info id="453" free="28669080" total="60555264" percent="47">
    <mem type="nursery" free="18188648" total="21233664" percent="85">
      <mem type="allocate" free="18188648" total="19070976" percent="95" />
      <mem type="survivor" free="0" total="2162688" percent="0" />
    </mem>
    <mem type="tenure" free="10480432" total="39321600" percent="26">
      <mem type="soa" free="8514352" total="37355520" percent="22" />
      <mem type="loa" free="1966080" total="1966080" percent="100" />
    </mem>
    <pending-finalizers system="48" default="1" reference="6" classloader="0" />
    <remembered-set count="1820" />
  </mem-info>
</gc-end>
<cycle-end id="454" type="scavenge" contextid="448" timestamp="2020-05-10T03:10:17.095" />
<allocation-satisfied id="455" threadId="0000000002623A00" bytesRequested="72" />
<af-end id="456" timestamp="2020-05-10T03:10:17.096" threadId="0000000002624380" success="true" from="nursery"/>
<exclusive-end id="457" timestamp="2020-05-10T03:10:17.097" durationms="7.386" />

<exclusive-start id="458" timestamp="2020-05-10T03:10:17.928" intervalms="839.182">
  <response-info timems="0.107" idlems="0.107" threads="0" lastid="0000000002623A00" lastname="P=212776:O=0:CT" />
</exclusive-start>
<af-start id="459" threadId="0000000002624380" totalBytesRequested="16" timestamp="2020-05-10T03:10:17.929" intervalms="839.116" type="nursery" />
<cycle-start id="460" type="scavenge" contextid="0" timestamp="2020-05-10T03:10:17.929" intervalms="839.025" />
<gc-start id="461" type="scavenge" contextid="460" timestamp="2020-05-10T03:10:17.930">
  <mem-info id="462" free="10289864" total="60555264" percent="16">
    <mem type="nursery" free="0" total="21233664" percent="0">
      <mem type="allocate" free="0" total="19070976" percent="0" />
      <mem type="survivor" free="0" total="2162688" percent="0" />
    </mem>
    <mem type="tenure" free="10289864" total="39321600" percent="26">
      <mem type="soa" free="8323784" total="37355520" percent="22" />
      <mem type="loa" free="1966080" total="1966080" percent="100" />
    </mem>
    <remembered-set count="4161" />
  </mem-info>
</gc-start>
<allocation-stats totalBytes="18363472" >
  <allocated-bytes non-tlh="1277400" tlh="17086072" />
  <largest-consumer threadName="P=212776:O=0:CT" threadId="0000000002623A00" bytes="15820208" />
</allocation-stats>
<gc-op id="463" type="scavenge" timems="3.717" contextid="460" timestamp="2020-05-10T03:10:17.934">
  <scavenger-info tenureage="3" tenuremask="ffe8" tiltratio="89" />
  <memory-copied type="nursery" objects="27123" bytes="1426048" bytesdiscarded="195408" />
  <finalization candidates="132" enqueued="59" />
  <ownableSynchronizers candidates="38" cleared="4" />
  <references type="soft" candidates="418" cleared="0" enqueued="0" dynamicThreshold="11" maxThreshold="32" />
  <references type="weak" candidates="387" cleared="242" enqueued="228" />
  <references type="phantom" candidates="4" cleared="0" enqueued="0" />
</gc-op>
<gc-end id="464" type="scavenge" contextid="460" durationms="4.701" usertimems="8.764" systemtimems="2.277" timestamp="2020-05-10T03:10:17.934" activeThreads="8">
  <mem-info id="465" free="27671960" total="60555264" percent="45">
    <mem type="nursery" free="17382096" total="21233664" percent="81">
      <mem type="allocate" free="17382096" total="19005440" percent="91" />
      <mem type="survivor" free="0" total="2228224" percent="0" />
    </mem>
    <mem type="tenure" free="10289864" total="39321600" percent="26">
      <mem type="soa" free="8323784" total="37355520" percent="22" />
      <mem type="loa" free="1966080" total="1966080" percent="100" />
    </mem>
    <pending-finalizers system="58" default="1" reference="228" classloader="0" />
    <remembered-set count="2874" />
  </mem-info>
</gc-end>
<cycle-end id="466" type="scavenge" contextid="460" timestamp="2020-05-10T03:10:17.935" />
<allocation-satisfied id="467" threadId="0000000002623A00" bytesRequested="16" />
<af-end id="468" timestamp="2020-05-10T03:10:17.935" threadId="0000000002624380" success="true" from="nursery"/>
<exclusive-end id="469" timestamp="2020-05-10T03:10:17.936" durationms="7.620" />

<exclusive-start id="470" timestamp="2020-05-10T03:10:19.648" intervalms="1719.501">
  <response-info timems="0.056" idlems="0.056" threads="0" lastid="0000000002623A00" lastname="P=212776:O=0:CT" />
</exclusive-start>
<af-start id="471" threadId="0000000002624380" totalBytesRequested="24" timestamp="2020-05-10T03:10:19.648" intervalms="1719.605" type="nursery" />
<cycle-start id="472" type="scavenge" contextid="0" timestamp="2020-05-10T03:10:19.649" intervalms="1719.718" />
<gc-start id="473" type="scavenge" contextid="472" timestamp="2020-05-10T03:10:19.649">
  <mem-info id="474" free="10097000" total="60555264" percent="16">
    <mem type="nursery" free="0" total="21233664" percent="0">
      <mem type="allocate" free="0" total="19005440" percent="0" />
      <mem type="survivor" free="0" total="2228224" percent="0" />
    </mem>
    <mem type="tenure" free="10097000" total="39321600" percent="25">
      <mem type="soa" free="8130920" total="37355520" percent="21" />
      <mem type="loa" free="1966080" total="1966080" percent="100" />
    </mem>
    <remembered-set count="5235" />
  </mem-info>
</gc-start>
<allocation-stats totalBytes="17558512" >
  <allocated-bytes non-tlh="260624" tlh="17297888" />
  <largest-consumer threadName="P=212776:O=0:CT" threadId="0000000002623A00" bytes="12979392" />
</allocation-stats>
<gc-op id="475" type="scavenge" timems="5.951" contextid="472" timestamp="2020-05-10T03:10:19.656">
  <scavenger-info tenureage="4" tenuremask="fff0" tiltratio="89" />
  <memory-copied type="nursery" objects="46823" bytes="2095040" bytesdiscarded="130488" />
  <memory-copied type="tenure" objects="4637" bytes="284648" bytesdiscarded="288" />
  <copy-failed type="nursery" objects="4628" bytes="284304" />
  <finalization candidates="153" enqueued="56" />
  <ownableSynchronizers candidates="607" cleared="0" />
  <references type="soft" candidates="738" cleared="0" enqueued="0" dynamicThreshold="11" maxThreshold="32" />
  <references type="weak" candidates="620" cleared="288" enqueued="287" />
  <references type="phantom" candidates="4" cleared="0" enqueued="0" />
</gc-op>
<gc-end id="476" type="scavenge" contextid="472" durationms="7.248" usertimems="14.213" systemtimems="1.894" timestamp="2020-05-10T03:10:19.657" activeThreads="8">
  <mem-info id="477" free="25123016" total="60555264" percent="41">
    <mem type="nursery" free="15269888" total="21233664" percent="71">
      <mem type="allocate" free="15269888" total="17498112" percent="87" />
      <mem type="survivor" free="0" total="3735552" percent="0" />
    </mem>
    <mem type="tenure" free="9853128" total="39321600" percent="25">
      <mem type="soa" free="7887048" total="37355520" percent="21" />
      <mem type="loa" free="1966080" total="1966080" percent="100" />
    </mem>
    <pending-finalizers system="54" default="2" reference="287" classloader="0" />
    <remembered-set count="5696" />
  </mem-info>
</gc-end>
<cycle-end id="478" type="scavenge" contextid="472" timestamp="2020-05-10T03:10:19.657" />
<allocation-satisfied id="479" threadId="0000000002623A00" bytesRequested="24" />
<af-end id="480" timestamp="2020-05-10T03:10:19.658" threadId="0000000002624380" success="true" from="nursery"/>
<exclusive-end id="481" timestamp="2020-05-10T03:10:19.658" durationms="10.540" />

<exclusive-start id="482" timestamp="2020-05-10T03:10:19.905" intervalms="257.424">
  <response-info timems="0.055" idlems="0.055" threads="0" lastid="0000000002623A00" lastname="P=212776:O=0:CT" />
</exclusive-start>
<af-start id="483" threadId="0000000002624380" totalBytesRequested="37672" timestamp="2020-05-10T03:10:19.906" intervalms="257.326" type="nursery" />
<cycle-start id="484" type="scavenge" contextid="0" timestamp="2020-05-10T03:10:19.906" intervalms="257.203" />
<gc-start id="485" type="scavenge" contextid="484" timestamp="2020-05-10T03:10:19.906">
  <mem-info id="486" free="9704744" total="60555264" percent="16">
    <mem type="nursery" free="0" total="21233664" percent="0">
      <mem type="allocate" free="0" total="17498112" percent="0" />
      <mem type="survivor" free="0" total="3735552" percent="0" />
    </mem>
    <mem type="tenure" free="9704744" total="39321600" percent="24">
      <mem type="soa" free="7738664" total="37355520" percent="20" />
      <mem type="loa" free="1966080" total="1966080" percent="100" />
    </mem>
    <remembered-set count="7125" />
  </mem-info>
</gc-start>
<allocation-stats totalBytes="14146488" >
  <allocated-bytes non-tlh="148408" tlh="13998080" />
  <largest-consumer threadName="P=212776:O=0:CT" threadId="0000000002623A00" bytes="12889440" />
</allocation-stats>
<gc-op id="487" type="scavenge" timems="3.512" contextid="484" timestamp="2020-05-10T03:10:19.910">
  <scavenger-info tenureage="3" tenuremask="ffb8" tiltratio="82" />
  <memory-copied type="nursery" objects="41375" bytes="1888768" bytesdiscarded="128616" />
  <memory-copied type="tenure" objects="9570" bytes="457608" bytesdiscarded="960" />
  <finalization candidates="152" enqueued="40" />
  <ownableSynchronizers candidates="616" cleared="1" />
  <references type="soft" candidates="739" cleared="0" enqueued="0" dynamicThreshold="11" maxThreshold="32" />
  <references type="weak" candidates="499" cleared="132" enqueued="131" />
  <references type="phantom" candidates="4" cleared="0" enqueued="0" />
</gc-op>
<gc-end id="488" type="scavenge" contextid="484" durationms="4.520" usertimems="9.431" systemtimems="2.101" timestamp="2020-05-10T03:10:19.911" activeThreads="8">
  <mem-info id="489" free="24721128" total="60555264" percent="40">
    <mem type="nursery" free="15674568" total="21233664" percent="73">
      <mem type="allocate" free="15674568" total="17694720" percent="88" />
      <mem type="survivor" free="0" total="3538944" percent="0" />
    </mem>
    <mem type="tenure" free="9046560" total="39321600" percent="23">
      <mem type="soa" free="7080480" total="37355520" percent="18" />
      <mem type="loa" free="1966080" total="1966080" percent="100" />
    </mem>
    <pending-finalizers system="40" default="0" reference="131" classloader="0" />
    <remembered-set count="4596" />
  </mem-info>
</gc-end>
<cycle-end id="490" type="scavenge" contextid="484" timestamp="2020-05-10T03:10:19.911" />
<allocation-satisfied id="491" threadId="0000000002623A00" bytesRequested="37672" />
<af-end id="492" timestamp="2020-05-10T03:10:19.912" threadId="0000000002624380" success="true" from="nursery"/>
<exclusive-end id="493" timestamp="2020-05-10T03:10:19.912" durationms="6.758" />

<exclusive-start id="494" timestamp="2020-05-10T03:10:19.914" intervalms="8.319">
  <response-info timems="0.050" idlems="0.050" threads="0" lastid="0000000002623A00" lastname="P=212776:O=0:CT" />
</exclusive-start>
<af-start id="495" threadId="0000000002624380" totalBytesRequested="56096" timestamp="2020-05-10T03:10:19.914" intervalms="8.378" type="nursery" />
<cycle-start id="496" type="scavenge" contextid="0" timestamp="2020-05-10T03:10:19.914" intervalms="8.420" />
<gc-start id="497" type="scavenge" contextid="496" timestamp="2020-05-10T03:10:19.915">
  <mem-info id="498" free="9046560" total="60555264" percent="14">
    <mem type="nursery" free="0" total="21233664" percent="0">
      <mem type="allocate" free="0" total="17694720" percent="0" />
      <mem type="survivor" free="0" total="3538944" percent="0" />
    </mem>
    <mem type="tenure" free="9046560" total="39321600" percent="23">
      <mem type="soa" free="7080480" total="37355520" percent="18" />
      <mem type="loa" free="1966080" total="1966080" percent="100" />
    </mem>
    <remembered-set count="4600" />
  </mem-info>
</gc-start>
<allocation-stats totalBytes="12553336" >
  <allocated-bytes non-tlh="151096" tlh="12402240" />
  <largest-consumer threadName="P=212776:O=0:CT" threadId="0000000002623A00" bytes="12508280" />
</allocation-stats>
<gc-op id="499" type="scavenge" timems="3.429" contextid="496" timestamp="2020-05-10T03:10:19.919">
  <scavenger-info tenureage="3" tenuremask="ffc8" tiltratio="83" />
  <memory-copied type="nursery" objects="28503" bytes="1208808" bytesdiscarded="289560" />
  <memory-copied type="tenure" objects="12378" bytes="636296" bytesdiscarded="616" />
  <finalization candidates="70" enqueued="0" />
  <ownableSynchronizers candidates="608" cleared="0" />
  <references type="soft" candidates="375" cleared="0" enqueued="0" dynamicThreshold="11" maxThreshold="32" />
  <references type="weak" candidates="242" cleared="0" enqueued="0" />
</gc-op>
<heap-resize id="500" type="expand" space="nursery" amount="5505024" count="1" timems="0.084" reason="excessive time being spent scavenging" timestamp="2020-05-10T03:10:19.919" />
<gc-end id="501" type="scavenge" contextid="496" durationms="4.773" usertimems="11.354" systemtimems="1.641" timestamp="2020-05-10T03:10:19.920" activeThreads="8">
  <mem-info id="502" free="29722616" total="66060288" percent="44">
    <mem type="nursery" free="21109992" total="26738688" percent="78">
      <mem type="allocate" free="21109992" total="22609920" percent="93" />
      <mem type="survivor" free="0" total="4128768" percent="0" />
    </mem>
    <mem type="tenure" free="8612624" total="39321600" percent="21">
      <mem type="soa" free="6646544" total="37355520" percent="17" />
      <mem type="loa" free="1966080" total="1966080" percent="100" />
    </mem>
    <remembered-set count="2485" />
  </mem-info>
</gc-end>
<cycle-end id="503" type="scavenge" contextid="496" timestamp="2020-05-10T03:10:19.920" />
<allocation-satisfied id="504" threadId="0000000002623A00" bytesRequested="56096" />
<af-end id="505" timestamp="2020-05-10T03:10:19.921" threadId="0000000002624380" success="true" from="nursery"/>
<exclusive-end id="506" timestamp="2020-05-10T03:10:19.921" durationms="7.637" />

<exclusive-start id="507" timestamp="2020-05-10T03:10:19.925" intervalms="11.587">
  <response-info timems="0.066" idlems="0.066" threads="0" lastid="0000000002623A00" lastname="P=212776:O=0:CT" />
</exclusive-start>
<af-start id="508" threadId="0000000002624380" totalBytesRequested="77280" timestamp="2020-05-10T03:10:19.926" intervalms="11.614" type="nursery" />
<cycle-start id="509" type="scavenge" contextid="0" timestamp="2020-05-10T03:10:19.926" intervalms="11.666" />
<gc-start id="510" type="scavenge" contextid="509" timestamp="2020-05-10T03:10:19.927">
  <mem-info id="511" free="8679216" total="66060288" percent="13">
    <mem type="nursery" free="66592" total="26738688" percent="0">
      <mem type="allocate" free="66592" total="22609920" percent="0" />
      <mem type="survivor" free="0" total="4128768" percent="0" />
    </mem>
    <mem type="tenure" free="8612624" total="39321600" percent="21">
      <mem type="soa" free="6646544" total="37355520" percent="17" />
      <mem type="loa" free="1966080" total="1966080" percent="100" />
    </mem>
    <remembered-set count="2491" />
  </mem-info>
</gc-start>
<allocation-stats totalBytes="20506808" >
  <allocated-bytes non-tlh="12865104" tlh="7641704" />
  <largest-consumer threadName="P=212776:O=0:CT" threadId="0000000002623A00" bytes="20461752" />
</allocation-stats>
<gc-op id="512" type="scavenge" timems="4.180" contextid="509" timestamp="2020-05-10T03:10:19.932">
  <scavenger-info tenureage="3" tenuremask="ffe8" tiltratio="84" />
  <memory-copied type="nursery" objects="4828" bytes="296216" bytesdiscarded="308464" />
  <memory-copied type="tenure" objects="23672" bytes="933672" bytesdiscarded="608" />
  <finalization candidates="43" enqueued="0" />
  <ownableSynchronizers candidates="581" cleared="0" />
  <references type="soft" candidates="55" cleared="0" enqueued="0" dynamicThreshold="11" maxThreshold="32" />
  <references type="weak" candidates="52" cleared="0" enqueued="0" />
</gc-op>
<heap-resize id="513" type="expand" space="nursery" amount="5373952" count="1" timems="0.176" reason="excessive time being spent scavenging" timestamp="2020-05-10T03:10:19.932" />
<gc-end id="514" type="scavenge" contextid="509" durationms="5.972" usertimems="8.491" systemtimems="1.417" timestamp="2020-05-10T03:10:19.933" activeThreads="8">
  <mem-info id="515" free="35707248" total="71434240" percent="49">
    <mem type="nursery" free="28033872" total="32112640" percent="87">
      <mem type="allocate" free="28033872" total="28639232" percent="97" />
      <mem type="survivor" free="0" total="3473408" percent="0" />
    </mem>
    <mem type="tenure" free="7673376" total="39321600" percent="19">
      <mem type="soa" free="5707296" total="37355520" percent="15" />
      <mem type="loa" free="1966080" total="1966080" percent="100" />
    </mem>
    <remembered-set count="673" />
  </mem-info>
</gc-end>
<cycle-end id="516" type="scavenge" contextid="509" timestamp="2020-05-10T03:10:19.933" />
<allocation-satisfied id="517" threadId="0000000002623A00" bytesRequested="77280" />
<af-end id="518" timestamp="2020-05-10T03:10:19.934" threadId="0000000002624380" success="true" from="nursery"/>
<exclusive-end id="519" timestamp="2020-05-10T03:10:19.934" durationms="8.770" />

<exclusive-start id="520" timestamp="2020-05-10T03:10:21.325" intervalms="1399.488">
  <response-info timems="0.056" idlems="0.056" threads="0" lastid="0000000002623A00" lastname="P=212776:O=0:CT" />
</exclusive-start>
<af-start id="521" threadId="0000000002624380" totalBytesRequested="1248" timestamp="2020-05-10T03:10:21.325" intervalms="1399.356" type="nursery" />
<cycle-start id="522" type="scavenge" contextid="0" timestamp="2020-05-10T03:10:21.325" intervalms="1399.228" />
<gc-start id="523" type="scavenge" contextid="522" timestamp="2020-05-10T03:10:21.326">
  <mem-info id="524" free="7364928" total="71434240" percent="10">
    <mem type="nursery" free="0" total="32112640" percent="0">
      <mem type="allocate" free="0" total="28639232" percent="0" />
      <mem type="survivor" free="0" total="3473408" percent="0" />
    </mem>
    <mem type="tenure" free="7364928" total="39321600" percent="18">
      <mem type="soa" free="5398848" total="37355520" percent="14" />
      <mem type="loa" free="1966080" total="1966080" percent="100" />
    </mem>
    <remembered-set count="5735" />
  </mem-info>
</gc-start>
<allocation-stats totalBytes="28315656" >
  <allocated-bytes non-tlh="5470936" tlh="22844720" />
  <largest-consumer threadName="P=212776:O=0:CT" threadId="0000000002623A00" bytes="25063752" />
</allocation-stats>
<gc-op id="525" type="scavenge" timems="3.274" contextid="522" timestamp="2020-05-10T03:10:21.330">
  <scavenger-info tenureage="5" tenuremask="ffe0" tiltratio="89" />
  <memory-copied type="nursery" objects="38999" bytes="2258496" bytesdiscarded="211504" />
  <finalization candidates="490" enqueued="317" />
  <ownableSynchronizers candidates="80" cleared="0" />
  <references type="soft" candidates="239" cleared="0" enqueued="0" dynamicThreshold="11" maxThreshold="32" />
  <references type="weak" candidates="650" cleared="328" enqueued="311" />
  <references type="phantom" candidates="5" cleared="0" enqueued="0" />
</gc-op>
<gc-end id="526" type="scavenge" contextid="522" durationms="4.177" usertimems="9.413" systemtimems="2.062" timestamp="2020-05-10T03:10:21.330" activeThreads="8">
  <mem-info id="527" free="32613648" total="71434240" percent="45">
    <mem type="nursery" free="25248720" total="32112640" percent="78">
      <mem type="allocate" free="25248720" total="27721728" percent="91" />
      <mem type="survivor" free="0" total="4390912" percent="0" />
    </mem>
    <mem type="tenure" free="7364928" total="39321600" percent="18">
      <mem type="soa" free="5398848" total="37355520" percent="14" />
      <mem type="loa" free="1966080" total="1966080" percent="100" />
    </mem>
    <pending-finalizers system="309" default="8" reference="311" classloader="0" />
    <remembered-set count="5075" />
  </mem-info>
</gc-end>
<cycle-end id="528" type="scavenge" contextid="522" timestamp="2020-05-10T03:10:21.330" />
<allocation-satisfied id="529" threadId="0000000002623A00" bytesRequested="1248" />
<af-end id="530" timestamp="2020-05-10T03:10:21.331" threadId="0000000002624380" success="true" from="nursery"/>
<exclusive-end id="531" timestamp="2020-05-10T03:10:21.331" durationms="6.443" />

<exclusive-start id="532" timestamp="2020-05-10T03:10:23.009" intervalms="1684.292">
  <response-info timems="0.088" idlems="0.088" threads="0" lastid="00000000044E6900" lastname="server.startup : 0" />
</exclusive-start>
<af-start id="533" threadId="00000000044E7280" totalBytesRequested="8200" timestamp="2020-05-10T03:10:23.009" intervalms="1684.404" type="nursery" />
<cycle-start id="534" type="scavenge" contextid="0" timestamp="2020-05-10T03:10:23.010" intervalms="1684.610" />
<gc-start id="535" type="scavenge" contextid="534" timestamp="2020-05-10T03:10:23.011">
  <mem-info id="536" free="7121288" total="71434240" percent="9">
    <mem type="nursery" free="0" total="32112640" percent="0">
      <mem type="allocate" free="0" total="27721728" percent="0" />
      <mem type="survivor" free="0" total="4390912" percent="0" />
    </mem>
    <mem type="tenure" free="7121288" total="39321600" percent="18">
      <mem type="soa" free="5155208" total="37355520" percent="13" />
      <mem type="loa" free="1966080" total="1966080" percent="100" />
    </mem>
    <remembered-set count="8465" />
  </mem-info>
</gc-start>
<allocation-stats totalBytes="25389888" >
  <allocated-bytes non-tlh="1103880" tlh="24286008" />
  <largest-consumer threadName="P=212776:O=0:CT" threadId="0000000002623A00" bytes="8567392" />
</allocation-stats>
<gc-op id="537" type="scavenge" timems="3.358" contextid="534" timestamp="2020-05-10T03:10:23.015">
  <scavenger-info tenureage="3" tenuremask="ffe8" tiltratio="86" />
  <memory-copied type="nursery" objects="57777" bytes="3155296" bytesdiscarded="278408" />
  <finalization candidates="594" enqueued="288" />
  <ownableSynchronizers candidates="120" cleared="0" />
  <references type="soft" candidates="306" cleared="0" enqueued="0" dynamicThreshold="11" maxThreshold="32" />
  <references type="weak" candidates="728" cleared="159" enqueued="155" />
  <references type="phantom" candidates="5" cleared="0" enqueued="0" />
</gc-op>
<gc-end id="538" type="scavenge" contextid="534" durationms="4.559" usertimems="11.756" systemtimems="1.854" timestamp="2020-05-10T03:10:23.015" activeThreads="8">
  <mem-info id="539" free="31274256" total="71434240" percent="43">
    <mem type="nursery" free="24152968" total="32112640" percent="75">
      <mem type="allocate" free="24152968" total="27590656" percent="87" />
      <mem type="survivor" free="0" total="4521984" percent="0" />
    </mem>
    <mem type="tenure" free="7121288" total="39321600" percent="18">
      <mem type="soa" free="5155208" total="37355520" percent="13" />
      <mem type="loa" free="1966080" total="1966080" percent="100" />
    </mem>
    <pending-finalizers system="270" default="18" reference="155" classloader="0" />
    <remembered-set count="7950" />
  </mem-info>
</gc-end>
<cycle-end id="540" type="scavenge" contextid="534" timestamp="2020-05-10T03:10:23.015" />
<allocation-satisfied id="541" threadId="00000000044E6900" bytesRequested="8200" />
<af-end id="542" timestamp="2020-05-10T03:10:23.016" threadId="00000000044E7280" success="true" from="nursery"/>
<exclusive-end id="543" timestamp="2020-05-10T03:10:23.016" durationms="7.384" />

<exclusive-start id="544" timestamp="2020-05-10T03:10:24.874" intervalms="1865.439">
  <response-info timems="0.105" idlems="0.105" threads="0" lastid="00000000044EA500" lastname="server.startup : 1" />
</exclusive-start>
<af-start id="545" threadId="00000000044EAE80" totalBytesRequested="144" timestamp="2020-05-10T03:10:24.875" intervalms="1865.359" type="nursery" />
<cycle-start id="546" type="scavenge" contextid="0" timestamp="2020-05-10T03:10:24.875" intervalms="1865.207" />
<gc-start id="547" type="scavenge" contextid="546" timestamp="2020-05-10T03:10:24.876">
  <mem-info id="548" free="6461232" total="71434240" percent="9">
    <mem type="nursery" free="0" total="32112640" percent="0">
      <mem type="allocate" free="0" total="27590656" percent="0" />
      <mem type="survivor" free="0" total="4521984" percent="0" />
    </mem>
    <mem type="tenure" free="6461232" total="39321600" percent="16">
      <mem type="soa" free="4495152" total="37355520" percent="12" />
      <mem type="loa" free="1966080" total="1966080" percent="100" />
    </mem>
    <remembered-set count="14371" />
  </mem-info>
</gc-start>
<allocation-stats totalBytes="24784560" >
  <allocated-bytes non-tlh="736000" tlh="24048560" />
  <largest-consumer threadName="server.startup : 0" threadId="00000000044E6900" bytes="9013112" />
</allocation-stats>
<gc-op id="549" type="scavenge" timems="7.192" contextid="546" timestamp="2020-05-10T03:10:24.883">
  <scavenger-info tenureage="3" tenuremask="ffd8" tiltratio="85" />
  <memory-copied type="nursery" objects="77583" bytes="4055720" bytesdiscarded="195208" />
  <finalization candidates="700" enqueued="364" />
  <ownableSynchronizers candidates="203" cleared="6" />
  <references type="soft" candidates="644" cleared="0" enqueued="0" dynamicThreshold="11" maxThreshold="32" />
  <references type="weak" candidates="1119" cleared="289" enqueued="273" />
  <references type="phantom" candidates="5" cleared="0" enqueued="0" />
</gc-op>
<gc-end id="550" type="scavenge" contextid="546" durationms="8.476" usertimems="19.130" systemtimems="2.225" timestamp="2020-05-10T03:10:24.884" activeThreads="8">
  <mem-info id="551" free="28944200" total="71434240" percent="40">
    <mem type="nursery" free="22482968" total="32112640" percent="70">
      <mem type="allocate" free="22482968" total="26738688" percent="84" />
      <mem type="survivor" free="0" total="5373952" percent="0" />
    </mem>
    <mem type="tenure" free="6461232" total="39321600" percent="16">
      <mem type="soa" free="4495152" total="37355520" percent="12" />
      <mem type="loa" free="1966080" total="1966080" percent="100" />
    </mem>
    <pending-finalizers system="364" default="0" reference="273" classloader="0" />
    <remembered-set count="11159" />
  </mem-info>
</gc-end>
<cycle-end id="552" type="scavenge" contextid="546" timestamp="2020-05-10T03:10:24.885" />
<allocation-satisfied id="553" threadId="00000000044EA500" bytesRequested="144" />
<af-end id="554" timestamp="2020-05-10T03:10:24.885" threadId="00000000044EAE80" success="true" from="nursery"/>
<exclusive-end id="555" timestamp="2020-05-10T03:10:24.886" durationms="11.134" />

<exclusive-start id="556" timestamp="2020-05-10T03:10:25.500" intervalms="625.513">
  <response-info timems="0.113" idlems="0.113" threads="0" lastid="00000000044EA500" lastname="server.startup : 1" />
</exclusive-start>
<af-start id="557" threadId="00000000044EAE80" totalBytesRequested="88" timestamp="2020-05-10T03:10:25.500" intervalms="625.503" type="nursery" />
<cycle-start id="558" type="scavenge" contextid="0" timestamp="2020-05-10T03:10:25.501" intervalms="625.455" />
<gc-start id="559" type="scavenge" contextid="558" timestamp="2020-05-10T03:10:25.501">
  <mem-info id="560" free="6330096" total="71434240" percent="8">
    <mem type="nursery" free="0" total="32112640" percent="0">
      <mem type="allocate" free="0" total="26738688" percent="0" />
      <mem type="survivor" free="0" total="5373952" percent="0" />
    </mem>
    <mem type="tenure" free="6330096" total="39321600" percent="16">
      <mem type="soa" free="4364016" total="37355520" percent="11" />
      <mem type="loa" free="1966080" total="1966080" percent="100" />
    </mem>
    <remembered-set count="12769" />
  </mem-info>
</gc-start>
<allocation-stats totalBytes="22587392" >
  <allocated-bytes non-tlh="327936" tlh="22259456" />
  <largest-consumer threadName="server.startup : 1" threadId="00000000044EA500" bytes="14579584" />
</allocation-stats>
<gc-op id="561" type="scavenge" timems="7.527" contextid="558" timestamp="2020-05-10T03:10:25.509">
  <scavenger-info tenureage="4" tenuremask="ffb0" tiltratio="83" />
  <memory-copied type="nursery" objects="103974" bytes="5364008" bytesdiscarded="2440" />
  <memory-copied type="tenure" objects="12675" bytes="829248" bytesdiscarded="1464" />
  <copy-failed type="nursery" objects="12676" bytes="830912" />
  <finalization candidates="877" enqueued="436" />
  <ownableSynchronizers candidates="209" cleared="1" />
  <references type="soft" candidates="734" cleared="0" enqueued="0" dynamicThreshold="11" maxThreshold="32" />
  <references type="weak" candidates="1270" cleared="331" enqueued="314" />
  <references type="phantom" candidates="5" cleared="0" enqueued="0" />
</gc-op>
<gc-end id="562" type="scavenge" contextid="558" durationms="8.951" usertimems="23.817" systemtimems="0.787" timestamp="2020-05-10T03:10:25.510" activeThreads="8">
  <mem-info id="563" free="22882856" total="71434240" percent="32">
    <mem type="nursery" free="17367040" total="32112640" percent="54">
      <mem type="allocate" free="17367040" total="22740992" percent="76" />
      <mem type="survivor" free="0" total="9371648" percent="0" />
    </mem>
    <mem type="tenure" free="5515816" total="39321600" percent="14">
      <mem type="soa" free="3549736" total="37355520" percent="9" />
      <mem type="loa" free="1966080" total="1966080" percent="100" />
    </mem>
    <pending-finalizers system="434" default="2" reference="314" classloader="0" />
    <remembered-set count="14206" />
  </mem-info>
</gc-end>
<cycle-end id="564" type="scavenge" contextid="558" timestamp="2020-05-10T03:10:25.511" />
<allocation-satisfied id="565" threadId="00000000044EA500" bytesRequested="88" />
<af-end id="566" timestamp="2020-05-10T03:10:25.511" threadId="00000000044EAE80" success="true" from="nursery"/>
<exclusive-end id="567" timestamp="2020-05-10T03:10:25.512" durationms="11.885" />

<exclusive-start id="568" timestamp="2020-05-10T03:10:25.623" intervalms="122.700">
  <response-info timems="0.087" idlems="0.087" threads="0" lastid="00000000044EA500" lastname="server.startup : 1" />
</exclusive-start>
<af-start id="569" threadId="00000000044EAE80" totalBytesRequested="200" timestamp="2020-05-10T03:10:25.623" intervalms="122.729" type="nursery" />
<cycle-start id="570" type="scavenge" contextid="0" timestamp="2020-05-10T03:10:25.623" intervalms="122.740" />
<gc-start id="571" type="scavenge" contextid="570" timestamp="2020-05-10T03:10:25.624">
  <mem-info id="572" free="5515232" total="71434240" percent="7">
    <mem type="nursery" free="0" total="32112640" percent="0">
      <mem type="allocate" free="0" total="22740992" percent="0" />
      <mem type="survivor" free="0" total="9371648" percent="0" />
    </mem>
    <mem type="tenure" free="5515232" total="39321600" percent="14">
      <mem type="soa" free="3549152" total="37355520" percent="9" />
      <mem type="loa" free="1966080" total="1966080" percent="100" />
    </mem>
    <remembered-set count="14224" />
  </mem-info>
</gc-start>
<allocation-stats totalBytes="17358680" >
  <allocated-bytes non-tlh="672" tlh="17358008" />
  <largest-consumer threadName="server.startup : 1" threadId="00000000044EA500" bytes="16609312" />
</allocation-stats>
<gc-op id="573" type="scavenge" timems="8.005" contextid="570" timestamp="2020-05-10T03:10:25.632">
  <scavenger-info tenureage="3" tenuremask="ffe8" tiltratio="70" />
  <memory-copied type="nursery" objects="93229" bytes="4893288" bytesdiscarded="123136" />
  <memory-copied type="tenure" objects="22940" bytes="1262664" bytesdiscarded="1344" />
  <finalization candidates="833" enqueued="392" />
  <ownableSynchronizers candidates="208" cleared="0" />
  <references type="soft" candidates="619" cleared="0" enqueued="0" dynamicThreshold="11" maxThreshold="32" />
  <references type="weak" candidates="670" cleared="10" enqueued="10" />
  <references type="phantom" candidates="5" cleared="0" enqueued="0" />
</gc-op>
<gc-end id="574" type="scavenge" contextid="570" durationms="9.303" usertimems="22.342" systemtimems="5.938" timestamp="2020-05-10T03:10:25.633" activeThreads="8">
  <mem-info id="575" free="22050304" total="71434240" percent="30">
    <mem type="nursery" free="18178216" total="32112640" percent="56">
      <mem type="allocate" free="18178216" total="23199744" percent="78" />
      <mem type="survivor" free="0" total="8912896" percent="0" />
    </mem>
    <mem type="tenure" free="3872088" total="39321600" percent="9">
      <mem type="soa" free="1906008" total="37355520" percent="5" />
      <mem type="loa" free="1966080" total="1966080" percent="100" />
    </mem>
    <pending-finalizers system="392" default="0" reference="10" classloader="0" />
    <remembered-set count="8099" />
  </mem-info>
</gc-end>
<cycle-end id="576" type="scavenge" contextid="570" timestamp="2020-05-10T03:10:25.634" />
<allocation-satisfied id="577" threadId="00000000044EA500" bytesRequested="200" />
<af-end id="578" timestamp="2020-05-10T03:10:25.635" threadId="00000000044EAE80" success="true" from="nursery"/>
<exclusive-end id="579" timestamp="2020-05-10T03:10:25.636" durationms="12.890" />

<concurrent-kickoff id="580" timestamp="2020-05-10T03:10:25.775">
  <kickoff reason="threshold reached" targetBytes="11670650" thresholdFreeBytes="1617647"  remainingFree="1597408" tenureFreeBytes="3849608" nurseryFreeBytes="1597408" />
</concurrent-kickoff>
<exclusive-start id="581" timestamp="2020-05-10T03:10:25.776" intervalms="152.998">
  <response-info timems="0.059" idlems="0.059" threads="0" lastid="00000000044EA500" lastname="server.startup : 1" />
</exclusive-start>
<cycle-start id="582" type="global" contextid="0" timestamp="2020-05-10T03:10:25.776" intervalms="11517.125" />
<exclusive-end id="583" timestamp="2020-05-10T03:10:25.776" durationms="0.837" />

<exclusive-start id="584" timestamp="2020-05-10T03:10:25.809" intervalms="33.039">
  <response-info timems="0.092" idlems="0.092" threads="0" lastid="00000000044EA500" lastname="server.startup : 1" />
</exclusive-start>
<af-start id="585" threadId="00000000044EAE80" totalBytesRequested="1552" timestamp="2020-05-10T03:10:25.809" intervalms="186.113" type="nursery" />
<cycle-start id="586" type="scavenge" contextid="0" timestamp="2020-05-10T03:10:25.810" intervalms="186.284" />
<gc-start id="587" type="scavenge" contextid="586" timestamp="2020-05-10T03:10:25.810">
  <mem-info id="588" free="3848608" total="71434240" percent="5">
    <mem type="nursery" free="0" total="32112640" percent="0">
      <mem type="allocate" free="0" total="23199744" percent="0" />
      <mem type="survivor" free="0" total="8912896" percent="0" />
    </mem>
    <mem type="tenure" free="3848608" total="39321600" percent="9">
      <mem type="soa" free="1882528" total="37355520" percent="5" />
      <mem type="loa" free="1966080" total="1966080" percent="100" />
    </mem>
    <remembered-set count="8377" />
  </mem-info>
</gc-start>
<allocation-stats totalBytes="18172968" >
  <allocated-bytes non-tlh="23680" tlh="18149288" />
  <largest-consumer threadName="server.startup : 1" threadId="00000000044EA500" bytes="16349864" />
</allocation-stats>
<gc-op id="589" type="scavenge" timems="5.628" contextid="586" timestamp="2020-05-10T03:10:25.816">
  <scavenger-info tenureage="3" tenuremask="4028" tiltratio="72" />
  <memory-copied type="nursery" objects="77024" bytes="4688864" bytesdiscarded="285392" />
  <memory-copied type="tenure" objects="49093" bytes="2440088" bytesdiscarded="1736" />
  <finalization candidates="1065" enqueued="492" />
  <ownableSynchronizers candidates="164" cleared="0" />
  <references type="soft" candidates="98" cleared="0" enqueued="0" dynamicThreshold="11" maxThreshold="32" />
  <references type="weak" candidates="295" cleared="51" enqueued="51" />
  <heap-resize type="expand" space="tenure" amount="458752" count="7" timems="0.383" reason="continue current collection" />
</gc-op>
<gc-end id="590" type="scavenge" contextid="586" durationms="6.724" usertimems="19.653" systemtimems="5.281" timestamp="2020-05-10T03:10:25.817" activeThreads="8">
  <mem-info id="591" free="20801048" total="71892992" percent="28">
    <mem type="nursery" free="18942392" total="32112640" percent="58">
      <mem type="allocate" free="18942392" total="23920640" percent="79" />
      <mem type="survivor" free="0" total="8192000" percent="0" />
    </mem>
    <mem type="tenure" free="1858656" total="39780352" percent="4">
      <mem type="soa" free="0" total="37790720" percent="0" />
      <mem type="loa" free="1858656" total="1989632" percent="93" />
    </mem>
    <pending-finalizers system="487" default="5" reference="51" classloader="0" />
    <remembered-set count="4666" />
  </mem-info>
</gc-end>
<cycle-end id="592" type="scavenge" contextid="586" timestamp="2020-05-10T03:10:25.817" />
<allocation-satisfied id="593" threadId="00000000044EA500" bytesRequested="1552" />
<af-end id="594" timestamp="2020-05-10T03:10:25.818" threadId="00000000044EAE80" success="true" from="nursery"/>
<exclusive-end id="595" timestamp="2020-05-10T03:10:25.819" durationms="9.995" />

<exclusive-start id="596" timestamp="2020-05-10T03:10:25.825" intervalms="16.409">
  <response-info timems="0.049" idlems="0.049" threads="0" lastid="00000000044EA500" lastname="server.startup : 1" />
</exclusive-start>
<concurrent-collection-start id="597" timestamp="2020-05-10T03:10:25.826" intervalms="16417.823" >
  <concurrent-trace-info reason="card cleaning threshold reached" tracedByMutators="11746980" tracedByHelpers="9205452" cardsCleaned="1391" workStackOverflowCount="0" />
</concurrent-collection-start>
<gc-start id="598" type="global" contextid="582" timestamp="2020-05-10T03:10:25.826">
  <mem-info id="599" free="20437648" total="71892992" percent="28">
    <mem type="nursery" free="18578992" total="32112640" percent="57">
      <mem type="allocate" free="18578992" total="23920640" percent="77" />
      <mem type="survivor" free="0" total="8192000" percent="0" />
    </mem>
    <mem type="tenure" free="1858656" total="39780352" percent="4">
      <mem type="soa" free="0" total="37790720" percent="0" />
      <mem type="loa" free="1858656" total="1989632" percent="93" />
    </mem>
    <remembered-set count="4669" />
  </mem-info>
</gc-start>
<allocation-stats totalBytes="363296" >
  <allocated-bytes non-tlh="76680" tlh="286616" />
  <largest-consumer threadName="server.startup : 1" threadId="00000000044EA500" bytes="289568" />
</allocation-stats>
<gc-op id="600" type="rs-scan" timems="2.359" contextid="582" timestamp="2020-05-10T03:10:25.829">
  <scan objectsFound="860" bytesTraced="2419396" workStackOverflowCount="0" />
</gc-op>
<gc-op id="601" type="card-cleaning" timems="1.056" contextid="582" timestamp="2020-05-10T03:10:25.831">
  <card-cleaning cardsCleaned="4" bytesTraced="181084" workStackOverflowCount="0" />
</gc-op>
<gc-op id="602" type="mark" timems="11.108" contextid="582" timestamp="2020-05-10T03:10:25.842">
  <trace-info objectcount="13664" scancount="13005" scanbytes="421608" />
  <finalization candidates="1456" enqueued="351" />
  <ownableSynchronizers candidates="1606" cleared="0" />
  <references type="soft" candidates="7079" cleared="0" enqueued="0" dynamicThreshold="11" maxThreshold="32" />
  <references type="weak" candidates="18719" cleared="8" enqueued="4" />
  <references type="phantom" candidates="18" cleared="0" enqueued="0" />
  <stringconstants candidates="56432" cleared="184"  />
</gc-op>
<gc-op id="603" type="classunload" timems="0.066" contextid="582" timestamp="2020-05-10T03:10:25.843">
  <classunload-info classloadercandidates="353" classloadersunloaded="1" classesunloaded="0" anonymousclassesunloaded="0" quiescems="0.000" setupms="0.036" scanms="0.015" postms="0.015" />
</gc-op>
<gc-op id="604" type="sweep" timems="1.870" contextid="582" timestamp="2020-05-10T03:10:25.845" />
<heap-resize id="605" type="expand" space="tenure" amount="12189696" count="1" timems="0.160" reason="insufficient free space following gc" timestamp="2020-05-10T03:10:25.845" />
<gc-end id="606" type="global" contextid="582" durationms="19.598" usertimems="37.833" systemtimems="6.561" timestamp="2020-05-10T03:10:25.846" activeThreads="8">
  <mem-info id="607" free="35341080" total="84082688" percent="42">
    <mem type="nursery" free="19707624" total="32112640" percent="61">
      <mem type="allocate" free="19707624" total="23920640" percent="82" />
      <mem type="survivor" free="0" total="8192000" percent="0" />
    </mem>
    <mem type="tenure" free="15633456" total="51970048" percent="30" micro-fragmented="192182" macro-fragmented="0">
      <mem type="soa" free="13034544" total="49371136" percent="26" />
      <mem type="loa" free="2598912" total="2598912" percent="100" />
    </mem>
    <pending-finalizers system="351" default="0" reference="4" classloader="0" />
    <remembered-set count="4485" />
  </mem-info>
</gc-end>
<cycle-end id="608" type="global" contextid="582" timestamp="2020-05-10T03:10:25.846" />
<concurrent-collection-end id="609" timestamp="2020-05-10T03:10:25.846" />
<exclusive-end id="610" timestamp="2020-05-10T03:10:25.847" durationms="21.708" />

<exclusive-start id="611" timestamp="2020-05-10T03:10:25.886" intervalms="61.035">
  <response-info timems="0.071" idlems="0.071" threads="0" lastid="00000000044EA500" lastname="server.startup : 1" />
</exclusive-start>
<af-start id="612" threadId="00000000044EAE80" totalBytesRequested="7336" timestamp="2020-05-10T03:10:25.886" intervalms="77.402" type="nursery" />
<cycle-start id="613" type="scavenge" contextid="0" timestamp="2020-05-10T03:10:25.887" intervalms="77.441" />
<gc-start id="614" type="scavenge" contextid="613" timestamp="2020-05-10T03:10:25.888">
  <mem-info id="615" free="15629272" total="84082688" percent="18">
    <mem type="nursery" free="0" total="32112640" percent="0">
      <mem type="allocate" free="0" total="23920640" percent="0" />
      <mem type="survivor" free="0" total="8192000" percent="0" />
    </mem>
    <mem type="tenure" free="15629272" total="51970048" percent="30">
      <mem type="soa" free="13030360" total="49371136" percent="26" />
      <mem type="loa" free="2598912" total="2598912" percent="100" />
    </mem>
    <remembered-set count="4519" />
  </mem-info>
</gc-start>
<allocation-stats totalBytes="19603688" >
  <allocated-bytes non-tlh="757224" tlh="18846464" />
  <largest-consumer threadName="server.startup : 1" threadId="00000000044EA500" bytes="19307624" />
</allocation-stats>
<gc-op id="616" type="scavenge" timems="4.291" contextid="613" timestamp="2020-05-10T03:10:25.893">
  <scavenger-info tenureage="14" tenuremask="4000" tiltratio="74" />
  <memory-copied type="nursery" objects="85230" bytes="7155736" bytesdiscarded="292648" />
  <finalization candidates="1522" enqueued="1158" />
  <ownableSynchronizers candidates="3197" cleared="3182" />
  <references type="soft" candidates="98" cleared="0" enqueued="0" dynamicThreshold="9" maxThreshold="32" />
  <references type="weak" candidates="248" cleared="4" enqueued="4" />
</gc-op>
<heap-resize id="617" type="expand" space="nursery" amount="1310720" count="1" timems="0.066" reason="excessive time being spent scavenging" timestamp="2020-05-10T03:10:25.893" />
<gc-end id="618" type="scavenge" contextid="613" durationms="5.931" usertimems="16.967" systemtimems="0.271" timestamp="2020-05-10T03:10:25.893" activeThreads="8">
  <mem-info id="619" free="30849184" total="85393408" percent="36">
    <mem type="nursery" free="15219912" total="33423360" percent="45">
      <mem type="allocate" free="15219912" total="22675456" percent="67" />
      <mem type="survivor" free="0" total="10747904" percent="0" />
    </mem>
    <mem type="tenure" free="15629272" total="51970048" percent="30">
      <mem type="soa" free="13030360" total="49371136" percent="26" />
      <mem type="loa" free="2598912" total="2598912" percent="100" />
    </mem>
    <pending-finalizers system="1158" default="0" reference="4" classloader="0" />
    <remembered-set count="4495" />
  </mem-info>
</gc-end>
<cycle-end id="620" type="scavenge" contextid="613" timestamp="2020-05-10T03:10:25.894" />
<allocation-satisfied id="621" threadId="00000000044EA500" bytesRequested="7336" />
<af-end id="622" timestamp="2020-05-10T03:10:25.895" threadId="00000000044EAE80" success="true" from="nursery"/>
<exclusive-end id="623" timestamp="2020-05-10T03:10:25.895" durationms="8.756" />

<exclusive-start id="624" timestamp="2020-05-10T03:10:25.928" intervalms="41.842">
  <response-info timems="0.060" idlems="0.060" threads="0" lastid="00000000044EA500" lastname="server.startup : 1" />
</exclusive-start>
<af-start id="625" threadId="00000000044EAE80" totalBytesRequested="8200" timestamp="2020-05-10T03:10:25.928" intervalms="41.910" type="nursery" />
<cycle-start id="626" type="scavenge" contextid="0" timestamp="2020-05-10T03:10:25.929" intervalms="41.918" />
<gc-start id="627" type="scavenge" contextid="626" timestamp="2020-05-10T03:10:25.930">
  <mem-info id="628" free="15516960" total="85393408" percent="18">
    <mem type="nursery" free="0" total="33423360" percent="0">
      <mem type="allocate" free="0" total="22675456" percent="0" />
      <mem type="survivor" free="0" total="10747904" percent="0" />
    </mem>
    <mem type="tenure" free="15516960" total="51970048" percent="29">
      <mem type="soa" free="12918048" total="49371136" percent="26" />
      <mem type="loa" free="2598912" total="2598912" percent="100" />
    </mem>
    <remembered-set count="5300" />
  </mem-info>
</gc-start>
<allocation-stats totalBytes="15212824" >
  <allocated-bytes non-tlh="99232" tlh="15113592" />
  <largest-consumer threadName="server.startup : 1" threadId="00000000044EA500" bytes="13620720" />
</allocation-stats>
<gc-op id="629" type="scavenge" timems="8.638" contextid="626" timestamp="2020-05-10T03:10:25.939">
  <scavenger-info tenureage="3" tenuremask="6018" tiltratio="67" />
  <memory-copied type="nursery" objects="46353" bytes="4693088" bytesdiscarded="299272" />
  <memory-copied type="tenure" objects="40492" bytes="2164480" bytesdiscarded="5608" />
  <finalization candidates="1547" enqueued="1182" />
  <ownableSynchronizers candidates="19" cleared="2" />
  <references type="soft" candidates="6" cleared="0" enqueued="0" dynamicThreshold="9" maxThreshold="32" />
  <references type="weak" candidates="125" cleared="5" enqueued="5" />
</gc-op>
<heap-resize id="630" type="expand" space="nursery" amount="3145728" count="1" timems="0.061" reason="excessive time being spent scavenging" timestamp="2020-05-10T03:10:25.939" />
<gc-end id="631" type="scavenge" contextid="626" durationms="10.227" usertimems="14.852" systemtimems="2.913" timestamp="2020-05-10T03:10:25.940" activeThreads="8">
  <mem-info id="632" free="33977808" total="88539136" percent="38">
    <mem type="nursery" free="20823376" total="36569088" percent="56">
      <mem type="allocate" free="20823376" total="25821184" percent="80" />
      <mem type="survivor" free="0" total="10747904" percent="0" />
    </mem>
    <mem type="tenure" free="13154432" total="51970048" percent="25">
      <mem type="soa" free="10555520" total="49371136" percent="21" />
      <mem type="loa" free="2598912" total="2598912" percent="100" />
    </mem>
    <pending-finalizers system="1182" default="0" reference="5" classloader="0" />
    <remembered-set count="1534" />
  </mem-info>
</gc-end>
<cycle-end id="633" type="scavenge" contextid="626" timestamp="2020-05-10T03:10:25.940" />
<allocation-satisfied id="634" threadId="00000000044EA500" bytesRequested="8200" />
<af-end id="635" timestamp="2020-05-10T03:10:25.941" threadId="00000000044EAE80" success="true" from="nursery"/>
<exclusive-end id="636" timestamp="2020-05-10T03:10:25.941" durationms="13.252" />

<exclusive-start id="637" timestamp="2020-05-10T03:10:25.990" intervalms="62.305">
  <response-info timems="0.091" idlems="0.091" threads="0" lastid="00000000044EA500" lastname="server.startup : 1" />
</exclusive-start>
<af-start id="638" threadId="00000000044EAE80" totalBytesRequested="8200" timestamp="2020-05-10T03:10:25.991" intervalms="62.268" type="nursery" />
<cycle-start id="639" type="scavenge" contextid="0" timestamp="2020-05-10T03:10:25.991" intervalms="62.212" />
<gc-start id="640" type="scavenge" contextid="639" timestamp="2020-05-10T03:10:25.992">
  <mem-info id="641" free="13154432" total="88539136" percent="14">
    <mem type="nursery" free="0" total="36569088" percent="0">
      <mem type="allocate" free="0" total="25821184" percent="0" />
      <mem type="survivor" free="0" total="10747904" percent="0" />
    </mem>
    <mem type="tenure" free="13154432" total="51970048" percent="25">
      <mem type="soa" free="10555520" total="49371136" percent="21" />
      <mem type="loa" free="2598912" total="2598912" percent="100" />
    </mem>
    <remembered-set count="1563" />
  </mem-info>
</gc-start>
<allocation-stats totalBytes="20516136" >
  <allocated-bytes non-tlh="222960" tlh="20293176" />
  <largest-consumer threadName="server.startup : 1" threadId="00000000044EA500" bytes="20184720" />
</allocation-stats>
<gc-op id="642" type="scavenge" timems="5.649" contextid="639" timestamp="2020-05-10T03:10:25.998">
  <scavenger-info tenureage="3" tenuremask="6008" tiltratio="70" />
  <memory-copied type="nursery" objects="24124" bytes="4482768" bytesdiscarded="223488" />
  <memory-copied type="tenure" objects="34387" bytes="1906144" bytesdiscarded="1072" />
  <finalization candidates="1967" enqueued="1714" />
  <ownableSynchronizers candidates="6" cleared="0" />
  <references type="soft" candidates="2" cleared="0" enqueued="0" dynamicThreshold="9" maxThreshold="32" />
  <references type="weak" candidates="4" cleared="0" enqueued="0" />
</gc-op>
<heap-resize id="643" type="expand" space="nursery" amount="1703936" count="1" timems="0.061" reason="excessive time being spent scavenging" timestamp="2020-05-10T03:10:25.998" />
<gc-end id="644" type="scavenge" contextid="639" durationms="6.893" usertimems="10.743" systemtimems="4.296" timestamp="2020-05-10T03:10:25.999" activeThreads="8">
  <mem-info id="645" free="35448296" total="90243072" percent="39">
    <mem type="nursery" free="24188272" total="38273024" percent="63">
      <mem type="allocate" free="24188272" total="28901376" percent="83" />
      <mem type="survivor" free="0" total="9371648" percent="0" />
    </mem>
    <mem type="tenure" free="11260024" total="51970048" percent="21">
      <mem type="soa" free="8661112" total="49371136" percent="17" />
      <mem type="loa" free="2598912" total="2598912" percent="100" />
    </mem>
    <pending-finalizers system="1714" default="0" reference="0" classloader="0" />
    <remembered-set count="1208" />
  </mem-info>
</gc-end>
<cycle-end id="646" type="scavenge" contextid="639" timestamp="2020-05-10T03:10:25.999" />
<allocation-satisfied id="647" threadId="00000000044EA500" bytesRequested="8200" />
<af-end id="648" timestamp="2020-05-10T03:10:26.000" threadId="00000000044EAE80" success="true" from="nursery"/>
<exclusive-end id="649" timestamp="2020-05-10T03:10:26.001" durationms="10.428" />

<exclusive-start id="650" timestamp="2020-05-10T03:10:26.053" intervalms="62.846">
  <response-info timems="0.055" idlems="0.055" threads="0" lastid="00000000044EA500" lastname="server.startup : 1" />
</exclusive-start>
<af-start id="651" threadId="00000000044EAE80" totalBytesRequested="8200" timestamp="2020-05-10T03:10:26.054" intervalms="62.944" type="nursery" />
<cycle-start id="652" type="scavenge" contextid="0" timestamp="2020-05-10T03:10:26.054" intervalms="62.804" />
<gc-start id="653" type="scavenge" contextid="652" timestamp="2020-05-10T03:10:26.055">
  <mem-info id="654" free="11254776" total="90243072" percent="12">
    <mem type="nursery" free="0" total="38273024" percent="0">
      <mem type="allocate" free="0" total="28901376" percent="0" />
      <mem type="survivor" free="0" total="9371648" percent="0" />
    </mem>
    <mem type="tenure" free="11254776" total="51970048" percent="21">
      <mem type="soa" free="8655864" total="49371136" percent="17" />
      <mem type="loa" free="2598912" total="2598912" percent="100" />
    </mem>
    <remembered-set count="1282" />
  </mem-info>
</gc-start>
<allocation-stats totalBytes="24128800" >
  <allocated-bytes non-tlh="87072" tlh="24041728" />
  <largest-consumer threadName="server.startup : 1" threadId="00000000044EA500" bytes="23705600" />
</allocation-stats>
<gc-op id="655" type="scavenge" timems="5.730" contextid="652" timestamp="2020-05-10T03:10:26.061">
  <scavenger-info tenureage="3" tenuremask="6008" tiltratio="75" />
  <memory-copied type="nursery" objects="26459" bytes="5337912" bytesdiscarded="248472" />
  <memory-copied type="tenure" objects="7304" bytes="491904" bytesdiscarded="728" />
  <finalization candidates="1991" enqueued="1973" />
  <ownableSynchronizers candidates="2" cleared="0" />
  <references type="soft" candidates="2" cleared="0" enqueued="0" dynamicThreshold="9" maxThreshold="32" />
  <references type="weak" candidates="4" cleared="0" enqueued="0" />
</gc-op>
<heap-resize id="656" type="expand" space="nursery" amount="1966080" count="1" timems="0.069" reason="excessive time being spent scavenging" timestamp="2020-05-10T03:10:26.062" />
<gc-end id="657" type="scavenge" contextid="652" durationms="7.898" usertimems="11.409" systemtimems="6.097" timestamp="2020-05-10T03:10:26.062" activeThreads="8">
  <mem-info id="658" free="36419624" total="92209152" percent="39">
    <mem type="nursery" free="25666344" total="40239104" percent="63">
      <mem type="allocate" free="25666344" total="31260672" percent="82" />
      <mem type="survivor" free="0" total="8978432" percent="0" />
    </mem>
    <mem type="tenure" free="10753280" total="51970048" percent="20">
      <mem type="soa" free="8154368" total="49371136" percent="16" />
      <mem type="loa" free="2598912" total="2598912" percent="100" />
    </mem>
    <pending-finalizers system="1973" default="0" reference="0" classloader="0" />
    <remembered-set count="484" />
  </mem-info>
</gc-end>
<cycle-end id="659" type="scavenge" contextid="652" timestamp="2020-05-10T03:10:26.063" />
<allocation-satisfied id="660" threadId="00000000044EA500" bytesRequested="8200" />
<af-end id="661" timestamp="2020-05-10T03:10:26.064" threadId="00000000044EAE80" success="true" from="nursery"/>
<exclusive-end id="662" timestamp="2020-05-10T03:10:26.064" durationms="10.920" />

<exclusive-start id="663" timestamp="2020-05-10T03:10:26.134" intervalms="81.311">
  <response-info timems="0.075" idlems="0.075" threads="0" lastid="00000000044EA500" lastname="server.startup : 1" />
</exclusive-start>
<af-start id="664" threadId="00000000044EAE80" totalBytesRequested="32776" timestamp="2020-05-10T03:10:26.135" intervalms="81.391" type="nursery" />
<cycle-start id="665" type="scavenge" contextid="0" timestamp="2020-05-10T03:10:26.135" intervalms="81.411" />
<gc-start id="666" type="scavenge" contextid="665" timestamp="2020-05-10T03:10:26.136">
  <mem-info id="667" free="10748136" total="92209152" percent="11">
    <mem type="nursery" free="0" total="40239104" percent="0">
      <mem type="allocate" free="0" total="31260672" percent="0" />
      <mem type="survivor" free="0" total="8978432" percent="0" />
    </mem>
    <mem type="tenure" free="10748136" total="51970048" percent="20">
      <mem type="soa" free="8149224" total="49371136" percent="16" />
      <mem type="loa" free="2598912" total="2598912" percent="100" />
    </mem>
    <remembered-set count="622" />
  </mem-info>
</gc-start>
<allocation-stats totalBytes="25617976" >
  <allocated-bytes non-tlh="367504" tlh="25250472" />
  <largest-consumer threadName="server.startup : 1" threadId="00000000044EA500" bytes="24792464" />
</allocation-stats>
<gc-op id="668" type="scavenge" timems="3.647" contextid="665" timestamp="2020-05-10T03:10:26.140">
  <scavenger-info tenureage="13" tenuremask="6000" tiltratio="77" />
  <memory-copied type="nursery" objects="33059" bytes="5139640" bytesdiscarded="343728" />
  <finalization candidates="2262" enqueued="2233" />
  <ownableSynchronizers candidates="2" cleared="0" />
  <references type="soft" candidates="2" cleared="0" enqueued="0" dynamicThreshold="9" maxThreshold="32" />
  <references type="weak" candidates="11" cleared="6" enqueued="6" />
</gc-op>
<gc-end id="669" type="scavenge" contextid="665" durationms="4.744" usertimems="7.665" systemtimems="5.017" timestamp="2020-05-10T03:10:26.141" activeThreads="8">
  <mem-info id="670" free="37433960" total="92209152" percent="40">
    <mem type="nursery" free="26685824" total="40239104" percent="66">
      <mem type="allocate" free="26685824" total="32178176" percent="82" />
      <mem type="survivor" free="0" total="8060928" percent="0" />
    </mem>
    <mem type="tenure" free="10748136" total="51970048" percent="20">
      <mem type="soa" free="8149224" total="49371136" percent="16" />
      <mem type="loa" free="2598912" total="2598912" percent="100" />
    </mem>
    <pending-finalizers system="2232" default="1" reference="6" classloader="0" />
    <remembered-set count="573" />
  </mem-info>
</gc-end>
<cycle-end id="671" type="scavenge" contextid="665" timestamp="2020-05-10T03:10:26.141" />
<allocation-satisfied id="672" threadId="00000000044EA500" bytesRequested="32776" />
<af-end id="673" timestamp="2020-05-10T03:10:26.142" threadId="00000000044EAE80" success="true" from="nursery"/>
<exclusive-end id="674" timestamp="2020-05-10T03:10:26.142" durationms="7.504" />

<exclusive-start id="675" timestamp="2020-05-10T03:10:28.106" intervalms="1971.785">
  <response-info timems="0.121" idlems="0.121" threads="0" lastid="00000000044EC100" lastname="LocalNotificationServiceDispatcher : 1" />
</exclusive-start>
<af-start id="676" threadId="00000000044ECA80" totalBytesRequested="112" timestamp="2020-05-10T03:10:28.107" intervalms="1971.577" type="nursery" />
<cycle-start id="677" type="scavenge" contextid="0" timestamp="2020-05-10T03:10:28.107" intervalms="1971.576" />
<gc-start id="678" type="scavenge" contextid="677" timestamp="2020-05-10T03:10:28.107">
  <mem-info id="679" free="10585848" total="92209152" percent="11">
    <mem type="nursery" free="0" total="40239104" percent="0">
      <mem type="allocate" free="0" total="32178176" percent="0" />
      <mem type="survivor" free="0" total="8060928" percent="0" />
    </mem>
    <mem type="tenure" free="10585848" total="51970048" percent="20">
      <mem type="soa" free="7986936" total="49371136" percent="16" />
      <mem type="loa" free="2598912" total="2598912" percent="100" />
    </mem>
    <remembered-set count="2840" />
  </mem-info>
</gc-start>
<allocation-stats totalBytes="26804736" >
  <allocated-bytes non-tlh="293528" tlh="26511208" />
  <largest-consumer threadName="server.startup : 1" threadId="00000000044EA500" bytes="14616112" />
</allocation-stats>
<gc-op id="680" type="scavenge" timems="5.737" contextid="677" timestamp="2020-05-10T03:10:28.114">
  <scavenger-info tenureage="13" tenuremask="6000" tiltratio="79" />
  <memory-copied type="nursery" objects="44096" bytes="2691424" bytesdiscarded="123112" />
  <finalization candidates="732" enqueued="696" />
  <ownableSynchronizers candidates="51" cleared="7" />
  <references type="soft" candidates="64" cleared="0" enqueued="0" dynamicThreshold="9" maxThreshold="32" />
  <references type="weak" candidates="136" cleared="67" enqueued="34" />
  <references type="phantom" candidates="2" cleared="0" enqueued="0" />
</gc-op>
<gc-end id="681" type="scavenge" contextid="677" durationms="6.593" usertimems="8.937" systemtimems="3.219" timestamp="2020-05-10T03:10:28.114" activeThreads="8">
  <mem-info id="682" free="40403488" total="92209152" percent="43">
    <mem type="nursery" free="29817640" total="40239104" percent="74">
      <mem type="allocate" free="29817640" total="32636928" percent="91" />
      <mem type="survivor" free="0" total="7602176" percent="0" />
    </mem>
    <mem type="tenure" free="10585848" total="51970048" percent="20">
      <mem type="soa" free="7986936" total="49371136" percent="16" />
      <mem type="loa" free="2598912" total="2598912" percent="100" />
    </mem>
    <pending-finalizers system="686" default="10" reference="34" classloader="0" />
    <remembered-set count="2430" />
  </mem-info>
</gc-end>
<cycle-end id="683" type="scavenge" contextid="677" timestamp="2020-05-10T03:10:28.114" />
<allocation-satisfied id="684" threadId="00000000044EC100" bytesRequested="112" />
<af-end id="685" timestamp="2020-05-10T03:10:28.115" threadId="00000000044ECA80" success="true" from="nursery"/>
<exclusive-end id="686" timestamp="2020-05-10T03:10:28.115" durationms="8.913" />

<exclusive-start id="687" timestamp="2020-05-10T03:10:28.529" intervalms="423.151">
  <response-info timems="0.178" idlems="0.109" threads="1" lastid="0000000004A91700" lastname="pool-2-thread-2" />
</exclusive-start>
<af-start id="688" threadId="0000000004AC6F80" totalBytesRequested="88" timestamp="2020-05-10T03:10:28.530" intervalms="423.136" type="nursery" />
<cycle-start id="689" type="scavenge" contextid="0" timestamp="2020-05-10T03:10:28.530" intervalms="423.225" />
<gc-start id="690" type="scavenge" contextid="689" timestamp="2020-05-10T03:10:28.531">
  <mem-info id="691" free="10293336" total="92209152" percent="11">
    <mem type="nursery" free="0" total="40239104" percent="0">
      <mem type="allocate" free="0" total="32636928" percent="0" />
      <mem type="survivor" free="0" total="7602176" percent="0" />
    </mem>
    <mem type="tenure" free="10293336" total="51970048" percent="19">
      <mem type="soa" free="7694424" total="49371136" percent="15" />
      <mem type="loa" free="2598912" total="2598912" percent="100" />
    </mem>
    <remembered-set count="6328" />
  </mem-info>
</gc-start>
<allocation-stats totalBytes="30086528" >
  <allocated-bytes non-tlh="300824" tlh="29785704" />
  <largest-consumer threadName="server.startup : 1" threadId="00000000044EA500" bytes="15597848" />
</allocation-stats>
<gc-op id="692" type="scavenge" timems="6.674" contextid="689" timestamp="2020-05-10T03:10:28.538">
  <scavenger-info tenureage="14" tenuremask="4000" tiltratio="81" />
  <memory-copied type="nursery" objects="108669" bytes="4759560" bytesdiscarded="300352" />
  <finalization candidates="535" enqueued="447" />
  <ownableSynchronizers candidates="340" cleared="6" />
  <references type="soft" candidates="1106" cleared="0" enqueued="0" dynamicThreshold="9" maxThreshold="32" />
  <references type="weak" candidates="1133" cleared="552" enqueued="552" />
  <references type="phantom" candidates="2" cleared="0" enqueued="0" />
</gc-op>
<gc-end id="693" type="scavenge" contextid="689" durationms="7.758" usertimems="15.062" systemtimems="6.314" timestamp="2020-05-10T03:10:28.538" activeThreads="8">
  <mem-info id="694" free="37860600" total="92209152" percent="41">
    <mem type="nursery" free="27567264" total="40239104" percent="68">
      <mem type="allocate" free="27567264" total="32636928" percent="84" />
      <mem type="survivor" free="0" total="7602176" percent="0" />
    </mem>
    <mem type="tenure" free="10293336" total="51970048" percent="19">
      <mem type="soa" free="7694424" total="49371136" percent="15" />
      <mem type="loa" free="2598912" total="2598912" percent="100" />
    </mem>
    <pending-finalizers system="446" default="1" reference="552" classloader="0" />
    <remembered-set count="5884" />
  </mem-info>
</gc-end>
<cycle-end id="695" type="scavenge" contextid="689" timestamp="2020-05-10T03:10:28.539" />
<allocation-satisfied id="696" threadId="0000000004AC6600" bytesRequested="88" />
<af-end id="697" timestamp="2020-05-10T03:10:28.540" threadId="0000000004AC6F80" success="true" from="nursery"/>
<exclusive-end id="698" timestamp="2020-05-10T03:10:28.540" durationms="10.655" />

<exclusive-start id="699" timestamp="2020-05-10T03:10:29.283" intervalms="753.892">
  <response-info timems="0.095" idlems="0.095" threads="0" lastid="00000000044EA500" lastname="server.startup : 1" />
</exclusive-start>
<af-start id="700" threadId="00000000044EAE80" totalBytesRequested="7872" timestamp="2020-05-10T03:10:29.284" intervalms="753.910" type="nursery" />
<cycle-start id="701" type="scavenge" contextid="0" timestamp="2020-05-10T03:10:29.284" intervalms="753.846" />
<gc-start id="702" type="scavenge" contextid="701" timestamp="2020-05-10T03:10:29.285">
  <mem-info id="703" free="10069728" total="92209152" percent="10">
    <mem type="nursery" free="0" total="40239104" percent="0">
      <mem type="allocate" free="0" total="32636928" percent="0" />
      <mem type="survivor" free="0" total="7602176" percent="0" />
    </mem>
    <mem type="tenure" free="10069728" total="51970048" percent="19">
      <mem type="soa" free="7470816" total="49371136" percent="15" />
      <mem type="loa" free="2598912" total="2598912" percent="100" />
    </mem>
    <remembered-set count="9284" />
  </mem-info>
</gc-start>
<allocation-stats totalBytes="27739552" >
  <allocated-bytes non-tlh="370120" tlh="27369432" />
  <largest-consumer threadName="server.startup : 1" threadId="00000000044EA500" bytes="16459448" />
</allocation-stats>
<gc-op id="704" type="scavenge" timems="5.661" contextid="701" timestamp="2020-05-10T03:10:29.291">
  <scavenger-info tenureage="5" tenuremask="4020" tiltratio="81" />
  <memory-copied type="nursery" objects="160231" bytes="7234144" bytesdiscarded="232696" />
  <memory-copied type="tenure" objects="10867" bytes="515936" bytesdiscarded="104" />
  <finalization candidates="560" enqueued="471" />
  <ownableSynchronizers candidates="392" cleared="67" />
  <references type="soft" candidates="1250" cleared="0" enqueued="0" dynamicThreshold="9" maxThreshold="32" />
  <references type="weak" candidates="628" cleared="77" enqueued="77" />
  <references type="phantom" candidates="2" cleared="0" enqueued="0" />
</gc-op>
<gc-end id="705" type="scavenge" contextid="701" durationms="7.091" usertimems="23.456" systemtimems="2.885" timestamp="2020-05-10T03:10:29.292" activeThreads="8">
  <mem-info id="706" free="32078888" total="92209152" percent="34">
    <mem type="nursery" free="22542672" total="40239104" percent="56">
      <mem type="allocate" free="22542672" total="30015488" percent="75" />
      <mem type="survivor" free="0" total="10223616" percent="0" />
    </mem>
    <mem type="tenure" free="9536216" total="51970048" percent="18">
      <mem type="soa" free="6937304" total="49371136" percent="14" />
      <mem type="loa" free="2598912" total="2598912" percent="100" />
    </mem>
    <pending-finalizers system="461" default="10" reference="77" classloader="0" />
    <remembered-set count="7516" />
  </mem-info>
</gc-end>
<cycle-end id="707" type="scavenge" contextid="701" timestamp="2020-05-10T03:10:29.292" />
<allocation-satisfied id="708" threadId="00000000044EA500" bytesRequested="7872" />
<af-end id="709" timestamp="2020-05-10T03:10:29.293" threadId="00000000044EAE80" success="true" from="nursery"/>
<exclusive-end id="710" timestamp="2020-05-10T03:10:29.293" durationms="10.171" />

<exclusive-start id="711" timestamp="2020-05-10T03:10:29.439" intervalms="155.730">
  <response-info timems="0.184" idlems="0.184" threads="0" lastid="00000000044EA500" lastname="server.startup : 1" />
</exclusive-start>
<af-start id="712" threadId="00000000044EAE80" totalBytesRequested="8200" timestamp="2020-05-10T03:10:29.439" intervalms="155.846" type="nursery" />
<cycle-start id="713" type="scavenge" contextid="0" timestamp="2020-05-10T03:10:29.440" intervalms="155.976" />
<gc-start id="714" type="scavenge" contextid="713" timestamp="2020-05-10T03:10:29.441">
  <mem-info id="715" free="9521160" total="92209152" percent="10">
    <mem type="nursery" free="0" total="40239104" percent="0">
      <mem type="allocate" free="0" total="30015488" percent="0" />
      <mem type="survivor" free="0" total="10223616" percent="0" />
    </mem>
    <mem type="tenure" free="9521160" total="51970048" percent="18">
      <mem type="soa" free="6922248" total="49371136" percent="14" />
      <mem type="loa" free="2598912" total="2598912" percent="100" />
    </mem>
    <remembered-set count="7680" />
  </mem-info>
</gc-start>
<allocation-stats totalBytes="22525648" >
  <allocated-bytes non-tlh="318920" tlh="22206728" />
  <largest-consumer threadName="server.startup : 1" threadId="00000000044EA500" bytes="21324760" />
</allocation-stats>
<gc-op id="716" type="scavenge" timems="13.093" contextid="713" timestamp="2020-05-10T03:10:29.454">
  <scavenger-info tenureage="14" tenuremask="4000" tiltratio="74" />
  <memory-copied type="nursery" objects="227098" bytes="10209608" bytesdiscarded="5504" />
  <memory-copied type="tenure" objects="1252" bytes="1899504" bytesdiscarded="9600" />
  <copy-failed type="nursery" objects="1252" bytes="1899504" />
  <finalization candidates="1392" enqueued="1302" />
  <ownableSynchronizers candidates="325" cleared="0" />
  <references type="soft" candidates="1250" cleared="0" enqueued="0" dynamicThreshold="9" maxThreshold="32" />
  <references type="weak" candidates="567" cleared="13" enqueued="13" />
  <references type="phantom" candidates="2" cleared="0" enqueued="0" />
</gc-op>
<heap-resize id="717" type="expand" space="nursery" amount="1835008" count="1" timems="0.065" reason="excessive time being spent scavenging" timestamp="2020-05-10T03:10:29.455" />
<gc-end id="718" type="scavenge" contextid="713" durationms="15.425" usertimems="45.912" systemtimems="4.232" timestamp="2020-05-10T03:10:29.456" activeThreads="8">
  <mem-info id="719" free="19475536" total="94044160" percent="20">
    <mem type="nursery" free="11862016" total="42074112" percent="28">
      <mem type="allocate" free="11862016" total="22085632" percent="53" />
      <mem type="survivor" free="0" total="19988480" percent="0" />
    </mem>
    <mem type="tenure" free="7613520" total="51970048" percent="14">
      <mem type="soa" free="5014608" total="49371136" percent="10" />
      <mem type="loa" free="2598912" total="2598912" percent="100" />
    </mem>
    <pending-finalizers system="1302" default="0" reference="13" classloader="0" />
    <remembered-set count="5296" />
  </mem-info>
</gc-end>
<cycle-end id="720" type="scavenge" contextid="713" timestamp="2020-05-10T03:10:29.457" />
<allocation-satisfied id="721" threadId="00000000044EA500" bytesRequested="8200" />
<af-end id="722" timestamp="2020-05-10T03:10:29.458" threadId="00000000044EAE80" success="true" from="nursery"/>
<exclusive-end id="723" timestamp="2020-05-10T03:10:29.458" durationms="19.271" />

<exclusive-start id="724" timestamp="2020-05-10T03:10:29.521" intervalms="82.373">
  <response-info timems="0.103" idlems="0.103" threads="0" lastid="00000000044EA500" lastname="server.startup : 1" />
</exclusive-start>
<af-start id="725" threadId="00000000044EAE80" totalBytesRequested="8200" timestamp="2020-05-10T03:10:29.522" intervalms="82.451" type="nursery" />
<cycle-start id="726" type="scavenge" contextid="0" timestamp="2020-05-10T03:10:29.522" intervalms="82.377" />
<gc-start id="727" type="scavenge" contextid="726" timestamp="2020-05-10T03:10:29.523">
  <mem-info id="728" free="7605048" total="94044160" percent="8">
    <mem type="nursery" free="0" total="42074112" percent="0">
      <mem type="allocate" free="0" total="22085632" percent="0" />
      <mem type="survivor" free="0" total="19988480" percent="0" />
    </mem>
    <mem type="tenure" free="7605048" total="51970048" percent="14">
      <mem type="soa" free="5006136" total="49371136" percent="10" />
      <mem type="loa" free="2598912" total="2598912" percent="100" />
    </mem>
    <remembered-set count="5420" />
  </mem-info>
</gc-start>
<allocation-stats totalBytes="11858240" >
  <allocated-bytes non-tlh="106936" tlh="11751304" />
  <largest-consumer threadName="server.startup : 1" threadId="00000000044EA500" bytes="10907240" />
</allocation-stats>
<gc-op id="729" type="scavenge" timems="8.271" contextid="726" timestamp="2020-05-10T03:10:29.532">
  <scavenger-info tenureage="3" tenuremask="6048" tiltratio="52" />
  <memory-copied type="nursery" objects="204846" bytes="9888008" bytesdiscarded="236952" />
  <memory-copied type="tenure" objects="48359" bytes="1991856" bytesdiscarded="960" />
  <finalization candidates="757" enqueued="667" />
  <ownableSynchronizers candidates="325" cleared="0" />
  <references type="soft" candidates="211" cleared="0" enqueued="0" dynamicThreshold="9" maxThreshold="32" />
  <references type="weak" candidates="178" cleared="17" enqueued="15" />
  <references type="phantom" candidates="2" cleared="0" enqueued="0" />
</gc-op>
<heap-resize id="730" type="expand" space="nursery" amount="2228224" count="1" timems="0.068" reason="excessive time being spent scavenging" timestamp="2020-05-10T03:10:29.533" />
<gc-end id="731" type="scavenge" contextid="726" durationms="10.150" usertimems="30.537" systemtimems="4.646" timestamp="2020-05-10T03:10:29.533" activeThreads="8">
  <mem-info id="732" free="20830800" total="96272384" percent="21">
    <mem type="nursery" free="15233080" total="44302336" percent="34">
      <mem type="allocate" free="15233080" total="25362432" percent="60" />
      <mem type="survivor" free="0" total="18939904" percent="0" />
    </mem>
    <mem type="tenure" free="5597720" total="51970048" percent="10">
      <mem type="soa" free="2998808" total="49371136" percent="6" />
      <mem type="loa" free="2598912" total="2598912" percent="100" />
    </mem>
    <pending-finalizers system="667" default="0" reference="15" classloader="0" />
    <remembered-set count="2816" />
  </mem-info>
</gc-end>
<cycle-end id="733" type="scavenge" contextid="726" timestamp="2020-05-10T03:10:29.534" />
<allocation-satisfied id="734" threadId="00000000044EA500" bytesRequested="8200" />
<af-end id="735" timestamp="2020-05-10T03:10:29.535" threadId="00000000044EAE80" success="true" from="nursery"/>
<exclusive-end id="736" timestamp="2020-05-10T03:10:29.535" durationms="13.611" />

<concurrent-kickoff id="737" timestamp="2020-05-10T03:10:29.602">
  <kickoff reason="threshold reached" targetBytes="17520103" thresholdFreeBytes="2428565"  remainingFree="2392120" tenureFreeBytes="5573664" nurseryFreeBytes="2392120" />
</concurrent-kickoff>
<exclusive-start id="738" timestamp="2020-05-10T03:10:29.603" intervalms="81.212">
  <response-info timems="0.169" idlems="0.169" threads="0" lastid="00000000044EA500" lastname="server.startup : 1" />
</exclusive-start>
<cycle-start id="739" type="global" contextid="0" timestamp="2020-05-10T03:10:29.603" intervalms="3826.970" />
<exclusive-end id="740" timestamp="2020-05-10T03:10:29.603" durationms="0.729" />

<exclusive-start id="741" timestamp="2020-05-10T03:10:29.651" intervalms="48.108">
  <response-info timems="0.090" idlems="0.090" threads="0" lastid="00000000044EA500" lastname="server.startup : 1" />
</exclusive-start>
<af-start id="742" threadId="00000000044EAE80" totalBytesRequested="1152" timestamp="2020-05-10T03:10:29.651" intervalms="129.116" type="nursery" />
<percolate-collect id="743" from="nursery" to="global" reason="concurrent mark exhausted" timestamp="2020-05-10T03:10:29.651"/>
<gc-start id="744" type="global" contextid="739" timestamp="2020-05-10T03:10:29.652">
  <mem-info id="745" free="5573664" total="96272384" percent="5">
    <mem type="nursery" free="0" total="44302336" percent="0">
      <mem type="allocate" free="0" total="25362432" percent="0" />
      <mem type="survivor" free="0" total="18939904" percent="0" />
    </mem>
    <mem type="tenure" free="5573664" total="51970048" percent="10">
      <mem type="soa" free="2974752" total="49371136" percent="6" />
      <mem type="loa" free="2598912" total="2598912" percent="100" />
    </mem>
    <remembered-set count="3044" />
  </mem-info>
</gc-start>
<allocation-stats totalBytes="15235176" >
  <allocated-bytes non-tlh="163336" tlh="15071840" />
  <largest-consumer threadName="server.startup : 1" threadId="00000000044EA500" bytes="14026648" />
</allocation-stats>
<concurrent-halted id="746" timestamp="2020-05-10T03:10:29.652">
  <halted state="Complete" status="exhausted" />
  <traced bytesTarget="17520103" bytesTotal="24871108" bytesByMutator="9895640" bytesByHelper="14975468" percent="141" />
  <cards cleaned="29" thresholdBytes="956707" />
</concurrent-halted>
<gc-op id="747" type="rs-scan" timems="2.055" contextid="739" timestamp="2020-05-10T03:10:29.655">
  <scan objectsFound="1534" bytesTraced="1548980" workStackOverflowCount="0" />
</gc-op>
<gc-op id="748" type="card-cleaning" timems="0.715" contextid="739" timestamp="2020-05-10T03:10:29.656">
  <card-cleaning cardsCleaned="5" bytesTraced="1057140" workStackOverflowCount="0" />
</gc-op>
<gc-op id="749" type="mark" timems="10.569" contextid="739" timestamp="2020-05-10T03:10:29.667">
  <trace-info objectcount="163018" scancount="144290" scanbytes="4755020" />
  <finalization candidates="2155" enqueued="1111" />
  <ownableSynchronizers candidates="1933" cleared="4" />
  <references type="soft" candidates="8325" cleared="0" enqueued="0" dynamicThreshold="9" maxThreshold="32" />
  <references type="weak" candidates="19164" cleared="12" enqueued="9" />
  <references type="phantom" candidates="20" cleared="0" enqueued="0" />
  <stringconstants candidates="58075" cleared="134"  />
</gc-op>
<gc-op id="750" type="classunload" timems="0.105" contextid="739" timestamp="2020-05-10T03:10:29.667">
  <classunload-info classloadercandidates="371" classloadersunloaded="3" classesunloaded="0" anonymousclassesunloaded="0" quiescems="0.000" setupms="0.037" scanms="0.035" postms="0.033" />
</gc-op>
<gc-op id="751" type="sweep" timems="1.298" contextid="739" timestamp="2020-05-10T03:10:29.669" />
<heap-resize id="752" type="expand" space="tenure" amount="10158080" count="1" timems="0.233" reason="insufficient free space following gc" timestamp="2020-05-10T03:10:29.670" />
<gc-end id="753" type="global" contextid="739" durationms="18.539" usertimems="33.582" systemtimems="9.244" timestamp="2020-05-10T03:10:29.670" activeThreads="8">
  <mem-info id="754" free="29366728" total="106430464" percent="27">
    <mem type="nursery" free="10713904" total="44302336" percent="24">
      <mem type="allocate" free="10713904" total="25362432" percent="42" />
      <mem type="survivor" free="0" total="18939904" percent="0" />
    </mem>
    <mem type="tenure" free="18652824" total="62128128" percent="30" micro-fragmented="352042" macro-fragmented="0">
      <mem type="soa" free="15546008" total="59021312" percent="26" />
      <mem type="loa" free="3106816" total="3106816" percent="100" />
    </mem>
    <pending-finalizers system="1111" default="0" reference="9" classloader="0" />
    <remembered-set count="2598" />
  </mem-info>
</gc-end>
<cycle-end id="755" type="global" contextid="739" timestamp="2020-05-10T03:10:29.671" />
<allocation-satisfied id="756" threadId="00000000044EA500" bytesRequested="1152" />
<af-end id="757" timestamp="2020-05-10T03:10:29.672" threadId="00000000044EAE80" success="true" from="nursery"/>
<exclusive-end id="758" timestamp="2020-05-10T03:10:29.672" durationms="21.412" />

<exclusive-start id="759" timestamp="2020-05-10T03:10:29.738" intervalms="87.351">
  <response-info timems="0.143" idlems="0.143" threads="0" lastid="00000000044EA500" lastname="server.startup : 1" />
</exclusive-start>
<af-start id="760" threadId="00000000044EAE80" totalBytesRequested="8200" timestamp="2020-05-10T03:10:29.739" intervalms="87.468" type="nursery" />
<cycle-start id="761" type="scavenge" contextid="0" timestamp="2020-05-10T03:10:29.739" intervalms="216.656" />
<gc-start id="762" type="scavenge" contextid="761" timestamp="2020-05-10T03:10:29.740">
  <mem-info id="763" free="18652824" total="106430464" percent="17">
    <mem type="nursery" free="0" total="44302336" percent="0">
      <mem type="allocate" free="0" total="25362432" percent="0" />
      <mem type="survivor" free="0" total="18939904" percent="0" />
    </mem>
    <mem type="tenure" free="18652824" total="62128128" percent="30">
      <mem type="soa" free="15546008" total="59021312" percent="26" />
      <mem type="loa" free="3106816" total="3106816" percent="100" />
    </mem>
    <remembered-set count="2609" />
  </mem-info>
</gc-start>
<allocation-stats totalBytes="10598096" >
  <allocated-bytes non-tlh="1561600" tlh="9036496" />
  <largest-consumer threadName="server.startup : 1" threadId="00000000044EA500" bytes="10212768" />
</allocation-stats>
<gc-op id="764" type="scavenge" timems="9.154" contextid="761" timestamp="2020-05-10T03:10:29.749">
  <scavenger-info tenureage="9" tenuremask="7200" tiltratio="57" />
  <memory-copied type="nursery" objects="257227" bytes="11742768" bytesdiscarded="205616" />
  <memory-copied type="tenure" objects="1570" bytes="88360" bytesdiscarded="1256" />
  <finalization candidates="841" enqueued="788" />
  <ownableSynchronizers candidates="3762" cleared="3666" />
  <references type="soft" candidates="211" cleared="0" enqueued="0" dynamicThreshold="9" maxThreshold="32" />
  <references type="weak" candidates="171" cleared="12" enqueued="12" />
  <references type="phantom" candidates="2" cleared="0" enqueued="0" />
</gc-op>
<gc-end id="765" type="scavenge" contextid="761" durationms="10.783" usertimems="33.777" systemtimems="3.720" timestamp="2020-05-10T03:10:29.750" activeThreads="8">
  <mem-info id="766" free="35111304" total="106430464" percent="32">
    <mem type="nursery" free="16554992" total="44302336" percent="37">
      <mem type="allocate" free="16554992" total="28508160" percent="58" />
      <mem type="survivor" free="0" total="15794176" percent="0" />
    </mem>
    <mem type="tenure" free="18556312" total="62128128" percent="29">
      <mem type="soa" free="15449496" total="59021312" percent="26" />
      <mem type="loa" free="3106816" total="3106816" percent="100" />
    </mem>
    <pending-finalizers system="788" default="0" reference="12" classloader="0" />
    <remembered-set count="2568" />
  </mem-info>
</gc-end>
<cycle-end id="767" type="scavenge" contextid="761" timestamp="2020-05-10T03:10:29.751" />
<allocation-satisfied id="768" threadId="00000000044EA500" bytesRequested="8200" />
<af-end id="769" timestamp="2020-05-10T03:10:29.752" threadId="00000000044EAE80" success="true" from="nursery"/>
<exclusive-end id="770" timestamp="2020-05-10T03:10:29.752" durationms="14.484" />

<exclusive-start id="771" timestamp="2020-05-10T03:10:29.828" intervalms="90.436">
  <response-info timems="0.188" idlems="0.125" threads="1" lastid="0000000002627600" lastname="JIT Compilation Thread-000" />
</exclusive-start>
<af-start id="772" threadId="00000000044EAE80" totalBytesRequested="4056" timestamp="2020-05-10T03:10:29.829" intervalms="90.425" type="nursery" />
<cycle-start id="773" type="scavenge" contextid="0" timestamp="2020-05-10T03:10:29.829" intervalms="90.431" />
<gc-start id="774" type="scavenge" contextid="773" timestamp="2020-05-10T03:10:29.830">
  <mem-info id="775" free="18556312" total="106430464" percent="17">
    <mem type="nursery" free="0" total="44302336" percent="0">
      <mem type="allocate" free="0" total="28508160" percent="0" />
      <mem type="survivor" free="0" total="15794176" percent="0" />
    </mem>
    <mem type="tenure" free="18556312" total="62128128" percent="29">
      <mem type="soa" free="15449496" total="59021312" percent="26" />
      <mem type="loa" free="3106816" total="3106816" percent="100" />
    </mem>
    <remembered-set count="2575" />
  </mem-info>
</gc-start>
<allocation-stats totalBytes="16531440" >
  <allocated-bytes non-tlh="222960" tlh="16308480" />
  <largest-consumer threadName="server.startup : 1" threadId="00000000044EA500" bytes="15982688" />
</allocation-stats>
<gc-op id="776" type="scavenge" timems="9.386" contextid="773" timestamp="2020-05-10T03:10:29.840">
  <scavenger-info tenureage="4" tenuremask="7890" tiltratio="64" />
  <memory-copied type="nursery" objects="210104" bytes="10536736" bytesdiscarded="170048" />
  <memory-copied type="tenure" objects="75688" bytes="3432664" bytesdiscarded="5424" />
  <finalization candidates="1051" enqueued="1000" />
  <ownableSynchronizers candidates="94" cleared="0" />
  <references type="soft" candidates="65" cleared="0" enqueued="0" dynamicThreshold="9" maxThreshold="32" />
  <references type="weak" candidates="90" cleared="11" enqueued="11" />
  <references type="phantom" candidates="2" cleared="0" enqueued="0" />
</gc-op>
<heap-resize id="777" type="expand" space="nursery" amount="2621440" count="1" timems="0.069" reason="excessive time being spent scavenging" timestamp="2020-05-10T03:10:29.841" />
<gc-end id="778" type="scavenge" contextid="773" durationms="11.555" usertimems="36.768" systemtimems="2.677" timestamp="2020-05-10T03:10:29.842" activeThreads="8">
  <mem-info id="779" free="34929576" total="109051904" percent="32">
    <mem type="nursery" free="20024968" total="46923776" percent="42">
      <mem type="allocate" free="20024968" total="30736384" percent="65" />
      <mem type="survivor" free="0" total="16187392" percent="0" />
    </mem>
    <mem type="tenure" free="14904608" total="62128128" percent="23">
      <mem type="soa" free="11797792" total="59021312" percent="19" />
      <mem type="loa" free="3106816" total="3106816" percent="100" />
    </mem>
    <pending-finalizers system="1000" default="0" reference="11" classloader="0" />
    <remembered-set count="3293" />
  </mem-info>
</gc-end>
<cycle-end id="780" type="scavenge" contextid="773" timestamp="2020-05-10T03:10:29.842" />
<allocation-satisfied id="781" threadId="00000000044EA500" bytesRequested="4056" />
<af-end id="782" timestamp="2020-05-10T03:10:29.843" threadId="00000000044EAE80" success="true" from="nursery"/>
<exclusive-end id="783" timestamp="2020-05-10T03:10:29.844" durationms="15.433" />

<exclusive-start id="784" timestamp="2020-05-10T03:10:29.929" intervalms="100.289">
  <response-info timems="0.208" idlems="0.208" threads="0" lastid="00000000044EA500" lastname="server.startup : 1" />
</exclusive-start>
<af-start id="785" threadId="00000000044EAE80" totalBytesRequested="13288" timestamp="2020-05-10T03:10:29.929" intervalms="100.235" type="nursery" />
<cycle-start id="786" type="scavenge" contextid="0" timestamp="2020-05-10T03:10:29.930" intervalms="100.145" />
<gc-start id="787" type="scavenge" contextid="786" timestamp="2020-05-10T03:10:29.930">
  <mem-info id="788" free="14904608" total="109051904" percent="13">
    <mem type="nursery" free="0" total="46923776" percent="0">
      <mem type="allocate" free="0" total="30736384" percent="0" />
      <mem type="survivor" free="0" total="16187392" percent="0" />
    </mem>
    <mem type="tenure" free="14904608" total="62128128" percent="23">
      <mem type="soa" free="11797792" total="59021312" percent="19" />
      <mem type="loa" free="3106816" total="3106816" percent="100" />
    </mem>
    <remembered-set count="3541" />
  </mem-info>
</gc-start>
<allocation-stats totalBytes="19999856" >
  <allocated-bytes non-tlh="77680" tlh="19922176" />
  <largest-consumer threadName="server.startup : 1" threadId="00000000044EA500" bytes="19484776" />
</allocation-stats>
<gc-op id="789" type="scavenge" timems="7.377" contextid="786" timestamp="2020-05-10T03:10:29.938">
  <scavenger-info tenureage="10" tenuremask="7c00" tiltratio="65" />
  <memory-copied type="nursery" objects="231674" bytes="11787568" bytesdiscarded="189240" />
  <finalization candidates="1270" enqueued="1238" />
  <ownableSynchronizers candidates="44" cleared="0" />
  <references type="soft" candidates="65" cleared="0" enqueued="0" dynamicThreshold="9" maxThreshold="32" />
  <references type="weak" candidates="86" cleared="5" enqueued="5" />
  <references type="phantom" candidates="2" cleared="0" enqueued="0" />
</gc-op>
<gc-end id="790" type="scavenge" contextid="786" durationms="8.873" usertimems="28.885" systemtimems="2.577" timestamp="2020-05-10T03:10:29.939" activeThreads="8">
  <mem-info id="791" free="35100360" total="109051904" percent="32">
    <mem type="nursery" free="20195752" total="46923776" percent="43">
      <mem type="allocate" free="20195752" total="32178176" percent="62" />
      <mem type="survivor" free="0" total="14745600" percent="0" />
    </mem>
    <mem type="tenure" free="14904608" total="62128128" percent="23">
      <mem type="soa" free="11797792" total="59021312" percent="19" />
      <mem type="loa" free="3106816" total="3106816" percent="100" />
    </mem>
    <pending-finalizers system="1238" default="0" reference="5" classloader="0" />
    <remembered-set count="3511" />
  </mem-info>
</gc-end>
<cycle-end id="792" type="scavenge" contextid="786" timestamp="2020-05-10T03:10:29.940" />
<allocation-satisfied id="793" threadId="00000000044EA500" bytesRequested="13288" />
<af-end id="794" timestamp="2020-05-10T03:10:29.941" threadId="00000000044EAE80" success="true" from="nursery"/>
<exclusive-end id="795" timestamp="2020-05-10T03:10:29.941" durationms="12.294" />

<exclusive-start id="796" timestamp="2020-05-10T03:10:30.015" intervalms="86.522">
  <response-info timems="0.085" idlems="0.085" threads="0" lastid="00000000044EA500" lastname="server.startup : 1" />
</exclusive-start>
<af-start id="797" threadId="00000000044EAE80" totalBytesRequested="8200" timestamp="2020-05-10T03:10:30.016" intervalms="86.548" type="nursery" />
<cycle-start id="798" type="scavenge" contextid="0" timestamp="2020-05-10T03:10:30.016" intervalms="86.609" />
<gc-start id="799" type="scavenge" contextid="798" timestamp="2020-05-10T03:10:30.017">
  <mem-info id="800" free="14904480" total="109051904" percent="13">
    <mem type="nursery" free="0" total="46923776" percent="0">
      <mem type="allocate" free="0" total="32178176" percent="0" />
      <mem type="survivor" free="0" total="14745600" percent="0" />
    </mem>
    <mem type="tenure" free="14904480" total="62128128" percent="23">
      <mem type="soa" free="11797664" total="59021312" percent="19" />
      <mem type="loa" free="3106816" total="3106816" percent="100" />
    </mem>
    <remembered-set count="3934" />
  </mem-info>
</gc-start>
<allocation-stats totalBytes="20177144" >
  <allocated-bytes non-tlh="761808" tlh="19415336" />
  <largest-consumer threadName="server.startup : 1" threadId="00000000044EA500" bytes="19673944" />
</allocation-stats>
<gc-op id="801" type="scavenge" timems="7.408" contextid="798" timestamp="2020-05-10T03:10:30.025">
  <scavenger-info tenureage="4" tenuremask="7e10" tiltratio="68" />
  <memory-copied type="nursery" objects="199611" bytes="10465176" bytesdiscarded="146784" />
  <memory-copied type="tenure" objects="28865" bytes="1204784" bytesdiscarded="624" />
  <finalization candidates="1403" enqueued="1370" />
  <ownableSynchronizers candidates="44" cleared="0" />
  <references type="soft" candidates="61" cleared="0" enqueued="0" dynamicThreshold="9" maxThreshold="32" />
  <references type="weak" candidates="85" cleared="11" enqueued="11" />
  <references type="phantom" candidates="2" cleared="0" enqueued="0" />
</gc-op>
<heap-resize id="802" type="expand" space="nursery" amount="2621440" count="1" timems="0.064" reason="excessive time being spent scavenging" timestamp="2020-05-10T03:10:30.026" />
<gc-end id="803" type="scavenge" contextid="798" durationms="9.252" usertimems="32.906" systemtimems="0.000" timestamp="2020-05-10T03:10:30.026" activeThreads="8">
  <mem-info id="804" free="37372600" total="111673344" percent="33">
    <mem type="nursery" free="23657248" total="49545216" percent="47">
      <mem type="allocate" free="23657248" total="34275328" percent="69" />
      <mem type="survivor" free="0" total="15269888" percent="0" />
    </mem>
    <mem type="tenure" free="13715352" total="62128128" percent="22">
      <mem type="soa" free="10608536" total="59021312" percent="17" />
      <mem type="loa" free="3106816" total="3106816" percent="100" />
    </mem>
    <pending-finalizers system="1370" default="0" reference="11" classloader="0" />
    <remembered-set count="8226" />
  </mem-info>
</gc-end>
<cycle-end id="805" type="scavenge" contextid="798" timestamp="2020-05-10T03:10:30.027" />
<allocation-satisfied id="806" threadId="00000000044EA500" bytesRequested="8200" />
<af-end id="807" timestamp="2020-05-10T03:10:30.027" threadId="00000000044EAE80" success="true" from="nursery"/>
<exclusive-end id="808" timestamp="2020-05-10T03:10:30.028" durationms="12.633" />

<exclusive-start id="809" timestamp="2020-05-10T03:10:30.108" intervalms="92.945">
  <response-info timems="0.082" idlems="0.082" threads="0" lastid="00000000044EA500" lastname="server.startup : 1" />
</exclusive-start>
<af-start id="810" threadId="00000000044EAE80" totalBytesRequested="3696" timestamp="2020-05-10T03:10:30.109" intervalms="92.968" type="nursery" />
<cycle-start id="811" type="scavenge" contextid="0" timestamp="2020-05-10T03:10:30.109" intervalms="92.959" />
<gc-start id="812" type="scavenge" contextid="811" timestamp="2020-05-10T03:10:30.110">
  <mem-info id="813" free="13715352" total="111673344" percent="12">
    <mem type="nursery" free="0" total="49545216" percent="0">
      <mem type="allocate" free="0" total="34275328" percent="0" />
      <mem type="survivor" free="0" total="15269888" percent="0" />
    </mem>
    <mem type="tenure" free="13715352" total="62128128" percent="22">
      <mem type="soa" free="10608536" total="59021312" percent="17" />
      <mem type="loa" free="3106816" total="3106816" percent="100" />
    </mem>
    <remembered-set count="8584" />
  </mem-info>
</gc-start>
<allocation-stats totalBytes="23617024" >
  <allocated-bytes non-tlh="8200" tlh="23608824" />
  <largest-consumer threadName="server.startup : 1" threadId="00000000044EA500" bytes="23016936" />
</allocation-stats>
<gc-op id="814" type="scavenge" timems="9.927" contextid="811" timestamp="2020-05-10T03:10:30.120">
  <scavenger-info tenureage="6" tenuremask="7f40" tiltratio="69" />
  <memory-copied type="nursery" objects="174820" bytes="9843848" bytesdiscarded="242264" />
  <memory-copied type="tenure" objects="55803" bytes="2251040" bytesdiscarded="392" />
  <finalization candidates="1783" enqueued="1750" />
  <ownableSynchronizers candidates="44" cleared="0" />
  <references type="soft" candidates="1" cleared="0" enqueued="0" dynamicThreshold="9" maxThreshold="32" />
  <references type="weak" candidates="12" cleared="5" enqueued="5" />
</gc-op>
<heap-resize id="815" type="expand" space="nursery" amount="2621440" count="1" timems="0.062" reason="excessive time being spent scavenging" timestamp="2020-05-10T03:10:30.121" />
<gc-end id="816" type="scavenge" contextid="811" durationms="11.993" usertimems="32.343" systemtimems="6.391" timestamp="2020-05-10T03:10:30.122" activeThreads="8">
  <mem-info id="817" free="38776032" total="114294784" percent="33">
    <mem type="nursery" free="27393400" total="52166656" percent="52">
      <mem type="allocate" free="27393400" total="37486592" percent="73" />
      <mem type="survivor" free="0" total="14680064" percent="0" />
    </mem>
    <mem type="tenure" free="11382632" total="62128128" percent="18">
      <mem type="soa" free="8275816" total="59021312" percent="14" />
      <mem type="loa" free="3106816" total="3106816" percent="100" />
    </mem>
    <pending-finalizers system="1750" default="0" reference="5" classloader="0" />
    <remembered-set count="6655" />
  </mem-info>
</gc-end>
<cycle-end id="818" type="scavenge" contextid="811" timestamp="2020-05-10T03:10:30.123" />
<allocation-satisfied id="819" threadId="00000000044EA500" bytesRequested="3696" />
<af-end id="820" timestamp="2020-05-10T03:10:30.124" threadId="00000000044EAE80" success="true" from="nursery"/>
<exclusive-end id="821" timestamp="2020-05-10T03:10:30.124" durationms="16.034" />

<exclusive-start id="822" timestamp="2020-05-10T03:10:30.253" intervalms="144.847">
  <response-info timems="0.078" idlems="0.078" threads="0" lastid="00000000044EA500" lastname="server.startup : 1" />
</exclusive-start>
<af-start id="823" threadId="00000000044EAE80" totalBytesRequested="24" timestamp="2020-05-10T03:10:30.253" intervalms="144.718" type="nursery" />
<cycle-start id="824" type="scavenge" contextid="0" timestamp="2020-05-10T03:10:30.254" intervalms="144.525" />
<gc-start id="825" type="scavenge" contextid="824" timestamp="2020-05-10T03:10:30.254">
  <mem-info id="826" free="11381888" total="114294784" percent="9">
    <mem type="nursery" free="0" total="52166656" percent="0">
      <mem type="allocate" free="0" total="37486592" percent="0" />
      <mem type="survivor" free="0" total="14680064" percent="0" />
    </mem>
    <mem type="tenure" free="11381888" total="62128128" percent="18">
      <mem type="soa" free="8275072" total="59021312" percent="14" />
      <mem type="loa" free="3106816" total="3106816" percent="100" />
    </mem>
    <remembered-set count="7802" />
  </mem-info>
</gc-start>
<allocation-stats totalBytes="27375984" >
  <allocated-bytes non-tlh="4440" tlh="27371544" />
  <largest-consumer threadName="server.startup : 1" threadId="00000000044EA500" bytes="26428280" />
</allocation-stats>
<gc-op id="827" type="scavenge" timems="7.230" contextid="824" timestamp="2020-05-10T03:10:30.262">
  <scavenger-info tenureage="8" tenuremask="7f00" tiltratio="71" />
  <memory-copied type="nursery" objects="198463" bytes="10828480" bytesdiscarded="393528" />
  <finalization candidates="1917" enqueued="1898" />
  <ownableSynchronizers candidates="2" cleared="0" />
  <references type="soft" candidates="4" cleared="0" enqueued="0" dynamicThreshold="9" maxThreshold="32" />
  <references type="weak" candidates="41" cleared="31" enqueued="31" />
  <references type="phantom" candidates="2" cleared="0" enqueued="0" />
</gc-op>
<gc-end id="828" type="scavenge" contextid="824" durationms="8.588" usertimems="26.652" systemtimems="3.023" timestamp="2020-05-10T03:10:30.263" activeThreads="8">
  <mem-info id="829" free="38556208" total="114294784" percent="33">
    <mem type="nursery" free="27174320" total="52166656" percent="52">
      <mem type="allocate" free="27174320" total="38404096" percent="70" />
      <mem type="survivor" free="0" total="13762560" percent="0" />
    </mem>
    <mem type="tenure" free="11381888" total="62128128" percent="18">
      <mem type="soa" free="8275072" total="59021312" percent="14" />
      <mem type="loa" free="3106816" total="3106816" percent="100" />
    </mem>
    <pending-finalizers system="1898" default="0" reference="31" classloader="0" />
    <remembered-set count="7259" />
  </mem-info>
</gc-end>
<cycle-end id="830" type="scavenge" contextid="824" timestamp="2020-05-10T03:10:30.263" />
<allocation-satisfied id="831" threadId="00000000044EA500" bytesRequested="24" />
<af-end id="832" timestamp="2020-05-10T03:10:30.264" threadId="00000000044EAE80" success="true" from="nursery"/>
<exclusive-end id="833" timestamp="2020-05-10T03:10:30.265" durationms="11.508" />

<exclusive-start id="834" timestamp="2020-05-10T03:10:30.399" intervalms="145.653">
  <response-info timems="0.083" idlems="0.083" threads="0" lastid="00000000044EA500" lastname="server.startup : 1" />
</exclusive-start>
<af-start id="835" threadId="00000000044EAE80" totalBytesRequested="56" timestamp="2020-05-10T03:10:30.399" intervalms="145.789" type="nursery" />
<cycle-start id="836" type="scavenge" contextid="0" timestamp="2020-05-10T03:10:30.400" intervalms="145.907" />
<gc-start id="837" type="scavenge" contextid="836" timestamp="2020-05-10T03:10:30.400">
  <mem-info id="838" free="11380560" total="114294784" percent="9">
    <mem type="nursery" free="0" total="52166656" percent="0">
      <mem type="allocate" free="0" total="38404096" percent="0" />
      <mem type="survivor" free="0" total="13762560" percent="0" />
    </mem>
    <mem type="tenure" free="11380560" total="62128128" percent="18">
      <mem type="soa" free="8273744" total="59021312" percent="14" />
      <mem type="loa" free="3106816" total="3106816" percent="100" />
    </mem>
    <remembered-set count="8201" />
  </mem-info>
</gc-start>
<allocation-stats totalBytes="27142912" >
  <allocated-bytes non-tlh="209040" tlh="26933872" />
  <largest-consumer threadName="server.startup : 1" threadId="00000000044EA500" bytes="25787168" />
</allocation-stats>
<gc-op id="839" type="scavenge" timems="6.809" contextid="836" timestamp="2020-05-10T03:10:30.408">
  <scavenger-info tenureage="8" tenuremask="7f00" tiltratio="73" />
  <memory-copied type="nursery" objects="211074" bytes="11239184" bytesdiscarded="183816" />
  <finalization candidates="1817" enqueued="1794" />
  <ownableSynchronizers candidates="2" cleared="0" />
  <references type="soft" candidates="4" cleared="0" enqueued="0" dynamicThreshold="9" maxThreshold="32" />
  <references type="weak" candidates="42" cleared="31" enqueued="31" />
  <references type="phantom" candidates="2" cleared="0" enqueued="0" />
</gc-op>
<gc-end id="840" type="scavenge" contextid="836" durationms="8.286" usertimems="26.180" systemtimems="7.897" timestamp="2020-05-10T03:10:30.408" activeThreads="8">
  <mem-info id="841" free="38878520" total="114294784" percent="34">
    <mem type="nursery" free="27497960" total="52166656" percent="52">
      <mem type="allocate" free="27497960" total="38928384" percent="70" />
      <mem type="survivor" free="0" total="13238272" percent="0" />
    </mem>
    <mem type="tenure" free="11380560" total="62128128" percent="18">
      <mem type="soa" free="8273744" total="59021312" percent="14" />
      <mem type="loa" free="3106816" total="3106816" percent="100" />
    </mem>
    <pending-finalizers system="1794" default="0" reference="31" classloader="0" />
    <remembered-set count="7601" />
  </mem-info>
</gc-end>
<cycle-end id="842" type="scavenge" contextid="836" timestamp="2020-05-10T03:10:30.409" />
<allocation-satisfied id="843" threadId="00000000044EA500" bytesRequested="56" />
<af-end id="844" timestamp="2020-05-10T03:10:30.410" threadId="00000000044EAE80" success="true" from="nursery"/>
<exclusive-end id="845" timestamp="2020-05-10T03:10:30.411" durationms="11.993" />

<exclusive-start id="846" timestamp="2020-05-10T03:10:30.514" intervalms="115.187">
  <response-info timems="0.141" idlems="0.141" threads="0" lastid="00000000044EA500" lastname="server.startup : 1" />
</exclusive-start>
<af-start id="847" threadId="00000000044EAE80" totalBytesRequested="8200" timestamp="2020-05-10T03:10:30.514" intervalms="115.146" type="nursery" />
<cycle-start id="848" type="scavenge" contextid="0" timestamp="2020-05-10T03:10:30.515" intervalms="115.406" />
<gc-start id="849" type="scavenge" contextid="848" timestamp="2020-05-10T03:10:30.516">
  <mem-info id="850" free="11378376" total="114294784" percent="9">
    <mem type="nursery" free="0" total="52166656" percent="0">
      <mem type="allocate" free="0" total="38928384" percent="0" />
      <mem type="survivor" free="0" total="13238272" percent="0" />
    </mem>
    <mem type="tenure" free="11378376" total="62128128" percent="18">
      <mem type="soa" free="8271560" total="59021312" percent="14" />
      <mem type="loa" free="3106816" total="3106816" percent="100" />
    </mem>
    <remembered-set count="8434" />
  </mem-info>
</gc-start>
<allocation-stats totalBytes="27471224" >
  <allocated-bytes non-tlh="10440" tlh="27460784" />
  <largest-consumer threadName="server.startup : 1" threadId="00000000044EA500" bytes="26706352" />
</allocation-stats>
<gc-op id="851" type="scavenge" timems="6.202" contextid="848" timestamp="2020-05-10T03:10:30.522">
  <scavenger-info tenureage="8" tenuremask="7f00" tiltratio="74" />
  <memory-copied type="nursery" objects="215526" bytes="11498152" bytesdiscarded="323448" />
  <finalization candidates="1963" enqueued="1937" />
  <ownableSynchronizers candidates="2" cleared="0" />
  <references type="soft" candidates="4" cleared="0" enqueued="0" dynamicThreshold="9" maxThreshold="32" />
  <references type="weak" candidates="32" cleared="21" enqueued="21" />
  <references type="phantom" candidates="2" cleared="0" enqueued="0" />
</gc-op>
<heap-resize id="852" type="expand" space="nursery" amount="2097152" count="1" timems="0.081" reason="excessive time being spent scavenging" timestamp="2020-05-10T03:10:30.523" />
<gc-end id="853" type="scavenge" contextid="848" durationms="7.855" usertimems="29.377" systemtimems="3.695" timestamp="2020-05-10T03:10:30.523" activeThreads="8">
  <mem-info id="854" free="40115520" total="116391936" percent="34">
    <mem type="nursery" free="28737144" total="54263808" percent="52">
      <mem type="allocate" free="28737144" total="40566784" percent="70" />
      <mem type="survivor" free="0" total="13697024" percent="0" />
    </mem>
    <mem type="tenure" free="11378376" total="62128128" percent="18">
      <mem type="soa" free="8271560" total="59021312" percent="14" />
      <mem type="loa" free="3106816" total="3106816" percent="100" />
    </mem>
    <pending-finalizers system="1937" default="0" reference="21" classloader="0" />
    <remembered-set count="7725" />
  </mem-info>
</gc-end>
<cycle-end id="855" type="scavenge" contextid="848" timestamp="2020-05-10T03:10:30.524" />
<allocation-satisfied id="856" threadId="00000000044EA500" bytesRequested="8200" />
<af-end id="857" timestamp="2020-05-10T03:10:30.525" threadId="00000000044EAE80" success="true" from="nursery"/>
<exclusive-end id="858" timestamp="2020-05-10T03:10:30.525" durationms="11.359" />

<exclusive-start id="859" timestamp="2020-05-10T03:10:30.625" intervalms="111.007">
  <response-info timems="0.117" idlems="0.117" threads="0" lastid="00000000044EA500" lastname="server.startup : 1" />
</exclusive-start>
<af-start id="860" threadId="00000000044EAE80" totalBytesRequested="8200" timestamp="2020-05-10T03:10:30.625" intervalms="110.985" type="nursery" />
<cycle-start id="861" type="scavenge" contextid="0" timestamp="2020-05-10T03:10:30.626" intervalms="110.690" />
<gc-start id="862" type="scavenge" contextid="861" timestamp="2020-05-10T03:10:30.626">
  <mem-info id="863" free="11378312" total="116391936" percent="9">
    <mem type="nursery" free="0" total="54263808" percent="0">
      <mem type="allocate" free="0" total="40566784" percent="0" />
      <mem type="survivor" free="0" total="13697024" percent="0" />
    </mem>
    <mem type="tenure" free="11378312" total="62128128" percent="18">
      <mem type="soa" free="8271496" total="59021312" percent="14" />
      <mem type="loa" free="3106816" total="3106816" percent="100" />
    </mem>
    <remembered-set count="8621" />
  </mem-info>
</gc-start>
<allocation-stats totalBytes="28712456" >
  <allocated-bytes non-tlh="448768" tlh="28263688" />
  <largest-consumer threadName="server.startup : 1" threadId="00000000044EA500" bytes="27749360" />
</allocation-stats>
<gc-op id="864" type="scavenge" timems="7.413" contextid="861" timestamp="2020-05-10T03:10:30.634">
  <scavenger-info tenureage="8" tenuremask="7f00" tiltratio="74" />
  <memory-copied type="nursery" objects="183008" bytes="10255880" bytesdiscarded="411448" />
  <memory-copied type="tenure" objects="41804" bytes="1614232" bytesdiscarded="504" />
  <finalization candidates="1964" enqueued="1936" />
  <ownableSynchronizers candidates="2" cleared="0" />
  <references type="soft" candidates="4" cleared="0" enqueued="0" dynamicThreshold="9" maxThreshold="32" />
  <references type="weak" candidates="29" cleared="22" enqueued="22" />
  <references type="phantom" candidates="2" cleared="0" enqueued="0" />
</gc-op>
<gc-end id="865" type="scavenge" contextid="861" durationms="8.545" usertimems="33.862" systemtimems="6.126" timestamp="2020-05-10T03:10:30.635" activeThreads="8">
  <mem-info id="866" free="40010832" total="116391936" percent="34">
    <mem type="nursery" free="30415672" total="54263808" percent="56">
      <mem type="allocate" free="30415672" total="41091072" percent="74" />
      <mem type="survivor" free="0" total="13172736" percent="0" />
    </mem>
    <mem type="tenure" free="9595160" total="62128128" percent="15">
      <mem type="soa" free="6488344" total="59021312" percent="10" />
      <mem type="loa" free="3106816" total="3106816" percent="100" />
    </mem>
    <pending-finalizers system="1936" default="0" reference="22" classloader="0" />
    <remembered-set count="10731" />
  </mem-info>
</gc-end>
<cycle-end id="867" type="scavenge" contextid="861" timestamp="2020-05-10T03:10:30.635" />
<allocation-satisfied id="868" threadId="00000000044EA500" bytesRequested="8200" />
<af-end id="869" timestamp="2020-05-10T03:10:30.636" threadId="00000000044EAE80" success="true" from="nursery"/>
<exclusive-end id="870" timestamp="2020-05-10T03:10:30.636" durationms="11.538" />

<exclusive-start id="871" timestamp="2020-05-10T03:10:30.730" intervalms="104.817">
  <response-info timems="0.054" idlems="0.054" threads="0" lastid="00000000044EA500" lastname="server.startup : 1" />
</exclusive-start>
<af-start id="872" threadId="00000000044EAE80" totalBytesRequested="8200" timestamp="2020-05-10T03:10:30.730" intervalms="104.939" type="nursery" />
<cycle-start id="873" type="scavenge" contextid="0" timestamp="2020-05-10T03:10:30.731" intervalms="105.066" />
<gc-start id="874" type="scavenge" contextid="873" timestamp="2020-05-10T03:10:30.731">
  <mem-info id="875" free="9593624" total="116391936" percent="8">
    <mem type="nursery" free="0" total="54263808" percent="0">
      <mem type="allocate" free="0" total="41091072" percent="0" />
      <mem type="survivor" free="0" total="13172736" percent="0" />
    </mem>
    <mem type="tenure" free="9593624" total="62128128" percent="15">
      <mem type="soa" free="6486808" total="59021312" percent="10" />
      <mem type="loa" free="3106816" total="3106816" percent="100" />
    </mem>
    <remembered-set count="12118" />
  </mem-info>
</gc-start>
<allocation-stats totalBytes="30381520" >
  <allocated-bytes non-tlh="91560" tlh="30289960" />
  <largest-consumer threadName="server.startup : 1" threadId="00000000044EA500" bytes="29751488" />
</allocation-stats>
<gc-op id="876" type="scavenge" timems="6.718" contextid="873" timestamp="2020-05-10T03:10:30.739">
  <scavenger-info tenureage="8" tenuremask="7f00" tiltratio="75" />
  <memory-copied type="nursery" objects="180082" bytes="10521744" bytesdiscarded="316520" />
  <memory-copied type="tenure" objects="11754" bytes="395776" bytesdiscarded="32" />
  <finalization candidates="2191" enqueued="2168" />
  <references type="soft" candidates="4" cleared="0" enqueued="0" dynamicThreshold="9" maxThreshold="32" />
  <references type="weak" candidates="29" cleared="20" enqueued="20" />
  <references type="phantom" candidates="2" cleared="0" enqueued="0" />
</gc-op>
<heap-resize id="877" type="expand" space="nursery" amount="2490368" count="1" timems="0.073" reason="excessive time being spent scavenging" timestamp="2020-05-10T03:10:30.740" />
<gc-end id="878" type="scavenge" contextid="873" durationms="8.795" usertimems="34.881" systemtimems="2.170" timestamp="2020-05-10T03:10:30.740" activeThreads="8">
  <mem-info id="879" free="41606216" total="118882304" percent="34">
    <mem type="nursery" free="32406576" total="56754176" percent="57">
      <mem type="allocate" free="32406576" total="43253760" percent="74" />
      <mem type="survivor" free="0" total="13500416" percent="0" />
    </mem>
    <mem type="tenure" free="9199640" total="62128128" percent="14">
      <mem type="soa" free="6092824" total="59021312" percent="10" />
      <mem type="loa" free="3106816" total="3106816" percent="100" />
    </mem>
    <pending-finalizers system="2168" default="0" reference="20" classloader="0" />
    <remembered-set count="13787" />
  </mem-info>
</gc-end>
<cycle-end id="880" type="scavenge" contextid="873" timestamp="2020-05-10T03:10:30.741" />
<allocation-satisfied id="881" threadId="00000000044EA500" bytesRequested="8200" />
<af-end id="882" timestamp="2020-05-10T03:10:30.742" threadId="00000000044EAE80" success="true" from="nursery"/>
<exclusive-end id="883" timestamp="2020-05-10T03:10:30.742" durationms="12.345" />

<exclusive-start id="884" timestamp="2020-05-10T03:10:30.913" intervalms="183.762">
  <response-info timems="0.055" idlems="0.055" threads="0" lastid="00000000044EA500" lastname="server.startup : 1" />
</exclusive-start>
<af-start id="885" threadId="00000000044EAE80" totalBytesRequested="88" timestamp="2020-05-10T03:10:30.914" intervalms="183.744" type="nursery" />
<cycle-start id="886" type="scavenge" contextid="0" timestamp="2020-05-10T03:10:30.915" intervalms="183.731" />
<gc-start id="887" type="scavenge" contextid="886" timestamp="2020-05-10T03:10:30.915">
  <mem-info id="888" free="9145664" total="118882304" percent="7">
    <mem type="nursery" free="0" total="56754176" percent="0">
      <mem type="allocate" free="0" total="43253760" percent="0" />
      <mem type="survivor" free="0" total="13500416" percent="0" />
    </mem>
    <mem type="tenure" free="9145664" total="62128128" percent="14">
      <mem type="soa" free="6038848" total="59021312" percent="10" />
      <mem type="loa" free="3106816" total="3106816" percent="100" />
    </mem>
    <remembered-set count="15984" />
  </mem-info>
</gc-start>
<allocation-stats totalBytes="32443768" >
  <allocated-bytes non-tlh="140856" tlh="32302912" />
  <largest-consumer threadName="server.startup : 1" threadId="00000000044EA500" bytes="32427384" />
</allocation-stats>
<gc-op id="889" type="scavenge" timems="6.570" contextid="886" timestamp="2020-05-10T03:10:30.923">
  <scavenger-info tenureage="8" tenuremask="7f00" tiltratio="76" />
  <memory-copied type="nursery" objects="186385" bytes="10806360" bytesdiscarded="233264" />
  <memory-copied type="tenure" objects="11260" bytes="334944" bytesdiscarded="40" />
  <finalization candidates="2109" enqueued="2084" />
  <ownableSynchronizers candidates="14" cleared="0" />
  <references type="soft" candidates="74" cleared="0" enqueued="0" dynamicThreshold="9" maxThreshold="32" />
  <references type="weak" candidates="99" cleared="73" enqueued="73" />
  <references type="phantom" candidates="2" cleared="0" enqueued="0" />
</gc-op>
<gc-end id="890" type="scavenge" contextid="886" durationms="8.257" usertimems="33.128" systemtimems="2.803" timestamp="2020-05-10T03:10:30.923" activeThreads="8">
  <mem-info id="891" free="41734912" total="118882304" percent="35">
    <mem type="nursery" free="32860352" total="56754176" percent="57">
      <mem type="allocate" free="32860352" total="43909120" percent="74" />
      <mem type="survivor" free="0" total="12845056" percent="0" />
    </mem>
    <mem type="tenure" free="8874560" total="62128128" percent="14">
      <mem type="soa" free="5767744" total="59021312" percent="9" />
      <mem type="loa" free="3106816" total="3106816" percent="100" />
    </mem>
    <pending-finalizers system="2084" default="0" reference="73" classloader="0" />
    <remembered-set count="18255" />
  </mem-info>
</gc-end>
<cycle-end id="892" type="scavenge" contextid="886" timestamp="2020-05-10T03:10:30.924" />
<allocation-satisfied id="893" threadId="00000000044EA500" bytesRequested="88" />
<af-end id="894" timestamp="2020-05-10T03:10:30.925" threadId="00000000044EAE80" success="true" from="nursery"/>
<exclusive-end id="895" timestamp="2020-05-10T03:10:30.925" durationms="11.790" />

<exclusive-start id="896" timestamp="2020-05-10T03:10:31.732" intervalms="818.082">
  <response-info timems="0.064" idlems="0.064" threads="0" lastid="00000000044EA500" lastname="server.startup : 1" />
</exclusive-start>
<af-start id="897" threadId="00000000044EAE80" totalBytesRequested="152" timestamp="2020-05-10T03:10:31.732" intervalms="818.201" type="nursery" />
<cycle-start id="898" type="scavenge" contextid="0" timestamp="2020-05-10T03:10:31.733" intervalms="818.264" />
<gc-start id="899" type="scavenge" contextid="898" timestamp="2020-05-10T03:10:31.733">
  <mem-info id="900" free="8480528" total="118882304" percent="7">
    <mem type="nursery" free="0" total="56754176" percent="0">
      <mem type="allocate" free="0" total="43909120" percent="0" />
      <mem type="survivor" free="0" total="12845056" percent="0" />
    </mem>
    <mem type="tenure" free="8480528" total="62128128" percent="13">
      <mem type="soa" free="5373712" total="59021312" percent="9" />
      <mem type="loa" free="3106816" total="3106816" percent="100" />
    </mem>
    <remembered-set count="23760" />
  </mem-info>
</gc-start>
<allocation-stats totalBytes="33230096" >
  <allocated-bytes non-tlh="394120" tlh="32835976" />
  <largest-consumer threadName="server.startup : 1" threadId="00000000044EA500" bytes="32101896" />
</allocation-stats>
<gc-op id="901" type="scavenge" timems="9.609" contextid="898" timestamp="2020-05-10T03:10:31.744">
  <scavenger-info tenureage="8" tenuremask="7f00" tiltratio="77" />
  <memory-copied type="nursery" objects="227368" bytes="9611136" bytesdiscarded="285720" />
  <memory-copied type="tenure" objects="23296" bytes="1120568" bytesdiscarded="488" />
  <finalization candidates="361" enqueued="324" />
  <ownableSynchronizers candidates="140" cleared="6" />
  <references type="soft" candidates="3300" cleared="0" enqueued="0" dynamicThreshold="9" maxThreshold="32" />
  <references type="weak" candidates="1260" cleared="544" enqueued="542" />
  <references type="phantom" candidates="2" cleared="0" enqueued="0" />
</gc-op>
<gc-end id="902" type="scavenge" contextid="898" durationms="11.015" usertimems="38.364" systemtimems="1.208" timestamp="2020-05-10T03:10:31.744" activeThreads="8">
  <mem-info id="903" free="41435936" total="118882304" percent="34">
    <mem type="nursery" free="34138912" total="56754176" percent="60">
      <mem type="allocate" free="34138912" total="44040192" percent="77" />
      <mem type="survivor" free="0" total="12713984" percent="0" />
    </mem>
    <mem type="tenure" free="7297024" total="62128128" percent="11">
      <mem type="soa" free="4190208" total="59021312" percent="7" />
      <mem type="loa" free="3106816" total="3106816" percent="100" />
    </mem>
    <pending-finalizers system="317" default="7" reference="542" classloader="0" />
    <remembered-set count="25946" />
  </mem-info>
</gc-end>
<cycle-end id="904" type="scavenge" contextid="898" timestamp="2020-05-10T03:10:31.745" />
<allocation-satisfied id="905" threadId="00000000044EA500" bytesRequested="152" />
<af-end id="906" timestamp="2020-05-10T03:10:31.746" threadId="00000000044EAE80" success="true" from="nursery"/>
<exclusive-end id="907" timestamp="2020-05-10T03:10:31.747" durationms="14.973" />

<concurrent-kickoff id="908" timestamp="2020-05-10T03:10:33.900">
  <kickoff reason="threshold reached" targetBytes="22537016" thresholdFreeBytes="3125502"  remainingFree="3043808" tenureFreeBytes="6806664" nurseryFreeBytes="3043808" />
</concurrent-kickoff>
<exclusive-start id="909" timestamp="2020-05-10T03:10:33.900" intervalms="2168.885">
  <response-info timems="0.061" idlems="0.061" threads="0" lastid="0000000002623A00" lastname="P=212776:O=0:CT" />
</exclusive-start>
<cycle-start id="910" type="global" contextid="0" timestamp="2020-05-10T03:10:33.901" intervalms="4297.707" />
<exclusive-end id="911" timestamp="2020-05-10T03:10:33.901" durationms="0.533" />

<exclusive-start id="912" timestamp="2020-05-10T03:10:34.011" intervalms="110.345">
  <response-info timems="0.076" idlems="0.076" threads="0" lastid="0000000002623A00" lastname="P=212776:O=0:CT" />
</exclusive-start>
<concurrent-collection-start id="913" timestamp="2020-05-10T03:10:34.011" intervalms="8185.875" >
  <concurrent-trace-info reason="card cleaning threshold reached" tracedByMutators="4398628" tracedByHelpers="22411032" cardsCleaned="111" workStackOverflowCount="0" />
</concurrent-collection-start>
<gc-start id="914" type="global" contextid="910" timestamp="2020-05-10T03:10:34.012">
  <mem-info id="915" free="7989056" total="118882304" percent="6">
    <mem type="nursery" free="1186584" total="56754176" percent="2">
      <mem type="allocate" free="1186584" total="44040192" percent="2" />
      <mem type="survivor" free="0" total="12713984" percent="0" />
    </mem>
    <mem type="tenure" free="6802472" total="62128128" percent="10">
      <mem type="soa" free="3695656" total="59021312" percent="6" />
      <mem type="loa" free="3106816" total="3106816" percent="100" />
    </mem>
    <remembered-set count="31015" />
  </mem-info>
</gc-start>
<allocation-stats totalBytes="33382016" >
  <allocated-bytes non-tlh="578848" tlh="32803168" />
  <largest-consumer threadName="server.startup : 1" threadId="00000000044EA500" bytes="19162176" />
</allocation-stats>
<gc-op id="916" type="rs-scan" timems="2.636" contextid="910" timestamp="2020-05-10T03:10:34.015">
  <scan objectsFound="5516" bytesTraced="3201120" workStackOverflowCount="0" />
</gc-op>
<gc-op id="917" type="card-cleaning" timems="0.938" contextid="910" timestamp="2020-05-10T03:10:34.017">
  <card-cleaning cardsCleaned="5" bytesTraced="2340" workStackOverflowCount="0" />
</gc-op>
<gc-op id="918" type="mark" timems="9.788" contextid="910" timestamp="2020-05-10T03:10:34.027">
  <trace-info objectcount="16186" scancount="12487" scanbytes="349956" />
  <finalization candidates="1334" enqueued="315" />
  <ownableSynchronizers candidates="2306" cleared="146" />
  <references type="soft" candidates="11723" cleared="0" enqueued="0" dynamicThreshold="9" maxThreshold="32" />
  <references type="weak" candidates="20250" cleared="155" enqueued="140" />
  <references type="phantom" candidates="28" cleared="0" enqueued="0" />
  <stringconstants candidates="60958" cleared="76"  />
</gc-op>
<gc-op id="919" type="classunload" timems="0.146" contextid="910" timestamp="2020-05-10T03:10:34.027">
  <classunload-info classloadercandidates="404" classloadersunloaded="4" classesunloaded="0" anonymousclassesunloaded="0" quiescems="0.000" setupms="0.042" scanms="0.047" postms="0.057" />
</gc-op>
<gc-op id="920" type="sweep" timems="2.711" contextid="910" timestamp="2020-05-10T03:10:34.030" />
<heap-resize id="921" type="expand" space="tenure" amount="5111808" count="1" timems="0.174" reason="insufficient free space following gc" timestamp="2020-05-10T03:10:34.031" />
<gc-end id="922" type="global" contextid="910" durationms="19.421" usertimems="37.380" systemtimems="8.436" timestamp="2020-05-10T03:10:34.031" activeThreads="8">
  <mem-info id="923" free="58845704" total="123994112" percent="47">
    <mem type="nursery" free="38666248" total="56754176" percent="68">
      <mem type="allocate" free="38666248" total="44040192" percent="87" />
      <mem type="survivor" free="0" total="12713984" percent="0" />
    </mem>
    <mem type="tenure" free="20179456" total="67239936" percent="30" micro-fragmented="529294" macro-fragmented="0">
      <mem type="soa" free="16816640" total="63877120" percent="26" />
      <mem type="loa" free="3362816" total="3362816" percent="100" />
    </mem>
    <pending-finalizers system="294" default="21" reference="140" classloader="0" />
    <remembered-set count="6381" />
  </mem-info>
</gc-end>
<cycle-end id="924" type="global" contextid="910" timestamp="2020-05-10T03:10:34.032" />
<concurrent-collection-end id="925" timestamp="2020-05-10T03:10:34.032" />
<exclusive-end id="926" timestamp="2020-05-10T03:10:34.033" durationms="21.806" />

<exclusive-start id="927" timestamp="2020-05-10T03:11:11.688" intervalms="37677.171">
  <response-info timems="0.263" idlems="0.263" threads="0" lastid="0000000004AAC700" lastname="Deferrable Alarm : 1" />
</exclusive-start>
<af-start id="928" threadId="0000000004AAD080" totalBytesRequested="24" timestamp="2020-05-10T03:11:11.690" intervalms="39957.367" type="nursery" />
<cycle-start id="929" type="scavenge" contextid="0" timestamp="2020-05-10T03:11:11.690" intervalms="39957.517" />
<gc-start id="930" type="scavenge" contextid="929" timestamp="2020-05-10T03:11:11.691">
  <mem-info id="931" free="19259808" total="123994112" percent="15">
    <mem type="nursery" free="0" total="56754176" percent="0">
      <mem type="allocate" free="0" total="44040192" percent="0" />
      <mem type="survivor" free="0" total="12713984" percent="0" />
    </mem>
    <mem type="tenure" free="19259808" total="67239936" percent="28">
      <mem type="soa" free="15896992" total="63877120" percent="24" />
      <mem type="loa" free="3362816" total="3362816" percent="100" />
    </mem>
    <remembered-set count="13643" />
  </mem-info>
</gc-start>
<allocation-stats totalBytes="39299864" >
  <allocated-bytes non-tlh="2809896" tlh="36489968" />
  <largest-consumer threadName="ProductTreeUpdater" threadId="0000000003BFA500" bytes="21023528" />
</allocation-stats>
<gc-op id="932" type="scavenge" timems="7.478" contextid="929" timestamp="2020-05-10T03:11:11.699">
  <scavenger-info tenureage="8" tenuremask="7f00" tiltratio="77" />
  <memory-copied type="nursery" objects="161435" bytes="7936728" bytesdiscarded="212416" />
  <memory-copied type="tenure" objects="25" bytes="928" bytesdiscarded="0" />
  <finalization candidates="1145" enqueued="1087" />
  <ownableSynchronizers candidates="4671" cleared="4398" />
  <references type="soft" candidates="4796" cleared="0" enqueued="0" dynamicThreshold="9" maxThreshold="32" />
  <references type="weak" candidates="1314" cleared="122" enqueued="120" />
  <references type="phantom" candidates="9" cleared="0" enqueued="0" />
</gc-op>
<gc-end id="933" type="scavenge" contextid="929" durationms="9.200" usertimems="28.502" systemtimems="4.224" timestamp="2020-05-10T03:11:11.700" activeThreads="8">
  <mem-info id="934" free="55450888" total="123994112" percent="44">
    <mem type="nursery" free="36273728" total="56754176" percent="63">
      <mem type="allocate" free="36273728" total="44433408" percent="81" />
      <mem type="survivor" free="0" total="12320768" percent="0" />
    </mem>
    <mem type="tenure" free="19177160" total="67239936" percent="28" macro-fragmented="0">
      <mem type="soa" free="15814344" total="63877120" percent="24" />
      <mem type="loa" free="3362816" total="3362816" percent="100" />
    </mem>
    <pending-finalizers system="1083" default="4" reference="120" classloader="0" />
    <remembered-set count="12906" />
  </mem-info>
</gc-end>
<cycle-end id="935" type="scavenge" contextid="929" timestamp="2020-05-10T03:11:11.706" />
<allocation-satisfied id="936" threadId="0000000004AAC700" bytesRequested="24" />
<af-end id="937" timestamp="2020-05-10T03:11:11.707" threadId="0000000004AAD080" success="true" from="nursery"/>
<exclusive-end id="938" timestamp="2020-05-10T03:11:11.708" durationms="19.615" />

<exclusive-start id="939" timestamp="2020-05-10T03:11:12.716" intervalms="1027.915">
  <response-info timems="0.064" idlems="0.064" threads="0" lastid="0000000004AAC700" lastname="Deferrable Alarm : 1" />
</exclusive-start>
<af-start id="940" threadId="0000000004AAD080" totalBytesRequested="5528" timestamp="2020-05-10T03:11:12.716" intervalms="1026.886" type="nursery" />
<cycle-start id="941" type="scavenge" contextid="0" timestamp="2020-05-10T03:11:12.717" intervalms="1026.592" />
<gc-start id="942" type="scavenge" contextid="941" timestamp="2020-05-10T03:11:12.717">
  <mem-info id="943" free="17276848" total="123994112" percent="13">
    <mem type="nursery" free="0" total="56754176" percent="0">
      <mem type="allocate" free="0" total="44433408" percent="0" />
      <mem type="survivor" free="0" total="12320768" percent="0" />
    </mem>
    <mem type="tenure" free="17276848" total="67239936" percent="25">
      <mem type="soa" free="13914032" total="63877120" percent="21" />
      <mem type="loa" free="3362816" total="3362816" percent="100" />
    </mem>
    <remembered-set count="34694" />
  </mem-info>
</gc-start>
<allocation-stats totalBytes="38129352" >
  <allocated-bytes non-tlh="2136752" tlh="35992600" />
  <largest-consumer threadName="Deferrable Alarm : 1" threadId="0000000004AAC700" bytes="37789496" />
</allocation-stats>
<gc-op id="944" type="scavenge" timems="9.771" contextid="941" timestamp="2020-05-10T03:11:12.728">
  <scavenger-info tenureage="8" tenuremask="7f00" tiltratio="78" />
  <memory-copied type="nursery" objects="289832" bytes="12165008" bytesdiscarded="112848" />
  <memory-copied type="tenure" objects="237" bytes="11680" bytesdiscarded="0" />
  <finalization candidates="185" enqueued="96" />
  <ownableSynchronizers candidates="290" cleared="14" />
  <references type="soft" candidates="5879" cleared="0" enqueued="0" dynamicThreshold="9" maxThreshold="32" />
  <references type="weak" candidates="1814" cleared="328" enqueued="326" />
  <references type="phantom" candidates="7" cleared="0" enqueued="0" />
</gc-op>
<gc-end id="945" type="scavenge" contextid="941" durationms="11.156" usertimems="44.877" systemtimems="2.583" timestamp="2020-05-10T03:11:12.729" activeThreads="8">
  <mem-info id="946" free="44493960" total="123994112" percent="35">
    <mem type="nursery" free="27295416" total="56754176" percent="48">
      <mem type="allocate" free="27295416" total="39583744" percent="68" />
      <mem type="survivor" free="0" total="17170432" percent="0" />
    </mem>
    <mem type="tenure" free="17198544" total="67239936" percent="25" macro-fragmented="0">
      <mem type="soa" free="13835728" total="63877120" percent="21" />
      <mem type="loa" free="3362816" total="3362816" percent="100" />
    </mem>
    <pending-finalizers system="96" default="0" reference="326" classloader="0" />
    <remembered-set count="28541" />
  </mem-info>
</gc-end>
<cycle-end id="947" type="scavenge" contextid="941" timestamp="2020-05-10T03:11:12.733" />
<allocation-satisfied id="948" threadId="0000000004AAC700" bytesRequested="5528" />
<af-end id="949" timestamp="2020-05-10T03:11:12.734" threadId="0000000004AAD080" success="true" from="nursery"/>
<exclusive-end id="950" timestamp="2020-05-10T03:11:12.734" durationms="18.249" />

<exclusive-start id="951" timestamp="2020-05-10T03:11:13.304" intervalms="588.143">
  <response-info timems="0.057" idlems="0.057" threads="0" lastid="0000000004AAC700" lastname="Deferrable Alarm : 1" />
</exclusive-start>
<af-start id="952" threadId="0000000004AAD080" totalBytesRequested="72" timestamp="2020-05-10T03:11:13.305" intervalms="588.082" type="nursery" />
<cycle-start id="953" type="scavenge" contextid="0" timestamp="2020-05-10T03:11:13.305" intervalms="588.153" />
<gc-start id="954" type="scavenge" contextid="953" timestamp="2020-05-10T03:11:13.306">
  <mem-info id="955" free="17138912" total="123994112" percent="13">
    <mem type="nursery" free="0" total="56754176" percent="0">
      <mem type="allocate" free="0" total="39583744" percent="0" />
      <mem type="survivor" free="0" total="17170432" percent="0" />
    </mem>
    <mem type="tenure" free="17138912" total="67239936" percent="25">
      <mem type="soa" free="13776096" total="63877120" percent="21" />
      <mem type="loa" free="3362816" total="3362816" percent="100" />
    </mem>
    <remembered-set count="29133" />
  </mem-info>
</gc-start>
<allocation-stats totalBytes="27342800" >
  <allocated-bytes non-tlh="64640" tlh="27278160" />
  <largest-consumer threadName="Deferrable Alarm : 1" threadId="0000000004AAC700" bytes="27203624" />
</allocation-stats>
<gc-op id="956" type="scavenge" timems="8.419" contextid="953" timestamp="2020-05-10T03:11:13.315">
  <scavenger-info tenureage="7" tenuremask="7f80" tiltratio="69" />
  <memory-copied type="nursery" objects="314198" bytes="12461200" bytesdiscarded="187800" />
  <memory-copied type="tenure" objects="600" bytes="30440" bytesdiscarded="0" />
  <finalization candidates="143" enqueued="51" />
  <ownableSynchronizers candidates="276" cleared="0" />
  <references type="soft" candidates="5908" cleared="0" enqueued="0" dynamicThreshold="9" maxThreshold="32" />
  <references type="weak" candidates="1533" cleared="30" enqueued="26" />
  <references type="phantom" candidates="7" cleared="0" enqueued="0" />
</gc-op>
<gc-end id="957" type="scavenge" contextid="953" durationms="10.026" usertimems="41.594" systemtimems="4.577" timestamp="2020-05-10T03:11:13.316" activeThreads="8">
  <mem-info id="958" free="46155168" total="123994112" percent="37">
    <mem type="nursery" free="29216568" total="56754176" percent="51">
      <mem type="allocate" free="29216568" total="41877504" percent="69" />
      <mem type="survivor" free="0" total="14876672" percent="0" />
    </mem>
    <mem type="tenure" free="16938600" total="67239936" percent="25" macro-fragmented="0">
      <mem type="soa" free="13575784" total="63877120" percent="21" />
      <mem type="loa" free="3362816" total="3362816" percent="100" />
    </mem>
    <pending-finalizers system="46" default="5" reference="26" classloader="0" />
    <remembered-set count="22004" />
  </mem-info>
</gc-end>
<cycle-end id="959" type="scavenge" contextid="953" timestamp="2020-05-10T03:11:13.317" />
<allocation-satisfied id="960" threadId="0000000004AAC700" bytesRequested="72" />
<af-end id="961" timestamp="2020-05-10T03:11:13.317" threadId="0000000004AAD080" success="true" from="nursery"/>
<exclusive-end id="962" timestamp="2020-05-10T03:11:13.318" durationms="13.645" />

<exclusive-start id="963" timestamp="2020-05-10T03:11:13.560" intervalms="255.621">
  <response-info timems="0.062" idlems="0.062" threads="0" lastid="0000000004AAC700" lastname="Deferrable Alarm : 1" />
</exclusive-start>
<af-start id="964" threadId="0000000004AAD080" totalBytesRequested="32" timestamp="2020-05-10T03:11:13.560" intervalms="255.532" type="nursery" />
<cycle-start id="965" type="scavenge" contextid="0" timestamp="2020-05-10T03:11:13.560" intervalms="255.468" />
<gc-start id="966" type="scavenge" contextid="965" timestamp="2020-05-10T03:11:13.561">
  <mem-info id="967" free="16937760" total="123994112" percent="13">
    <mem type="nursery" free="0" total="56754176" percent="0">
      <mem type="allocate" free="0" total="41877504" percent="0" />
      <mem type="survivor" free="0" total="14876672" percent="0" />
    </mem>
    <mem type="tenure" free="16937760" total="67239936" percent="25">
      <mem type="soa" free="13574944" total="63877120" percent="21" />
      <mem type="loa" free="3362816" total="3362816" percent="100" />
    </mem>
    <remembered-set count="22022" />
  </mem-info>
</gc-start>
<allocation-stats totalBytes="29207720" >
  <allocated-bytes non-tlh="68656" tlh="29139064" />
  <largest-consumer threadName="Deferrable Alarm : 1" threadId="0000000004AAC700" bytes="29103112" />
</allocation-stats>
<gc-op id="968" type="scavenge" timems="7.718" contextid="965" timestamp="2020-05-10T03:11:13.570">
  <scavenger-info tenureage="4" tenuremask="7f90" tiltratio="73" />
  <memory-copied type="nursery" objects="247989" bytes="9505688" bytesdiscarded="308000" />
  <memory-copied type="tenure" objects="66440" bytes="2944336" bytesdiscarded="2792" />
  <finalization candidates="115" enqueued="28" />
  <ownableSynchronizers candidates="278" cleared="0" />
  <references type="soft" candidates="2686" cleared="0" enqueued="0" dynamicThreshold="9" maxThreshold="32" />
  <references type="weak" candidates="814" cleared="2" enqueued="0" />
  <references type="phantom" candidates="7" cleared="0" enqueued="0" />
</gc-op>
<gc-end id="969" type="scavenge" contextid="965" durationms="9.228" usertimems="41.432" systemtimems="2.813" timestamp="2020-05-10T03:11:13.570" activeThreads="8">
  <mem-info id="970" free="46214112" total="123994112" percent="37">
    <mem type="nursery" free="32252184" total="56754176" percent="56">
      <mem type="allocate" free="32252184" total="42074112" percent="76" />
      <mem type="survivor" free="0" total="14680064" percent="0" />
    </mem>
    <mem type="tenure" free="13961928" total="67239936" percent="20" macro-fragmented="0">
      <mem type="soa" free="10599112" total="63877120" percent="16" />
      <mem type="loa" free="3362816" total="3362816" percent="100" />
    </mem>
    <pending-finalizers system="21" default="7" reference="0" classloader="0" />
    <remembered-set count="5837" />
  </mem-info>
</gc-end>
<cycle-end id="971" type="scavenge" contextid="965" timestamp="2020-05-10T03:11:13.571" />
<allocation-satisfied id="972" threadId="0000000004AAC700" bytesRequested="32" />
<af-end id="973" timestamp="2020-05-10T03:11:13.572" threadId="0000000004AAD080" success="true" from="nursery"/>
<exclusive-end id="974" timestamp="2020-05-10T03:11:13.572" durationms="12.711" />

<exclusive-start id="975" timestamp="2020-05-10T03:11:13.680" intervalms="120.287">
  <response-info timems="0.059" idlems="0.059" threads="0" lastid="0000000004AAC700" lastname="Deferrable Alarm : 1" />
</exclusive-start>
<af-start id="976" threadId="0000000004AAD080" totalBytesRequested="72" timestamp="2020-05-10T03:11:13.680" intervalms="120.381" type="nursery" />
<cycle-start id="977" type="scavenge" contextid="0" timestamp="2020-05-10T03:11:13.681" intervalms="120.398" />
<gc-start id="978" type="scavenge" contextid="977" timestamp="2020-05-10T03:11:13.682">
  <mem-info id="979" free="13961928" total="123994112" percent="11">
    <mem type="nursery" free="0" total="56754176" percent="0">
      <mem type="allocate" free="0" total="42074112" percent="0" />
      <mem type="survivor" free="0" total="14680064" percent="0" />
    </mem>
    <mem type="tenure" free="13961928" total="67239936" percent="20">
      <mem type="soa" free="10599112" total="63877120" percent="16" />
      <mem type="loa" free="3362816" total="3362816" percent="100" />
    </mem>
    <remembered-set count="5923" />
  </mem-info>
</gc-start>
<allocation-stats totalBytes="32244568" >
  <allocated-bytes non-tlh="32" tlh="32244536" />
  <largest-consumer threadName="Deferrable Alarm : 1" threadId="0000000004AAC700" bytes="32211840" />
</allocation-stats>
<gc-op id="980" type="scavenge" timems="6.975" contextid="977" timestamp="2020-05-10T03:11:13.689">
  <scavenger-info tenureage="3" tenuremask="7f98" tiltratio="74" />
  <memory-copied type="nursery" objects="30767" bytes="1169264" bytesdiscarded="395936" />
  <memory-copied type="tenure" objects="217049" bytes="8255872" bytesdiscarded="4136" />
  <finalization candidates="77" enqueued="13" />
  <ownableSynchronizers candidates="157" cleared="2" />
  <references type="soft" candidates="103" cleared="0" enqueued="0" dynamicThreshold="9" maxThreshold="32" />
  <references type="weak" candidates="35" cleared="0" enqueued="0" />
</gc-op>
<gc-end id="981" type="scavenge" contextid="977" durationms="8.469" usertimems="35.083" systemtimems="2.890" timestamp="2020-05-10T03:11:13.690" activeThreads="8">
  <mem-info id="982" free="47060160" total="123994112" percent="37">
    <mem type="nursery" free="41294592" total="56754176" percent="72">
      <mem type="allocate" free="41294592" total="42860544" percent="96" />
      <mem type="survivor" free="0" total="13893632" percent="0" />
    </mem>
    <mem type="tenure" free="5765568" total="67239936" percent="8" macro-fragmented="0">
      <mem type="soa" free="2402752" total="63877120" percent="3" />
      <mem type="loa" free="3362816" total="3362816" percent="100" />
    </mem>
    <pending-finalizers system="6" default="7" reference="0" classloader="0" />
    <remembered-set count="2094" />
  </mem-info>
</gc-end>
<cycle-end id="983" type="scavenge" contextid="977" timestamp="2020-05-10T03:11:13.691" />
<allocation-satisfied id="984" threadId="0000000004AAC700" bytesRequested="72" />
<af-end id="985" timestamp="2020-05-10T03:11:13.691" threadId="0000000004AAD080" success="true" from="nursery"/>
<exclusive-end id="986" timestamp="2020-05-10T03:11:13.692" durationms="11.944" />

<concurrent-kickoff id="987" timestamp="2020-05-10T03:11:13.824">
  <kickoff reason="threshold reached" targetBytes="25267883" thresholdFreeBytes="3504042"  remainingFree="3435192" tenureFreeBytes="5764328" nurseryFreeBytes="3435192" />
</concurrent-kickoff>
<exclusive-start id="988" timestamp="2020-05-10T03:11:13.827" intervalms="147.361">
  <response-info timems="0.057" idlems="0.057" threads="0" lastid="0000000004AAC700" lastname="Deferrable Alarm : 1" />
</exclusive-start>
<cycle-start id="989" type="global" contextid="0" timestamp="2020-05-10T03:11:13.828" intervalms="39927.050" />
<exclusive-end id="990" timestamp="2020-05-10T03:11:13.828" durationms="1.002" />

<exclusive-start id="991" timestamp="2020-05-10T03:11:13.880" intervalms="52.611">
  <response-info timems="0.122" idlems="0.122" threads="0" lastid="0000000004AAC700" lastname="Deferrable Alarm : 1" />
</exclusive-start>
<concurrent-collection-start id="992" timestamp="2020-05-10T03:11:13.880" intervalms="39869.099" >
  <concurrent-trace-info reason="card cleaning threshold reached" tracedByMutators="10607316" tracedByHelpers="24751964" cardsCleaned="6" workStackOverflowCount="0" />
</concurrent-collection-start>
<gc-start id="993" type="global" contextid="989" timestamp="2020-05-10T03:11:13.881">
  <mem-info id="994" free="5764328" total="123994112" percent="4">
    <mem type="nursery" free="0" total="56754176" percent="0">
      <mem type="allocate" free="0" total="42860544" percent="0" />
      <mem type="survivor" free="0" total="13893632" percent="0" />
    </mem>
    <mem type="tenure" free="5764328" total="67239936" percent="8">
      <mem type="soa" free="2401512" total="63877120" percent="3" />
      <mem type="loa" free="3362816" total="3362816" percent="100" />
    </mem>
    <remembered-set count="2125" />
  </mem-info>
</gc-start>
<allocation-stats totalBytes="41285784" >
  <allocated-bytes non-tlh="1312" tlh="41284472" />
  <largest-consumer threadName="Deferrable Alarm : 1" threadId="0000000004AAC700" bytes="41273496" />
</allocation-stats>
<gc-op id="995" type="rs-scan" timems="1.134" contextid="989" timestamp="2020-05-10T03:11:13.883">
  <scan objectsFound="1992" bytesTraced="349100" workStackOverflowCount="0" />
</gc-op>
<gc-op id="996" type="card-cleaning" timems="0.579" contextid="989" timestamp="2020-05-10T03:11:13.884">
  <card-cleaning cardsCleaned="0" bytesTraced="124424" workStackOverflowCount="0" />
</gc-op>
<gc-op id="997" type="mark" timems="10.433" contextid="989" timestamp="2020-05-10T03:11:13.895">
  <trace-info objectcount="22644" scancount="18143" scanbytes="514560" />
  <finalization candidates="1083" enqueued="42" />
  <ownableSynchronizers candidates="2203" cleared="2" />
  <references type="soft" candidates="14229" cleared="0" enqueued="0" dynamicThreshold="9" maxThreshold="32" />
  <references type="weak" candidates="20334" cleared="6" enqueued="6" />
  <references type="phantom" candidates="29" cleared="0" enqueued="0" />
  <stringconstants candidates="82571" cleared="78"  />
</gc-op>
<gc-op id="998" type="classunload" timems="0.027" contextid="989" timestamp="2020-05-10T03:11:13.895">
  <classunload-info classloadercandidates="414" classloadersunloaded="0" classesunloaded="0" anonymousclassesunloaded="0" quiescems="0.000" setupms="0.018" scanms="0.005" postms="0.004" />
</gc-op>
<gc-op id="999" type="sweep" timems="1.528" contextid="989" timestamp="2020-05-10T03:11:13.897" />
<heap-resize id="1000" type="expand" space="tenure" amount="19529728" count="1" timems="0.189" reason="insufficient free space following gc" timestamp="2020-05-10T03:11:13.898" />
<gc-end id="1001" type="global" contextid="989" durationms="17.207" usertimems="31.806" systemtimems="14.227" timestamp="2020-05-10T03:11:13.898" activeThreads="8">
  <mem-info id="1002" free="67702944" total="143523840" percent="47">
    <mem type="nursery" free="41629056" total="56754176" percent="73">
      <mem type="allocate" free="41629056" total="42860544" percent="97" />
      <mem type="survivor" free="0" total="13893632" percent="0" />
    </mem>
    <mem type="tenure" free="26073888" total="86769664" percent="30" micro-fragmented="643855" macro-fragmented="4910935">
      <mem type="soa" free="21735200" total="82430976" percent="26" />
      <mem type="loa" free="4338688" total="4338688" percent="100" />
    </mem>
    <pending-finalizers system="35" default="7" reference="6" classloader="0" />
    <remembered-set count="2110" />
  </mem-info>
</gc-end>
<cycle-end id="1003" type="global" contextid="989" timestamp="2020-05-10T03:11:13.899" />
<concurrent-collection-end id="1004" timestamp="2020-05-10T03:11:13.899" />
<exclusive-end id="1005" timestamp="2020-05-10T03:11:13.900" durationms="19.799" />

<exclusive-start id="1006" timestamp="2020-05-10T03:11:14.094" intervalms="213.694">
  <response-info timems="0.157" idlems="0.157" threads="0" lastid="0000000004AAC700" lastname="Deferrable Alarm : 1" />
</exclusive-start>
<af-start id="1007" threadId="0000000004AAD080" totalBytesRequested="72" timestamp="2020-05-10T03:11:14.094" intervalms="413.981" type="nursery" />
<cycle-start id="1008" type="scavenge" contextid="0" timestamp="2020-05-10T03:11:14.095" intervalms="414.004" />
<gc-start id="1009" type="scavenge" contextid="1008" timestamp="2020-05-10T03:11:14.096">
  <mem-info id="1010" free="26068536" total="143523840" percent="18">
    <mem type="nursery" free="0" total="56754176" percent="0">
      <mem type="allocate" free="0" total="42860544" percent="0" />
      <mem type="survivor" free="0" total="13893632" percent="0" />
    </mem>
    <mem type="tenure" free="26068536" total="86769664" percent="30">
      <mem type="soa" free="21729848" total="82430976" percent="26" />
      <mem type="loa" free="4338688" total="4338688" percent="100" />
    </mem>
    <remembered-set count="2134" />
  </mem-info>
</gc-start>
<allocation-stats totalBytes="41621416" >
  <allocated-bytes non-tlh="5352" tlh="41616064" />
  <largest-consumer threadName="Deferrable Alarm : 1" threadId="0000000004AAC700" bytes="41601432" />
</allocation-stats>
<gc-op id="1011" type="scavenge" timems="3.100" contextid="1008" timestamp="2020-05-10T03:11:14.100">
  <scavenger-info tenureage="8" tenuremask="7f00" tiltratio="75" />
  <memory-copied type="nursery" objects="31342" bytes="1200624" bytesdiscarded="85264" />
  <finalization candidates="26" enqueued="16" />
  <ownableSynchronizers candidates="4402" cleared="4387" />
  <references type="soft" candidates="104" cleared="0" enqueued="0" dynamicThreshold="9" maxThreshold="32" />
  <references type="weak" candidates="36" cleared="2" enqueued="0" />
</gc-op>
<gc-end id="1012" type="scavenge" contextid="1008" durationms="4.482" usertimems="5.216" systemtimems="5.034" timestamp="2020-05-10T03:11:14.100" activeThreads="8">
  <mem-info id="1013" free="70132744" total="143523840" percent="48">
    <mem type="nursery" free="44064208" total="56754176" percent="77">
      <mem type="allocate" free="44064208" total="45350912" percent="97" />
      <mem type="survivor" free="0" total="11403264" percent="0" />
    </mem>
    <mem type="tenure" free="26068536" total="86769664" percent="30" macro-fragmented="7740515">
      <mem type="soa" free="21729848" total="82430976" percent="26" />
      <mem type="loa" free="4338688" total="4338688" percent="100" />
    </mem>
    <pending-finalizers system="11" default="5" reference="0" classloader="0" />
    <remembered-set count="2119" />
  </mem-info>
</gc-end>
<cycle-end id="1014" type="scavenge" contextid="1008" timestamp="2020-05-10T03:11:14.101" />
<allocation-satisfied id="1015" threadId="0000000004AAC700" bytesRequested="72" />
<af-end id="1016" timestamp="2020-05-10T03:11:14.102" threadId="0000000004AAD080" success="true" from="nursery"/>
<exclusive-end id="1017" timestamp="2020-05-10T03:11:14.102" durationms="8.356" />

<exclusive-start id="1018" timestamp="2020-05-10T03:11:14.379" intervalms="285.507">
  <response-info timems="0.151" idlems="0.151" threads="0" lastid="0000000004AAC700" lastname="Deferrable Alarm : 1" />
</exclusive-start>
<af-start id="1019" threadId="0000000004AAD080" totalBytesRequested="32" timestamp="2020-05-10T03:11:14.380" intervalms="285.181" type="nursery" />
<cycle-start id="1020" type="scavenge" contextid="0" timestamp="2020-05-10T03:11:14.380" intervalms="285.305" />
<gc-start id="1021" type="scavenge" contextid="1020" timestamp="2020-05-10T03:11:14.381">
  <mem-info id="1022" free="26067872" total="143523840" percent="18">
    <mem type="nursery" free="0" total="56754176" percent="0">
      <mem type="allocate" free="0" total="45350912" percent="0" />
      <mem type="survivor" free="0" total="11403264" percent="0" />
    </mem>
    <mem type="tenure" free="26067872" total="86769664" percent="30">
      <mem type="soa" free="21729184" total="82430976" percent="26" />
      <mem type="loa" free="4338688" total="4338688" percent="100" />
    </mem>
    <remembered-set count="2147" />
  </mem-info>
</gc-start>
<allocation-stats totalBytes="44052512" >
  <allocated-bytes non-tlh="736" tlh="44051776" />
  <largest-consumer threadName="Deferrable Alarm : 1" threadId="0000000004AAC700" bytes="44052512" />
</allocation-stats>
<gc-op id="1023" type="scavenge" timems="4.864" contextid="1020" timestamp="2020-05-10T03:11:14.387">
  <scavenger-info tenureage="4" tenuremask="7f10" tiltratio="79" />
  <memory-copied type="nursery" objects="1299" bytes="168120" bytesdiscarded="240992" />
  <memory-copied type="tenure" objects="30126" bytes="1056488" bytesdiscarded="3072" />
  <finalization candidates="37" enqueued="26" />
  <ownableSynchronizers candidates="15" cleared="0" />
  <references type="soft" candidates="6" cleared="0" enqueued="0" dynamicThreshold="9" maxThreshold="32" />
  <references type="weak" candidates="6" cleared="6" enqueued="4" />
</gc-op>
<gc-end id="1024" type="scavenge" contextid="1020" durationms="6.614" usertimems="15.019" systemtimems="5.366" timestamp="2020-05-10T03:11:14.387" activeThreads="8">
  <mem-info id="1025" free="71857176" total="143523840" percent="50">
    <mem type="nursery" free="46973232" total="56754176" percent="82">
      <mem type="allocate" free="46973232" total="47382528" percent="99" />
      <mem type="survivor" free="0" total="9371648" percent="0" />
    </mem>
    <mem type="tenure" free="24883944" total="86769664" percent="28" macro-fragmented="0">
      <mem type="soa" free="20545256" total="82430976" percent="24" />
      <mem type="loa" free="4338688" total="4338688" percent="100" />
    </mem>
    <pending-finalizers system="19" default="7" reference="4" classloader="0" />
    <remembered-set count="501" />
  </mem-info>
</gc-end>
<cycle-end id="1026" type="scavenge" contextid="1020" timestamp="2020-05-10T03:11:14.388" />
<allocation-satisfied id="1027" threadId="0000000004AAC700" bytesRequested="32" />
<af-end id="1028" timestamp="2020-05-10T03:11:14.389" threadId="0000000004AAD080" success="true" from="nursery"/>
<exclusive-end id="1029" timestamp="2020-05-10T03:11:14.389" durationms="9.893" />

<exclusive-start id="1030" timestamp="2020-05-10T03:11:14.694" intervalms="315.319">
  <response-info timems="0.098" idlems="0.098" threads="0" lastid="0000000004AAC700" lastname="Deferrable Alarm : 1" />
</exclusive-start>
<af-start id="1031" threadId="0000000004AAD080" totalBytesRequested="72" timestamp="2020-05-10T03:11:14.695" intervalms="315.278" type="nursery" />
<cycle-start id="1032" type="scavenge" contextid="0" timestamp="2020-05-10T03:11:14.695" intervalms="315.182" />
<gc-start id="1033" type="scavenge" contextid="1032" timestamp="2020-05-10T03:11:14.696">
  <mem-info id="1034" free="24883176" total="143523840" percent="17">
    <mem type="nursery" free="0" total="56754176" percent="0">
      <mem type="allocate" free="0" total="47382528" percent="0" />
      <mem type="survivor" free="0" total="9371648" percent="0" />
    </mem>
    <mem type="tenure" free="24883176" total="86769664" percent="28">
      <mem type="soa" free="20544488" total="82430976" percent="24" />
      <mem type="loa" free="4338688" total="4338688" percent="100" />
    </mem>
    <remembered-set count="532" />
  </mem-info>
</gc-start>
<allocation-stats totalBytes="46957864" >
  <allocated-bytes non-tlh="800" tlh="46957064" />
  <largest-consumer threadName="Deferrable Alarm : 1" threadId="0000000004AAC700" bytes="46937384" />
</allocation-stats>
<gc-op id="1035" type="scavenge" timems="2.199" contextid="1032" timestamp="2020-05-10T03:11:14.699">
  <scavenger-info tenureage="10" tenuremask="7c00" tiltratio="83" />
  <memory-copied type="nursery" objects="1660" bytes="174080" bytesdiscarded="108472" />
  <finalization candidates="33" enqueued="24" />
  <ownableSynchronizers candidates="2" cleared="0" />
  <references type="soft" candidates="6" cleared="0" enqueued="0" dynamicThreshold="9" maxThreshold="32" />
  <references type="weak" candidates="3" cleared="3" enqueued="1" />
</gc-op>
<gc-end id="1036" type="scavenge" contextid="1032" durationms="3.760" usertimems="3.789" systemtimems="3.063" timestamp="2020-05-10T03:11:14.700" activeThreads="8">
  <mem-info id="1037" free="73817888" total="143523840" percent="51">
    <mem type="nursery" free="48934712" total="56754176" percent="86">
      <mem type="allocate" free="48934712" total="49217536" percent="99" />
      <mem type="survivor" free="0" total="7536640" percent="0" />
    </mem>
    <mem type="tenure" free="24883176" total="86769664" percent="28" macro-fragmented="242284">
      <mem type="soa" free="20544488" total="82430976" percent="24" />
      <mem type="loa" free="4338688" total="4338688" percent="100" />
    </mem>
    <pending-finalizers system="16" default="8" reference="1" classloader="0" />
    <remembered-set count="488" />
  </mem-info>
</gc-end>
<cycle-end id="1038" type="scavenge" contextid="1032" timestamp="2020-05-10T03:11:14.700" />
<allocation-satisfied id="1039" threadId="0000000004AAC700" bytesRequested="72" />
<af-end id="1040" timestamp="2020-05-10T03:11:14.701" threadId="0000000004AAD080" success="true" from="nursery"/>
<exclusive-end id="1041" timestamp="2020-05-10T03:11:14.702" durationms="7.181" />

<exclusive-start id="1042" timestamp="2020-05-10T03:11:14.953" intervalms="258.295">
  <response-info timems="0.058" idlems="0.058" threads="0" lastid="0000000004AAC700" lastname="Deferrable Alarm : 1" />
</exclusive-start>
<af-start id="1043" threadId="0000000004AAD080" totalBytesRequested="72" timestamp="2020-05-10T03:11:14.953" intervalms="258.501" type="nursery" />
<cycle-start id="1044" type="scavenge" contextid="0" timestamp="2020-05-10T03:11:14.954" intervalms="258.578" />
<gc-start id="1045" type="scavenge" contextid="1044" timestamp="2020-05-10T03:11:14.955">
  <mem-info id="1046" free="24882720" total="143523840" percent="17">
    <mem type="nursery" free="0" total="56754176" percent="0">
      <mem type="allocate" free="0" total="49217536" percent="0" />
      <mem type="survivor" free="0" total="7536640" percent="0" />
    </mem>
    <mem type="tenure" free="24882720" total="86769664" percent="28">
      <mem type="soa" free="20544032" total="82430976" percent="24" />
      <mem type="loa" free="4338688" total="4338688" percent="100" />
    </mem>
    <remembered-set count="505" />
  </mem-info>
</gc-start>
<allocation-stats totalBytes="48920440" >
  <allocated-bytes non-tlh="528" tlh="48919912" />
  <largest-consumer threadName="Deferrable Alarm : 1" threadId="0000000004AAC700" bytes="48904056" />
</allocation-stats>
<gc-op id="1047" type="scavenge" timems="2.696" contextid="1044" timestamp="2020-05-10T03:11:14.959">
  <scavenger-info tenureage="11" tenuremask="7800" tiltratio="86" />
  <memory-copied type="nursery" objects="1685" bytes="150040" bytesdiscarded="79360" />
  <finalization candidates="34" enqueued="26" />
  <ownableSynchronizers candidates="2" cleared="0" />
  <references type="soft" candidates="6" cleared="0" enqueued="0" dynamicThreshold="9" maxThreshold="32" />
  <references type="weak" candidates="2" cleared="2" enqueued="0" />
</gc-op>
<gc-end id="1048" type="scavenge" contextid="1044" durationms="4.662" usertimems="3.559" systemtimems="3.150" timestamp="2020-05-10T03:11:14.960" activeThreads="8">
  <mem-info id="1049" free="75312376" total="143523840" percent="52">
    <mem type="nursery" free="50429656" total="56754176" percent="88">
      <mem type="allocate" free="50429656" total="50659328" percent="99" />
      <mem type="survivor" free="0" total="6094848" percent="0" />
    </mem>
    <mem type="tenure" free="24882720" total="86769664" percent="28" macro-fragmented="168253">
      <mem type="soa" free="20544032" total="82430976" percent="24" />
      <mem type="loa" free="4338688" total="4338688" percent="100" />
    </mem>
    <pending-finalizers system="16" default="10" reference="0" classloader="0" />
    <remembered-set count="486" />
  </mem-info>
</gc-end>
<cycle-end id="1050" type="scavenge" contextid="1044" timestamp="2020-05-10T03:11:14.960" />
<allocation-satisfied id="1051" threadId="0000000004AAC700" bytesRequested="72" />
<af-end id="1052" timestamp="2020-05-10T03:11:14.961" threadId="0000000004AAD080" success="true" from="nursery"/>
<exclusive-end id="1053" timestamp="2020-05-10T03:11:14.962" durationms="8.989" />

<exclusive-start id="1054" timestamp="2020-05-10T03:11:15.222" intervalms="269.064">
  <response-info timems="0.063" idlems="0.063" threads="0" lastid="0000000004AAC700" lastname="Deferrable Alarm : 1" />
</exclusive-start>
<af-start id="1055" threadId="0000000004AAD080" totalBytesRequested="72" timestamp="2020-05-10T03:11:15.222" intervalms="268.970" type="nursery" />
<cycle-start id="1056" type="scavenge" contextid="0" timestamp="2020-05-10T03:11:15.223" intervalms="268.985" />
<gc-start id="1057" type="scavenge" contextid="1056" timestamp="2020-05-10T03:11:15.224">
  <mem-info id="1058" free="24882432" total="143523840" percent="17">
    <mem type="nursery" free="0" total="56754176" percent="0">
      <mem type="allocate" free="0" total="50659328" percent="0" />
      <mem type="survivor" free="0" total="6094848" percent="0" />
    </mem>
    <mem type="tenure" free="24882432" total="86769664" percent="28">
      <mem type="soa" free="20543744" total="82430976" percent="24" />
      <mem type="loa" free="4338688" total="4338688" percent="100" />
    </mem>
    <remembered-set count="499" />
  </mem-info>
</gc-start>
<allocation-stats totalBytes="50414704" >
  <allocated-bytes non-tlh="360" tlh="50414344" />
  <largest-consumer threadName="Deferrable Alarm : 1" threadId="0000000004AAC700" bytes="50402416" />
</allocation-stats>
<gc-op id="1059" type="scavenge" timems="2.396" contextid="1056" timestamp="2020-05-10T03:11:15.227">
  <scavenger-info tenureage="12" tenuremask="7000" tiltratio="89" />
  <memory-copied type="nursery" objects="1712" bytes="148976" bytesdiscarded="65064" />
  <finalization candidates="32" enqueued="24" />
  <ownableSynchronizers candidates="2" cleared="0" />
  <references type="soft" candidates="6" cleared="0" enqueued="0" dynamicThreshold="9" maxThreshold="32" />
  <references type="weak" candidates="2" cleared="2" enqueued="0" />
</gc-op>
<gc-end id="1060" type="scavenge" contextid="1056" durationms="3.856" usertimems="3.272" systemtimems="3.255" timestamp="2020-05-10T03:11:15.228" activeThreads="8">
  <mem-info id="1061" free="75720664" total="143523840" percent="52">
    <mem type="nursery" free="50838232" total="56754176" percent="89">
      <mem type="allocate" free="50838232" total="51052544" percent="99" />
      <mem type="survivor" free="0" total="5701632" percent="0" />
    </mem>
    <mem type="tenure" free="24882432" total="86769664" percent="28" macro-fragmented="13104">
      <mem type="soa" free="20543744" total="82430976" percent="24" />
      <mem type="loa" free="4338688" total="4338688" percent="100" />
    </mem>
    <pending-finalizers system="16" default="8" reference="0" classloader="0" />
    <remembered-set count="486" />
  </mem-info>
</gc-end>
<cycle-end id="1062" type="scavenge" contextid="1056" timestamp="2020-05-10T03:11:15.228" />
<allocation-satisfied id="1063" threadId="0000000004AAC700" bytesRequested="72" />
<af-end id="1064" timestamp="2020-05-10T03:11:15.229" threadId="0000000004AAD080" success="true" from="nursery"/>
<exclusive-end id="1065" timestamp="2020-05-10T03:11:15.229" durationms="7.176" />

<exclusive-start id="1066" timestamp="2020-05-10T03:11:15.524" intervalms="301.954">
  <response-info timems="0.060" idlems="0.060" threads="0" lastid="0000000004AAC700" lastname="Deferrable Alarm : 1" />
</exclusive-start>
<af-start id="1067" threadId="0000000004AAD080" totalBytesRequested="488" timestamp="2020-05-10T03:11:15.524" intervalms="301.721" type="nursery" />
<cycle-start id="1068" type="scavenge" contextid="0" timestamp="2020-05-10T03:11:15.524" intervalms="301.465" />
<gc-start id="1069" type="scavenge" contextid="1068" timestamp="2020-05-10T03:11:15.525">
  <mem-info id="1070" free="24882144" total="143523840" percent="17">
    <mem type="nursery" free="0" total="56754176" percent="0">
      <mem type="allocate" free="0" total="51052544" percent="0" />
      <mem type="survivor" free="0" total="5701632" percent="0" />
    </mem>
    <mem type="tenure" free="24882144" total="86769664" percent="28">
      <mem type="soa" free="20543456" total="82430976" percent="24" />
      <mem type="loa" free="4338688" total="4338688" percent="100" />
    </mem>
    <remembered-set count="498" />
  </mem-info>
</gc-start>
<allocation-stats totalBytes="50823272" >
  <allocated-bytes non-tlh="360" tlh="50822912" />
  <largest-consumer threadName="Deferrable Alarm : 1" threadId="0000000004AAC700" bytes="50806888" />
</allocation-stats>
<gc-op id="1071" type="scavenge" timems="2.165" contextid="1068" timestamp="2020-05-10T03:11:15.528">
  <scavenger-info tenureage="4" tenuremask="fff0" tiltratio="89" />
  <memory-copied type="nursery" objects="1227" bytes="66640" bytesdiscarded="109600" />
  <memory-copied type="tenure" objects="969" bytes="101376" bytesdiscarded="280" />
  <finalization candidates="32" enqueued="26" />
  <ownableSynchronizers candidates="2" cleared="0" />
  <references type="soft" candidates="3" cleared="0" enqueued="0" dynamicThreshold="9" maxThreshold="32" />
  <references type="weak" candidates="2" cleared="2" enqueued="0" />
</gc-op>
<gc-end id="1072" type="scavenge" contextid="1068" durationms="3.579" usertimems="6.128" systemtimems="1.321" timestamp="2020-05-10T03:11:15.529" activeThreads="8">
  <mem-info id="1073" free="75676808" total="143523840" percent="52">
    <mem type="nursery" free="50876152" total="56754176" percent="89">
      <mem type="allocate" free="50876152" total="51052544" percent="99" />
      <mem type="survivor" free="0" total="5701632" percent="0" />
    </mem>
    <mem type="tenure" free="24800656" total="86769664" percent="28" macro-fragmented="0">
      <mem type="soa" free="20461968" total="82430976" percent="24" />
      <mem type="loa" free="4338688" total="4338688" percent="100" />
    </mem>
    <pending-finalizers system="18" default="8" reference="0" classloader="0" />
    <remembered-set count="475" />
  </mem-info>
</gc-end>
<cycle-end id="1074" type="scavenge" contextid="1068" timestamp="2020-05-10T03:11:15.529" />
<allocation-satisfied id="1075" threadId="0000000004AAC700" bytesRequested="488" />
<af-end id="1076" timestamp="2020-05-10T03:11:15.530" threadId="0000000004AAD080" success="true" from="nursery"/>
<exclusive-end id="1077" timestamp="2020-05-10T03:11:15.530" durationms="6.106" />

<exclusive-start id="1078" timestamp="2020-05-10T03:11:15.879" intervalms="354.958">
  <response-info timems="0.063" idlems="0.063" threads="0" lastid="0000000004AAC700" lastname="Deferrable Alarm : 1" />
</exclusive-start>
<af-start id="1079" threadId="0000000004AAD080" totalBytesRequested="72" timestamp="2020-05-10T03:11:15.879" intervalms="355.039" type="nursery" />
<cycle-start id="1080" type="scavenge" contextid="0" timestamp="2020-05-10T03:11:15.880" intervalms="355.175" />
<gc-start id="1081" type="scavenge" contextid="1080" timestamp="2020-05-10T03:11:15.880">
  <mem-info id="1082" free="24800080" total="143523840" percent="17">
    <mem type="nursery" free="0" total="56754176" percent="0">
      <mem type="allocate" free="0" total="51052544" percent="0" />
      <mem type="survivor" free="0" total="5701632" percent="0" />
    </mem>
    <mem type="tenure" free="24800080" total="86769664" percent="28">
      <mem type="soa" free="20461392" total="82430976" percent="24" />
      <mem type="loa" free="4338688" total="4338688" percent="100" />
    </mem>
    <remembered-set count="492" />
  </mem-info>
</gc-start>
<allocation-stats totalBytes="50858952" >
  <allocated-bytes non-tlh="1064" tlh="50857888" />
  <largest-consumer threadName="Deferrable Alarm : 1" threadId="0000000004AAC700" bytes="50846664" />
</allocation-stats>
<gc-op id="1083" type="scavenge" timems="2.433" contextid="1080" timestamp="2020-05-10T03:11:15.884">
  <scavenger-info tenureage="9" tenuremask="fe00" tiltratio="89" />
  <memory-copied type="nursery" objects="1266" bytes="77608" bytesdiscarded="105424" />
  <finalization candidates="32" enqueued="27" />
  <references type="soft" candidates="3" cleared="0" enqueued="0" dynamicThreshold="9" maxThreshold="32" />
  <references type="weak" candidates="2" cleared="2" enqueued="0" />
</gc-op>
<gc-end id="1084" type="scavenge" contextid="1080" durationms="3.764" usertimems="3.046" systemtimems="3.160" timestamp="2020-05-10T03:11:15.884" activeThreads="8">
  <mem-info id="1085" free="75669432" total="143523840" percent="52">
    <mem type="nursery" free="50869352" total="56754176" percent="89">
      <mem type="allocate" free="50869352" total="51052544" percent="99" />
      <mem type="survivor" free="0" total="5701632" percent="0" />
    </mem>
    <mem type="tenure" free="24800080" total="86769664" percent="28" macro-fragmented="0">
      <mem type="soa" free="20461392" total="82430976" percent="24" />
      <mem type="loa" free="4338688" total="4338688" percent="100" />
    </mem>
    <pending-finalizers system="19" default="8" reference="0" classloader="0" />
    <remembered-set count="480" />
  </mem-info>
</gc-end>
<cycle-end id="1086" type="scavenge" contextid="1080" timestamp="2020-05-10T03:11:15.885" />
<allocation-satisfied id="1087" threadId="0000000004AAC700" bytesRequested="72" />
<af-end id="1088" timestamp="2020-05-10T03:11:15.885" threadId="0000000004AAD080" success="true" from="nursery"/>
<exclusive-end id="1089" timestamp="2020-05-10T03:11:15.886" durationms="6.973" />

<exclusive-start id="1090" timestamp="2020-05-10T03:11:20.698" intervalms="4818.856">
  <response-info timems="0.373" idlems="0.373" threads="0" lastid="0000000004EB1900" lastname="UsageMetering-thread-4" />
</exclusive-start>
<af-start id="1091" threadId="0000000004EB2280" totalBytesRequested="48" timestamp="2020-05-10T03:11:20.699" intervalms="4819.453" type="nursery" />
<cycle-start id="1092" type="scavenge" contextid="0" timestamp="2020-05-10T03:11:20.699" intervalms="4819.740" />
<gc-start id="1093" type="scavenge" contextid="1092" timestamp="2020-05-10T03:11:20.700">
  <mem-info id="1094" free="24738296" total="143523840" percent="17">
    <mem type="nursery" free="0" total="56754176" percent="0">
      <mem type="allocate" free="0" total="51052544" percent="0" />
      <mem type="survivor" free="0" total="5701632" percent="0" />
    </mem>
    <mem type="tenure" free="24738296" total="86769664" percent="28">
      <mem type="soa" free="20399608" total="82430976" percent="24" />
      <mem type="loa" free="4338688" total="4338688" percent="100" />
    </mem>
    <remembered-set count="1496" />
  </mem-info>
</gc-start>
<allocation-stats totalBytes="50897936" >
  <allocated-bytes non-tlh="129600" tlh="50768336" />
  <largest-consumer threadName="Deferrable Alarm : 1" threadId="0000000004AAC700" bytes="48784096" />
</allocation-stats>
<gc-op id="1095" type="scavenge" timems="3.169" contextid="1092" timestamp="2020-05-10T03:11:20.704">
  <scavenger-info tenureage="4" tenuremask="fff0" tiltratio="89" />
  <memory-copied type="nursery" objects="11692" bytes="626672" bytesdiscarded="155424" />
  <memory-copied type="tenure" objects="62" bytes="2976" bytesdiscarded="0" />
  <finalization candidates="155" enqueued="147" />
  <ownableSynchronizers candidates="2" cleared="0" />
  <references type="soft" candidates="11" cleared="0" enqueued="0" dynamicThreshold="9" maxThreshold="32" />
  <references type="weak" candidates="82" cleared="51" enqueued="29" />
</gc-op>
<gc-end id="1096" type="scavenge" contextid="1092" durationms="5.015" usertimems="3.313" systemtimems="5.061" timestamp="2020-05-10T03:11:20.705" activeThreads="8">
  <mem-info id="1097" free="74960024" total="143523840" percent="52">
    <mem type="nursery" free="50269344" total="56754176" percent="88">
      <mem type="allocate" free="50269344" total="51052544" percent="98" />
      <mem type="survivor" free="0" total="5701632" percent="0" />
    </mem>
    <mem type="tenure" free="24690680" total="86769664" percent="28" macro-fragmented="0">
      <mem type="soa" free="20351992" total="82430976" percent="24" />
      <mem type="loa" free="4338688" total="4338688" percent="100" />
    </mem>
    <pending-finalizers system="135" default="12" reference="29" classloader="0" />
    <remembered-set count="1384" />
  </mem-info>
</gc-end>
<cycle-end id="1098" type="scavenge" contextid="1092" timestamp="2020-05-10T03:11:20.706" />
<allocation-satisfied id="1099" threadId="0000000004EB1900" bytesRequested="48" />
<af-end id="1100" timestamp="2020-05-10T03:11:20.707" threadId="0000000004EB2280" success="true" from="nursery"/>
<exclusive-end id="1101" timestamp="2020-05-10T03:11:20.707" durationms="9.697" />

<exclusive-start id="1102" timestamp="2020-05-10T03:11:47.410" intervalms="26712.140">
  <response-info timems="0.073" idlems="0.073" threads="0" lastid="0000000004AABC00" lastname="SoapConnectorThreadPool : 0" />
</exclusive-start>
<af-start id="1103" threadId="0000000004AAC580" totalBytesRequested="72" timestamp="2020-05-10T03:11:47.411" intervalms="26712.012" type="nursery" />
<cycle-start id="1104" type="scavenge" contextid="0" timestamp="2020-05-10T03:11:47.411" intervalms="26711.961" />
<gc-start id="1105" type="scavenge" contextid="1104" timestamp="2020-05-10T03:11:47.412">
  <mem-info id="1106" free="24297128" total="143523840" percent="16">
    <mem type="nursery" free="0" total="56754176" percent="0">
      <mem type="allocate" free="0" total="51052544" percent="0" />
      <mem type="survivor" free="0" total="5701632" percent="0" />
    </mem>
    <mem type="tenure" free="24297128" total="86769664" percent="28">
      <mem type="soa" free="19958440" total="82430976" percent="24" />
      <mem type="loa" free="4338688" total="4338688" percent="100" />
    </mem>
    <remembered-set count="5956" />
  </mem-info>
</gc-start>
<allocation-stats totalBytes="50582504" >
  <allocated-bytes non-tlh="1028752" tlh="49553752" />
  <largest-consumer threadName="WebContainer : 1" threadId="0000000004284700" bytes="22027544" />
</allocation-stats>
<gc-op id="1107" type="scavenge" timems="3.217" contextid="1104" timestamp="2020-05-10T03:11:47.416">
  <scavenger-info tenureage="7" tenuremask="ff80" tiltratio="89" />
  <memory-copied type="nursery" objects="28688" bytes="3761760" bytesdiscarded="255200" />
  <finalization candidates="555" enqueued="518" />
  <ownableSynchronizers candidates="48" cleared="0" />
  <references type="soft" candidates="194" cleared="0" enqueued="0" dynamicThreshold="9" maxThreshold="32" />
  <references type="weak" candidates="608" cleared="378" enqueued="375" />
  <references type="phantom" candidates="139" cleared="0" enqueued="0" />
</gc-op>
<gc-end id="1108" type="scavenge" contextid="1104" durationms="4.844" usertimems="9.175" systemtimems="2.332" timestamp="2020-05-10T03:11:47.417" activeThreads="8">
  <mem-info id="1109" free="70278528" total="143523840" percent="48">
    <mem type="nursery" free="45981400" total="56754176" percent="81">
      <mem type="allocate" free="45981400" total="50003968" percent="91" />
      <mem type="survivor" free="0" total="6750208" percent="0" />
    </mem>
    <mem type="tenure" free="24297128" total="86769664" percent="28" macro-fragmented="0">
      <mem type="soa" free="19958440" total="82430976" percent="24" />
      <mem type="loa" free="4338688" total="4338688" percent="100" />
    </mem>
    <pending-finalizers system="512" default="6" reference="375" classloader="0" />
    <remembered-set count="5827" />
  </mem-info>
</gc-end>
<cycle-end id="1110" type="scavenge" contextid="1104" timestamp="2020-05-10T03:11:47.419" />
<allocation-satisfied id="1111" threadId="0000000004AABC00" bytesRequested="72" />
<af-end id="1112" timestamp="2020-05-10T03:11:47.420" threadId="0000000004AAC580" success="true" from="nursery"/>
<exclusive-end id="1113" timestamp="2020-05-10T03:11:47.421" durationms="10.900" />

<exclusive-start id="1114" timestamp="2020-05-10T03:11:47.548" intervalms="138.472">
  <response-info timems="0.060" idlems="0.060" threads="0" lastid="0000000004AABC00" lastname="SoapConnectorThreadPool : 0" />
</exclusive-start>
<af-start id="1115" threadId="0000000004AAC580" totalBytesRequested="72" timestamp="2020-05-10T03:11:47.549" intervalms="138.300" type="nursery" />
<cycle-start id="1116" type="scavenge" contextid="0" timestamp="2020-05-10T03:11:47.550" intervalms="138.341" />
<gc-start id="1117" type="scavenge" contextid="1116" timestamp="2020-05-10T03:11:47.551">
  <mem-info id="1118" free="24297128" total="143523840" percent="16">
    <mem type="nursery" free="0" total="56754176" percent="0">
      <mem type="allocate" free="0" total="50003968" percent="0" />
      <mem type="survivor" free="0" total="6750208" percent="0" />
    </mem>
    <mem type="tenure" free="24297128" total="86769664" percent="28">
      <mem type="soa" free="19958440" total="82430976" percent="24" />
      <mem type="loa" free="4338688" total="4338688" percent="100" />
    </mem>
    <remembered-set count="5833" />
  </mem-info>
</gc-start>
<allocation-stats totalBytes="45970432" >
  <allocated-bytes non-tlh="72" tlh="45970360" />
  <largest-consumer threadName="SoapConnectorThreadPool : 0" threadId="0000000004AABC00" bytes="45929472" />
</allocation-stats>
<gc-op id="1119" type="scavenge" timems="3.314" contextid="1116" timestamp="2020-05-10T03:11:47.555">
  <scavenger-info tenureage="4" tenuremask="fff0" tiltratio="88" />
  <memory-copied type="nursery" objects="24014" bytes="1601072" bytesdiscarded="206352" />
  <memory-copied type="tenure" objects="395" bytes="14376" bytesdiscarded="0" />
  <finalization candidates="48" enqueued="17" />
  <ownableSynchronizers candidates="48" cleared="20" />
  <references type="soft" candidates="193" cleared="0" enqueued="0" dynamicThreshold="9" maxThreshold="32" />
  <references type="weak" candidates="230" cleared="0" enqueued="0" />
  <references type="phantom" candidates="139" cleared="0" enqueued="0" />
</gc-op>
<gc-end id="1120" type="scavenge" contextid="1116" durationms="4.961" usertimems="5.624" systemtimems="4.626" timestamp="2020-05-10T03:11:47.556" activeThreads="8">
  <mem-info id="1121" free="72819176" total="143523840" percent="50">
    <mem type="nursery" free="48653376" total="56754176" percent="85">
      <mem type="allocate" free="48653376" total="50462720" percent="96" />
      <mem type="survivor" free="0" total="6291456" percent="0" />
    </mem>
    <mem type="tenure" free="24165800" total="86769664" percent="27" macro-fragmented="0">
      <mem type="soa" free="19827112" total="82430976" percent="24" />
      <mem type="loa" free="4338688" total="4338688" percent="100" />
    </mem>
    <pending-finalizers system="9" default="8" reference="0" classloader="0" />
    <remembered-set count="5205" />
  </mem-info>
</gc-end>
<cycle-end id="1122" type="scavenge" contextid="1116" timestamp="2020-05-10T03:11:47.556" />
<allocation-satisfied id="1123" threadId="0000000004AABC00" bytesRequested="72" />
<af-end id="1124" timestamp="2020-05-10T03:11:47.557" threadId="0000000004AAC580" success="true" from="nursery"/>
<exclusive-end id="1125" timestamp="2020-05-10T03:11:47.557" durationms="9.331" />

<exclusive-start id="1126" timestamp="2020-05-10T03:11:47.831" intervalms="282.963">
  <response-info timems="0.113" idlems="0.113" threads="0" lastid="0000000004AABC00" lastname="SoapConnectorThreadPool : 0" />
</exclusive-start>
<af-start id="1127" threadId="0000000004AAC580" totalBytesRequested="32" timestamp="2020-05-10T03:11:47.832" intervalms="282.947" type="nursery" />
<cycle-start id="1128" type="scavenge" contextid="0" timestamp="2020-05-10T03:11:47.832" intervalms="282.827" />
<gc-start id="1129" type="scavenge" contextid="1128" timestamp="2020-05-10T03:11:47.834">
  <mem-info id="1130" free="24139552" total="143523840" percent="16">
    <mem type="nursery" free="0" total="56754176" percent="0">
      <mem type="allocate" free="0" total="50462720" percent="0" />
      <mem type="survivor" free="0" total="6291456" percent="0" />
    </mem>
    <mem type="tenure" free="24139552" total="86769664" percent="27">
      <mem type="soa" free="19800864" total="82430976" percent="24" />
      <mem type="loa" free="4338688" total="4338688" percent="100" />
    </mem>
    <remembered-set count="5593" />
  </mem-info>
</gc-start>
<allocation-stats totalBytes="48663744" >
  <allocated-bytes non-tlh="94064" tlh="48569680" />
  <largest-consumer threadName="SoapConnectorThreadPool : 0" threadId="0000000004AABC00" bytes="44321040" />
</allocation-stats>
<gc-op id="1131" type="scavenge" timems="3.552" contextid="1128" timestamp="2020-05-10T03:11:47.838">
  <scavenger-info tenureage="4" tenuremask="ff90" tiltratio="88" />
  <memory-copied type="nursery" objects="25082" bytes="1926680" bytesdiscarded="121264" />
  <memory-copied type="tenure" objects="5" bytes="464" bytesdiscarded="0" />
  <finalization candidates="77" enqueued="44" />
  <ownableSynchronizers candidates="32" cleared="0" />
  <references type="soft" candidates="268" cleared="0" enqueued="0" dynamicThreshold="9" maxThreshold="32" />
  <references type="weak" candidates="266" cleared="28" enqueued="28" />
  <references type="phantom" candidates="139" cleared="0" enqueued="0" />
</gc-op>
<gc-end id="1132" type="scavenge" contextid="1128" durationms="5.254" usertimems="9.600" systemtimems="3.168" timestamp="2020-05-10T03:11:47.839" activeThreads="8">
  <mem-info id="1133" free="73141576" total="143523840" percent="50">
    <mem type="nursery" free="49002024" total="56754176" percent="86">
      <mem type="allocate" free="49002024" total="51052544" percent="95" />
      <mem type="survivor" free="0" total="5701632" percent="0" />
    </mem>
    <mem type="tenure" free="24139552" total="86769664" percent="27" macro-fragmented="0">
      <mem type="soa" free="19800864" total="82430976" percent="24" />
      <mem type="loa" free="4338688" total="4338688" percent="100" />
    </mem>
    <pending-finalizers system="36" default="8" reference="28" classloader="0" />
    <remembered-set count="1589" />
  </mem-info>
</gc-end>
<cycle-end id="1134" type="scavenge" contextid="1128" timestamp="2020-05-10T03:11:47.840" />
<allocation-satisfied id="1135" threadId="0000000004AABC00" bytesRequested="32" />
<af-end id="1136" timestamp="2020-05-10T03:11:47.841" threadId="0000000004AAC580" success="true" from="nursery"/>
<exclusive-end id="1137" timestamp="2020-05-10T03:11:47.841" durationms="9.899" />

<exclusive-start id="1138" timestamp="2020-05-10T03:11:55.948" intervalms="8117.195">
  <response-info timems="0.214" idlems="0.214" threads="0" lastid="0000000004284700" lastname="WebContainer : 1" />
</exclusive-start>
<af-start id="1139" threadId="0000000004285080" totalBytesRequested="72" timestamp="2020-05-10T03:11:55.949" intervalms="8117.419" type="nursery" />
<cycle-start id="1140" type="scavenge" contextid="0" timestamp="2020-05-10T03:11:55.950" intervalms="8117.526" />
<gc-start id="1141" type="scavenge" contextid="1140" timestamp="2020-05-10T03:11:55.951">
  <mem-info id="1142" free="23491928" total="143523840" percent="16">
    <mem type="nursery" free="0" total="56754176" percent="0">
      <mem type="allocate" free="0" total="51052544" percent="0" />
      <mem type="survivor" free="0" total="5701632" percent="0" />
    </mem>
    <mem type="tenure" free="23491928" total="86769664" percent="27">
      <mem type="soa" free="19153240" total="82430976" percent="23" />
      <mem type="loa" free="4338688" total="4338688" percent="100" />
    </mem>
    <remembered-set count="8180" />
  </mem-info>
</gc-start>
<allocation-stats totalBytes="49614688" >
  <allocated-bytes non-tlh="1012672" tlh="48602016" />
  <largest-consumer threadName="WebContainer : 1" threadId="0000000004284700" bytes="37008488" />
</allocation-stats>
<gc-op id="1143" type="scavenge" timems="5.973" contextid="1140" timestamp="2020-05-10T03:11:55.958">
  <scavenger-info tenureage="4" tenuremask="ffd0" tiltratio="89" />
  <memory-copied type="nursery" objects="38455" bytes="3235744" bytesdiscarded="363720" />
  <memory-copied type="tenure" objects="10339" bytes="383376" bytesdiscarded="416" />
  <finalization candidates="359" enqueued="306" />
  <ownableSynchronizers candidates="451" cleared="225" />
  <references type="soft" candidates="532" cleared="0" enqueued="0" dynamicThreshold="9" maxThreshold="32" />
  <references type="weak" candidates="1095" cleared="400" enqueued="389" />
  <references type="phantom" candidates="139" cleared="0" enqueued="0" />
</gc-op>
<gc-end id="1144" type="scavenge" contextid="1140" durationms="8.265" usertimems="16.727" systemtimems="4.838" timestamp="2020-05-10T03:11:55.959" activeThreads="8">
  <mem-info id="1145" free="70565832" total="143523840" percent="49">
    <mem type="nursery" free="47447856" total="56754176" percent="83">
      <mem type="allocate" free="47447856" total="51052544" percent="92" />
      <mem type="survivor" free="0" total="5701632" percent="0" />
    </mem>
    <mem type="tenure" free="23117976" total="86769664" percent="26" macro-fragmented="33872">
      <mem type="soa" free="18779288" total="82430976" percent="22" />
      <mem type="loa" free="4338688" total="4338688" percent="100" />
    </mem>
    <pending-finalizers system="304" default="2" reference="389" classloader="0" />
    <remembered-set count="7355" />
  </mem-info>
</gc-end>
<cycle-end id="1146" type="scavenge" contextid="1140" timestamp="2020-05-10T03:11:55.960" />
<allocation-satisfied id="1147" threadId="0000000004284700" bytesRequested="72" />
<af-end id="1148" timestamp="2020-05-10T03:11:55.962" threadId="0000000004285080" success="true" from="nursery"/>
<exclusive-end id="1149" timestamp="2020-05-10T03:11:55.962" durationms="13.724" />

<exclusive-start id="1150" timestamp="2020-05-10T03:11:56.213" intervalms="264.960">
  <response-info timems="0.064" idlems="0.064" threads="0" lastid="0000000004284700" lastname="WebContainer : 1" />
</exclusive-start>
<af-start id="1151" threadId="0000000004285080" totalBytesRequested="32" timestamp="2020-05-10T03:11:56.214" intervalms="264.702" type="nursery" />
<cycle-start id="1152" type="scavenge" contextid="0" timestamp="2020-05-10T03:11:56.214" intervalms="264.505" />
<gc-start id="1153" type="scavenge" contextid="1152" timestamp="2020-05-10T03:11:56.218">
  <mem-info id="1154" free="23117976" total="143523840" percent="16">
    <mem type="nursery" free="0" total="56754176" percent="0">
      <mem type="allocate" free="0" total="51052544" percent="0" />
      <mem type="survivor" free="0" total="5701632" percent="0" />
    </mem>
    <mem type="tenure" free="23117976" total="86769664" percent="26">
      <mem type="soa" free="18779288" total="82430976" percent="22" />
      <mem type="loa" free="4338688" total="4338688" percent="100" />
    </mem>
    <remembered-set count="7361" />
  </mem-info>
</gc-start>
<allocation-stats totalBytes="47436048" >
  <allocated-bytes non-tlh="72" tlh="47435976" />
  <largest-consumer threadName="WebContainer : 1" threadId="0000000004284700" bytes="47354128" />
</allocation-stats>
<gc-op id="1155" type="scavenge" timems="3.748" contextid="1152" timestamp="2020-05-10T03:11:56.222">
  <scavenger-info tenureage="6" tenuremask="ffc0" tiltratio="89" />
  <memory-copied type="nursery" objects="35907" bytes="2162216" bytesdiscarded="251720" />
  <finalization candidates="51" enqueued="0" />
  <ownableSynchronizers candidates="226" cleared="14" />
  <references type="soft" candidates="532" cleared="0" enqueued="0" dynamicThreshold="9" maxThreshold="32" />
  <references type="weak" candidates="695" cleared="0" enqueued="0" />
  <references type="phantom" candidates="139" cleared="0" enqueued="0" />
</gc-op>
<gc-end id="1156" type="scavenge" contextid="1152" durationms="5.331" usertimems="12.416" systemtimems="2.319" timestamp="2020-05-10T03:11:56.223" activeThreads="8">
  <mem-info id="1157" free="71753752" total="143523840" percent="49">
    <mem type="nursery" free="48635776" total="56754176" percent="85">
      <mem type="allocate" free="48635776" total="51052544" percent="95" />
      <mem type="survivor" free="0" total="5701632" percent="0" />
    </mem>
    <mem type="tenure" free="23117976" total="86769664" percent="26" macro-fragmented="0">
      <mem type="soa" free="18779288" total="82430976" percent="22" />
      <mem type="loa" free="4338688" total="4338688" percent="100" />
    </mem>
    <remembered-set count="7051" />
  </mem-info>
</gc-end>
<cycle-end id="1158" type="scavenge" contextid="1152" timestamp="2020-05-10T03:11:56.224" />
<allocation-satisfied id="1159" threadId="0000000004284700" bytesRequested="32" />
<af-end id="1160" timestamp="2020-05-10T03:11:56.224" threadId="0000000004285080" success="true" from="nursery"/>
<exclusive-end id="1161" timestamp="2020-05-10T03:11:56.225" durationms="11.487" />

<exclusive-start id="1162" timestamp="2020-05-10T03:11:58.904" intervalms="2690.385">
  <response-info timems="0.070" idlems="0.070" threads="0" lastid="0000000004284700" lastname="WebContainer : 1" />
</exclusive-start>
<af-start id="1163" threadId="0000000004285080" totalBytesRequested="16" timestamp="2020-05-10T03:11:58.904" intervalms="2690.202" type="nursery" />
<cycle-start id="1164" type="scavenge" contextid="0" timestamp="2020-05-10T03:11:58.905" intervalms="2690.088" />
<gc-start id="1165" type="scavenge" contextid="1164" timestamp="2020-05-10T03:11:58.905">
  <mem-info id="1166" free="23069080" total="143523840" percent="16">
    <mem type="nursery" free="0" total="56754176" percent="0">
      <mem type="allocate" free="0" total="51052544" percent="0" />
      <mem type="survivor" free="0" total="5701632" percent="0" />
    </mem>
    <mem type="tenure" free="23069080" total="86769664" percent="26">
      <mem type="soa" free="18730392" total="82430976" percent="22" />
      <mem type="loa" free="4338688" total="4338688" percent="100" />
    </mem>
    <remembered-set count="7705" />
  </mem-info>
</gc-start>
<allocation-stats totalBytes="48663400" >
  <allocated-bytes non-tlh="116672" tlh="48546728" />
  <largest-consumer threadName="WebContainer : 1" threadId="0000000004284700" bytes="48233016" />
</allocation-stats>
<gc-op id="1167" type="scavenge" timems="6.143" contextid="1164" timestamp="2020-05-10T03:11:58.912">
  <scavenger-info tenureage="4" tenuremask="ffd0" tiltratio="89" />
  <memory-copied type="nursery" objects="115304" bytes="5696328" bytesdiscarded="2408" />
  <memory-copied type="tenure" objects="80004" bytes="3743592" bytesdiscarded="4984" />
  <copy-failed type="nursery" objects="79978" bytes="3741512" />
  <finalization candidates="338" enqueued="282" />
  <ownableSynchronizers candidates="243" cleared="0" />
  <references type="soft" candidates="590" cleared="0" enqueued="0" dynamicThreshold="9" maxThreshold="32" />
  <references type="weak" candidates="1121" cleared="254" enqueued="251" />
  <references type="phantom" candidates="139" cleared="0" enqueued="0" />
</gc-op>
<gc-end id="1168" type="scavenge" contextid="1164" durationms="7.563" usertimems="25.054" systemtimems="5.473" timestamp="2020-05-10T03:11:58.913" activeThreads="8">
  <mem-info id="1169" free="51685400" total="143523840" percent="36">
    <mem type="nursery" free="32309248" total="56754176" percent="56">
      <mem type="allocate" free="32309248" total="38010880" percent="85" />
      <mem type="survivor" free="0" total="18743296" percent="0" />
    </mem>
    <mem type="tenure" free="19376152" total="86769664" percent="22" macro-fragmented="7740515">
      <mem type="soa" free="15037464" total="82430976" percent="18" />
      <mem type="loa" free="4338688" total="4338688" percent="100" />
    </mem>
    <pending-finalizers system="281" default="1" reference="251" classloader="0" />
    <remembered-set count="8080" />
  </mem-info>
</gc-end>
<cycle-end id="1170" type="scavenge" contextid="1164" timestamp="2020-05-10T03:11:58.913" />
<allocation-satisfied id="1171" threadId="0000000004284700" bytesRequested="16" />
<af-end id="1172" timestamp="2020-05-10T03:11:58.914" threadId="0000000004285080" success="true" from="nursery"/>
<exclusive-end id="1173" timestamp="2020-05-10T03:11:58.914" durationms="10.801" />

<exclusive-start id="1174" timestamp="2020-05-10T03:11:59.808" intervalms="904.289">
  <response-info timems="0.065" idlems="0.065" threads="0" lastid="0000000004284700" lastname="WebContainer : 1" />
</exclusive-start>
<af-start id="1175" threadId="0000000004285080" totalBytesRequested="456" timestamp="2020-05-10T03:11:59.809" intervalms="904.356" type="nursery" />
<cycle-start id="1176" type="scavenge" contextid="0" timestamp="2020-05-10T03:11:59.809" intervalms="904.334" />
<gc-start id="1177" type="scavenge" contextid="1176" timestamp="2020-05-10T03:11:59.810">
  <mem-info id="1178" free="19283240" total="143523840" percent="13">
    <mem type="nursery" free="0" total="56754176" percent="0">
      <mem type="allocate" free="0" total="38010880" percent="0" />
      <mem type="survivor" free="0" total="18743296" percent="0" />
    </mem>
    <mem type="tenure" free="19283240" total="86769664" percent="22">
      <mem type="soa" free="14944552" total="82430976" percent="18" />
      <mem type="loa" free="4338688" total="4338688" percent="100" />
    </mem>
    <remembered-set count="14248" />
  </mem-info>
</gc-start>
<allocation-stats totalBytes="32386152" >
  <allocated-bytes non-tlh="158472" tlh="32227680" />
  <largest-consumer threadName="WebContainer : 1" threadId="0000000004284700" bytes="32095856" />
</allocation-stats>
<gc-op id="1179" type="scavenge" timems="7.375" contextid="1176" timestamp="2020-05-10T03:11:59.818">
  <scavenger-info tenureage="4" tenuremask="ffd0" tiltratio="66" />
  <memory-copied type="nursery" objects="177124" bytes="9001760" bytesdiscarded="270168" />
  <memory-copied type="tenure" objects="11842" bytes="808632" bytesdiscarded="120" />
  <finalization candidates="733" enqueued="668" />
  <ownableSynchronizers candidates="286" cleared="0" />
  <references type="soft" candidates="511" cleared="0" enqueued="0" dynamicThreshold="9" maxThreshold="32" />
  <references type="weak" candidates="1364" cleared="329" enqueued="322" />
</gc-op>
<gc-end id="1180" type="scavenge" contextid="1176" durationms="8.983" usertimems="27.360" systemtimems="2.203" timestamp="2020-05-10T03:11:59.819" activeThreads="8">
  <mem-info id="1181" free="48799488" total="143523840" percent="34">
    <mem type="nursery" free="30371112" total="56754176" percent="53">
      <mem type="allocate" free="30371112" total="39649280" percent="76" />
      <mem type="survivor" free="0" total="17104896" percent="0" />
    </mem>
    <mem type="tenure" free="18428376" total="86769664" percent="21" macro-fragmented="0">
      <mem type="soa" free="14089688" total="82430976" percent="17" />
      <mem type="loa" free="4338688" total="4338688" percent="100" />
    </mem>
    <pending-finalizers system="668" default="0" reference="322" classloader="0" />
    <remembered-set count="13645" />
  </mem-info>
</gc-end>
<cycle-end id="1182" type="scavenge" contextid="1176" timestamp="2020-05-10T03:11:59.819" />
<allocation-satisfied id="1183" threadId="0000000004284700" bytesRequested="456" />
<af-end id="1184" timestamp="2020-05-10T03:11:59.820" threadId="0000000004285080" success="true" from="nursery"/>
<exclusive-end id="1185" timestamp="2020-05-10T03:11:59.820" durationms="12.557" />

<exclusive-start id="1186" timestamp="2020-05-10T03:12:00.771" intervalms="962.713">
  <response-info timems="0.063" idlems="0.063" threads="0" lastid="0000000004284700" lastname="WebContainer : 1" />
</exclusive-start>
<af-start id="1187" threadId="0000000004285080" totalBytesRequested="16" timestamp="2020-05-10T03:12:00.771" intervalms="962.445" type="nursery" />
<cycle-start id="1188" type="scavenge" contextid="0" timestamp="2020-05-10T03:12:00.771" intervalms="962.363" />
<gc-start id="1189" type="scavenge" contextid="1188" timestamp="2020-05-10T03:12:00.772">
  <mem-info id="1190" free="18426560" total="143523840" percent="12">
    <mem type="nursery" free="0" total="56754176" percent="0">
      <mem type="allocate" free="0" total="39649280" percent="0" />
      <mem type="survivor" free="0" total="17104896" percent="0" />
    </mem>
    <mem type="tenure" free="18426560" total="86769664" percent="21">
      <mem type="soa" free="14087872" total="82430976" percent="17" />
      <mem type="loa" free="4338688" total="4338688" percent="100" />
    </mem>
    <remembered-set count="13726" />
  </mem-info>
</gc-start>
<allocation-stats totalBytes="30359648" >
  <allocated-bytes non-tlh="2272" tlh="30357376" />
  <largest-consumer threadName="WebContainer : 1" threadId="0000000004284700" bytes="30069320" />
</allocation-stats>
<gc-op id="1191" type="scavenge" timems="8.417" contextid="1188" timestamp="2020-05-10T03:12:00.781">
  <scavenger-info tenureage="2" tenuremask="ff54" tiltratio="69" />
  <memory-copied type="nursery" objects="73771" bytes="3015208" bytesdiscarded="153848" />
  <memory-copied type="tenure" objects="102444" bytes="4849176" bytesdiscarded="1520" />
  <finalization candidates="208" enqueued="158" />
  <ownableSynchronizers candidates="266" cleared="0" />
  <references type="soft" candidates="187" cleared="0" enqueued="0" dynamicThreshold="9" maxThreshold="32" />
  <references type="weak" candidates="363" cleared="3" enqueued="2" />
</gc-op>
<gc-end id="1192" type="scavenge" contextid="1188" durationms="9.933" usertimems="20.660" systemtimems="4.339" timestamp="2020-05-10T03:12:00.782" activeThreads="8">
  <mem-info id="1193" free="51455336" total="143523840" percent="35">
    <mem type="nursery" free="37853680" total="56754176" percent="66">
      <mem type="allocate" free="37853680" total="41025536" percent="92" />
      <mem type="survivor" free="0" total="15728640" percent="0" />
    </mem>
    <mem type="tenure" free="13601656" total="86769664" percent="15" macro-fragmented="0">
      <mem type="soa" free="9262968" total="82430976" percent="11" />
      <mem type="loa" free="4338688" total="4338688" percent="100" />
    </mem>
    <pending-finalizers system="158" default="0" reference="2" classloader="0" />
    <remembered-set count="10153" />
  </mem-info>
</gc-end>
<cycle-end id="1194" type="scavenge" contextid="1188" timestamp="2020-05-10T03:12:00.783" />
<allocation-satisfied id="1195" threadId="0000000004284700" bytesRequested="16" />
<af-end id="1196" timestamp="2020-05-10T03:12:00.784" threadId="0000000004285080" success="true" from="nursery"/>
<exclusive-end id="1197" timestamp="2020-05-10T03:12:00.784" durationms="13.328" />

<exclusive-start id="1198" timestamp="2020-05-10T03:12:04.326" intervalms="3555.565">
  <response-info timems="0.060" idlems="0.060" threads="0" lastid="0000000004284700" lastname="WebContainer : 1" />
</exclusive-start>
<af-start id="1199" threadId="0000000004285080" totalBytesRequested="32" timestamp="2020-05-10T03:12:04.327" intervalms="3555.899" type="nursery" />
<cycle-start id="1200" type="scavenge" contextid="0" timestamp="2020-05-10T03:12:04.328" intervalms="3556.336" />
<gc-start id="1201" type="scavenge" contextid="1200" timestamp="2020-05-10T03:12:04.329">
  <mem-info id="1202" free="13532288" total="143523840" percent="9">
    <mem type="nursery" free="0" total="56754176" percent="0">
      <mem type="allocate" free="0" total="41025536" percent="0" />
      <mem type="survivor" free="0" total="15728640" percent="0" />
    </mem>
    <mem type="tenure" free="13532288" total="86769664" percent="15">
      <mem type="soa" free="9193600" total="82430976" percent="11" />
      <mem type="loa" free="4338688" total="4338688" percent="100" />
    </mem>
    <remembered-set count="11229" />
  </mem-info>
</gc-start>
<allocation-stats totalBytes="37906168" >
  <allocated-bytes non-tlh="3319784" tlh="34586384" />
  <largest-consumer threadName="WebContainer : 1" threadId="0000000004284700" bytes="37658448" />
</allocation-stats>
<gc-op id="1203" type="scavenge" timems="9.074" contextid="1200" timestamp="2020-05-10T03:12:04.339">
  <scavenger-info tenureage="4" tenuremask="ffd0" tiltratio="72" />
  <memory-copied type="nursery" objects="202001" bytes="9810912" bytesdiscarded="197680" />
  <finalization candidates="332" enqueued="310" />
  <ownableSynchronizers candidates="81" cleared="0" />
  <references type="soft" candidates="357" cleared="0" enqueued="0" dynamicThreshold="9" maxThreshold="32" />
  <references type="weak" candidates="744" cleared="176" enqueued="171" />
</gc-op>
<gc-end id="1204" type="scavenge" contextid="1200" durationms="10.739" usertimems="32.952" systemtimems="4.048" timestamp="2020-05-10T03:12:04.339" activeThreads="8">
  <mem-info id="1205" free="42041752" total="143523840" percent="29">
    <mem type="nursery" free="28509464" total="56754176" percent="50">
      <mem type="allocate" free="28509464" total="38731776" percent="73" />
      <mem type="survivor" free="0" total="18022400" percent="0" />
    </mem>
    <mem type="tenure" free="13532288" total="86769664" percent="15" macro-fragmented="5375357">
      <mem type="soa" free="9193600" total="82430976" percent="11" />
      <mem type="loa" free="4338688" total="4338688" percent="100" />
    </mem>
    <pending-finalizers system="310" default="0" reference="171" classloader="0" />
    <remembered-set count="10314" />
  </mem-info>
</gc-end>
<cycle-end id="1206" type="scavenge" contextid="1200" timestamp="2020-05-10T03:12:04.340" />
<allocation-satisfied id="1207" threadId="0000000004284700" bytesRequested="32" />
<af-end id="1208" timestamp="2020-05-10T03:12:04.341" threadId="0000000004285080" success="true" from="nursery"/>
<exclusive-end id="1209" timestamp="2020-05-10T03:12:04.342" durationms="15.347" />

<exclusive-start id="1210" timestamp="2020-05-10T03:12:07.600" intervalms="3273.650">
  <response-info timems="0.084" idlems="0.084" threads="0" lastid="0000000004A8F200" lastname="WebContainer : 3" />
</exclusive-start>
<af-start id="1211" threadId="0000000004A8FB80" totalBytesRequested="16" timestamp="2020-05-10T03:12:07.600" intervalms="3273.383" type="nursery" />
<cycle-start id="1212" type="scavenge" contextid="0" timestamp="2020-05-10T03:12:07.601" intervalms="3273.011" />
<gc-start id="1213" type="scavenge" contextid="1212" timestamp="2020-05-10T03:12:07.601">
  <mem-info id="1214" free="13503288" total="143523840" percent="9">
    <mem type="nursery" free="0" total="56754176" percent="0">
      <mem type="allocate" free="0" total="38731776" percent="0" />
      <mem type="survivor" free="0" total="18022400" percent="0" />
    </mem>
    <mem type="tenure" free="13503288" total="86769664" percent="15">
      <mem type="soa" free="9164600" total="82430976" percent="11" />
      <mem type="loa" free="4338688" total="4338688" percent="100" />
    </mem>
    <remembered-set count="10899" />
  </mem-info>
</gc-start>
<allocation-stats totalBytes="28519976" >
  <allocated-bytes non-tlh="5542896" tlh="22977080" />
  <largest-consumer threadName="WebContainer : 1" threadId="0000000004284700" bytes="16487032" />
</allocation-stats>
<gc-op id="1215" type="scavenge" timems="4.708" contextid="1212" timestamp="2020-05-10T03:12:07.607">
  <scavenger-info tenureage="4" tenuremask="fff0" tiltratio="68" />
  <memory-copied type="nursery" objects="93725" bytes="6204984" bytesdiscarded="219944" />
  <finalization candidates="260" enqueued="238" />
  <ownableSynchronizers candidates="105" cleared="7" />
  <references type="soft" candidates="461" cleared="0" enqueued="0" dynamicThreshold="9" maxThreshold="32" />
  <references type="weak" candidates="801" cleared="71" enqueued="69" />
  <references type="phantom" candidates="137" cleared="0" enqueued="0" />
</gc-op>
<gc-end id="1216" type="scavenge" contextid="1212" durationms="5.902" usertimems="14.924" systemtimems="4.184" timestamp="2020-05-10T03:12:07.607" activeThreads="8">
  <mem-info id="1217" free="47181912" total="143523840" percent="32">
    <mem type="nursery" free="33678624" total="56754176" percent="59">
      <mem type="allocate" free="33678624" total="40108032" percent="83" />
      <mem type="survivor" free="0" total="16646144" percent="0" />
    </mem>
    <mem type="tenure" free="13503288" total="86769664" percent="15" macro-fragmented="7740515">
      <mem type="soa" free="9164600" total="82430976" percent="11" />
      <mem type="loa" free="4338688" total="4338688" percent="100" />
    </mem>
    <pending-finalizers system="237" default="1" reference="69" classloader="0" />
    <remembered-set count="10756" />
  </mem-info>
</gc-end>
<cycle-end id="1218" type="scavenge" contextid="1212" timestamp="2020-05-10T03:12:07.608" />
<allocation-satisfied id="1219" threadId="0000000004A8F200" bytesRequested="16" />
<af-end id="1220" timestamp="2020-05-10T03:12:07.608" threadId="0000000004A8FB80" success="true" from="nursery"/>
<exclusive-end id="1221" timestamp="2020-05-10T03:12:07.609" durationms="8.821" />

<exclusive-start id="1222" timestamp="2020-05-10T03:12:11.515" intervalms="3915.141">
  <response-info timems="0.101" idlems="0.101" threads="0" lastid="0000000004A8F200" lastname="WebContainer : 3" />
</exclusive-start>
<af-start id="1223" threadId="0000000004A8FB80" totalBytesRequested="1048584" timestamp="2020-05-10T03:12:11.516" intervalms="3915.354" type="nursery" />
<cycle-start id="1224" type="scavenge" contextid="0" timestamp="2020-05-10T03:12:11.516" intervalms="3915.460" />
<gc-start id="1225" type="scavenge" contextid="1224" timestamp="2020-05-10T03:12:11.517">
  <mem-info id="1226" free="13670368" total="143523840" percent="9">
    <mem type="nursery" free="330264" total="56754176" percent="0">
      <mem type="allocate" free="330264" total="40108032" percent="0" />
      <mem type="survivor" free="0" total="16646144" percent="0" />
    </mem>
    <mem type="tenure" free="13340104" total="86769664" percent="15">
      <mem type="soa" free="9001416" total="82430976" percent="10" />
      <mem type="loa" free="4338688" total="4338688" percent="100" />
    </mem>
    <remembered-set count="12286" />
  </mem-info>
</gc-start>
<allocation-stats totalBytes="33476848" >
  <allocated-bytes non-tlh="1271928" tlh="32204920" />
  <largest-consumer threadName="WebContainer : 0" threadId="0000000004E9A400" bytes="16314224" />
</allocation-stats>
<gc-op id="1227" type="scavenge" timems="8.261" contextid="1224" timestamp="2020-05-10T03:12:11.525">
  <scavenger-info tenureage="4" tenuremask="fff0" tiltratio="70" />
  <memory-copied type="nursery" objects="72711" bytes="7194904" bytesdiscarded="183480" />
  <memory-copied type="tenure" objects="65056" bytes="2533376" bytesdiscarded="696" />
  <finalization candidates="414" enqueued="389" />
  <ownableSynchronizers candidates="217" cleared="16" />
  <references type="soft" candidates="1082" cleared="0" enqueued="0" dynamicThreshold="9" maxThreshold="32" />
  <references type="weak" candidates="848" cleared="117" enqueued="113" />
  <references type="phantom" candidates="213" cleared="0" enqueued="0" />
</gc-op>
<gc-end id="1228" type="scavenge" contextid="1224" durationms="10.014" usertimems="22.592" systemtimems="8.800" timestamp="2020-05-10T03:12:11.527" activeThreads="8">
  <mem-info id="1229" free="44995040" total="143523840" percent="31">
    <mem type="nursery" free="34232608" total="56754176" percent="60">
      <mem type="allocate" free="34232608" total="41615360" percent="82" />
      <mem type="survivor" free="0" total="15138816" percent="0" />
    </mem>
    <mem type="tenure" free="10762432" total="86769664" percent="12" macro-fragmented="0">
      <mem type="soa" free="6423744" total="82430976" percent="7" />
      <mem type="loa" free="4338688" total="4338688" percent="100" />
    </mem>
    <pending-finalizers system="389" default="0" reference="113" classloader="0" />
    <remembered-set count="2794" />
  </mem-info>
</gc-end>
<cycle-end id="1230" type="scavenge" contextid="1224" timestamp="2020-05-10T03:12:11.528" />
<allocation-satisfied id="1231" threadId="0000000004A8F200" bytesRequested="1048584" />
<af-end id="1232" timestamp="2020-05-10T03:12:11.528" threadId="0000000004A8FB80" success="true" from="nursery"/>
<exclusive-end id="1233" timestamp="2020-05-10T03:12:11.529" durationms="13.820" />

<concurrent-kickoff id="1234" timestamp="2020-05-10T03:12:14.093">
  <kickoff reason="threshold reached" targetBytes="34978933" thresholdFreeBytes="4843071"  remainingFree="4821112" tenureFreeBytes="10754480" nurseryFreeBytes="4821112" />
</concurrent-kickoff>
<exclusive-start id="1235" timestamp="2020-05-10T03:12:14.096" intervalms="2581.129">
  <response-info timems="0.076" idlems="0.076" threads="0" lastid="0000000004A8F200" lastname="WebContainer : 3" />
</exclusive-start>
<cycle-start id="1236" type="global" contextid="0" timestamp="2020-05-10T03:12:14.097" intervalms="60268.802" />
<exclusive-end id="1237" timestamp="2020-05-10T03:12:14.097" durationms="0.707" />

<exclusive-start id="1238" timestamp="2020-05-10T03:12:14.469" intervalms="372.426">
  <response-info timems="0.112" idlems="0.112" threads="0" lastid="0000000004A8F200" lastname="WebContainer : 3" />
</exclusive-start>
<concurrent-collection-start id="1239" timestamp="2020-05-10T03:12:14.469" intervalms="60588.446" >
  <concurrent-trace-info reason="card cleaning threshold reached" tracedByMutators="532984" tracedByHelpers="41953640" cardsCleaned="18" workStackOverflowCount="0" />
</concurrent-collection-start>
<gc-start id="1240" type="global" contextid="1236" timestamp="2020-05-10T03:12:14.469">
  <mem-info id="1241" free="12226080" total="143523840" percent="8">
    <mem type="nursery" free="1471744" total="56754176" percent="2">
      <mem type="allocate" free="1471744" total="41615360" percent="3" />
      <mem type="survivor" free="0" total="15138816" percent="0" />
    </mem>
    <mem type="tenure" free="10754336" total="86769664" percent="12">
      <mem type="soa" free="6415648" total="82430976" percent="7" />
      <mem type="loa" free="4338688" total="4338688" percent="100" />
    </mem>
    <remembered-set count="2940" />
  </mem-info>
</gc-start>
<allocation-stats totalBytes="32738984" >
  <allocated-bytes non-tlh="9952256" tlh="22786728" />
  <largest-consumer threadName="WebContainer : 3" threadId="0000000004A8F200" bytes="29688640" />
</allocation-stats>
<gc-op id="1242" type="rs-scan" timems="8.720" contextid="1236" timestamp="2020-05-10T03:12:14.479">
  <scan objectsFound="2500" bytesTraced="3177260" workStackOverflowCount="0" />
</gc-op>
<gc-op id="1243" type="card-cleaning" timems="0.566" contextid="1236" timestamp="2020-05-10T03:12:14.480">
  <card-cleaning cardsCleaned="0" bytesTraced="201412" workStackOverflowCount="0" />
</gc-op>
<gc-op id="1244" type="mark" timems="10.861" contextid="1236" timestamp="2020-05-10T03:12:14.492">
  <trace-info objectcount="2285" scancount="2193" scanbytes="67860" />
  <finalization candidates="1141" enqueued="79" />
  <ownableSynchronizers candidates="2657" cleared="15" />
  <references type="soft" candidates="16130" cleared="0" enqueued="0" dynamicThreshold="9" maxThreshold="32" />
  <references type="weak" candidates="22244" cleared="13" enqueued="10" />
  <references type="phantom" candidates="386" cleared="0" enqueued="0" />
  <stringconstants candidates="93159" cleared="421"  />
</gc-op>
<gc-op id="1245" type="classunload" timems="0.027" contextid="1236" timestamp="2020-05-10T03:12:14.492">
  <classunload-info classloadercandidates="476" classloadersunloaded="0" classesunloaded="0" anonymousclassesunloaded="0" quiescems="0.000" setupms="0.018" scanms="0.005" postms="0.004" />
</gc-op>
<gc-op id="1246" type="sweep" timems="1.753" contextid="1236" timestamp="2020-05-10T03:12:14.494" />
<heap-resize id="1247" type="expand" space="tenure" amount="19726336" count="1" timems="0.209" reason="insufficient free space following gc" timestamp="2020-05-10T03:12:14.495" />
<gc-end id="1248" type="global" contextid="1236" durationms="26.117" usertimems="49.247" systemtimems="7.812" timestamp="2020-05-10T03:12:14.496" activeThreads="8">
  <mem-info id="1249" free="57906040" total="163250176" percent="35">
    <mem type="nursery" free="25922776" total="56754176" percent="45">
      <mem type="allocate" free="25922776" total="41615360" percent="62" />
      <mem type="survivor" free="0" total="15138816" percent="0" />
    </mem>
    <mem type="tenure" free="31983264" total="106496000" percent="30" micro-fragmented="691035" macro-fragmented="0">
      <mem type="soa" free="26658464" total="101171200" percent="26" />
      <mem type="loa" free="5324800" total="5324800" percent="100" />
    </mem>
    <pending-finalizers system="79" default="0" reference="10" classloader="0" />
    <remembered-set count="2825" />
  </mem-info>
</gc-end>
<cycle-end id="1250" type="global" contextid="1236" timestamp="2020-05-10T03:12:14.496" />
<concurrent-collection-end id="1251" timestamp="2020-05-10T03:12:14.497" />
<exclusive-end id="1252" timestamp="2020-05-10T03:12:14.497" durationms="28.427" />

<exclusive-start id="1253" timestamp="2020-05-10T03:13:40.880" intervalms="86411.166">
  <response-info timems="0.118" idlems="0.118" threads="0" lastid="0000000004AC6600" lastname="NotificationServiceDispatcher : 15" />
</exclusive-start>
<af-start id="1254" threadId="0000000004AC6F80" totalBytesRequested="1016" timestamp="2020-05-10T03:13:40.880" intervalms="89364.485" type="nursery" />
<cycle-start id="1255" type="scavenge" contextid="0" timestamp="2020-05-10T03:13:40.880" intervalms="89364.339" />
<gc-start id="1256" type="scavenge" contextid="1255" timestamp="2020-05-10T03:13:40.881">
  <mem-info id="1257" free="31884936" total="163250176" percent="19">
    <mem type="nursery" free="0" total="56754176" percent="0">
      <mem type="allocate" free="0" total="41615360" percent="0" />
      <mem type="survivor" free="0" total="15138816" percent="0" />
    </mem>
    <mem type="tenure" free="31884936" total="106496000" percent="29">
      <mem type="soa" free="26560136" total="101171200" percent="26" />
      <mem type="loa" free="5324800" total="5324800" percent="100" />
    </mem>
    <remembered-set count="3796" />
  </mem-info>
</gc-start>
<allocation-stats totalBytes="25795952" >
  <allocated-bytes non-tlh="1682096" tlh="24113856" />
  <largest-consumer threadName="WebContainer : 2" threadId="00000000044E6900" bytes="20164480" />
</allocation-stats>
<gc-op id="1258" type="scavenge" timems="10.716" contextid="1255" timestamp="2020-05-10T03:13:40.892">
  <scavenger-info tenureage="3" tenuremask="ffd8" tiltratio="73" />
  <memory-copied type="nursery" objects="166746" bytes="13351696" bytesdiscarded="266472" />
  <memory-copied type="tenure" objects="16549" bytes="757480" bytesdiscarded="4640" />
  <finalization candidates="289" enqueued="268" />
  <ownableSynchronizers candidates="5199" cleared="4969" />
  <references type="soft" candidates="1637" cleared="0" enqueued="0" dynamicThreshold="9" maxThreshold="32" />
  <references type="weak" candidates="1458" cleared="86" enqueued="80" />
  <references type="phantom" candidates="230" cleared="1" enqueued="1" />
</gc-op>
<gc-end id="1259" type="scavenge" contextid="1255" durationms="12.363" usertimems="30.477" systemtimems="8.042" timestamp="2020-05-10T03:13:40.893" activeThreads="8">
  <mem-info id="1260" free="53435712" total="163250176" percent="32">
    <mem type="nursery" free="22617984" total="56754176" percent="39">
      <mem type="allocate" free="22617984" total="36241408" percent="62" />
      <mem type="survivor" free="0" total="20512768" percent="0" />
    </mem>
    <mem type="tenure" free="30817728" total="106496000" percent="28" macro-fragmented="0">
      <mem type="soa" free="25492928" total="101171200" percent="25" />
      <mem type="loa" free="5324800" total="5324800" percent="100" />
    </mem>
    <pending-finalizers system="266" default="2" reference="81" classloader="0" />
    <remembered-set count="3172" />
  </mem-info>
</gc-end>
<cycle-end id="1261" type="scavenge" contextid="1255" timestamp="2020-05-10T03:13:40.901" />
<allocation-satisfied id="1262" threadId="0000000004AC6600" bytesRequested="1016" />
<af-end id="1263" timestamp="2020-05-10T03:13:40.902" threadId="0000000004AC6F80" success="true" from="nursery"/>
<exclusive-end id="1264" timestamp="2020-05-10T03:13:40.903" durationms="23.233" />

<exclusive-start id="1265" timestamp="2020-05-10T03:13:41.464" intervalms="583.946">
  <response-info timems="0.100" idlems="0.100" threads="0" lastid="00000000044E6900" lastname="WebContainer : 2" />
</exclusive-start>
<af-start id="1266" threadId="00000000044E7280" totalBytesRequested="88" timestamp="2020-05-10T03:13:41.464" intervalms="584.248" type="nursery" />
<cycle-start id="1267" type="scavenge" contextid="0" timestamp="2020-05-10T03:13:41.465" intervalms="584.520" />
<gc-start id="1268" type="scavenge" contextid="1267" timestamp="2020-05-10T03:13:41.466">
  <mem-info id="1269" free="30776256" total="163250176" percent="18">
    <mem type="nursery" free="0" total="56754176" percent="0">
      <mem type="allocate" free="0" total="36241408" percent="0" />
      <mem type="survivor" free="0" total="20512768" percent="0" />
    </mem>
    <mem type="tenure" free="30776256" total="106496000" percent="28">
      <mem type="soa" free="25451456" total="101171200" percent="25" />
      <mem type="loa" free="5324800" total="5324800" percent="100" />
    </mem>
    <remembered-set count="3714" />
  </mem-info>
</gc-start>
<allocation-stats totalBytes="22649568" >
  <allocated-bytes non-tlh="8578440" tlh="14071128" />
  <largest-consumer threadName="WebContainer : 2" threadId="00000000044E6900" bytes="19977088" />
</allocation-stats>
<gc-op id="1270" type="scavenge" timems="13.822" contextid="1267" timestamp="2020-05-10T03:13:41.480">
  <scavenger-info tenureage="6" tenuremask="ffc0" tiltratio="63" />
  <memory-copied type="nursery" objects="299980" bytes="19319040" bytesdiscarded="233816" />
  <finalization candidates="173" enqueued="150" />
  <ownableSynchronizers candidates="216" cleared="38" />
  <references type="soft" candidates="1699" cleared="0" enqueued="0" dynamicThreshold="9" maxThreshold="32" />
  <references type="weak" candidates="1475" cleared="59" enqueued="58" />
  <references type="phantom" candidates="229" cleared="0" enqueued="0" />
</gc-op>
<gc-end id="1271" type="scavenge" contextid="1267" durationms="15.362" usertimems="34.945" systemtimems="2.519" timestamp="2020-05-10T03:13:41.481" activeThreads="8">
  <mem-info id="1272" free="41170400" total="163250176" percent="25">
    <mem type="nursery" free="10394144" total="56754176" percent="18">
      <mem type="allocate" free="10394144" total="29949952" percent="34" />
      <mem type="survivor" free="0" total="26804224" percent="0" />
    </mem>
    <mem type="tenure" free="30776256" total="106496000" percent="28" macro-fragmented="0">
      <mem type="soa" free="25451456" total="101171200" percent="25" />
      <mem type="loa" free="5324800" total="5324800" percent="100" />
    </mem>
    <pending-finalizers system="150" default="0" reference="58" classloader="0" />
    <remembered-set count="2648" />
  </mem-info>
</gc-end>
<cycle-end id="1273" type="scavenge" contextid="1267" timestamp="2020-05-10T03:13:41.482" />
<allocation-satisfied id="1274" threadId="00000000044E6900" bytesRequested="88" />
<af-end id="1275" timestamp="2020-05-10T03:13:41.483" threadId="00000000044E7280" success="true" from="nursery"/>
<exclusive-end id="1276" timestamp="2020-05-10T03:13:41.483" durationms="19.316" />

<exclusive-start id="1277" timestamp="2020-05-10T03:13:41.521" intervalms="57.214">
  <response-info timems="0.151" idlems="0.151" threads="0" lastid="00000000044E6900" lastname="WebContainer : 2" />
</exclusive-start>
<af-start id="1278" threadId="00000000044E7280" totalBytesRequested="2097160" timestamp="2020-05-10T03:13:41.521" intervalms="57.035" type="nursery" />
<cycle-start id="1279" type="scavenge" contextid="0" timestamp="2020-05-10T03:13:41.522" intervalms="56.928" />
<gc-start id="1280" type="scavenge" contextid="1279" timestamp="2020-05-10T03:13:41.523">
  <mem-info id="1281" free="31958352" total="163250176" percent="19">
    <mem type="nursery" free="1182096" total="56754176" percent="2">
      <mem type="allocate" free="1182096" total="29949952" percent="3" />
      <mem type="survivor" free="0" total="26804224" percent="0" />
    </mem>
    <mem type="tenure" free="30776256" total="106496000" percent="28">
      <mem type="soa" free="25451456" total="101171200" percent="25" />
      <mem type="loa" free="5324800" total="5324800" percent="100" />
    </mem>
    <remembered-set count="2651" />
  </mem-info>
</gc-start>
<allocation-stats totalBytes="9208024" >
  <allocated-bytes non-tlh="2654352" tlh="6553672" />
  <largest-consumer threadName="WebContainer : 2" threadId="00000000044E6900" bytes="9040112" />
</allocation-stats>
<gc-op id="1282" type="scavenge" timems="10.223" contextid="1279" timestamp="2020-05-10T03:13:41.534">
  <scavenger-info tenureage="3" tenuremask="7018" tiltratio="52" />
  <memory-copied type="nursery" objects="317809" bytes="19315928" bytesdiscarded="269992" />
  <memory-copied type="tenure" objects="32778" bytes="3824224" bytesdiscarded="4216" />
  <finalization candidates="24" enqueued="1" />
  <ownableSynchronizers candidates="178" cleared="0" />
  <references type="soft" candidates="816" cleared="0" enqueued="0" dynamicThreshold="9" maxThreshold="32" />
  <references type="weak" candidates="900" cleared="0" enqueued="0" />
  <references type="phantom" candidates="16" cleared="0" enqueued="0" />
</gc-op>
<heap-resize id="1283" type="expand" space="nursery" amount="6291456" count="1" timems="0.073" reason="excessive time being spent scavenging" timestamp="2020-05-10T03:13:41.534" />
<gc-end id="1284" type="scavenge" contextid="1279" durationms="12.476" usertimems="47.086" systemtimems="3.995" timestamp="2020-05-10T03:13:41.535" activeThreads="8">
  <mem-info id="1285" free="44906024" total="169541632" percent="26">
    <mem type="nursery" free="18293144" total="63045632" percent="29">
      <mem type="allocate" free="18293144" total="37879808" percent="48" />
      <mem type="survivor" free="0" total="25165824" percent="0" />
    </mem>
    <mem type="tenure" free="26612880" total="106496000" percent="24" macro-fragmented="0">
      <mem type="soa" free="21288080" total="101171200" percent="21" />
      <mem type="loa" free="5324800" total="5324800" percent="100" />
    </mem>
    <pending-finalizers system="1" default="0" reference="0" classloader="0" />
    <remembered-set count="1411" />
  </mem-info>
</gc-end>
<cycle-end id="1286" type="scavenge" contextid="1279" timestamp="2020-05-10T03:13:41.536" />
<allocation-satisfied id="1287" threadId="00000000044E6900" bytesRequested="2097160" />
<af-end id="1288" timestamp="2020-05-10T03:13:41.537" threadId="00000000044E7280" success="true" from="nursery"/>
<exclusive-end id="1289" timestamp="2020-05-10T03:13:41.537" durationms="16.199" />

<exclusive-start id="1290" timestamp="2020-05-10T03:13:42.651" intervalms="1130.127">
  <response-info timems="0.085" idlems="0.085" threads="0" lastid="0000000004284700" lastname="WebContainer : 1" />
</exclusive-start>
<af-start id="1291" threadId="0000000004285080" totalBytesRequested="40" timestamp="2020-05-10T03:13:42.651" intervalms="1130.097" type="nursery" />
<cycle-start id="1292" type="scavenge" contextid="0" timestamp="2020-05-10T03:13:42.652" intervalms="1130.044" />
<gc-start id="1293" type="scavenge" contextid="1292" timestamp="2020-05-10T03:13:42.653">
  <mem-info id="1294" free="26610688" total="169541632" percent="15">
    <mem type="nursery" free="0" total="63045632" percent="0">
      <mem type="allocate" free="0" total="37879808" percent="0" />
      <mem type="survivor" free="0" total="25165824" percent="0" />
    </mem>
    <mem type="tenure" free="26610688" total="106496000" percent="24">
      <mem type="soa" free="21285888" total="101171200" percent="21" />
      <mem type="loa" free="5324800" total="5324800" percent="100" />
    </mem>
    <remembered-set count="1456" />
  </mem-info>
</gc-start>
<allocation-stats totalBytes="18289016" >
  <allocated-bytes non-tlh="6490280" tlh="11798736" />
  <largest-consumer threadName="WebContainer : 2" threadId="00000000044E6900" bytes="14608904" />
</allocation-stats>
<gc-op id="1295" type="scavenge" timems="11.310" contextid="1292" timestamp="2020-05-10T03:13:42.665">
  <scavenger-info tenureage="11" tenuremask="7800" tiltratio="60" />
  <memory-copied type="nursery" objects="391507" bytes="22127976" bytesdiscarded="188472" />
  <finalization candidates="31" enqueued="10" />
  <ownableSynchronizers candidates="65" cleared="2" />
  <references type="soft" candidates="841" cleared="0" enqueued="0" dynamicThreshold="9" maxThreshold="32" />
  <references type="weak" candidates="911" cleared="7" enqueued="7" />
  <references type="phantom" candidates="16" cleared="0" enqueued="0" />
</gc-op>
<gc-end id="1296" type="scavenge" contextid="1292" durationms="13.455" usertimems="40.058" systemtimems="3.558" timestamp="2020-05-10T03:13:42.666" activeThreads="8">
  <mem-info id="1297" free="40403752" total="169541632" percent="23">
    <mem type="nursery" free="13793064" total="63045632" percent="21">
      <mem type="allocate" free="13793064" total="36110336" percent="38" />
      <mem type="survivor" free="0" total="26935296" percent="0" />
    </mem>
    <mem type="tenure" free="26610688" total="106496000" percent="24" macro-fragmented="134520">
      <mem type="soa" free="21285888" total="101171200" percent="21" />
      <mem type="loa" free="5324800" total="5324800" percent="100" />
    </mem>
    <pending-finalizers system="10" default="0" reference="7" classloader="0" />
    <remembered-set count="997" />
  </mem-info>
</gc-end>
<cycle-end id="1298" type="scavenge" contextid="1292" timestamp="2020-05-10T03:13:42.667" />
<allocation-satisfied id="1299" threadId="0000000004284700" bytesRequested="40" />
<af-end id="1300" timestamp="2020-05-10T03:13:42.669" threadId="0000000004285080" success="true" from="nursery"/>
<exclusive-end id="1301" timestamp="2020-05-10T03:13:42.669" durationms="18.283" />

<exclusive-start id="1302" timestamp="2020-05-10T03:13:43.025" intervalms="373.998">
  <response-info timems="0.072" idlems="0.072" threads="0" lastid="00000000044E6900" lastname="WebContainer : 2" />
</exclusive-start>
<af-start id="1303" threadId="00000000044E7280" totalBytesRequested="1576" timestamp="2020-05-10T03:13:43.025" intervalms="374.033" type="nursery" />
<cycle-start id="1304" type="scavenge" contextid="0" timestamp="2020-05-10T03:13:43.026" intervalms="373.980" />
<gc-start id="1305" type="scavenge" contextid="1304" timestamp="2020-05-10T03:13:43.027">
  <mem-info id="1306" free="26601840" total="169541632" percent="15">
    <mem type="nursery" free="0" total="63045632" percent="0">
      <mem type="allocate" free="0" total="36110336" percent="0" />
      <mem type="survivor" free="0" total="26935296" percent="0" />
    </mem>
    <mem type="tenure" free="26601840" total="106496000" percent="24">
      <mem type="soa" free="21277040" total="101171200" percent="21" />
      <mem type="loa" free="5324800" total="5324800" percent="100" />
    </mem>
    <remembered-set count="1108" />
  </mem-info>
</gc-start>
<allocation-stats totalBytes="13766448" >
  <allocated-bytes non-tlh="8888" tlh="13757560" />
  <largest-consumer threadName="WebContainer : 2" threadId="00000000044E6900" bytes="11979256" />
</allocation-stats>
<gc-op id="1307" type="scavenge" timems="8.579" contextid="1304" timestamp="2020-05-10T03:13:43.036">
  <scavenger-info tenureage="3" tenuremask="7c18" tiltratio="57" />
  <memory-copied type="nursery" objects="206196" bytes="10786936" bytesdiscarded="429360" />
  <memory-copied type="tenure" objects="189163" bytes="11514848" bytesdiscarded="8128" />
  <finalization candidates="39" enqueued="18" />
  <ownableSynchronizers candidates="68" cleared="2" />
  <references type="soft" candidates="306" cleared="0" enqueued="0" dynamicThreshold="9" maxThreshold="32" />
  <references type="weak" candidates="414" cleared="16" enqueued="14" />
</gc-op>
<gc-end id="1308" type="scavenge" contextid="1304" durationms="10.125" usertimems="38.020" systemtimems="4.756" timestamp="2020-05-10T03:13:43.037" activeThreads="8">
  <mem-info id="1309" free="40609368" total="169541632" percent="23">
    <mem type="nursery" free="25352640" total="63045632" percent="40">
      <mem type="allocate" free="25352640" total="36569088" percent="69" />
      <mem type="survivor" free="0" total="26476544" percent="0" />
    </mem>
    <mem type="tenure" free="15256728" total="106496000" percent="14" macro-fragmented="7740515">
      <mem type="soa" free="9931928" total="101171200" percent="9" />
      <mem type="loa" free="5324800" total="5324800" percent="100" />
    </mem>
    <pending-finalizers system="18" default="0" reference="14" classloader="0" />
    <remembered-set count="8532" />
  </mem-info>
</gc-end>
<cycle-end id="1310" type="scavenge" contextid="1304" timestamp="2020-05-10T03:13:43.037" />
<allocation-satisfied id="1311" threadId="00000000044E6900" bytesRequested="1576" />
<af-end id="1312" timestamp="2020-05-10T03:13:43.039" threadId="00000000044E7280" success="true" from="nursery"/>
<exclusive-end id="1313" timestamp="2020-05-10T03:13:43.039" durationms="14.271" />

<concurrent-kickoff id="1314" timestamp="2020-05-10T03:13:43.044">
  <kickoff reason="threshold reached" targetBytes="44643394" thresholdFreeBytes="6180107"  remainingFree="6177688" tenureFreeBytes="15256728" nurseryFreeBytes="6177688" />
</concurrent-kickoff>
<exclusive-start id="1315" timestamp="2020-05-10T03:13:43.049" intervalms="23.862">
  <response-info timems="0.115" idlems="0.115" threads="0" lastid="00000000044E6900" lastname="WebContainer : 2" />
</exclusive-start>
<cycle-start id="1316" type="global" contextid="0" timestamp="2020-05-10T03:13:43.049" intervalms="88952.825" />
<exclusive-end id="1317" timestamp="2020-05-10T03:13:43.050" durationms="1.020" />

<exclusive-start id="1318" timestamp="2020-05-10T03:13:43.130" intervalms="81.111">
  <response-info timems="0.085" idlems="0.085" threads="0" lastid="00000000044E6900" lastname="WebContainer : 2" />
</exclusive-start>
<concurrent-collection-start id="1319" timestamp="2020-05-10T03:13:43.130" intervalms="88661.465" >
  <concurrent-trace-info reason="card cleaning threshold reached" tracedByMutators="20153900" tracedByHelpers="24308140" cardsCleaned="133" workStackOverflowCount="0" />
</concurrent-collection-start>
<gc-start id="1320" type="global" contextid="1316" timestamp="2020-05-10T03:13:43.131">
  <mem-info id="1321" free="15633040" total="169541632" percent="9">
    <mem type="nursery" free="415576" total="63045632" percent="0">
      <mem type="allocate" free="415576" total="36569088" percent="1" />
      <mem type="survivor" free="0" total="26476544" percent="0" />
    </mem>
    <mem type="tenure" free="15217464" total="106496000" percent="14">
      <mem type="soa" free="9892664" total="101171200" percent="9" />
      <mem type="loa" free="5324800" total="5324800" percent="100" />
    </mem>
    <remembered-set count="8775" />
  </mem-info>
</gc-start>
<allocation-stats totalBytes="24616152" >
  <allocated-bytes non-tlh="117704" tlh="24498448" />
  <largest-consumer threadName="WebContainer : 2" threadId="00000000044E6900" bytes="24232608" />
</allocation-stats>
<gc-op id="1322" type="rs-scan" timems="0.729" contextid="1316" timestamp="2020-05-10T03:13:43.133">
  <scan objectsFound="635" bytesTraced="52156" workStackOverflowCount="0" />
</gc-op>
<gc-op id="1323" type="card-cleaning" timems="2.282" contextid="1316" timestamp="2020-05-10T03:13:43.135">
  <card-cleaning cardsCleaned="1" bytesTraced="5152192" workStackOverflowCount="0" />
</gc-op>
<gc-op id="1324" type="mark" timems="5.302" contextid="1316" timestamp="2020-05-10T03:13:43.141">
  <trace-info objectcount="3389" scancount="3018" scanbytes="47868" />
  <finalization candidates="1083" enqueued="21" />
  <ownableSynchronizers candidates="2699" cleared="5" />
  <references type="soft" candidates="17455" cleared="0" enqueued="0" dynamicThreshold="9" maxThreshold="32" />
  <references type="weak" candidates="23508" cleared="12" enqueued="12" />
  <references type="phantom" candidates="397" cleared="0" enqueued="0" />
  <stringconstants candidates="93950" cleared="28"  />
</gc-op>
<gc-op id="1325" type="sweep" timems="1.761" contextid="1316" timestamp="2020-05-10T03:13:43.143" />
<heap-resize id="1326" type="expand" space="tenure" amount="22872064" count="1" timems="0.179" reason="insufficient free space following gc" timestamp="2020-05-10T03:13:43.144" />
<gc-end id="1327" type="global" contextid="1316" durationms="13.486" usertimems="37.835" systemtimems="9.507" timestamp="2020-05-10T03:13:43.145" activeThreads="8">
  <mem-info id="1328" free="64416880" total="192413696" percent="33">
    <mem type="nursery" free="25605904" total="63045632" percent="40">
      <mem type="allocate" free="25605904" total="36569088" percent="70" />
      <mem type="survivor" free="0" total="26476544" percent="0" />
    </mem>
    <mem type="tenure" free="38810976" total="129368064" percent="30" micro-fragmented="682121" macro-fragmented="0">
      <mem type="soa" free="32342368" total="122899456" percent="26" />
      <mem type="loa" free="6468608" total="6468608" percent="100" />
    </mem>
    <pending-finalizers system="21" default="0" reference="12" classloader="0" />
    <remembered-set count="8743" />
  </mem-info>
</gc-end>
<cycle-end id="1329" type="global" contextid="1316" timestamp="2020-05-10T03:13:43.145" />
<concurrent-collection-end id="1330" timestamp="2020-05-10T03:13:43.146" />
<exclusive-end id="1331" timestamp="2020-05-10T03:13:43.146" durationms="16.133" />

<exclusive-start id="1332" timestamp="2020-05-10T03:13:44.221" intervalms="1090.917">
  <response-info timems="0.162" idlems="0.162" threads="0" lastid="0000000004284700" lastname="WebContainer : 1" />
</exclusive-start>
<af-start id="1333" threadId="0000000004285080" totalBytesRequested="24" timestamp="2020-05-10T03:13:44.221" intervalms="1195.935" type="nursery" />
<cycle-start id="1334" type="scavenge" contextid="0" timestamp="2020-05-10T03:13:44.222" intervalms="1196.095" />
<gc-start id="1335" type="scavenge" contextid="1334" timestamp="2020-05-10T03:13:44.223">
  <mem-info id="1336" free="38725888" total="192413696" percent="20">
    <mem type="nursery" free="0" total="63045632" percent="0">
      <mem type="allocate" free="0" total="36569088" percent="0" />
      <mem type="survivor" free="0" total="26476544" percent="0" />
    </mem>
    <mem type="tenure" free="38725888" total="129368064" percent="29">
      <mem type="soa" free="32257280" total="122899456" percent="26" />
      <mem type="loa" free="6468608" total="6468608" percent="100" />
    </mem>
    <remembered-set count="9587" />
  </mem-info>
</gc-start>
<allocation-stats totalBytes="25669040" >
  <allocated-bytes non-tlh="1950408" tlh="23718632" />
  <largest-consumer threadName="WebContainer : 2" threadId="00000000044E6900" bytes="17144944" />
</allocation-stats>
<gc-op id="1337" type="scavenge" timems="8.376" contextid="1334" timestamp="2020-05-10T03:13:44.232">
  <scavenger-info tenureage="2" tenuremask="7c0c" tiltratio="58" />
  <memory-copied type="nursery" objects="99009" bytes="3672512" bytesdiscarded="260168" />
  <memory-copied type="tenure" objects="201740" bytes="10553128" bytesdiscarded="5024" />
  <finalization candidates="100" enqueued="87" />
  <ownableSynchronizers candidates="5406" cleared="5383" />
  <references type="soft" candidates="709" cleared="0" enqueued="0" dynamicThreshold="9" maxThreshold="32" />
  <references type="weak" candidates="475" cleared="49" enqueued="45" />
</gc-op>
<gc-end id="1338" type="scavenge" contextid="1334" durationms="10.362" usertimems="44.787" systemtimems="1.314" timestamp="2020-05-10T03:13:44.233" activeThreads="8">
  <mem-info id="1339" free="63448200" total="192413696" percent="32">
    <mem type="nursery" free="35519280" total="63045632" percent="56">
      <mem type="allocate" free="35519280" total="39452672" percent="90" />
      <mem type="survivor" free="0" total="23592960" percent="0" />
    </mem>
    <mem type="tenure" free="27928920" total="129368064" percent="21" macro-fragmented="262176">
      <mem type="soa" free="21460312" total="122899456" percent="17" />
      <mem type="loa" free="6468608" total="6468608" percent="100" />
    </mem>
    <pending-finalizers system="85" default="2" reference="45" classloader="0" />
    <remembered-set count="1727" />
  </mem-info>
</gc-end>
<cycle-end id="1340" type="scavenge" contextid="1334" timestamp="2020-05-10T03:13:44.234" />
<allocation-satisfied id="1341" threadId="0000000004284700" bytesRequested="24" />
<af-end id="1342" timestamp="2020-05-10T03:13:44.235" threadId="0000000004285080" success="true" from="nursery"/>
<exclusive-end id="1343" timestamp="2020-05-10T03:13:44.236" durationms="15.468" />

<exclusive-start id="1344" timestamp="2020-05-10T03:13:44.903" intervalms="681.626">
  <response-info timems="0.066" idlems="0.066" threads="0" lastid="00000000044E6900" lastname="WebContainer : 2" />
</exclusive-start>
<af-start id="1345" threadId="00000000044E7280" totalBytesRequested="808" timestamp="2020-05-10T03:13:44.903" intervalms="681.555" type="nursery" />
<cycle-start id="1346" type="scavenge" contextid="0" timestamp="2020-05-10T03:13:44.903" intervalms="681.394" />
<gc-start id="1347" type="scavenge" contextid="1346" timestamp="2020-05-10T03:13:44.904">
  <mem-info id="1348" free="27886840" total="192413696" percent="14">
    <mem type="nursery" free="0" total="63045632" percent="0">
      <mem type="allocate" free="0" total="39452672" percent="0" />
      <mem type="survivor" free="0" total="23592960" percent="0" />
    </mem>
    <mem type="tenure" free="27886840" total="129368064" percent="21">
      <mem type="soa" free="21418232" total="122899456" percent="17" />
      <mem type="loa" free="6468608" total="6468608" percent="100" />
    </mem>
    <remembered-set count="2203" />
  </mem-info>
</gc-start>
<allocation-stats totalBytes="35553608" >
  <allocated-bytes non-tlh="3354632" tlh="32198976" />
  <largest-consumer threadName="WebContainer : 1" threadId="0000000004284700" bytes="21144472" />
</allocation-stats>
<gc-op id="1349" type="scavenge" timems="1.860" contextid="1346" timestamp="2020-05-10T03:13:44.907">
  <scavenger-info tenureage="11" tenuremask="7800" tiltratio="62" />
  <memory-copied type="nursery" objects="11057" bytes="896944" bytesdiscarded="183936" />
  <finalization candidates="30" enqueued="18" />
  <ownableSynchronizers candidates="22" cleared="0" />
  <references type="soft" candidates="709" cleared="0" enqueued="0" dynamicThreshold="9" maxThreshold="32" />
  <references type="weak" candidates="459" cleared="27" enqueued="24" />
</gc-op>
<gc-end id="1350" type="scavenge" contextid="1346" durationms="3.195" usertimems="4.881" systemtimems="1.375" timestamp="2020-05-10T03:13:44.907" activeThreads="8">
  <mem-info id="1351" free="70125000" total="192413696" percent="36">
    <mem type="nursery" free="42238160" total="63045632" percent="66">
      <mem type="allocate" free="42238160" total="43319296" percent="97" />
      <mem type="survivor" free="0" total="19726336" percent="0" />
    </mem>
    <mem type="tenure" free="27886840" total="129368064" percent="21" macro-fragmented="0">
      <mem type="soa" free="21418232" total="122899456" percent="17" />
      <mem type="loa" free="6468608" total="6468608" percent="100" />
    </mem>
    <pending-finalizers system="18" default="0" reference="24" classloader="0" />
    <remembered-set count="2064" />
  </mem-info>
</gc-end>
<cycle-end id="1352" type="scavenge" contextid="1346" timestamp="2020-05-10T03:13:44.908" />
<allocation-satisfied id="1353" threadId="00000000044E6900" bytesRequested="808" />
<af-end id="1354" timestamp="2020-05-10T03:13:44.908" threadId="00000000044E7280" success="true" from="nursery"/>
<exclusive-end id="1355" timestamp="2020-05-10T03:13:44.909" durationms="6.171" />

<exclusive-start id="1356" timestamp="2020-05-10T03:13:50.792" intervalms="5889.508">
  <response-info timems="0.063" idlems="0.063" threads="0" lastid="0000000004A8E600" lastname="WebContainer : 5" />
</exclusive-start>
<af-start id="1357" threadId="0000000004A8EF80" totalBytesRequested="16" timestamp="2020-05-10T03:13:50.793" intervalms="5889.687" type="nursery" />
<cycle-start id="1358" type="scavenge" contextid="0" timestamp="2020-05-10T03:13:50.793" intervalms="5889.825" />
<gc-start id="1359" type="scavenge" contextid="1358" timestamp="2020-05-10T03:13:50.794">
  <mem-info id="1360" free="27864912" total="192413696" percent="14">
    <mem type="nursery" free="0" total="63045632" percent="0">
      <mem type="allocate" free="0" total="43319296" percent="0" />
      <mem type="survivor" free="0" total="19726336" percent="0" />
    </mem>
    <mem type="tenure" free="27864912" total="129368064" percent="21">
      <mem type="soa" free="21396304" total="122899456" percent="17" />
      <mem type="loa" free="6468608" total="6468608" percent="100" />
    </mem>
    <remembered-set count="2553" />
  </mem-info>
</gc-start>
<allocation-stats totalBytes="42206592" >
  <allocated-bytes non-tlh="4999584" tlh="37207008" />
  <largest-consumer threadName="WebContainer : 1" threadId="0000000004284700" bytes="16604176" />
</allocation-stats>
<gc-op id="1361" type="scavenge" timems="6.053" contextid="1358" timestamp="2020-05-10T03:13:50.801">
  <scavenger-info tenureage="12" tenuremask="7000" tiltratio="68" />
  <memory-copied type="nursery" objects="18945" bytes="1708952" bytesdiscarded="279792" />
  <finalization candidates="40" enqueued="28" />
  <ownableSynchronizers candidates="34" cleared="2" />
  <references type="soft" candidates="806" cleared="0" enqueued="0" dynamicThreshold="9" maxThreshold="32" />
  <references type="weak" candidates="527" cleared="29" enqueued="26" />
  <references type="phantom" candidates="144" cleared="0" enqueued="0" />
</gc-op>
<gc-end id="1362" type="scavenge" contextid="1358" durationms="7.417" usertimems="8.419" systemtimems="5.410" timestamp="2020-05-10T03:13:50.802" activeThreads="8">
  <mem-info id="1363" free="72601576" total="192413696" percent="37">
    <mem type="nursery" free="44736664" total="63045632" percent="70">
      <mem type="allocate" free="44736664" total="46727168" percent="95" />
      <mem type="survivor" free="0" total="16318464" percent="0" />
    </mem>
    <mem type="tenure" free="27864912" total="129368064" percent="21" macro-fragmented="0">
      <mem type="soa" free="21396304" total="122899456" percent="17" />
      <mem type="loa" free="6468608" total="6468608" percent="100" />
    </mem>
    <pending-finalizers system="28" default="0" reference="26" classloader="0" />
    <remembered-set count="1685" />
  </mem-info>
</gc-end>
<cycle-end id="1364" type="scavenge" contextid="1358" timestamp="2020-05-10T03:13:50.802" />
<allocation-satisfied id="1365" threadId="0000000004A8E600" bytesRequested="16" />
<af-end id="1366" timestamp="2020-05-10T03:13:50.803" threadId="0000000004A8EF80" success="true" from="nursery"/>
<exclusive-end id="1367" timestamp="2020-05-10T03:13:50.803" durationms="11.130" />

<exclusive-start id="1368" timestamp="2020-05-10T03:14:13.510" intervalms="22717.914">
  <response-info timems="0.105" idlems="0.105" threads="0" lastid="0000000004A8F200" lastname="WebContainer : 3" />
</exclusive-start>
<af-start id="1369" threadId="0000000004A8FB80" totalBytesRequested="64" timestamp="2020-05-10T03:14:13.510" intervalms="22717.642" type="nursery" />
<cycle-start id="1370" type="scavenge" contextid="0" timestamp="2020-05-10T03:14:13.511" intervalms="22717.457" />
<gc-start id="1371" type="scavenge" contextid="1370" timestamp="2020-05-10T03:14:13.511">
  <mem-info id="1372" free="27748640" total="192413696" percent="14">
    <mem type="nursery" free="0" total="63045632" percent="0">
      <mem type="allocate" free="0" total="46727168" percent="0" />
      <mem type="survivor" free="0" total="16318464" percent="0" />
    </mem>
    <mem type="tenure" free="27748640" total="129368064" percent="21">
      <mem type="soa" free="21280032" total="122899456" percent="17" />
      <mem type="loa" free="6468608" total="6468608" percent="100" />
    </mem>
    <remembered-set count="2678" />
  </mem-info>
</gc-start>
<allocation-stats totalBytes="44822160" >
  <allocated-bytes non-tlh="3193688" tlh="41628472" />
  <largest-consumer threadName="WebContainer : 3" threadId="0000000004A8F200" bytes="40537600" />
</allocation-stats>
<gc-op id="1373" type="scavenge" timems="2.817" contextid="1370" timestamp="2020-05-10T03:14:13.515">
  <scavenger-info tenureage="13" tenuremask="6000" tiltratio="74" />
  <memory-copied type="nursery" objects="26669" bytes="4082184" bytesdiscarded="127800" />
  <finalization candidates="182" enqueued="167" />
  <ownableSynchronizers candidates="63" cleared="6" />
  <references type="soft" candidates="1480" cleared="0" enqueued="0" dynamicThreshold="9" maxThreshold="32" />
  <references type="weak" candidates="1044" cleared="144" enqueued="138" />
  <references type="phantom" candidates="152" cleared="0" enqueued="0" />
</gc-op>
<gc-end id="1374" type="scavenge" contextid="1370" durationms="4.154" usertimems="5.476" systemtimems="5.341" timestamp="2020-05-10T03:14:13.515" activeThreads="8">
  <mem-info id="1375" free="72032800" total="192413696" percent="37">
    <mem type="nursery" free="44284160" total="63045632" percent="70">
      <mem type="allocate" free="44284160" total="48496640" percent="91" />
      <mem type="survivor" free="0" total="14548992" percent="0" />
    </mem>
    <mem type="tenure" free="27748640" total="129368064" percent="21" macro-fragmented="348889">
      <mem type="soa" free="21280032" total="122899456" percent="17" />
      <mem type="loa" free="6468608" total="6468608" percent="100" />
    </mem>
    <pending-finalizers system="162" default="5" reference="138" classloader="0" />
    <remembered-set count="2091" />
  </mem-info>
</gc-end>
<cycle-end id="1376" type="scavenge" contextid="1370" timestamp="2020-05-10T03:14:13.519" />
<allocation-satisfied id="1377" threadId="0000000004A8F200" bytesRequested="64" />
<af-end id="1378" timestamp="2020-05-10T03:14:13.521" threadId="0000000004A8FB80" success="true" from="nursery"/>
<exclusive-end id="1379" timestamp="2020-05-10T03:14:13.521" durationms="11.465" />

<exclusive-start id="1380" timestamp="2020-05-10T03:14:53.980" intervalms="40470.390">
  <response-info timems="0.084" idlems="0.084" threads="0" lastid="0000000004A8E600" lastname="WebContainer : 5" />
</exclusive-start>
<af-start id="1381" threadId="0000000004A8EF80" totalBytesRequested="48" timestamp="2020-05-10T03:14:53.981" intervalms="40470.399" type="nursery" />
<cycle-start id="1382" type="scavenge" contextid="0" timestamp="2020-05-10T03:14:53.981" intervalms="40470.451" />
<gc-start id="1383" type="scavenge" contextid="1382" timestamp="2020-05-10T03:14:53.982">
  <mem-info id="1384" free="27716440" total="192413696" percent="14">
    <mem type="nursery" free="0" total="63045632" percent="0">
      <mem type="allocate" free="0" total="48496640" percent="0" />
      <mem type="survivor" free="0" total="14548992" percent="0" />
    </mem>
    <mem type="tenure" free="27716440" total="129368064" percent="21">
      <mem type="soa" free="21247832" total="122899456" percent="17" />
      <mem type="loa" free="6468608" total="6468608" percent="100" />
    </mem>
    <remembered-set count="2513" />
  </mem-info>
</gc-start>
<allocation-stats totalBytes="44226176" >
  <allocated-bytes non-tlh="1772672" tlh="42453504" />
  <largest-consumer threadName="WebContainer : 5" threadId="0000000004A8E600" bytes="40619080" />
</allocation-stats>
<gc-op id="1385" type="scavenge" timems="4.718" contextid="1382" timestamp="2020-05-10T03:14:53.987">
  <scavenger-info tenureage="14" tenuremask="4000" tiltratio="76" />
  <memory-copied type="nursery" objects="28138" bytes="4147816" bytesdiscarded="101488" />
  <finalization candidates="102" enqueued="86" />
  <ownableSynchronizers candidates="87" cleared="10" />
  <references type="soft" candidates="1600" cleared="0" enqueued="0" dynamicThreshold="9" maxThreshold="32" />
  <references type="weak" candidates="1086" cleared="19" enqueued="12" />
  <references type="phantom" candidates="153" cleared="0" enqueued="0" />
</gc-op>
<gc-end id="1386" type="scavenge" contextid="1382" durationms="5.879" usertimems="7.329" systemtimems="3.363" timestamp="2020-05-10T03:14:53.987" activeThreads="8">
  <mem-info id="1387" free="73927168" total="192413696" percent="38">
    <mem type="nursery" free="46210728" total="63045632" percent="73">
      <mem type="allocate" free="46210728" total="50462720" percent="91" />
      <mem type="survivor" free="0" total="12582912" percent="0" />
    </mem>
    <mem type="tenure" free="27716440" total="129368064" percent="21" macro-fragmented="0">
      <mem type="soa" free="21247832" total="122899456" percent="17" />
      <mem type="loa" free="6468608" total="6468608" percent="100" />
    </mem>
    <pending-finalizers system="81" default="5" reference="12" classloader="0" />
    <remembered-set count="2199" />
  </mem-info>
</gc-end>
<cycle-end id="1388" type="scavenge" contextid="1382" timestamp="2020-05-10T03:14:53.990" />
<allocation-satisfied id="1389" threadId="0000000004A8E600" bytesRequested="48" />
<af-end id="1390" timestamp="2020-05-10T03:14:53.991" threadId="0000000004A8EF80" success="true" from="nursery"/>
<exclusive-end id="1391" timestamp="2020-05-10T03:14:53.991" durationms="10.560" />

<exclusive-start id="1392" timestamp="2020-05-10T03:14:59.464" intervalms="5483.986">
  <response-info timems="0.148" idlems="0.148" threads="0" lastid="0000000004A8E600" lastname="WebContainer : 5" />
</exclusive-start>
<af-start id="1393" threadId="0000000004A8EF80" totalBytesRequested="5232" timestamp="2020-05-10T03:14:59.465" intervalms="5484.107" type="nursery" />
<cycle-start id="1394" type="scavenge" contextid="0" timestamp="2020-05-10T03:14:59.465" intervalms="5484.237" />
<gc-start id="1395" type="scavenge" contextid="1394" timestamp="2020-05-10T03:14:59.466">
  <mem-info id="1396" free="27418224" total="192413696" percent="14">
    <mem type="nursery" free="0" total="63045632" percent="0">
      <mem type="allocate" free="0" total="50462720" percent="0" />
      <mem type="survivor" free="0" total="12582912" percent="0" />
    </mem>
    <mem type="tenure" free="27418224" total="129368064" percent="21">
      <mem type="soa" free="20949616" total="122899456" percent="17" />
      <mem type="loa" free="6468608" total="6468608" percent="100" />
    </mem>
    <remembered-set count="5579" />
  </mem-info>
</gc-start>
<allocation-stats totalBytes="46348168" >
  <allocated-bytes non-tlh="2940096" tlh="43408072" />
  <largest-consumer threadName="WebContainer : 5" threadId="0000000004A8E600" bytes="44216592" />
</allocation-stats>
<gc-op id="1397" type="scavenge" timems="8.786" contextid="1394" timestamp="2020-05-10T03:14:59.476">
  <scavenger-info tenureage="6" tenuremask="4040" tiltratio="80" />
  <memory-copied type="nursery" objects="77646" bytes="11701248" bytesdiscarded="215032" />
  <memory-copied type="tenure" objects="3784" bytes="171272" bytesdiscarded="80" />
  <finalization candidates="1766" enqueued="1640" />
  <ownableSynchronizers candidates="118" cleared="19" />
  <references type="soft" candidates="2348" cleared="0" enqueued="0" dynamicThreshold="9" maxThreshold="32" />
  <references type="weak" candidates="1862" cleared="230" enqueued="199" />
  <references type="phantom" candidates="222" cleared="0" enqueued="0" />
</gc-op>
<gc-end id="1398" type="scavenge" contextid="1394" durationms="10.465" usertimems="27.098" systemtimems="2.866" timestamp="2020-05-10T03:14:59.476" activeThreads="8">
  <mem-info id="1399" free="58569912" total="192413696" percent="30">
    <mem type="nursery" free="31323720" total="63045632" percent="49">
      <mem type="allocate" free="31323720" total="43253760" percent="72" />
      <mem type="survivor" free="0" total="19791872" percent="0" />
    </mem>
    <mem type="tenure" free="27246192" total="129368064" percent="21" macro-fragmented="0">
      <mem type="soa" free="20777584" total="122899456" percent="16" />
      <mem type="loa" free="6468608" total="6468608" percent="100" />
    </mem>
    <pending-finalizers system="1621" default="19" reference="199" classloader="0" />
    <remembered-set count="4630" />
  </mem-info>
</gc-end>
<cycle-end id="1400" type="scavenge" contextid="1394" timestamp="2020-05-10T03:14:59.480" />
<allocation-satisfied id="1401" threadId="0000000004A8E600" bytesRequested="5232" />
<af-end id="1402" timestamp="2020-05-10T03:14:59.481" threadId="0000000004A8EF80" success="true" from="nursery"/>
<exclusive-end id="1403" timestamp="2020-05-10T03:14:59.482" durationms="17.321" />

<exclusive-start id="1404" timestamp="2020-05-10T03:14:59.488" intervalms="23.193">
  <response-info timems="0.092" idlems="0.092" threads="0" lastid="0000000004A8E600" lastname="WebContainer : 5" />
</exclusive-start>
<af-start id="1405" threadId="0000000004A8EF80" totalBytesRequested="12128" timestamp="2020-05-10T03:14:59.488" intervalms="23.368" type="nursery" />
<cycle-start id="1406" type="scavenge" contextid="0" timestamp="2020-05-10T03:14:59.489" intervalms="23.401" />
<gc-start id="1407" type="scavenge" contextid="1406" timestamp="2020-05-10T03:14:59.490">
  <mem-info id="1408" free="27246112" total="192413696" percent="14">
    <mem type="nursery" free="0" total="63045632" percent="0">
      <mem type="allocate" free="0" total="43253760" percent="0" />
      <mem type="survivor" free="0" total="19791872" percent="0" />
    </mem>
    <mem type="tenure" free="27246112" total="129368064" percent="21">
      <mem type="soa" free="20777504" total="122899456" percent="16" />
      <mem type="loa" free="6468608" total="6468608" percent="100" />
    </mem>
    <remembered-set count="4633" />
  </mem-info>
</gc-start>
<allocation-stats totalBytes="30218064" >
  <allocated-bytes non-tlh="5312" tlh="30212752" />
  <largest-consumer threadName="WebContainer : 5" threadId="0000000004A8E600" bytes="30209792" />
</allocation-stats>
<gc-op id="1409" type="scavenge" timems="3.720" contextid="1406" timestamp="2020-05-10T03:14:59.494">
  <scavenger-info tenureage="14" tenuremask="4000" tiltratio="68" />
  <memory-copied type="nursery" objects="70346" bytes="4134640" bytesdiscarded="244744" />
  <finalization candidates="126" enqueued="0" />
  <ownableSynchronizers candidates="96" cleared="2" />
  <references type="soft" candidates="2348" cleared="0" enqueued="0" dynamicThreshold="9" maxThreshold="32" />
  <references type="weak" candidates="1632" cleared="0" enqueued="0" />
  <references type="phantom" candidates="222" cleared="0" enqueued="0" />
</gc-op>
<heap-resize id="1410" type="expand" space="nursery" amount="8257536" count="1" timems="0.174" reason="excessive time being spent scavenging" timestamp="2020-05-10T03:14:59.495" />
<gc-end id="1411" type="scavenge" contextid="1406" durationms="5.779" usertimems="11.171" systemtimems="4.223" timestamp="2020-05-10T03:14:59.495" activeThreads="8">
  <mem-info id="1412" free="73258472" total="200671232" percent="36">
    <mem type="nursery" free="46012360" total="71303168" percent="64">
      <mem type="allocate" free="46012360" total="50397184" percent="91" />
      <mem type="survivor" free="0" total="20905984" percent="0" />
    </mem>
    <mem type="tenure" free="27246112" total="129368064" percent="21" macro-fragmented="0">
      <mem type="soa" free="20777504" total="122899456" percent="16" />
      <mem type="loa" free="6468608" total="6468608" percent="100" />
    </mem>
    <remembered-set count="4301" />
  </mem-info>
</gc-end>
<cycle-end id="1413" type="scavenge" contextid="1406" timestamp="2020-05-10T03:14:59.496" />
<allocation-satisfied id="1414" threadId="0000000004A8E600" bytesRequested="12128" />
<af-end id="1415" timestamp="2020-05-10T03:14:59.497" threadId="0000000004A8EF80" success="true" from="nursery"/>
<exclusive-end id="1416" timestamp="2020-05-10T03:14:59.497" durationms="9.529" />

<exclusive-start id="1417" timestamp="2020-05-10T03:14:59.503" intervalms="15.917">
  <response-info timems="0.093" idlems="0.093" threads="0" lastid="0000000004A8E600" lastname="WebContainer : 5" />
</exclusive-start>
<af-start id="1418" threadId="0000000004A8EF80" totalBytesRequested="17864" timestamp="2020-05-10T03:14:59.504" intervalms="15.923" type="nursery" />
<cycle-start id="1419" type="scavenge" contextid="0" timestamp="2020-05-10T03:14:59.505" intervalms="15.825" />
<gc-start id="1420" type="scavenge" contextid="1419" timestamp="2020-05-10T03:14:59.505">
  <mem-info id="1421" free="27246112" total="200671232" percent="13">
    <mem type="nursery" free="0" total="71303168" percent="0">
      <mem type="allocate" free="0" total="50397184" percent="0" />
      <mem type="survivor" free="0" total="20905984" percent="0" />
    </mem>
    <mem type="tenure" free="27246112" total="129368064" percent="21">
      <mem type="soa" free="20777504" total="122899456" percent="16" />
      <mem type="loa" free="6468608" total="6468608" percent="100" />
    </mem>
    <remembered-set count="4301" />
  </mem-info>
</gc-start>
<allocation-stats totalBytes="43250256" >
  <allocated-bytes non-tlh="12128" tlh="43238128" />
  <largest-consumer threadName="WebContainer : 5" threadId="0000000004A8E600" bytes="43237968" />
</allocation-stats>
<gc-op id="1422" type="scavenge" timems="3.683" contextid="1419" timestamp="2020-05-10T03:14:59.510">
  <scavenger-info tenureage="5" tenuremask="4060" tiltratio="70" />
  <memory-copied type="nursery" objects="65047" bytes="3317864" bytesdiscarded="140440" />
  <memory-copied type="tenure" objects="5299" bytes="822512" bytesdiscarded="272" />
  <finalization candidates="126" enqueued="0" />
  <ownableSynchronizers candidates="94" cleared="0" />
  <references type="soft" candidates="2255" cleared="0" enqueued="0" dynamicThreshold="9" maxThreshold="32" />
  <references type="weak" candidates="1560" cleared="0" enqueued="0" />
  <references type="phantom" candidates="78" cleared="0" enqueued="0" />
</gc-op>
<heap-resize id="1423" type="expand" space="nursery" amount="11403264" count="1" timems="0.068" reason="excessive time being spent scavenging" timestamp="2020-05-10T03:14:59.510" />
<gc-end id="1424" type="scavenge" contextid="1419" durationms="5.754" usertimems="14.785" systemtimems="1.818" timestamp="2020-05-10T03:14:59.511" activeThreads="8">
  <mem-info id="1425" free="87071704" total="212074496" percent="41">
    <mem type="nursery" free="60959152" total="82706432" percent="73">
      <mem type="allocate" free="60959152" total="64421888" percent="94" />
      <mem type="survivor" free="0" total="18284544" percent="0" />
    </mem>
    <mem type="tenure" free="26112552" total="129368064" percent="20" macro-fragmented="0">
      <mem type="soa" free="19643944" total="122899456" percent="15" />
      <mem type="loa" free="6468608" total="6468608" percent="100" />
    </mem>
    <remembered-set count="1789" />
  </mem-info>
</gc-end>
<cycle-end id="1426" type="scavenge" contextid="1419" timestamp="2020-05-10T03:14:59.512" />
<allocation-satisfied id="1427" threadId="0000000004A8E600" bytesRequested="17864" />
<af-end id="1428" timestamp="2020-05-10T03:14:59.513" threadId="0000000004A8EF80" success="true" from="nursery"/>
<exclusive-end id="1429" timestamp="2020-05-10T03:14:59.513" durationms="9.423" />

<exclusive-start id="1430" timestamp="2020-05-10T03:15:08.343" intervalms="8839.090">
  <response-info timems="0.066" idlems="0.066" threads="0" lastid="0000000004A8E600" lastname="WebContainer : 5" />
</exclusive-start>
<af-start id="1431" threadId="0000000004A8EF80" totalBytesRequested="4312" timestamp="2020-05-10T03:15:08.343" intervalms="8839.100" type="nursery" />
<cycle-start id="1432" type="scavenge" contextid="0" timestamp="2020-05-10T03:15:08.344" intervalms="8839.348" />
<gc-start id="1433" type="scavenge" contextid="1432" timestamp="2020-05-10T03:15:08.345">
  <mem-info id="1434" free="26005656" total="212074496" percent="12">
    <mem type="nursery" free="0" total="82706432" percent="0">
      <mem type="allocate" free="0" total="64421888" percent="0" />
      <mem type="survivor" free="0" total="18284544" percent="0" />
    </mem>
    <mem type="tenure" free="26005656" total="129368064" percent="20">
      <mem type="soa" free="19537048" total="122899456" percent="15" />
      <mem type="loa" free="6468608" total="6468608" percent="100" />
    </mem>
    <remembered-set count="3338" />
  </mem-info>
</gc-start>
<allocation-stats totalBytes="60957840" >
  <allocated-bytes non-tlh="2316272" tlh="58641568" />
  <largest-consumer threadName="WebContainer : 5" threadId="0000000004A8E600" bytes="44191440" />
</allocation-stats>
<gc-op id="1435" type="scavenge" timems="7.065" contextid="1432" timestamp="2020-05-10T03:15:08.353">
  <scavenger-info tenureage="3" tenuremask="4128" tiltratio="77" />
  <memory-copied type="nursery" objects="20359" bytes="3250376" bytesdiscarded="317312" />
  <memory-copied type="tenure" objects="57166" bytes="2823840" bytesdiscarded="520" />
  <finalization candidates="784" enqueued="652" />
  <ownableSynchronizers candidates="105" cleared="4" />
  <references type="soft" candidates="737" cleared="0" enqueued="0" dynamicThreshold="9" maxThreshold="32" />
  <references type="weak" candidates="657" cleared="57" enqueued="47" />
  <references type="phantom" candidates="9" cleared="0" enqueued="0" />
</gc-op>
<gc-end id="1436" type="scavenge" contextid="1432" durationms="8.828" usertimems="17.137" systemtimems="4.802" timestamp="2020-05-10T03:15:08.353" activeThreads="8">
  <mem-info id="1437" free="89305184" total="212074496" percent="42">
    <mem type="nursery" free="65830264" total="82706432" percent="79">
      <mem type="allocate" free="65830264" total="69402624" percent="94" />
      <mem type="survivor" free="0" total="13303808" percent="0" />
    </mem>
    <mem type="tenure" free="23474920" total="129368064" percent="18" macro-fragmented="0">
      <mem type="soa" free="17006312" total="122899456" percent="13" />
      <mem type="loa" free="6468608" total="6468608" percent="100" />
    </mem>
    <pending-finalizers system="623" default="29" reference="47" classloader="0" />
    <remembered-set count="2248" />
  </mem-info>
</gc-end>
<cycle-end id="1438" type="scavenge" contextid="1432" timestamp="2020-05-10T03:15:08.354" />
<allocation-satisfied id="1439" threadId="0000000004A8E600" bytesRequested="4312" />
<af-end id="1440" timestamp="2020-05-10T03:15:08.355" threadId="0000000004A8EF80" success="true" from="nursery"/>
<exclusive-end id="1441" timestamp="2020-05-10T03:15:08.356" durationms="13.248" />

<exclusive-start id="1442" timestamp="2020-05-10T03:15:08.365" intervalms="22.511">
  <response-info timems="0.088" idlems="0.088" threads="0" lastid="0000000004A8E600" lastname="WebContainer : 5" />
</exclusive-start>
<af-start id="1443" threadId="0000000004A8EF80" totalBytesRequested="16392" timestamp="2020-05-10T03:15:08.366" intervalms="22.699" type="nursery" />
<cycle-start id="1444" type="scavenge" contextid="0" timestamp="2020-05-10T03:15:08.367" intervalms="23.011" />
<gc-start id="1445" type="scavenge" contextid="1444" timestamp="2020-05-10T03:15:08.368">
  <mem-info id="1446" free="23474920" total="212074496" percent="11">
    <mem type="nursery" free="0" total="82706432" percent="0">
      <mem type="allocate" free="0" total="69402624" percent="0" />
      <mem type="survivor" free="0" total="13303808" percent="0" />
    </mem>
    <mem type="tenure" free="23474920" total="129368064" percent="18">
      <mem type="soa" free="17006312" total="122899456" percent="13" />
      <mem type="loa" free="6468608" total="6468608" percent="100" />
    </mem>
    <remembered-set count="2248" />
  </mem-info>
</gc-start>
<allocation-stats totalBytes="63009440" >
  <allocated-bytes non-tlh="4312" tlh="63005128" />
  <largest-consumer threadName="WebContainer : 5" threadId="0000000004A8E600" bytes="62997200" />
</allocation-stats>
<gc-op id="1447" type="scavenge" timems="4.745" contextid="1444" timestamp="2020-05-10T03:15:08.374">
  <scavenger-info tenureage="14" tenuremask="4000" tiltratio="83" />
  <memory-copied type="nursery" objects="17872" bytes="1034424" bytesdiscarded="98960" />
  <finalization candidates="23" enqueued="0" />
  <ownableSynchronizers candidates="27" cleared="0" />
  <references type="soft" candidates="737" cleared="0" enqueued="0" dynamicThreshold="9" maxThreshold="32" />
  <references type="weak" candidates="600" cleared="0" enqueued="0" />
  <references type="phantom" candidates="9" cleared="0" enqueued="0" />
</gc-op>
<heap-resize id="1448" type="expand" space="nursery" amount="11796480" count="1" timems="0.067" reason="excessive time being spent scavenging" timestamp="2020-05-10T03:15:08.374" />
<gc-end id="1449" type="scavenge" contextid="1444" durationms="7.030" usertimems="5.361" systemtimems="6.938" timestamp="2020-05-10T03:15:08.375" activeThreads="8">
  <mem-info id="1450" free="103867264" total="223870976" percent="46">
    <mem type="nursery" free="80392344" total="94502912" percent="85">
      <mem type="allocate" free="80392344" total="81526784" percent="98" />
      <mem type="survivor" free="0" total="12976128" percent="0" />
    </mem>
    <mem type="tenure" free="23474920" total="129368064" percent="18" macro-fragmented="0">
      <mem type="soa" free="17006312" total="122899456" percent="13" />
      <mem type="loa" free="6468608" total="6468608" percent="100" />
    </mem>
    <remembered-set count="2240" />
  </mem-info>
</gc-end>
<cycle-end id="1451" type="scavenge" contextid="1444" timestamp="2020-05-10T03:15:08.376" />
<allocation-satisfied id="1452" threadId="0000000004A8E600" bytesRequested="16392" />
<af-end id="1453" timestamp="2020-05-10T03:15:08.377" threadId="0000000004A8EF80" success="true" from="nursery"/>
<exclusive-end id="1454" timestamp="2020-05-10T03:15:08.377" durationms="11.890" />

<exclusive-start id="1455" timestamp="2020-05-10T03:15:14.282" intervalms="5916.784">
  <response-info timems="0.138" idlems="0.138" threads="0" lastid="0000000004A8E600" lastname="WebContainer : 5" />
</exclusive-start>
<af-start id="1456" threadId="0000000004A8EF80" totalBytesRequested="9472" timestamp="2020-05-10T03:15:14.282" intervalms="5916.518" type="nursery" />
<cycle-start id="1457" type="scavenge" contextid="0" timestamp="2020-05-10T03:15:14.283" intervalms="5915.946" />
<gc-start id="1458" type="scavenge" contextid="1457" timestamp="2020-05-10T03:15:14.284">
  <mem-info id="1459" free="23409296" total="223870976" percent="10">
    <mem type="nursery" free="0" total="94502912" percent="0">
      <mem type="allocate" free="0" total="81526784" percent="0" />
      <mem type="survivor" free="0" total="12976128" percent="0" />
    </mem>
    <mem type="tenure" free="23409296" total="129368064" percent="18">
      <mem type="soa" free="16940688" total="122899456" percent="13" />
      <mem type="loa" free="6468608" total="6468608" percent="100" />
    </mem>
    <remembered-set count="3022" />
  </mem-info>
</gc-start>
<allocation-stats totalBytes="79865344" >
  <allocated-bytes non-tlh="1664256" tlh="78201088" />
  <largest-consumer threadName="WebContainer : 5" threadId="0000000004A8E600" bytes="77629320" />
</allocation-stats>
<gc-op id="1460" type="scavenge" timems="4.463" contextid="1457" timestamp="2020-05-10T03:15:14.289">
  <scavenger-info tenureage="6" tenuremask="4040" tiltratio="86" />
  <memory-copied type="nursery" objects="34774" bytes="2169112" bytesdiscarded="256216" />
  <memory-copied type="tenure" objects="3139" bytes="207632" bytesdiscarded="696" />
  <finalization candidates="294" enqueued="270" />
  <ownableSynchronizers candidates="36" cleared="1" />
  <references type="soft" candidates="696" cleared="0" enqueued="0" dynamicThreshold="9" maxThreshold="32" />
  <references type="weak" candidates="499" cleared="33" enqueued="10" />
  <references type="phantom" candidates="13" cleared="0" enqueued="0" />
</gc-op>
<gc-end id="1461" type="scavenge" contextid="1457" durationms="6.101" usertimems="11.014" systemtimems="4.176" timestamp="2020-05-10T03:15:14.290" activeThreads="8">
  <mem-info id="1462" free="105347096" total="223870976" percent="47">
    <mem type="nursery" free="82241688" total="94502912" percent="87">
      <mem type="allocate" free="82241688" total="84672512" percent="97" />
      <mem type="survivor" free="0" total="9830400" percent="0" />
    </mem>
    <mem type="tenure" free="23105408" total="129368064" percent="17" macro-fragmented="0">
      <mem type="soa" free="16636800" total="122899456" percent="13" />
      <mem type="loa" free="6468608" total="6468608" percent="100" />
    </mem>
    <pending-finalizers system="260" default="10" reference="10" classloader="0" />
    <remembered-set count="1970" />
  </mem-info>
</gc-end>
<cycle-end id="1463" type="scavenge" contextid="1457" timestamp="2020-05-10T03:15:14.292" />
<allocation-satisfied id="1464" threadId="0000000004A8E600" bytesRequested="9472" />
<af-end id="1465" timestamp="2020-05-10T03:15:14.293" threadId="0000000004A8EF80" success="true" from="nursery"/>
<exclusive-end id="1466" timestamp="2020-05-10T03:15:14.293" durationms="11.259" />

<exclusive-start id="1467" timestamp="2020-05-10T03:15:14.552" intervalms="270.351">
  <response-info timems="0.064" idlems="0.064" threads="0" lastid="0000000004A8E600" lastname="WebContainer : 5" />
</exclusive-start>
<af-start id="1468" threadId="0000000004A8EF80" totalBytesRequested="136" timestamp="2020-05-10T03:15:14.553" intervalms="270.110" type="nursery" />
<cycle-start id="1469" type="scavenge" contextid="0" timestamp="2020-05-10T03:15:14.553" intervalms="270.015" />
<gc-start id="1470" type="scavenge" contextid="1469" timestamp="2020-05-10T03:15:14.554">
  <mem-info id="1471" free="23101696" total="223870976" percent="10">
    <mem type="nursery" free="0" total="94502912" percent="0">
      <mem type="allocate" free="0" total="84672512" percent="0" />
      <mem type="survivor" free="0" total="9830400" percent="0" />
    </mem>
    <mem type="tenure" free="23101696" total="129368064" percent="17">
      <mem type="soa" free="16633088" total="122899456" percent="13" />
      <mem type="loa" free="6468608" total="6468608" percent="100" />
    </mem>
    <remembered-set count="2020" />
  </mem-info>
</gc-start>
<allocation-stats totalBytes="82214704" >
  <allocated-bytes non-tlh="1274800" tlh="80939904" />
  <largest-consumer threadName="WebContainer : 5" threadId="0000000004A8E600" bytes="82190128" />
</allocation-stats>
<gc-op id="1472" type="scavenge" timems="5.729" contextid="1469" timestamp="2020-05-10T03:15:14.560">
  <scavenger-info tenureage="5" tenuremask="ff60" tiltratio="89" />
  <memory-copied type="nursery" objects="33992" bytes="1580408" bytesdiscarded="103048" />
  <memory-copied type="tenure" objects="4" bytes="2080" bytesdiscarded="0" />
  <finalization candidates="22" enqueued="0" />
  <ownableSynchronizers candidates="25" cleared="4" />
  <references type="soft" candidates="696" cleared="0" enqueued="0" dynamicThreshold="9" maxThreshold="32" />
  <references type="weak" candidates="472" cleared="6" enqueued="6" />
  <references type="phantom" candidates="13" cleared="0" enqueued="0" />
</gc-op>
<gc-end id="1473" type="scavenge" contextid="1469" durationms="6.908" usertimems="10.692" systemtimems="5.190" timestamp="2020-05-10T03:15:14.560" activeThreads="8">
  <mem-info id="1474" free="106417144" total="223870976" percent="47">
    <mem type="nursery" free="83315448" total="94502912" percent="88">
      <mem type="allocate" free="83315448" total="85000192" percent="98" />
      <mem type="survivor" free="0" total="9502720" percent="0" />
    </mem>
    <mem type="tenure" free="23101696" total="129368064" percent="17" macro-fragmented="32784">
      <mem type="soa" free="16633088" total="122899456" percent="13" />
      <mem type="loa" free="6468608" total="6468608" percent="100" />
    </mem>
    <pending-finalizers system="0" default="0" reference="6" classloader="0" />
    <remembered-set count="2005" />
  </mem-info>
</gc-end>
<cycle-end id="1475" type="scavenge" contextid="1469" timestamp="2020-05-10T03:15:14.562" />
<allocation-satisfied id="1476" threadId="0000000004A8E600" bytesRequested="136" />
<af-end id="1477" timestamp="2020-05-10T03:15:14.563" threadId="0000000004A8EF80" success="true" from="nursery"/>
<exclusive-end id="1478" timestamp="2020-05-10T03:15:14.563" durationms="10.772" />

<exclusive-start id="1479" timestamp="2020-05-10T03:15:18.184" intervalms="3631.819">
  <response-info timems="0.092" idlems="0.092" threads="0" lastid="0000000004A8E600" lastname="WebContainer : 5" />
</exclusive-start>
<af-start id="1480" threadId="0000000004A8EF80" totalBytesRequested="16424" timestamp="2020-05-10T03:15:18.185" intervalms="3632.390" type="nursery" />
<cycle-start id="1481" type="scavenge" contextid="0" timestamp="2020-05-10T03:15:18.186" intervalms="3632.663" />
<gc-start id="1482" type="scavenge" contextid="1481" timestamp="2020-05-10T03:15:18.186">
  <mem-info id="1483" free="23085216" total="223870976" percent="10">
    <mem type="nursery" free="0" total="94502912" percent="0">
      <mem type="allocate" free="0" total="85000192" percent="0" />
      <mem type="survivor" free="0" total="9502720" percent="0" />
    </mem>
    <mem type="tenure" free="23085216" total="129368064" percent="17">
      <mem type="soa" free="16616608" total="122899456" percent="13" />
      <mem type="loa" free="6468608" total="6468608" percent="100" />
    </mem>
    <remembered-set count="2222" />
  </mem-info>
</gc-start>
<allocation-stats totalBytes="80429496" >
  <allocated-bytes non-tlh="185256" tlh="80244240" />
  <largest-consumer threadName="WebContainer : 5" threadId="0000000004A8E600" bytes="78717856" />
</allocation-stats>
<gc-op id="1484" type="scavenge" timems="5.190" contextid="1481" timestamp="2020-05-10T03:15:18.193">
  <scavenger-info tenureage="3" tenuremask="ffa8" tiltratio="89" />
  <memory-copied type="nursery" objects="35046" bytes="1679040" bytesdiscarded="177728" />
  <finalization candidates="31" enqueued="9" />
  <ownableSynchronizers candidates="26" cleared="1" />
  <references type="soft" candidates="787" cleared="0" enqueued="0" dynamicThreshold="9" maxThreshold="32" />
  <references type="weak" candidates="481" cleared="8" enqueued="6" />
  <references type="phantom" candidates="15" cleared="0" enqueued="0" />
</gc-op>
<gc-end id="1485" type="scavenge" contextid="1481" durationms="7.406" usertimems="12.143" systemtimems="3.712" timestamp="2020-05-10T03:15:18.194" activeThreads="8">
  <mem-info id="1486" free="106227208" total="223870976" percent="47">
    <mem type="nursery" free="83141992" total="94502912" percent="87">
      <mem type="allocate" free="83141992" total="85000192" percent="97" />
      <mem type="survivor" free="0" total="9502720" percent="0" />
    </mem>
    <mem type="tenure" free="23085216" total="129368064" percent="17" macro-fragmented="0">
      <mem type="soa" free="16616608" total="122899456" percent="13" />
      <mem type="loa" free="6468608" total="6468608" percent="100" />
    </mem>
    <pending-finalizers system="9" default="0" reference="6" classloader="0" />
    <remembered-set count="1746" />
  </mem-info>
</gc-end>
<cycle-end id="1487" type="scavenge" contextid="1481" timestamp="2020-05-10T03:15:18.195" />
<allocation-satisfied id="1488" threadId="0000000004A8E600" bytesRequested="16424" />
<af-end id="1489" timestamp="2020-05-10T03:15:18.196" threadId="0000000004A8EF80" success="true" from="nursery"/>
<exclusive-end id="1490" timestamp="2020-05-10T03:15:18.196" durationms="12.380" />

<exclusive-start id="1491" timestamp="2020-05-10T03:15:22.698" intervalms="4514.011">
  <response-info timems="0.205" idlems="0.205" threads="0" lastid="0000000004A91700" lastname="WebContainer : 6" />
</exclusive-start>
<af-start id="1492" threadId="0000000004A92080" totalBytesRequested="11592" timestamp="2020-05-10T03:15:22.699" intervalms="4514.102" type="nursery" />
<cycle-start id="1493" type="scavenge" contextid="0" timestamp="2020-05-10T03:15:22.700" intervalms="4514.286" />
<gc-start id="1494" type="scavenge" contextid="1493" timestamp="2020-05-10T03:15:22.701">
  <mem-info id="1495" free="23070000" total="223870976" percent="10">
    <mem type="nursery" free="0" total="94502912" percent="0">
      <mem type="allocate" free="0" total="85000192" percent="0" />
      <mem type="survivor" free="0" total="9502720" percent="0" />
    </mem>
    <mem type="tenure" free="23070000" total="129368064" percent="17">
      <mem type="soa" free="16601392" total="122899456" percent="13" />
      <mem type="loa" free="6468608" total="6468608" percent="100" />
    </mem>
    <remembered-set count="1957" />
  </mem-info>
</gc-start>
<allocation-stats totalBytes="82004360" >
  <allocated-bytes non-tlh="1376768" tlh="80627592" />
  <largest-consumer threadName="WebContainer : 6" threadId="0000000004A91700" bytes="41668704" />
</allocation-stats>
<gc-op id="1496" type="scavenge" timems="7.395" contextid="1493" timestamp="2020-05-10T03:15:22.710">
  <scavenger-info tenureage="4" tenuremask="ffd0" tiltratio="89" />
  <memory-copied type="nursery" objects="35361" bytes="1739408" bytesdiscarded="87128" />
  <finalization candidates="35" enqueued="13" />
  <ownableSynchronizers candidates="33" cleared="1" />
  <references type="soft" candidates="820" cleared="0" enqueued="0" dynamicThreshold="9" maxThreshold="32" />
  <references type="weak" candidates="508" cleared="8" enqueued="6" />
  <references type="phantom" candidates="15" cleared="0" enqueued="0" />
</gc-op>
<gc-end id="1497" type="scavenge" contextid="1493" durationms="9.672" usertimems="14.726" systemtimems="4.055" timestamp="2020-05-10T03:15:22.711" activeThreads="8">
  <mem-info id="1498" free="106242264" total="223870976" percent="47">
    <mem type="nursery" free="83172264" total="94502912" percent="88">
      <mem type="allocate" free="83172264" total="85000192" percent="97" />
      <mem type="survivor" free="0" total="9502720" percent="0" />
    </mem>
    <mem type="tenure" free="23070000" total="129368064" percent="17" macro-fragmented="0">
      <mem type="soa" free="16601392" total="122899456" percent="13" />
      <mem type="loa" free="6468608" total="6468608" percent="100" />
    </mem>
    <pending-finalizers system="13" default="0" reference="6" classloader="0" />
    <remembered-set count="1852" />
  </mem-info>
</gc-end>
<cycle-end id="1499" type="scavenge" contextid="1493" timestamp="2020-05-10T03:15:22.712" />
<allocation-satisfied id="1500" threadId="0000000004A91700" bytesRequested="11592" />
<af-end id="1501" timestamp="2020-05-10T03:15:22.713" threadId="0000000004A92080" success="true" from="nursery"/>
<exclusive-end id="1502" timestamp="2020-05-10T03:15:22.714" durationms="15.656" />

<exclusive-start id="1503" timestamp="2020-05-10T03:15:26.779" intervalms="4081.381">
  <response-info timems="0.136" idlems="0.136" threads="0" lastid="0000000004A91700" lastname="WebContainer : 6" />
</exclusive-start>
<af-start id="1504" threadId="0000000004A92080" totalBytesRequested="16" timestamp="2020-05-10T03:15:26.780" intervalms="4080.673" type="nursery" />
<cycle-start id="1505" type="scavenge" contextid="0" timestamp="2020-05-10T03:15:26.780" intervalms="4080.190" />
<gc-start id="1506" type="scavenge" contextid="1505" timestamp="2020-05-10T03:15:26.781">
  <mem-info id="1507" free="23054272" total="223870976" percent="10">
    <mem type="nursery" free="0" total="94502912" percent="0">
      <mem type="allocate" free="0" total="85000192" percent="0" />
      <mem type="survivor" free="0" total="9502720" percent="0" />
    </mem>
    <mem type="tenure" free="23054272" total="129368064" percent="17">
      <mem type="soa" free="16585664" total="122899456" percent="13" />
      <mem type="loa" free="6468608" total="6468608" percent="100" />
    </mem>
    <remembered-set count="2047" />
  </mem-info>
</gc-start>
<allocation-stats totalBytes="83146760" >
  <allocated-bytes non-tlh="1436120" tlh="81710640" />
  <largest-consumer threadName="WebContainer : 6" threadId="0000000004A91700" bytes="81312800" />
</allocation-stats>
<gc-op id="1508" type="scavenge" timems="8.408" contextid="1505" timestamp="2020-05-10T03:15:26.789">
  <scavenger-info tenureage="4" tenuremask="ffb0" tiltratio="89" />
  <memory-copied type="nursery" objects="20427" bytes="1293080" bytesdiscarded="108088" />
  <memory-copied type="tenure" objects="18222" bytes="693576" bytesdiscarded="1160" />
  <finalization candidates="36" enqueued="14" />
  <ownableSynchronizers candidates="39" cleared="3" />
  <references type="soft" candidates="783" cleared="0" enqueued="0" dynamicThreshold="9" maxThreshold="32" />
  <references type="weak" candidates="485" cleared="8" enqueued="6" />
  <references type="phantom" candidates="13" cleared="0" enqueued="0" />
</gc-op>
<gc-end id="1509" type="scavenge" contextid="1505" durationms="9.490" usertimems="17.492" systemtimems="5.594" timestamp="2020-05-10T03:15:26.790" activeThreads="8">
  <mem-info id="1510" free="106081248" total="223870976" percent="47">
    <mem type="nursery" free="83597384" total="94502912" percent="88">
      <mem type="allocate" free="83597384" total="85000192" percent="98" />
      <mem type="survivor" free="0" total="9502720" percent="0" />
    </mem>
    <mem type="tenure" free="22483864" total="129368064" percent="17" macro-fragmented="0">
      <mem type="soa" free="16015256" total="122899456" percent="13" />
      <mem type="loa" free="6468608" total="6468608" percent="100" />
    </mem>
    <pending-finalizers system="14" default="0" reference="6" classloader="0" />
    <remembered-set count="1609" />
  </mem-info>
</gc-end>
<cycle-end id="1511" type="scavenge" contextid="1505" timestamp="2020-05-10T03:15:26.791" />
<allocation-satisfied id="1512" threadId="0000000004A91700" bytesRequested="16" />
<af-end id="1513" timestamp="2020-05-10T03:15:26.792" threadId="0000000004A92080" success="true" from="nursery"/>
<exclusive-end id="1514" timestamp="2020-05-10T03:15:26.792" durationms="12.803" />

<exclusive-start id="1515" timestamp="2020-05-10T03:15:26.806" intervalms="26.371">
  <response-info timems="0.091" idlems="0.091" threads="0" lastid="0000000004A91700" lastname="WebContainer : 6" />
</exclusive-start>
<af-start id="1516" threadId="0000000004A92080" totalBytesRequested="17760" timestamp="2020-05-10T03:15:26.806" intervalms="26.750" type="nursery" />
<cycle-start id="1517" type="scavenge" contextid="0" timestamp="2020-05-10T03:15:26.807" intervalms="27.094" />
<gc-start id="1518" type="scavenge" contextid="1517" timestamp="2020-05-10T03:15:26.808">
  <mem-info id="1519" free="22483864" total="223870976" percent="10">
    <mem type="nursery" free="0" total="94502912" percent="0">
      <mem type="allocate" free="0" total="85000192" percent="0" />
      <mem type="survivor" free="0" total="9502720" percent="0" />
    </mem>
    <mem type="tenure" free="22483864" total="129368064" percent="17">
      <mem type="soa" free="16015256" total="122899456" percent="13" />
      <mem type="loa" free="6468608" total="6468608" percent="100" />
    </mem>
    <remembered-set count="1609" />
  </mem-info>
</gc-start>
<allocation-stats totalBytes="79666056" >
  <allocated-bytes non-tlh="16912" tlh="79649144" />
  <largest-consumer threadName="WebContainer : 6" threadId="0000000004A91700" bytes="79666056" />
</allocation-stats>
<gc-op id="1520" type="scavenge" timems="6.082" contextid="1517" timestamp="2020-05-10T03:15:26.815">
  <scavenger-info tenureage="4" tenuremask="ffd0" tiltratio="89" />
  <memory-copied type="nursery" objects="10145" bytes="731400" bytesdiscarded="435728" />
  <memory-copied type="tenure" objects="10228" bytes="486824" bytesdiscarded="336" />
  <finalization candidates="21" enqueued="0" />
  <ownableSynchronizers candidates="32" cleared="2" />
  <references type="soft" candidates="174" cleared="0" enqueued="0" dynamicThreshold="9" maxThreshold="32" />
  <references type="weak" candidates="49" cleared="6" enqueued="6" />
  <references type="phantom" candidates="5" cleared="0" enqueued="0" />
</gc-op>
<heap-resize id="1521" type="expand" space="nursery" amount="12582912" count="1" timems="0.069" reason="excessive time being spent scavenging" timestamp="2020-05-10T03:15:26.815" />
<gc-end id="1522" type="scavenge" contextid="1517" durationms="7.851" usertimems="8.862" systemtimems="7.454" timestamp="2020-05-10T03:15:26.816" activeThreads="8">
  <mem-info id="1523" free="117136416" total="236453888" percent="49">
    <mem type="nursery" free="95104136" total="107085824" percent="88">
      <mem type="allocate" free="95104136" total="96272384" percent="98" />
      <mem type="survivor" free="0" total="10813440" percent="0" />
    </mem>
    <mem type="tenure" free="22032280" total="129368064" percent="17" macro-fragmented="0">
      <mem type="soa" free="15563672" total="122899456" percent="12" />
      <mem type="loa" free="6468608" total="6468608" percent="100" />
    </mem>
    <pending-finalizers system="0" default="0" reference="6" classloader="0" />
    <remembered-set count="957" />
  </mem-info>
</gc-end>
<cycle-end id="1524" type="scavenge" contextid="1517" timestamp="2020-05-10T03:15:26.816" />
<allocation-satisfied id="1525" threadId="0000000004A91700" bytesRequested="17760" />
<af-end id="1526" timestamp="2020-05-10T03:15:26.817" threadId="0000000004A92080" success="true" from="nursery"/>
<exclusive-end id="1527" timestamp="2020-05-10T03:15:26.817" durationms="11.622" />

<exclusive-start id="1528" timestamp="2020-05-10T03:15:32.750" intervalms="5944.426">
  <response-info timems="0.275" idlems="0.275" threads="0" lastid="0000000004592800" lastname="WebContainer : 7" />
</exclusive-start>
<af-start id="1529" threadId="0000000004593180" totalBytesRequested="4194312" timestamp="2020-05-10T03:15:32.751" intervalms="5944.375" type="nursery" />
<cycle-start id="1530" type="scavenge" contextid="0" timestamp="2020-05-10T03:15:32.751" intervalms="5944.276" />
<gc-start id="1531" type="scavenge" contextid="1530" timestamp="2020-05-10T03:15:32.752">
  <mem-info id="1532" free="26167272" total="236453888" percent="11">
    <mem type="nursery" free="4184520" total="107085824" percent="3">
      <mem type="allocate" free="4184520" total="96272384" percent="4" />
      <mem type="survivor" free="0" total="10813440" percent="0" />
    </mem>
    <mem type="tenure" free="21982752" total="129368064" percent="16">
      <mem type="soa" free="15514144" total="122899456" percent="12" />
      <mem type="loa" free="6468608" total="6468608" percent="100" />
    </mem>
    <remembered-set count="2057" />
  </mem-info>
</gc-start>
<allocation-stats totalBytes="90922928" >
  <allocated-bytes non-tlh="24295832" tlh="66627096" />
  <largest-consumer threadName="WebContainer : 7" threadId="0000000004592800" bytes="54218464" />
</allocation-stats>
<gc-op id="1533" type="scavenge" timems="11.058" contextid="1530" timestamp="2020-05-10T03:15:32.764">
  <scavenger-info tenureage="4" tenuremask="fed0" tiltratio="89" />
  <memory-copied type="nursery" objects="145877" bytes="10806288" bytesdiscarded="4968" />
  <memory-copied type="tenure" objects="242371" bytes="13860432" bytesdiscarded="15016" />
  <copy-failed type="nursery" objects="240824" bytes="13715856" />
  <finalization candidates="355" enqueued="305" />
  <ownableSynchronizers candidates="28" cleared="1" />
  <references type="soft" candidates="164" cleared="0" enqueued="0" dynamicThreshold="9" maxThreshold="32" />
  <references type="weak" candidates="262" cleared="101" enqueued="56" />
  <references type="phantom" candidates="3" cleared="0" enqueued="0" />
</gc-op>
<gc-end id="1534" type="scavenge" contextid="1530" durationms="12.848" usertimems="57.659" systemtimems="4.515" timestamp="2020-05-10T03:15:32.765" activeThreads="8">
  <mem-info id="1535" free="50696504" total="236453888" percent="21">
    <mem type="nursery" free="42729472" total="107085824" percent="39">
      <mem type="allocate" free="42729472" total="53542912" percent="79" />
      <mem type="survivor" free="0" total="53542912" percent="0" />
    </mem>
    <mem type="tenure" free="7967032" total="129368064" percent="6" macro-fragmented="6450429">
      <mem type="soa" free="1498424" total="122899456" percent="1" />
      <mem type="loa" free="6468608" total="6468608" percent="100" />
    </mem>
    <pending-finalizers system="302" default="3" reference="56" classloader="0" />
    <remembered-set count="1809" />
  </mem-info>
</gc-end>
<cycle-end id="1536" type="scavenge" contextid="1530" timestamp="2020-05-10T03:15:32.769" />
<allocation-satisfied id="1537" threadId="0000000004592800" bytesRequested="4194312" />
<af-end id="1538" timestamp="2020-05-10T03:15:32.770" threadId="0000000004593180" success="true" from="nursery"/>
<exclusive-end id="1539" timestamp="2020-05-10T03:15:32.770" durationms="20.179" />

<concurrent-kickoff id="1540" timestamp="2020-05-10T03:15:35.370">
  <kickoff reason="threshold reached" targetBytes="54152554" thresholdFreeBytes="7506620"  remainingFree="7446176" tenureFreeBytes="7923544" nurseryFreeBytes="7446176" />
</concurrent-kickoff>
<exclusive-start id="1541" timestamp="2020-05-10T03:15:35.376" intervalms="2625.407">
  <response-info timems="0.071" idlems="0.071" threads="0" lastid="0000000005B0EC00" lastname="Thread-71" />
</exclusive-start>
<cycle-start id="1542" type="global" contextid="0" timestamp="2020-05-10T03:15:35.376" intervalms="112326.912" />
<exclusive-end id="1543" timestamp="2020-05-10T03:15:35.377" durationms="1.221" />

<exclusive-start id="1544" timestamp="2020-05-10T03:15:35.961" intervalms="585.075">
  <response-info timems="0.087" idlems="0.087" threads="0" lastid="0000000005B0EC00" lastname="Thread-71" />
</exclusive-start>
<concurrent-collection-start id="1545" timestamp="2020-05-10T03:15:35.961" intervalms="112830.932" >
  <concurrent-trace-info reason="card cleaning threshold reached" tracedByMutators="2110560" tracedByHelpers="50011484" cardsCleaned="490" workStackOverflowCount="0" />
</concurrent-collection-start>
<gc-start id="1546" type="global" contextid="1542" timestamp="2020-05-10T03:15:35.962">
  <mem-info id="1547" free="8237904" total="236453888" percent="3">
    <mem type="nursery" free="360096" total="107085824" percent="0">
      <mem type="allocate" free="360096" total="53542912" percent="0" />
      <mem type="survivor" free="0" total="53542912" percent="0" />
    </mem>
    <mem type="tenure" free="7877808" total="129368064" percent="6">
      <mem type="soa" free="1409200" total="122899456" percent="1" />
      <mem type="loa" free="6468608" total="6468608" percent="100" />
    </mem>
    <remembered-set count="3818" />
  </mem-info>
</gc-start>
<allocation-stats totalBytes="42413032" >
  <allocated-bytes non-tlh="4730344" tlh="37682688" />
  <largest-consumer threadName="Thread-71" threadId="0000000005B0EC00" bytes="29586336" />
</allocation-stats>
<gc-op id="1548" type="rs-scan" timems="5.490" contextid="1542" timestamp="2020-05-10T03:15:35.968">
  <scan objectsFound="2853" bytesTraced="4704056" workStackOverflowCount="0" />
</gc-op>
<gc-op id="1549" type="card-cleaning" timems="2.506" contextid="1542" timestamp="2020-05-10T03:15:35.972">
  <card-cleaning cardsCleaned="3" bytesTraced="1747844" workStackOverflowCount="0" />
</gc-op>
<gc-op id="1550" type="mark" timems="12.970" contextid="1542" timestamp="2020-05-10T03:15:35.985">
  <trace-info objectcount="37847" scancount="32049" scanbytes="1136048" />
  <finalization candidates="3111" enqueued="1666" />
  <ownableSynchronizers candidates="2861" cleared="4" />
  <references type="soft" candidates="20707" cleared="0" enqueued="0" dynamicThreshold="9" maxThreshold="32" />
  <references type="weak" candidates="26110" cleared="263" enqueued="214" />
  <references type="phantom" candidates="645" cleared="3" enqueued="3" />
  <stringconstants candidates="98557" cleared="313"  />
</gc-op>
<gc-op id="1551" type="classunload" timems="2.676" contextid="1542" timestamp="2020-05-10T03:15:35.988">
  <classunload-info classloadercandidates="506" classloadersunloaded="5" classesunloaded="2" anonymousclassesunloaded="0" quiescems="0.000" setupms="2.524" scanms="0.100" postms="0.052" />
</gc-op>
<gc-op id="1552" type="sweep" timems="2.080" contextid="1542" timestamp="2020-05-10T03:15:35.991" />
<heap-resize id="1553" type="expand" space="tenure" amount="40697856" count="1" timems="0.195" reason="insufficient free space following gc" timestamp="2020-05-10T03:15:35.992" />
<gc-end id="1554" type="global" contextid="1542" durationms="29.960" usertimems="57.745" systemtimems="21.505" timestamp="2020-05-10T03:15:35.992" activeThreads="8">
  <mem-info id="1555" free="87770520" total="277151744" percent="31">
    <mem type="nursery" free="36734592" total="107085824" percent="34">
      <mem type="allocate" free="36734592" total="53542912" percent="68" />
      <mem type="survivor" free="0" total="53542912" percent="0" />
    </mem>
    <mem type="tenure" free="51035928" total="170065920" percent="30" micro-fragmented="1108335" macro-fragmented="0">
      <mem type="soa" free="42532632" total="161562624" percent="26" />
      <mem type="loa" free="8503296" total="8503296" percent="100" />
    </mem>
    <pending-finalizers system="1470" default="196" reference="217" classloader="0" />
    <remembered-set count="3370" />
  </mem-info>
</gc-end>
<cycle-end id="1556" type="global" contextid="1542" timestamp="2020-05-10T03:15:36.000" />
<concurrent-collection-end id="1557" timestamp="2020-05-10T03:15:36.000" />
<exclusive-end id="1558" timestamp="2020-05-10T03:15:36.000" durationms="39.811" />

<exclusive-start id="1559" timestamp="2020-05-10T03:15:40.752" intervalms="4791.102">
  <response-info timems="0.066" idlems="0.066" threads="0" lastid="0000000004592800" lastname="WebContainer : 7" />
</exclusive-start>
<af-start id="1560" threadId="0000000004593180" totalBytesRequested="296" timestamp="2020-05-10T03:15:40.752" intervalms="8001.610" type="nursery" />
<cycle-start id="1561" type="scavenge" contextid="0" timestamp="2020-05-10T03:15:40.753" intervalms="8001.400" />
<gc-start id="1562" type="scavenge" contextid="1561" timestamp="2020-05-10T03:15:40.753">
  <mem-info id="1563" free="50811016" total="277151744" percent="18">
    <mem type="nursery" free="0" total="107085824" percent="0">
      <mem type="allocate" free="0" total="53542912" percent="0" />
      <mem type="survivor" free="0" total="53542912" percent="0" />
    </mem>
    <mem type="tenure" free="50811016" total="170065920" percent="29">
      <mem type="soa" free="42307720" total="161562624" percent="26" />
      <mem type="loa" free="8503296" total="8503296" percent="100" />
    </mem>
    <remembered-set count="5763" />
  </mem-info>
</gc-start>
<allocation-stats totalBytes="36679136" >
  <allocated-bytes non-tlh="3897496" tlh="32781640" />
  <largest-consumer threadName="WebContainer : 7" threadId="0000000004592800" bytes="2638200" />
</allocation-stats>
<gc-op id="1564" type="scavenge" timems="10.065" contextid="1561" timestamp="2020-05-10T03:15:40.764">
  <scavenger-info tenureage="4" tenuremask="ffd0" tiltratio="50" />
  <memory-copied type="nursery" objects="209259" bytes="15420752" bytesdiscarded="214200" />
  <memory-copied type="tenure" objects="2555" bytes="98640" bytesdiscarded="3328" />
  <finalization candidates="2511" enqueued="2019" />
  <ownableSynchronizers candidates="5821" cleared="5652" />
  <references type="soft" candidates="473" cleared="0" enqueued="0" dynamicThreshold="9" maxThreshold="32" />
  <references type="weak" candidates="861" cleared="257" enqueued="255" />
  <references type="phantom" candidates="11" cleared="1" enqueued="1" />
</gc-op>
<gc-end id="1565" type="scavenge" contextid="1561" durationms="12.331" usertimems="32.986" systemtimems="11.600" timestamp="2020-05-10T03:15:40.766" activeThreads="8">
  <mem-info id="1566" free="93286272" total="277151744" percent="33">
    <mem type="nursery" free="42616648" total="107085824" percent="39">
      <mem type="allocate" free="42616648" total="58261504" percent="73" />
      <mem type="survivor" free="0" total="48824320" percent="0" />
    </mem>
    <mem type="tenure" free="50669624" total="170065920" percent="29" macro-fragmented="0">
      <mem type="soa" free="42166328" total="161562624" percent="26" />
      <mem type="loa" free="8503296" total="8503296" percent="100" />
    </mem>
    <pending-finalizers system="2016" default="3" reference="256" classloader="0" />
    <remembered-set count="5439" />
  </mem-info>
</gc-end>
<cycle-end id="1567" type="scavenge" contextid="1561" timestamp="2020-05-10T03:15:40.767" />
<allocation-satisfied id="1568" threadId="0000000004592800" bytesRequested="296" />
<af-end id="1569" timestamp="2020-05-10T03:15:40.768" threadId="0000000004593180" success="true" from="nursery"/>
<exclusive-end id="1570" timestamp="2020-05-10T03:15:40.768" durationms="16.657" />

<exclusive-start id="1571" timestamp="2020-05-10T03:15:45.623" intervalms="4870.784">
  <response-info timems="0.083" idlems="0.083" threads="0" lastid="0000000004592800" lastname="WebContainer : 7" />
</exclusive-start>
<af-start id="1572" threadId="0000000004593180" totalBytesRequested="4104" timestamp="2020-05-10T03:15:45.623" intervalms="4870.526" type="nursery" />
<cycle-start id="1573" type="scavenge" contextid="0" timestamp="2020-05-10T03:15:45.623" intervalms="4870.561" />
<gc-start id="1574" type="scavenge" contextid="1573" timestamp="2020-05-10T03:15:45.624">
  <mem-info id="1575" free="50574208" total="277151744" percent="18">
    <mem type="nursery" free="0" total="107085824" percent="0">
      <mem type="allocate" free="0" total="58261504" percent="0" />
      <mem type="survivor" free="0" total="48824320" percent="0" />
    </mem>
    <mem type="tenure" free="50574208" total="170065920" percent="29">
      <mem type="soa" free="42070912" total="161562624" percent="26" />
      <mem type="loa" free="8503296" total="8503296" percent="100" />
    </mem>
    <remembered-set count="6991" />
  </mem-info>
</gc-start>
<allocation-stats totalBytes="42648928" >
  <allocated-bytes non-tlh="224616" tlh="42424312" />
  <largest-consumer threadName="WebContainer : 7" threadId="0000000004592800" bytes="32863992" />
</allocation-stats>
<gc-op id="1576" type="scavenge" timems="5.789" contextid="1573" timestamp="2020-05-10T03:15:45.630">
  <scavenger-info tenureage="3" tenuremask="ffc8" tiltratio="54" />
  <memory-copied type="nursery" objects="219795" bytes="13114096" bytesdiscarded="120880" />
  <memory-copied type="tenure" objects="19" bytes="720" bytesdiscarded="0" />
  <finalization candidates="1425" enqueued="943" />
  <ownableSynchronizers candidates="170" cleared="2" />
  <references type="soft" candidates="488" cleared="0" enqueued="0" dynamicThreshold="9" maxThreshold="32" />
  <references type="weak" candidates="1225" cleared="514" enqueued="59" />
  <references type="phantom" candidates="10" cleared="0" enqueued="0" />
</gc-op>
<gc-end id="1577" type="scavenge" contextid="1573" durationms="7.263" usertimems="25.127" systemtimems="5.285" timestamp="2020-05-10T03:15:45.631" activeThreads="8">
  <mem-info id="1578" free="101874552" total="277151744" percent="36">
    <mem type="nursery" free="51308328" total="107085824" percent="47">
      <mem type="allocate" free="51308328" total="64552960" percent="79" />
      <mem type="survivor" free="0" total="42532864" percent="0" />
    </mem>
    <mem type="tenure" free="50566224" total="170065920" percent="29" macro-fragmented="0">
      <mem type="soa" free="42062928" total="161562624" percent="26" />
      <mem type="loa" free="8503296" total="8503296" percent="100" />
    </mem>
    <pending-finalizers system="910" default="33" reference="59" classloader="0" />
    <remembered-set count="6409" />
  </mem-info>
</gc-end>
<cycle-end id="1579" type="scavenge" contextid="1573" timestamp="2020-05-10T03:15:45.632" />
<allocation-satisfied id="1580" threadId="0000000004592800" bytesRequested="4104" />
<af-end id="1581" timestamp="2020-05-10T03:15:45.633" threadId="0000000004593180" success="true" from="nursery"/>
<exclusive-end id="1582" timestamp="2020-05-10T03:15:45.634" durationms="11.272" />

<exclusive-start id="1583" timestamp="2020-05-10T03:15:51.087" intervalms="5464.946">
  <response-info timems="0.087" idlems="0.087" threads="0" lastid="0000000004A8F200" lastname="WebContainer : 3" />
</exclusive-start>
<af-start id="1584" threadId="0000000004A8FB80" totalBytesRequested="16" timestamp="2020-05-10T03:15:51.088" intervalms="5464.996" type="nursery" />
<cycle-start id="1585" type="scavenge" contextid="0" timestamp="2020-05-10T03:15:51.088" intervalms="5465.090" />
<gc-start id="1586" type="scavenge" contextid="1585" timestamp="2020-05-10T03:15:51.089">
  <mem-info id="1587" free="50522664" total="277151744" percent="18">
    <mem type="nursery" free="0" total="107085824" percent="0">
      <mem type="allocate" free="0" total="64552960" percent="0" />
      <mem type="survivor" free="0" total="42532864" percent="0" />
    </mem>
    <mem type="tenure" free="50522664" total="170065920" percent="29">
      <mem type="soa" free="42019368" total="161562624" percent="26" />
      <mem type="loa" free="8503296" total="8503296" percent="100" />
    </mem>
    <remembered-set count="6854" />
  </mem-info>
</gc-start>
<allocation-stats totalBytes="51326176" >
  <allocated-bytes non-tlh="5232232" tlh="46093944" />
  <largest-consumer threadName="WebContainer : 7" threadId="0000000004592800" bytes="37504544" />
</allocation-stats>
<gc-op id="1588" type="scavenge" timems="10.797" contextid="1585" timestamp="2020-05-10T03:15:51.101">
  <scavenger-info tenureage="3" tenuremask="ffe8" tiltratio="60" />
  <memory-copied type="nursery" objects="87410" bytes="4482352" bytesdiscarded="196784" />
  <memory-copied type="tenure" objects="125567" bytes="7572784" bytesdiscarded="9352" />
  <finalization candidates="526" enqueued="47" />
  <ownableSynchronizers candidates="171" cleared="2" />
  <references type="soft" candidates="370" cleared="0" enqueued="0" dynamicThreshold="9" maxThreshold="32" />
  <references type="weak" candidates="600" cleared="14" enqueued="7" />
  <references type="phantom" candidates="13" cleared="0" enqueued="0" />
</gc-op>
<gc-end id="1589" type="scavenge" contextid="1585" durationms="12.508" usertimems="34.287" systemtimems="7.503" timestamp="2020-05-10T03:15:51.102" activeThreads="8">
  <mem-info id="1590" free="108084264" total="277151744" percent="38">
    <mem type="nursery" free="65441480" total="107085824" percent="61">
      <mem type="allocate" free="65441480" total="70123520" percent="93" />
      <mem type="survivor" free="0" total="36962304" percent="0" />
    </mem>
    <mem type="tenure" free="42642784" total="170065920" percent="25" macro-fragmented="116842">
      <mem type="soa" free="34139488" total="161562624" percent="21" />
      <mem type="loa" free="8503296" total="8503296" percent="100" />
    </mem>
    <pending-finalizers system="43" default="4" reference="7" classloader="0" />
    <remembered-set count="4288" />
  </mem-info>
</gc-end>
<cycle-end id="1591" type="scavenge" contextid="1585" timestamp="2020-05-10T03:15:51.103" />
<allocation-satisfied id="1592" threadId="0000000004A8F200" bytesRequested="16" />
<af-end id="1593" timestamp="2020-05-10T03:15:51.104" threadId="0000000004A8FB80" success="true" from="nursery"/>
<exclusive-end id="1594" timestamp="2020-05-10T03:15:51.104" durationms="16.720" />

<exclusive-start id="1595" timestamp="2020-05-10T03:16:03.115" intervalms="12027.585">
  <response-info timems="0.062" idlems="0.062" threads="0" lastid="0000000004284700" lastname="WebContainer : 1" />
</exclusive-start>
<af-start id="1596" threadId="0000000004285080" totalBytesRequested="176" timestamp="2020-05-10T03:16:03.116" intervalms="12027.722" type="nursery" />
<cycle-start id="1597" type="scavenge" contextid="0" timestamp="2020-05-10T03:16:03.117" intervalms="12028.066" />
<gc-start id="1598" type="scavenge" contextid="1597" timestamp="2020-05-10T03:16:03.118">
  <mem-info id="1599" free="42592496" total="277151744" percent="15">
    <mem type="nursery" free="0" total="107085824" percent="0">
      <mem type="allocate" free="0" total="70123520" percent="0" />
      <mem type="survivor" free="0" total="36962304" percent="0" />
    </mem>
    <mem type="tenure" free="42592496" total="170065920" percent="25">
      <mem type="soa" free="34089200" total="161562624" percent="21" />
      <mem type="loa" free="8503296" total="8503296" percent="100" />
    </mem>
    <remembered-set count="4981" />
  </mem-info>
</gc-start>
<allocation-stats totalBytes="65454456" >
  <allocated-bytes non-tlh="1988112" tlh="63466344" />
  <largest-consumer threadName="WebContainer : 1" threadId="0000000004284700" bytes="38404904" />
</allocation-stats>
<gc-op id="1600" type="scavenge" timems="8.169" contextid="1597" timestamp="2020-05-10T03:16:03.127">
  <scavenger-info tenureage="5" tenuremask="ffa0" tiltratio="65" />
  <memory-copied type="nursery" objects="180432" bytes="8072216" bytesdiscarded="161272" />
  <finalization candidates="671" enqueued="192" />
  <ownableSynchronizers candidates="192" cleared="13" />
  <references type="soft" candidates="696" cleared="0" enqueued="0" dynamicThreshold="9" maxThreshold="32" />
  <references type="weak" candidates="698" cleared="51" enqueued="19" />
  <references type="phantom" candidates="18" cleared="0" enqueued="0" />
</gc-op>
<gc-end id="1601" type="scavenge" contextid="1597" durationms="10.451" usertimems="30.754" systemtimems="3.792" timestamp="2020-05-10T03:16:03.128" activeThreads="8">
  <mem-info id="1602" free="109260664" total="277151744" percent="39">
    <mem type="nursery" free="66668168" total="107085824" percent="62">
      <mem type="allocate" free="66668168" total="74907648" percent="89" />
      <mem type="survivor" free="0" total="32178176" percent="0" />
    </mem>
    <mem type="tenure" free="42592496" total="170065920" percent="25" macro-fragmented="0">
      <mem type="soa" free="34089200" total="161562624" percent="21" />
      <mem type="loa" free="8503296" total="8503296" percent="100" />
    </mem>
    <pending-finalizers system="167" default="25" reference="19" classloader="0" />
    <remembered-set count="3945" />
  </mem-info>
</gc-end>
<cycle-end id="1603" type="scavenge" contextid="1597" timestamp="2020-05-10T03:16:03.131" />
<allocation-satisfied id="1604" threadId="0000000004284700" bytesRequested="176" />
<af-end id="1605" timestamp="2020-05-10T03:16:03.132" threadId="0000000004285080" success="true" from="nursery"/>
<exclusive-end id="1606" timestamp="2020-05-10T03:16:03.132" durationms="17.377" />

<exclusive-start id="1607" timestamp="2020-05-10T03:16:04.051" intervalms="936.044">
  <response-info timems="0.085" idlems="0.085" threads="0" lastid="0000000004284700" lastname="WebContainer : 1" />
</exclusive-start>
<af-start id="1608" threadId="0000000004285080" totalBytesRequested="90120" timestamp="2020-05-10T03:16:04.052" intervalms="936.093" type="nursery" />
<cycle-start id="1609" type="scavenge" contextid="0" timestamp="2020-05-10T03:16:04.052" intervalms="935.843" />
<gc-start id="1610" type="scavenge" contextid="1609" timestamp="2020-05-10T03:16:04.053">
  <mem-info id="1611" free="42568536" total="277151744" percent="15">
    <mem type="nursery" free="64896" total="107085824" percent="0">
      <mem type="allocate" free="64896" total="74907648" percent="0" />
      <mem type="survivor" free="0" total="32178176" percent="0" />
    </mem>
    <mem type="tenure" free="42503640" total="170065920" percent="24">
      <mem type="soa" free="34000344" total="161562624" percent="21" />
      <mem type="loa" free="8503296" total="8503296" percent="100" />
    </mem>
    <remembered-set count="4810" />
  </mem-info>
</gc-start>
<allocation-stats totalBytes="66664856" >
  <allocated-bytes non-tlh="4203800" tlh="62461056" />
  <largest-consumer threadName="WebContainer : 1" threadId="0000000004284700" bytes="65669432" />
</allocation-stats>
<gc-op id="1612" type="scavenge" timems="6.107" contextid="1609" timestamp="2020-05-10T03:16:04.060">
  <scavenger-info tenureage="5" tenuremask="ffe0" tiltratio="69" />
  <memory-copied type="nursery" objects="254868" bytes="10312416" bytesdiscarded="189600" />
  <finalization candidates="581" enqueued="95" />
  <ownableSynchronizers candidates="207" cleared="10" />
  <references type="soft" candidates="1033" cleared="0" enqueued="0" dynamicThreshold="9" maxThreshold="32" />
  <references type="weak" candidates="737" cleared="42" enqueued="23" />
  <references type="phantom" candidates="18" cleared="0" enqueued="0" />
</gc-op>
<gc-end id="1613" type="scavenge" contextid="1609" durationms="7.621" usertimems="32.908" systemtimems="0.942" timestamp="2020-05-10T03:16:04.061" activeThreads="8">
  <mem-info id="1614" free="110509968" total="277151744" percent="39">
    <mem type="nursery" free="68006328" total="107085824" percent="63">
      <mem type="allocate" free="68006328" total="78512128" percent="86" />
      <mem type="survivor" free="0" total="28573696" percent="0" />
    </mem>
    <mem type="tenure" free="42503640" total="170065920" percent="24" macro-fragmented="0">
      <mem type="soa" free="34000344" total="161562624" percent="21" />
      <mem type="loa" free="8503296" total="8503296" percent="100" />
    </mem>
    <pending-finalizers system="89" default="6" reference="23" classloader="0" />
    <remembered-set count="4443" />
  </mem-info>
</gc-end>
<cycle-end id="1615" type="scavenge" contextid="1609" timestamp="2020-05-10T03:16:04.063" />
<allocation-satisfied id="1616" threadId="0000000004284700" bytesRequested="90120" />
<af-end id="1617" timestamp="2020-05-10T03:16:04.064" threadId="0000000004285080" success="true" from="nursery"/>
<exclusive-end id="1618" timestamp="2020-05-10T03:16:04.064" durationms="12.956" />

<exclusive-start id="1619" timestamp="2020-05-10T03:16:27.781" intervalms="23730.161">
  <response-info timems="0.062" idlems="0.062" threads="0" lastid="0000000004284700" lastname="WebContainer : 1" />
</exclusive-start>
<af-start id="1620" threadId="0000000004285080" totalBytesRequested="360456" timestamp="2020-05-10T03:16:27.782" intervalms="23730.319" type="nursery" />
<cycle-start id="1621" type="scavenge" contextid="0" timestamp="2020-05-10T03:16:27.783" intervalms="23730.377" />
<gc-start id="1622" type="scavenge" contextid="1621" timestamp="2020-05-10T03:16:27.784">
  <mem-info id="1623" free="42780240" total="277151744" percent="15">
    <mem type="nursery" free="330736" total="107085824" percent="0">
      <mem type="allocate" free="330736" total="78512128" percent="0" />
      <mem type="survivor" free="0" total="28573696" percent="0" />
    </mem>
    <mem type="tenure" free="42449504" total="170065920" percent="24">
      <mem type="soa" free="33946208" total="161562624" percent="21" />
      <mem type="loa" free="8503296" total="8503296" percent="100" />
    </mem>
    <remembered-set count="5062" />
  </mem-info>
</gc-start>
<allocation-stats totalBytes="67682072" >
  <allocated-bytes non-tlh="6756672" tlh="60925400" />
  <largest-consumer threadName="WebContainer : 1" threadId="0000000004284700" bytes="66708104" />
</allocation-stats>
<gc-op id="1624" type="scavenge" timems="7.744" contextid="1621" timestamp="2020-05-10T03:16:27.792">
  <scavenger-info tenureage="4" tenuremask="fff0" tiltratio="73" />
  <memory-copied type="nursery" objects="171280" bytes="6170704" bytesdiscarded="146144" />
  <memory-copied type="tenure" objects="80076" bytes="3725224" bytesdiscarded="2728" />
  <finalization candidates="524" enqueued="38" />
  <ownableSynchronizers candidates="210" cleared="2" />
  <references type="soft" candidates="678" cleared="0" enqueued="0" dynamicThreshold="9" maxThreshold="32" />
  <references type="weak" candidates="198" cleared="16" enqueued="12" />
  <references type="phantom" candidates="12" cleared="0" enqueued="0" />
</gc-op>
<gc-end id="1625" type="scavenge" contextid="1621" durationms="10.678" usertimems="33.368" systemtimems="5.420" timestamp="2020-05-10T03:16:27.794" activeThreads="8">
  <mem-info id="1626" free="114382400" total="277151744" percent="41">
    <mem type="nursery" free="75601440" total="107085824" percent="70">
      <mem type="allocate" free="75601440" total="81920000" percent="92" />
      <mem type="survivor" free="0" total="25165824" percent="0" />
    </mem>
    <mem type="tenure" free="38780960" total="170065920" percent="22" macro-fragmented="0">
      <mem type="soa" free="30277664" total="161562624" percent="18" />
      <mem type="loa" free="8503296" total="8503296" percent="100" />
    </mem>
    <pending-finalizers system="38" default="0" reference="12" classloader="0" />
    <remembered-set count="2372" />
  </mem-info>
</gc-end>
<cycle-end id="1627" type="scavenge" contextid="1621" timestamp="2020-05-10T03:16:27.797" />
<allocation-satisfied id="1628" threadId="0000000004284700" bytesRequested="360456" />
<af-end id="1629" timestamp="2020-05-10T03:16:27.799" threadId="0000000004285080" success="true" from="nursery"/>
<exclusive-end id="1630" timestamp="2020-05-10T03:16:27.799" durationms="17.955" />

<exclusive-start id="1631" timestamp="2020-05-10T03:16:48.918" intervalms="21136.872">
  <response-info timems="0.076" idlems="0.076" threads="0" lastid="0000000004593300" lastname="NotificationServiceDispatcher : 16" />
</exclusive-start>
<af-start id="1632" threadId="0000000004593C80" totalBytesRequested="616" timestamp="2020-05-10T03:16:48.919" intervalms="21136.442" type="nursery" />
<cycle-start id="1633" type="scavenge" contextid="0" timestamp="2020-05-10T03:16:48.919" intervalms="21136.161" />
<gc-start id="1634" type="scavenge" contextid="1633" timestamp="2020-05-10T03:16:48.919">
  <mem-info id="1635" free="38749032" total="277151744" percent="13">
    <mem type="nursery" free="0" total="107085824" percent="0">
      <mem type="allocate" free="0" total="81920000" percent="0" />
      <mem type="survivor" free="0" total="25165824" percent="0" />
    </mem>
    <mem type="tenure" free="38749032" total="170065920" percent="22">
      <mem type="soa" free="30245736" total="161562624" percent="18" />
      <mem type="loa" free="8503296" total="8503296" percent="100" />
    </mem>
    <remembered-set count="2887" />
  </mem-info>
</gc-start>
<allocation-stats totalBytes="75539304" >
  <allocated-bytes non-tlh="4535312" tlh="71003992" />
  <largest-consumer threadName="WebContainer : 1" threadId="0000000004284700" bytes="50285264" />
</allocation-stats>
<gc-op id="1636" type="scavenge" timems="2.893" contextid="1633" timestamp="2020-05-10T03:16:48.923">
  <scavenger-info tenureage="7" tenuremask="ff80" tiltratio="76" />
  <memory-copied type="nursery" objects="44501" bytes="2620544" bytesdiscarded="179384" />
  <finalization candidates="112" enqueued="97" />
  <ownableSynchronizers candidates="70" cleared="8" />
  <references type="soft" candidates="690" cleared="0" enqueued="0" dynamicThreshold="9" maxThreshold="32" />
  <references type="weak" candidates="232" cleared="34" enqueued="20" />
  <references type="phantom" candidates="22" cleared="0" enqueued="0" />
</gc-op>
<gc-end id="1637" type="scavenge" contextid="1633" durationms="4.059" usertimems="8.707" systemtimems="1.924" timestamp="2020-05-10T03:16:48.923" activeThreads="8">
  <mem-info id="1638" free="121536512" total="277151744" percent="43">
    <mem type="nursery" free="82787480" total="107085824" percent="77">
      <mem type="allocate" free="82787480" total="85590016" percent="96" />
      <mem type="survivor" free="0" total="21495808" percent="0" />
    </mem>
    <mem type="tenure" free="38749032" total="170065920" percent="22" macro-fragmented="0">
      <mem type="soa" free="30245736" total="161562624" percent="18" />
      <mem type="loa" free="8503296" total="8503296" percent="100" />
    </mem>
    <pending-finalizers system="97" default="0" reference="20" classloader="0" />
    <remembered-set count="1966" />
  </mem-info>
</gc-end>
<cycle-end id="1639" type="scavenge" contextid="1633" timestamp="2020-05-10T03:16:48.925" />
<allocation-satisfied id="1640" threadId="0000000004593300" bytesRequested="616" />
<af-end id="1641" timestamp="2020-05-10T03:16:48.926" threadId="0000000004593C80" success="true" from="nursery"/>
<exclusive-end id="1642" timestamp="2020-05-10T03:16:48.926" durationms="8.210" />

<exclusive-start id="1643" timestamp="2020-05-10T03:16:58.534" intervalms="9615.390">
  <response-info timems="0.070" idlems="0.070" threads="0" lastid="0000000004A91700" lastname="WebContainer : 6" />
</exclusive-start>
<af-start id="1644" threadId="0000000004A92080" totalBytesRequested="40" timestamp="2020-05-10T03:16:58.534" intervalms="9615.483" type="nursery" />
<cycle-start id="1645" type="scavenge" contextid="0" timestamp="2020-05-10T03:16:58.534" intervalms="9615.538" />
<gc-start id="1646" type="scavenge" contextid="1645" timestamp="2020-05-10T03:16:58.535">
  <mem-info id="1647" free="38393048" total="277151744" percent="13">
    <mem type="nursery" free="0" total="107085824" percent="0">
      <mem type="allocate" free="0" total="85590016" percent="0" />
      <mem type="survivor" free="0" total="21495808" percent="0" />
    </mem>
    <mem type="tenure" free="38393048" total="170065920" percent="22">
      <mem type="soa" free="29889752" total="161562624" percent="18" />
      <mem type="loa" free="8503296" total="8503296" percent="100" />
    </mem>
    <remembered-set count="5634" />
  </mem-info>
</gc-start>
<allocation-stats totalBytes="83085216" >
  <allocated-bytes non-tlh="5253952" tlh="77831264" />
  <largest-consumer threadName="WebContainer : 1" threadId="0000000004284700" bytes="60224312" />
</allocation-stats>
<gc-op id="1648" type="scavenge" timems="3.085" contextid="1645" timestamp="2020-05-10T03:16:58.539">
  <scavenger-info tenureage="4" tenuremask="ffd0" tiltratio="79" />
  <memory-copied type="nursery" objects="23485" bytes="1937064" bytesdiscarded="288920" />
  <memory-copied type="tenure" objects="30700" bytes="1064152" bytesdiscarded="568" />
  <finalization candidates="432" enqueued="374" />
  <ownableSynchronizers candidates="85" cleared="11" />
  <references type="soft" candidates="397" cleared="0" enqueued="0" dynamicThreshold="9" maxThreshold="32" />
  <references type="weak" candidates="281" cleared="80" enqueued="46" />
  <references type="phantom" candidates="21" cleared="0" enqueued="0" />
</gc-op>
<gc-end id="1649" type="scavenge" contextid="1645" durationms="4.405" usertimems="11.084" systemtimems="2.470" timestamp="2020-05-10T03:16:58.540" activeThreads="8">
  <mem-info id="1650" free="124383664" total="277151744" percent="44">
    <mem type="nursery" free="87029720" total="107085824" percent="81">
      <mem type="allocate" free="87029720" total="89260032" percent="97" />
      <mem type="survivor" free="0" total="17825792" percent="0" />
    </mem>
    <mem type="tenure" free="37353944" total="170065920" percent="21" macro-fragmented="0">
      <mem type="soa" free="28850648" total="161562624" percent="17" />
      <mem type="loa" free="8503296" total="8503296" percent="100" />
    </mem>
    <pending-finalizers system="358" default="16" reference="46" classloader="0" />
    <remembered-set count="4781" />
  </mem-info>
</gc-end>
<cycle-end id="1651" type="scavenge" contextid="1645" timestamp="2020-05-10T03:16:58.544" />
<allocation-satisfied id="1652" threadId="0000000004A91700" bytesRequested="40" />
<af-end id="1653" timestamp="2020-05-10T03:16:58.545" threadId="0000000004A92080" success="true" from="nursery"/>
<exclusive-end id="1654" timestamp="2020-05-10T03:16:58.546" durationms="12.014" />

<exclusive-start id="1655" timestamp="2020-05-10T03:17:13.598" intervalms="15064.037">
  <response-info timems="0.080" idlems="0.080" threads="0" lastid="0000000004284700" lastname="WebContainer : 1" />
</exclusive-start>
<af-start id="1656" threadId="0000000004285080" totalBytesRequested="776" timestamp="2020-05-10T03:17:13.598" intervalms="15063.971" type="nursery" />
<cycle-start id="1657" type="scavenge" contextid="0" timestamp="2020-05-10T03:17:13.598" intervalms="15063.902" />
<gc-start id="1658" type="scavenge" contextid="1657" timestamp="2020-05-10T03:17:13.599">
  <mem-info id="1659" free="37271328" total="277151744" percent="13">
    <mem type="nursery" free="0" total="107085824" percent="0">
      <mem type="allocate" free="0" total="89260032" percent="0" />
      <mem type="survivor" free="0" total="17825792" percent="0" />
    </mem>
    <mem type="tenure" free="37271328" total="170065920" percent="21">
      <mem type="soa" free="28768032" total="161562624" percent="17" />
      <mem type="loa" free="8503296" total="8503296" percent="100" />
    </mem>
    <remembered-set count="6216" />
  </mem-info>
</gc-start>
<allocation-stats totalBytes="87067648" >
  <allocated-bytes non-tlh="4513160" tlh="82554488" />
  <largest-consumer threadName="WebContainer : 1" threadId="0000000004284700" bytes="76297880" />
</allocation-stats>
<gc-op id="1660" type="scavenge" timems="8.885" contextid="1657" timestamp="2020-05-10T03:17:13.608">
  <scavenger-info tenureage="6" tenuremask="ffc0" tiltratio="83" />
  <memory-copied type="nursery" objects="146083" bytes="6214056" bytesdiscarded="240440" />
  <memory-copied type="tenure" objects="1590" bytes="313360" bytesdiscarded="16" />
  <finalization candidates="484" enqueued="432" />
  <ownableSynchronizers candidates="79" cleared="8" />
  <references type="soft" candidates="561" cleared="0" enqueued="0" dynamicThreshold="9" maxThreshold="32" />
  <references type="weak" candidates="300" cleared="41" enqueued="22" />
  <references type="phantom" candidates="16" cleared="0" enqueued="0" />
</gc-op>
<gc-end id="1661" type="scavenge" contextid="1657" durationms="10.460" usertimems="21.447" systemtimems="8.367" timestamp="2020-05-10T03:17:13.609" activeThreads="8">
  <mem-info id="1662" free="121044168" total="277151744" percent="43">
    <mem type="nursery" free="84046552" total="107085824" percent="78">
      <mem type="allocate" free="84046552" total="90505216" percent="92" />
      <mem type="survivor" free="0" total="16580608" percent="0" />
    </mem>
    <mem type="tenure" free="36997616" total="170065920" percent="21" macro-fragmented="0">
      <mem type="soa" free="28494320" total="161562624" percent="17" />
      <mem type="loa" free="8503296" total="8503296" percent="100" />
    </mem>
    <pending-finalizers system="430" default="2" reference="22" classloader="0" />
    <remembered-set count="5667" />
  </mem-info>
</gc-end>
<cycle-end id="1663" type="scavenge" contextid="1657" timestamp="2020-05-10T03:17:13.611" />
<allocation-satisfied id="1664" threadId="0000000004284700" bytesRequested="776" />
<af-end id="1665" timestamp="2020-05-10T03:17:13.612" threadId="0000000004285080" success="true" from="nursery"/>
<exclusive-end id="1666" timestamp="2020-05-10T03:17:13.613" durationms="15.049" />

<exclusive-start id="1667" timestamp="2020-05-10T03:17:20.168" intervalms="6570.477">
  <response-info timems="0.070" idlems="0.070" threads="0" lastid="0000000004284700" lastname="WebContainer : 1" />
</exclusive-start>
<af-start id="1668" threadId="0000000004285080" totalBytesRequested="72" timestamp="2020-05-10T03:17:20.169" intervalms="6571.048" type="nursery" />
<cycle-start id="1669" type="scavenge" contextid="0" timestamp="2020-05-10T03:17:20.170" intervalms="6571.361" />
<gc-start id="1670" type="scavenge" contextid="1669" timestamp="2020-05-10T03:17:20.171">
  <mem-info id="1671" free="36931504" total="277151744" percent="13">
    <mem type="nursery" free="0" total="107085824" percent="0">
      <mem type="allocate" free="0" total="90505216" percent="0" />
      <mem type="survivor" free="0" total="16580608" percent="0" />
    </mem>
    <mem type="tenure" free="36931504" total="170065920" percent="21">
      <mem type="soa" free="28428208" total="161562624" percent="17" />
      <mem type="loa" free="8503296" total="8503296" percent="100" />
    </mem>
    <remembered-set count="6389" />
  </mem-info>
</gc-start>
<allocation-stats totalBytes="84076992" >
  <allocated-bytes non-tlh="3441608" tlh="80635384" />
  <largest-consumer threadName="WebContainer : 1" threadId="0000000004284700" bytes="83552000" />
</allocation-stats>
<gc-op id="1672" type="scavenge" timems="8.152" contextid="1669" timestamp="2020-05-10T03:17:20.180">
  <scavenger-info tenureage="4" tenuremask="ff50" tiltratio="84" />
  <memory-copied type="nursery" objects="148863" bytes="5758512" bytesdiscarded="130120" />
  <memory-copied type="tenure" objects="1248" bytes="78912" bytesdiscarded="1040" />
  <finalization candidates="113" enqueued="58" />
  <ownableSynchronizers candidates="84" cleared="10" />
  <references type="soft" candidates="1088" cleared="0" enqueued="0" dynamicThreshold="9" maxThreshold="32" />
  <references type="weak" candidates="754" cleared="55" enqueued="36" />
  <references type="phantom" candidates="15" cleared="0" enqueued="0" />
</gc-op>
<heap-resize id="1673" type="contract" space="nursery" amount="1179648" count="1" timems="0.094" reason="insufficient time being spent scavenging" timestamp="2020-05-10T03:17:20.180" />
<gc-end id="1674" type="scavenge" contextid="1669" durationms="10.562" usertimems="25.657" systemtimems="4.093" timestamp="2020-05-10T03:17:20.181" activeThreads="8">
  <mem-info id="1675" free="123028792" total="275972096" percent="44">
    <mem type="nursery" free="86253200" total="105906176" percent="81">
      <mem type="allocate" free="86253200" total="92143616" percent="93" />
      <mem type="survivor" free="0" total="13762560" percent="0" />
    </mem>
    <mem type="tenure" free="36775592" total="170065920" percent="21" macro-fragmented="0">
      <mem type="soa" free="28272296" total="161562624" percent="17" />
      <mem type="loa" free="8503296" total="8503296" percent="100" />
    </mem>
    <pending-finalizers system="52" default="6" reference="36" classloader="0" />
    <remembered-set count="3133" />
  </mem-info>
</gc-end>
<cycle-end id="1676" type="scavenge" contextid="1669" timestamp="2020-05-10T03:17:20.182" />
<allocation-satisfied id="1677" threadId="0000000004284700" bytesRequested="72" />
<af-end id="1678" timestamp="2020-05-10T03:17:20.183" threadId="0000000004285080" success="true" from="nursery"/>
<exclusive-end id="1679" timestamp="2020-05-10T03:17:20.184" durationms="15.808" />

<exclusive-start id="1680" timestamp="2020-05-10T03:17:22.186" intervalms="2018.324">
  <response-info timems="0.073" idlems="0.073" threads="0" lastid="0000000004284700" lastname="WebContainer : 1" />
</exclusive-start>
<af-start id="1681" threadId="0000000004285080" totalBytesRequested="968" timestamp="2020-05-10T03:17:22.187" intervalms="2017.771" type="nursery" />
<cycle-start id="1682" type="scavenge" contextid="0" timestamp="2020-05-10T03:17:22.187" intervalms="2017.505" />
<gc-start id="1683" type="scavenge" contextid="1682" timestamp="2020-05-10T03:17:22.188">
  <mem-info id="1684" free="36697480" total="275972096" percent="13">
    <mem type="nursery" free="0" total="105906176" percent="0">
      <mem type="allocate" free="0" total="92143616" percent="0" />
      <mem type="survivor" free="0" total="13762560" percent="0" />
    </mem>
    <mem type="tenure" free="36697480" total="170065920" percent="21">
      <mem type="soa" free="28194184" total="161562624" percent="17" />
      <mem type="loa" free="8503296" total="8503296" percent="100" />
    </mem>
    <remembered-set count="3918" />
  </mem-info>
</gc-start>
<allocation-stats totalBytes="86282568" >
  <allocated-bytes non-tlh="4231888" tlh="82050680" />
  <largest-consumer threadName="WebContainer : 1" threadId="0000000004284700" bytes="84904304" />
</allocation-stats>
<gc-op id="1685" type="scavenge" timems="5.687" contextid="1682" timestamp="2020-05-10T03:17:22.194">
  <scavenger-info tenureage="4" tenuremask="ffd0" tiltratio="87" />
  <memory-copied type="nursery" objects="148142" bytes="5549192" bytesdiscarded="102544" />
  <memory-copied type="tenure" objects="6680" bytes="434872" bytesdiscarded="128" />
  <finalization candidates="74" enqueued="22" />
  <ownableSynchronizers candidates="96" cleared="10" />
  <references type="soft" candidates="1176" cleared="0" enqueued="0" dynamicThreshold="9" maxThreshold="32" />
  <references type="weak" candidates="687" cleared="23" enqueued="18" />
  <references type="phantom" candidates="5" cleared="0" enqueued="0" />
</gc-op>
<gc-end id="1686" type="scavenge" contextid="1682" durationms="7.428" usertimems="22.565" systemtimems="3.114" timestamp="2020-05-10T03:17:22.195" activeThreads="8">
  <mem-info id="1687" free="123460464" total="275972096" percent="44">
    <mem type="nursery" free="87211800" total="105906176" percent="82">
      <mem type="allocate" free="87211800" total="92864512" percent="93" />
      <mem type="survivor" free="0" total="13041664" percent="0" />
    </mem>
    <mem type="tenure" free="36248664" total="170065920" percent="21" macro-fragmented="220192">
      <mem type="soa" free="27745368" total="161562624" percent="17" />
      <mem type="loa" free="8503296" total="8503296" percent="100" />
    </mem>
    <pending-finalizers system="20" default="2" reference="18" classloader="0" />
    <remembered-set count="3132" />
  </mem-info>
</gc-end>
<cycle-end id="1688" type="scavenge" contextid="1682" timestamp="2020-05-10T03:17:22.197" />
<allocation-satisfied id="1689" threadId="0000000004284700" bytesRequested="968" />
<af-end id="1690" timestamp="2020-05-10T03:17:22.198" threadId="0000000004285080" success="true" from="nursery"/>
<exclusive-end id="1691" timestamp="2020-05-10T03:17:22.199" durationms="12.181" />

<exclusive-start id="1692" timestamp="2020-05-10T03:21:30.099" intervalms="247912.199">
  <response-info timems="0.228" idlems="0.228" threads="0" lastid="000000000489BE00" lastname="UsageMetering-thread-7" />
</exclusive-start>
<af-start id="1693" threadId="000000000489C780" totalBytesRequested="304" timestamp="2020-05-10T03:21:30.100" intervalms="247913.592" type="nursery" />
<cycle-start id="1694" type="scavenge" contextid="0" timestamp="2020-05-10T03:21:30.101" intervalms="247914.133" />
<gc-start id="1695" type="scavenge" contextid="1694" timestamp="2020-05-10T03:21:30.103">
  <mem-info id="1696" free="36163104" total="275972096" percent="13">
    <mem type="nursery" free="0" total="105906176" percent="0">
      <mem type="allocate" free="0" total="92864512" percent="0" />
      <mem type="survivor" free="0" total="13041664" percent="0" />
    </mem>
    <mem type="tenure" free="36163104" total="170065920" percent="21">
      <mem type="soa" free="27659808" total="161562624" percent="17" />
      <mem type="loa" free="8503296" total="8503296" percent="100" />
    </mem>
    <remembered-set count="4305" />
  </mem-info>
</gc-start>
<allocation-stats totalBytes="86923200" >
  <allocated-bytes non-tlh="6263104" tlh="80660096" />
  <largest-consumer threadName="WebContainer : 1" threadId="0000000004284700" bytes="67882200" />
</allocation-stats>
<gc-op id="1697" type="scavenge" timems="6.154" contextid="1694" timestamp="2020-05-10T03:21:30.110">
  <scavenger-info tenureage="4" tenuremask="ff50" tiltratio="87" />
  <memory-copied type="nursery" objects="149712" bytes="9101048" bytesdiscarded="94536" />
  <memory-copied type="tenure" objects="8790" bytes="394816" bytesdiscarded="200" />
  <finalization candidates="450" enqueued="399" />
  <ownableSynchronizers candidates="200" cleared="7" />
  <references type="soft" candidates="1469" cleared="0" enqueued="0" dynamicThreshold="9" maxThreshold="32" />
  <references type="weak" candidates="905" cleared="49" enqueued="33" />
  <references type="phantom" candidates="3" cleared="0" enqueued="0" />
</gc-op>
<gc-end id="1698" type="scavenge" contextid="1694" durationms="8.252" usertimems="24.774" systemtimems="3.628" timestamp="2020-05-10T03:21:30.111" activeThreads="8">
  <mem-info id="1699" free="118395096" total="275972096" percent="42">
    <mem type="nursery" free="82743480" total="105906176" percent="78">
      <mem type="allocate" free="82743480" total="91947008" percent="89" />
      <mem type="survivor" free="0" total="13959168" percent="0" />
    </mem>
    <mem type="tenure" free="35651616" total="170065920" percent="20" macro-fragmented="0">
      <mem type="soa" free="27148320" total="161562624" percent="16" />
      <mem type="loa" free="8503296" total="8503296" percent="100" />
    </mem>
    <pending-finalizers system="397" default="2" reference="33" classloader="0" />
    <remembered-set count="3288" />
  </mem-info>
</gc-end>
<cycle-end id="1700" type="scavenge" contextid="1694" timestamp="2020-05-10T03:21:30.115" />
<allocation-satisfied id="1701" threadId="000000000489BE00" bytesRequested="304" />
<af-end id="1702" timestamp="2020-05-10T03:21:30.116" threadId="000000000489C780" success="true" from="nursery"/>
<exclusive-end id="1703" timestamp="2020-05-10T03:21:30.116" durationms="17.386" />

